Using CPython 3.12.13
Creating virtual environment at: .venv
   Building kodezart @ file:///private/tmp/kodezart-v03-recovery-amendment-archive-guard
warning: `build_system.requires = ["uv-build>=0.10.9,<0.11.0"]` does not contain the current uv version 0.11.6
      Built kodezart @ file:///private/tmp/kodezart-v03-recovery-amendment-archive-guard
Installed 174 packages in 1.63s
FFFF..                                                                   [100%]
=================================== FAILURES ===================================
___ test_native_amendment_requires_preserved_current_history[replace-author] ___

repository = (PosixPath('/private/var/folders/lv/b1m7q5dj1yd5gn9s9rknw43h0000gq/T/pytest-of-kodezart/pytest-1887/test_native_amendment_requires0/repo'), 'ad8fff7e5fc5d843d4df756cb793e0c78a060575')
phase = 'author', change = 'replace'

    @pytest.mark.parametrize("phase", ["author", "final_judge"])
    @pytest.mark.parametrize("change", ["replace", "delete", "unchanged"])
    async def test_native_amendment_requires_preserved_current_history(
        repository, phase, change
    ):
        port = tracker()
        original = port.issues[DIRECT_DONE]
        original = original.model_copy(
            update={"body": original.body + "\n**Class:** observed\n"}
        )
        port.issues[DIRECT_DONE] = original
        reached = False
        judgments = 0
    
        async def external_principal_edit(title, payload, kwargs):
            nonlocal reached, judgments
            if title == "WriteBackFinding":
                judgments += 1
            at_boundary = title == "AmendmentTextOutput" if phase == "author" else (
                title == "WriteBackFinding" and judgments == 2
            )
            if not at_boundary:
                return
            reached = True
            records = [
                c for c in port.comments if c.body.startswith("[fixture-amendment:")
            ]
            assert len(records) == 1
            archive = records[0]
            # A principal can edit native tracker content while the automation owns
            # its advisory grant; this is no second run claiming the same grant.
            if change == "delete":
                port.comments.remove(archive)
            elif change == "replace":
                port.comments[port.comments.index(archive)] = archive.model_copy(
                    update={
                        "body": archive.body.partition("\n")[0]
                        + "\nA principal replaced this historical record."
                    }
                )
    
        executor = Executor(
            reproduced=True,
            subject={"kind": "criterion", "id": DIRECT_DONE},
            mutate=external_principal_edit,
        )
        service, guard, workspace, _ = await build(repository, executor, port=port)
        try:
            if change == "unchanged":
                events = await drive(service, guard, repository)
                report = next(
                    e.report for e in events if isinstance(e, NativeAmendmentEvent)
                )
                assert report.verdicts[0].verdict == "amended"
                assert any(isinstance(e, ResultEvent) and e.commit_sha for e in events)
            else:
>               with pytest.raises(NativeWriteRefusalError):
                     ^^^^^^^^^^^^^^^^^^^^^^^^^^^^^^^^^^^^^^
E               Failed: DID NOT RAISE <class 'kodezart.domain.amendment.NativeWriteRefusalError'>

tests/services/test_native_amendment_archive_independent.py:76: Failed
----------------------------- Captured stdout call -----------------------------
2026-09-12 21:06:29 [info     ] fire_criteria_read             named=3 owed=['fire/owed-direct', 'fire/owed-direct-2', 'fire/owed-nested'] read_at_version=2026-01-01T00:00:00+00:00 subject=fire/subject
2026-09-12 21:06:29 [info     ] workspace_acquired             path=/var/folders/lv/b1m7q5dj1yd5gn9s9rknw43h0000gq/T/kodezart-65ee2bc0a6b54a7fbc3dd91410a40829 workspace_id=65ee2bc0a6b54a7fbc3dd91410a40829
2026-09-12 21:06:30 [info     ] fire_criteria_read             named=3 owed=['fire/owed-direct', 'fire/owed-direct-2', 'fire/owed-nested'] read_at_version=2026-01-01T00:00:00+00:00 subject=fire/subject
2026-09-12 21:06:30 [info     ] fire_criteria_read             named=3 owed=['fire/owed-direct', 'fire/owed-direct-2', 'fire/owed-nested'] read_at_version=2026-01-01T00:00:00+00:00 subject=fire/subject
2026-09-12 21:06:31 [info     ] fire_criteria_read             named=3 owed=['fire/owed-direct', 'fire/owed-direct-2', 'fire/owed-nested'] read_at_version=2026-01-01T00:00:00+00:00 subject=fire/subject
2026-09-12 21:06:32 [info     ] fire_criteria_read             named=3 owed=['fire/owed-direct', 'fire/owed-direct-2', 'fire/owed-nested'] read_at_version=2026-01-01T00:00:00+00:00 subject=fire/subject
2026-09-12 21:06:32 [info     ] workspace_acquired             path=/var/folders/lv/b1m7q5dj1yd5gn9s9rknw43h0000gq/T/kodezart-ca265ff1f4474cb3940b885e90cfbe20 workspace_id=ca265ff1f4474cb3940b885e90cfbe20
2026-09-12 21:06:33 [info     ] stream_drained                 duration_api_ms=1 duration_ms=1 event_count=1 events={'result': 1} has_structured_output=True is_error=False num_turns=1 rate_limit_rejected=False result_event_observed=True result_tail='Author rationale must never be forwarded.' session_id=previous-agent-session site=amendment_judge stop_reason=None subtype=result total_cost_usd=None usage=None
2026-09-12 21:06:34 [info     ] workspace_released             workspace_id=ca265ff1f4474cb3940b885e90cfbe20
2026-09-12 21:06:34 [info     ] fire_criteria_read             named=3 owed=['fire/owed-direct', 'fire/owed-direct-2', 'fire/owed-nested'] read_at_version=2026-01-01T00:00:00+00:00 subject=fire/subject
2026-09-12 21:06:35 [info     ] fire_criteria_read             named=3 owed=['fire/owed-direct', 'fire/owed-direct-2', 'fire/owed-nested'] read_at_version=2026-01-01T00:00:00+00:00 subject=fire/subject
2026-09-12 21:06:35 [info     ] fire_criteria_read             named=3 owed=['fire/owed-direct', 'fire/owed-direct-2', 'fire/owed-nested'] read_at_version=2026-01-01T00:00:00+00:00 subject=fire/subject
2026-09-12 21:06:36 [info     ] fire_criteria_read             named=3 owed=['fire/owed-direct', 'fire/owed-direct-2', 'fire/owed-nested'] read_at_version=2026-01-01T00:00:00+00:00 subject=fire/subject
2026-09-12 21:06:36 [info     ] outbound_content_gated         categories=[] content_digest=2ce99541944292a186c973a66a5f4d03ed8f1475f07ac432b5533c0532590fef failure=None hits=[] surface=tracker verdict=clean visibility=public writer=tracker_comment
2026-09-12 21:06:37 [info     ] fire_criteria_read             named=3 owed=['fire/owed-direct', 'fire/owed-direct-2', 'fire/owed-nested'] read_at_version=2026-01-01T00:00:00+00:00 subject=fire/subject
2026-09-12 21:06:37 [info     ] workspace_acquired             path=/var/folders/lv/b1m7q5dj1yd5gn9s9rknw43h0000gq/T/kodezart-1be91b0b7f54439ab076a0417726eed9 workspace_id=1be91b0b7f54439ab076a0417726eed9
2026-09-12 21:06:38 [info     ] stream_drained                 duration_api_ms=1 duration_ms=1 event_count=1 events={'result': 1} has_structured_output=True is_error=False num_turns=1 rate_limit_rejected=False result_event_observed=True result_tail='Author rationale must never be forwarded.' session_id=previous-agent-session site=write_back_verify stop_reason=None subtype=result total_cost_usd=None usage=None
2026-09-12 21:06:39 [info     ] workspace_released             workspace_id=1be91b0b7f54439ab076a0417726eed9
2026-09-12 21:06:39 [info     ] fire_criteria_read             named=3 owed=['fire/owed-direct', 'fire/owed-direct-2', 'fire/owed-nested'] read_at_version=2026-01-01T00:00:00+00:00 subject=fire/subject
2026-09-12 21:06:40 [info     ] fire_criteria_read             named=3 owed=['fire/owed-direct', 'fire/owed-direct-2', 'fire/owed-nested'] read_at_version=2026-01-01T00:00:00+00:00 subject=fire/subject
2026-09-12 21:06:41 [info     ] workspace_acquired             path=/var/folders/lv/b1m7q5dj1yd5gn9s9rknw43h0000gq/T/kodezart-399a9d83ced449e7a93fe32f108c157e workspace_id=399a9d83ced449e7a93fe32f108c157e
2026-09-12 21:06:41 [info     ] stream_drained                 duration_api_ms=1 duration_ms=1 event_count=1 events={'result': 1} has_structured_output=True is_error=False num_turns=1 rate_limit_rejected=False result_event_observed=True result_tail='Author rationale must never be forwarded.' session_id=previous-agent-session site=amendment_author stop_reason=None subtype=result total_cost_usd=None usage=None
2026-09-12 21:06:42 [info     ] workspace_released             workspace_id=399a9d83ced449e7a93fe32f108c157e
2026-09-12 21:06:42 [info     ] fire_criteria_read             named=3 owed=['fire/owed-direct', 'fire/owed-direct-2', 'fire/owed-nested'] read_at_version=2026-01-01T00:00:00+00:00 subject=fire/subject
2026-09-12 21:06:43 [info     ] outbound_content_gated         categories=[] content_digest=14206836a80c3d874ec8dea0281c1e77d40363d73144f7b524c3acdd18f38ae8 failure=None hits=[] surface=tracker verdict=clean visibility=public writer=tracker_description
2026-09-12 21:06:43 [info     ] fire_criteria_read             named=3 owed=['fire/owed-direct', 'fire/owed-direct-2', 'fire/owed-nested'] read_at_version=2026-01-01T00:00:00+00:00 subject=fire/subject
2026-09-12 21:06:44 [info     ] fire_criteria_read             named=3 owed=['fire/owed-direct', 'fire/owed-direct-2', 'fire/owed-nested'] read_at_version=2026-01-01T00:00:00+00:00 subject=fire/subject
2026-09-12 21:06:44 [info     ] fire_criteria_read             named=3 owed=['fire/owed-direct', 'fire/owed-direct-2', 'fire/owed-nested'] read_at_version=2026-01-01T00:00:00+00:00 subject=fire/subject
2026-09-12 21:06:45 [info     ] fire_criteria_read             named=3 owed=['fire/done-direct', 'fire/owed-direct', 'fire/owed-direct-2', 'fire/owed-nested'] read_at_version=2026-01-01T00:00:00+00:00 subject=fire/subject
2026-09-12 21:06:46 [info     ] outbound_content_gated         categories=[] content_digest=270f375565fcf7ae18590362d5a93e060ac5a429bae8809acd0fca6f5be6714b failure=None hits=[] surface=tracker verdict=clean visibility=public writer=tracker_description
2026-09-12 21:06:46 [info     ] fire_criteria_read             named=3 owed=['fire/done-direct', 'fire/owed-direct', 'fire/owed-direct-2', 'fire/owed-nested'] read_at_version=2026-01-01T00:00:00+00:00 subject=fire/subject
2026-09-12 21:06:47 [info     ] fire_criteria_read             named=3 owed=['fire/done-direct', 'fire/owed-direct', 'fire/owed-direct-2', 'fire/owed-nested'] read_at_version=2026-01-01T00:00:00+00:00 subject=fire/subject
2026-09-12 21:06:47 [info     ] workspace_acquired             path=/var/folders/lv/b1m7q5dj1yd5gn9s9rknw43h0000gq/T/kodezart-782db8b8155a4d159d799a4a4f2ccda5 workspace_id=782db8b8155a4d159d799a4a4f2ccda5
2026-09-12 21:06:48 [info     ] stream_drained                 duration_api_ms=1 duration_ms=1 event_count=1 events={'result': 1} has_structured_output=True is_error=False num_turns=1 rate_limit_rejected=False result_event_observed=True result_tail='Author rationale must never be forwarded.' session_id=previous-agent-session site=write_back_verify stop_reason=None subtype=result total_cost_usd=None usage=None
2026-09-12 21:06:49 [info     ] workspace_released             workspace_id=782db8b8155a4d159d799a4a4f2ccda5
2026-09-12 21:06:49 [info     ] fire_criteria_read             named=3 owed=['fire/done-direct', 'fire/owed-direct', 'fire/owed-direct-2', 'fire/owed-nested'] read_at_version=2026-01-01T00:00:00+00:00 subject=fire/subject
2026-09-12 21:06:50 [info     ] fire_criteria_read             named=3 owed=['fire/done-direct', 'fire/owed-direct', 'fire/owed-direct-2', 'fire/owed-nested'] read_at_version=2026-01-01T00:00:00+00:00 subject=fire/subject
2026-09-12 21:06:50 [info     ] fire_criteria_read             named=3 owed=['fire/done-direct', 'fire/owed-direct', 'fire/owed-direct-2', 'fire/owed-nested'] read_at_version=2026-01-01T00:00:00+00:00 subject=fire/subject
2026-09-12 21:06:51 [info     ] fire_criteria_read             named=3 owed=['fire/done-direct', 'fire/owed-direct', 'fire/owed-direct-2', 'fire/owed-nested'] read_at_version=2026-01-01T00:00:00+00:00 subject=fire/subject
2026-09-12 21:06:52 [info     ] stream_drained                 duration_api_ms=1 duration_ms=1 event_count=1 events={'result': 1} has_structured_output=True is_error=False num_turns=1 rate_limit_rejected=False result_event_observed=True result_tail='Author rationale must never be forwarded.' session_id=previous-agent-session site=commit_message stop_reason=None subtype=result total_cost_usd=None usage=None
2026-09-12 21:06:52 [info     ] outbound_content_gated         categories=[] content_digest=1c2258ba30d6edc526796ea21c3fb5396230012aa5082ada3a09885c265fdb2a failure=None hits=[] surface=repository verdict=clean visibility=public writer=commit_message
2026-09-12 21:06:53 [info     ] fire_criteria_read             named=3 owed=['fire/done-direct', 'fire/owed-direct', 'fire/owed-direct-2', 'fire/owed-nested'] read_at_version=2026-01-01T00:00:00+00:00 subject=fire/subject
2026-09-12 21:06:54 [info     ] fire_criteria_read             named=3 owed=['fire/done-direct', 'fire/owed-direct', 'fire/owed-direct-2', 'fire/owed-nested'] read_at_version=2026-01-01T00:00:00+00:00 subject=fire/subject
2026-09-12 21:06:55 [info     ] changes_persisted              branch=native-test commit_sha=35e00d0b16a56bd227c58e2bf2184f15791fa1ed
2026-09-12 21:06:56 [info     ] workspace_released             workspace_id=65ee2bc0a6b54a7fbc3dd91410a40829
_ test_native_amendment_requires_preserved_current_history[replace-final_judge] _

repository = (PosixPath('/private/var/folders/lv/b1m7q5dj1yd5gn9s9rknw43h0000gq/T/pytest-of-kodezart/pytest-1887/test_native_amendment_requires1/repo'), 'e61173ec30c8231847be62c8eff58a81090cc4ed')
phase = 'final_judge', change = 'replace'

    @pytest.mark.parametrize("phase", ["author", "final_judge"])
    @pytest.mark.parametrize("change", ["replace", "delete", "unchanged"])
    async def test_native_amendment_requires_preserved_current_history(
        repository, phase, change
    ):
        port = tracker()
        original = port.issues[DIRECT_DONE]
        original = original.model_copy(
            update={"body": original.body + "\n**Class:** observed\n"}
        )
        port.issues[DIRECT_DONE] = original
        reached = False
        judgments = 0
    
        async def external_principal_edit(title, payload, kwargs):
            nonlocal reached, judgments
            if title == "WriteBackFinding":
                judgments += 1
            at_boundary = title == "AmendmentTextOutput" if phase == "author" else (
                title == "WriteBackFinding" and judgments == 2
            )
            if not at_boundary:
                return
            reached = True
            records = [
                c for c in port.comments if c.body.startswith("[fixture-amendment:")
            ]
            assert len(records) == 1
            archive = records[0]
            # A principal can edit native tracker content while the automation owns
            # its advisory grant; this is no second run claiming the same grant.
            if change == "delete":
                port.comments.remove(archive)
            elif change == "replace":
                port.comments[port.comments.index(archive)] = archive.model_copy(
                    update={
                        "body": archive.body.partition("\n")[0]
                        + "\nA principal replaced this historical record."
                    }
                )
    
        executor = Executor(
            reproduced=True,
            subject={"kind": "criterion", "id": DIRECT_DONE},
            mutate=external_principal_edit,
        )
        service, guard, workspace, _ = await build(repository, executor, port=port)
        try:
            if change == "unchanged":
                events = await drive(service, guard, repository)
                report = next(
                    e.report for e in events if isinstance(e, NativeAmendmentEvent)
                )
                assert report.verdicts[0].verdict == "amended"
                assert any(isinstance(e, ResultEvent) and e.commit_sha for e in events)
            else:
>               with pytest.raises(NativeWriteRefusalError):
                     ^^^^^^^^^^^^^^^^^^^^^^^^^^^^^^^^^^^^^^
E               Failed: DID NOT RAISE <class 'kodezart.domain.amendment.NativeWriteRefusalError'>

tests/services/test_native_amendment_archive_independent.py:76: Failed
----------------------------- Captured stdout call -----------------------------
2026-09-12 21:06:59 [info     ] fire_criteria_read             named=3 owed=['fire/owed-direct', 'fire/owed-direct-2', 'fire/owed-nested'] read_at_version=2026-01-01T00:00:00+00:00 subject=fire/subject
2026-09-12 21:06:59 [info     ] workspace_acquired             path=/var/folders/lv/b1m7q5dj1yd5gn9s9rknw43h0000gq/T/kodezart-ea6f8af03cef4d558bcf584f945b2506 workspace_id=ea6f8af03cef4d558bcf584f945b2506
2026-09-12 21:07:00 [info     ] fire_criteria_read             named=3 owed=['fire/owed-direct', 'fire/owed-direct-2', 'fire/owed-nested'] read_at_version=2026-01-01T00:00:00+00:00 subject=fire/subject
2026-09-12 21:07:01 [info     ] fire_criteria_read             named=3 owed=['fire/owed-direct', 'fire/owed-direct-2', 'fire/owed-nested'] read_at_version=2026-01-01T00:00:00+00:00 subject=fire/subject
2026-09-12 21:07:02 [info     ] fire_criteria_read             named=3 owed=['fire/owed-direct', 'fire/owed-direct-2', 'fire/owed-nested'] read_at_version=2026-01-01T00:00:00+00:00 subject=fire/subject
2026-09-12 21:07:02 [info     ] fire_criteria_read             named=3 owed=['fire/owed-direct', 'fire/owed-direct-2', 'fire/owed-nested'] read_at_version=2026-01-01T00:00:00+00:00 subject=fire/subject
2026-09-12 21:07:03 [info     ] workspace_acquired             path=/var/folders/lv/b1m7q5dj1yd5gn9s9rknw43h0000gq/T/kodezart-9b7dd87e382e453c8d6ce9dac014b339 workspace_id=9b7dd87e382e453c8d6ce9dac014b339
2026-09-12 21:07:04 [info     ] stream_drained                 duration_api_ms=1 duration_ms=1 event_count=1 events={'result': 1} has_structured_output=True is_error=False num_turns=1 rate_limit_rejected=False result_event_observed=True result_tail='Author rationale must never be forwarded.' session_id=previous-agent-session site=amendment_judge stop_reason=None subtype=result total_cost_usd=None usage=None
2026-09-12 21:07:05 [info     ] workspace_released             workspace_id=9b7dd87e382e453c8d6ce9dac014b339
2026-09-12 21:07:05 [info     ] fire_criteria_read             named=3 owed=['fire/owed-direct', 'fire/owed-direct-2', 'fire/owed-nested'] read_at_version=2026-01-01T00:00:00+00:00 subject=fire/subject
2026-09-12 21:07:06 [info     ] fire_criteria_read             named=3 owed=['fire/owed-direct', 'fire/owed-direct-2', 'fire/owed-nested'] read_at_version=2026-01-01T00:00:00+00:00 subject=fire/subject
2026-09-12 21:07:07 [info     ] fire_criteria_read             named=3 owed=['fire/owed-direct', 'fire/owed-direct-2', 'fire/owed-nested'] read_at_version=2026-01-01T00:00:00+00:00 subject=fire/subject
2026-09-12 21:07:08 [info     ] fire_criteria_read             named=3 owed=['fire/owed-direct', 'fire/owed-direct-2', 'fire/owed-nested'] read_at_version=2026-01-01T00:00:00+00:00 subject=fire/subject
2026-09-12 21:07:08 [info     ] outbound_content_gated         categories=[] content_digest=e94bb1baf90bd8327cb6ac78da9f03424b355a962be4c22f27a7d9d9128f1895 failure=None hits=[] surface=tracker verdict=clean visibility=public writer=tracker_comment
2026-09-12 21:07:08 [info     ] fire_criteria_read             named=3 owed=['fire/owed-direct', 'fire/owed-direct-2', 'fire/owed-nested'] read_at_version=2026-01-01T00:00:00+00:00 subject=fire/subject
2026-09-12 21:07:09 [info     ] workspace_acquired             path=/var/folders/lv/b1m7q5dj1yd5gn9s9rknw43h0000gq/T/kodezart-b133faf1331648b5bb5401bc9c558ff9 workspace_id=b133faf1331648b5bb5401bc9c558ff9
2026-09-12 21:07:10 [info     ] stream_drained                 duration_api_ms=1 duration_ms=1 event_count=1 events={'result': 1} has_structured_output=True is_error=False num_turns=1 rate_limit_rejected=False result_event_observed=True result_tail='Author rationale must never be forwarded.' session_id=previous-agent-session site=write_back_verify stop_reason=None subtype=result total_cost_usd=None usage=None
2026-09-12 21:07:10 [info     ] workspace_released             workspace_id=b133faf1331648b5bb5401bc9c558ff9
2026-09-12 21:07:10 [info     ] fire_criteria_read             named=3 owed=['fire/owed-direct', 'fire/owed-direct-2', 'fire/owed-nested'] read_at_version=2026-01-01T00:00:00+00:00 subject=fire/subject
2026-09-12 21:07:11 [info     ] fire_criteria_read             named=3 owed=['fire/owed-direct', 'fire/owed-direct-2', 'fire/owed-nested'] read_at_version=2026-01-01T00:00:00+00:00 subject=fire/subject
2026-09-12 21:07:12 [info     ] workspace_acquired             path=/var/folders/lv/b1m7q5dj1yd5gn9s9rknw43h0000gq/T/kodezart-dfd8741896684b7eb3fc3cfedea40e5e workspace_id=dfd8741896684b7eb3fc3cfedea40e5e
2026-09-12 21:07:12 [info     ] stream_drained                 duration_api_ms=1 duration_ms=1 event_count=1 events={'result': 1} has_structured_output=True is_error=False num_turns=1 rate_limit_rejected=False result_event_observed=True result_tail='Author rationale must never be forwarded.' session_id=previous-agent-session site=amendment_author stop_reason=None subtype=result total_cost_usd=None usage=None
2026-09-12 21:07:13 [info     ] workspace_released             workspace_id=dfd8741896684b7eb3fc3cfedea40e5e
2026-09-12 21:07:13 [info     ] fire_criteria_read             named=3 owed=['fire/owed-direct', 'fire/owed-direct-2', 'fire/owed-nested'] read_at_version=2026-01-01T00:00:00+00:00 subject=fire/subject
2026-09-12 21:07:13 [info     ] outbound_content_gated         categories=[] content_digest=14206836a80c3d874ec8dea0281c1e77d40363d73144f7b524c3acdd18f38ae8 failure=None hits=[] surface=tracker verdict=clean visibility=public writer=tracker_description
2026-09-12 21:07:14 [info     ] fire_criteria_read             named=3 owed=['fire/owed-direct', 'fire/owed-direct-2', 'fire/owed-nested'] read_at_version=2026-01-01T00:00:00+00:00 subject=fire/subject
2026-09-12 21:07:14 [info     ] fire_criteria_read             named=3 owed=['fire/owed-direct', 'fire/owed-direct-2', 'fire/owed-nested'] read_at_version=2026-01-01T00:00:00+00:00 subject=fire/subject
2026-09-12 21:07:15 [info     ] fire_criteria_read             named=3 owed=['fire/owed-direct', 'fire/owed-direct-2', 'fire/owed-nested'] read_at_version=2026-01-01T00:00:00+00:00 subject=fire/subject
2026-09-12 21:07:15 [info     ] fire_criteria_read             named=3 owed=['fire/done-direct', 'fire/owed-direct', 'fire/owed-direct-2', 'fire/owed-nested'] read_at_version=2026-01-01T00:00:00+00:00 subject=fire/subject
2026-09-12 21:07:16 [info     ] outbound_content_gated         categories=[] content_digest=270f375565fcf7ae18590362d5a93e060ac5a429bae8809acd0fca6f5be6714b failure=None hits=[] surface=tracker verdict=clean visibility=public writer=tracker_description
2026-09-12 21:07:16 [info     ] fire_criteria_read             named=3 owed=['fire/done-direct', 'fire/owed-direct', 'fire/owed-direct-2', 'fire/owed-nested'] read_at_version=2026-01-01T00:00:00+00:00 subject=fire/subject
2026-09-12 21:07:16 [info     ] fire_criteria_read             named=3 owed=['fire/done-direct', 'fire/owed-direct', 'fire/owed-direct-2', 'fire/owed-nested'] read_at_version=2026-01-01T00:00:00+00:00 subject=fire/subject
2026-09-12 21:07:17 [info     ] workspace_acquired             path=/var/folders/lv/b1m7q5dj1yd5gn9s9rknw43h0000gq/T/kodezart-9bcfec481471466183a6d1a049d4630e workspace_id=9bcfec481471466183a6d1a049d4630e
2026-09-12 21:07:17 [info     ] stream_drained                 duration_api_ms=1 duration_ms=1 event_count=1 events={'result': 1} has_structured_output=True is_error=False num_turns=1 rate_limit_rejected=False result_event_observed=True result_tail='Author rationale must never be forwarded.' session_id=previous-agent-session site=write_back_verify stop_reason=None subtype=result total_cost_usd=None usage=None
2026-09-12 21:07:17 [info     ] workspace_released             workspace_id=9bcfec481471466183a6d1a049d4630e
2026-09-12 21:07:17 [info     ] fire_criteria_read             named=3 owed=['fire/done-direct', 'fire/owed-direct', 'fire/owed-direct-2', 'fire/owed-nested'] read_at_version=2026-01-01T00:00:00+00:00 subject=fire/subject
2026-09-12 21:07:18 [info     ] fire_criteria_read             named=3 owed=['fire/done-direct', 'fire/owed-direct', 'fire/owed-direct-2', 'fire/owed-nested'] read_at_version=2026-01-01T00:00:00+00:00 subject=fire/subject
2026-09-12 21:07:18 [info     ] fire_criteria_read             named=3 owed=['fire/done-direct', 'fire/owed-direct', 'fire/owed-direct-2', 'fire/owed-nested'] read_at_version=2026-01-01T00:00:00+00:00 subject=fire/subject
2026-09-12 21:07:18 [info     ] fire_criteria_read             named=3 owed=['fire/done-direct', 'fire/owed-direct', 'fire/owed-direct-2', 'fire/owed-nested'] read_at_version=2026-01-01T00:00:00+00:00 subject=fire/subject
2026-09-12 21:07:19 [info     ] stream_drained                 duration_api_ms=1 duration_ms=1 event_count=1 events={'result': 1} has_structured_output=True is_error=False num_turns=1 rate_limit_rejected=False result_event_observed=True result_tail='Author rationale must never be forwarded.' session_id=previous-agent-session site=commit_message stop_reason=None subtype=result total_cost_usd=None usage=None
2026-09-12 21:07:19 [info     ] outbound_content_gated         categories=[] content_digest=1c2258ba30d6edc526796ea21c3fb5396230012aa5082ada3a09885c265fdb2a failure=None hits=[] surface=repository verdict=clean visibility=public writer=commit_message
2026-09-12 21:07:19 [info     ] fire_criteria_read             named=3 owed=['fire/done-direct', 'fire/owed-direct', 'fire/owed-direct-2', 'fire/owed-nested'] read_at_version=2026-01-01T00:00:00+00:00 subject=fire/subject
2026-09-12 21:07:19 [info     ] fire_criteria_read             named=3 owed=['fire/done-direct', 'fire/owed-direct', 'fire/owed-direct-2', 'fire/owed-nested'] read_at_version=2026-01-01T00:00:00+00:00 subject=fire/subject
2026-09-12 21:07:20 [info     ] changes_persisted              branch=native-test commit_sha=0c8ca2c4751ce9df79d0e2edb1b2927f6dfc56ef
2026-09-12 21:07:20 [info     ] workspace_released             workspace_id=ea6f8af03cef4d558bcf584f945b2506
___ test_native_amendment_requires_preserved_current_history[delete-author] ____

repository = (PosixPath('/private/var/folders/lv/b1m7q5dj1yd5gn9s9rknw43h0000gq/T/pytest-of-kodezart/pytest-1887/test_native_amendment_requires2/repo'), '116aa24e8819b5c6b8875f12288443b3c88d8e94')
phase = 'author', change = 'delete'

    @pytest.mark.parametrize("phase", ["author", "final_judge"])
    @pytest.mark.parametrize("change", ["replace", "delete", "unchanged"])
    async def test_native_amendment_requires_preserved_current_history(
        repository, phase, change
    ):
        port = tracker()
        original = port.issues[DIRECT_DONE]
        original = original.model_copy(
            update={"body": original.body + "\n**Class:** observed\n"}
        )
        port.issues[DIRECT_DONE] = original
        reached = False
        judgments = 0
    
        async def external_principal_edit(title, payload, kwargs):
            nonlocal reached, judgments
            if title == "WriteBackFinding":
                judgments += 1
            at_boundary = title == "AmendmentTextOutput" if phase == "author" else (
                title == "WriteBackFinding" and judgments == 2
            )
            if not at_boundary:
                return
            reached = True
            records = [
                c for c in port.comments if c.body.startswith("[fixture-amendment:")
            ]
            assert len(records) == 1
            archive = records[0]
            # A principal can edit native tracker content while the automation owns
            # its advisory grant; this is no second run claiming the same grant.
            if change == "delete":
                port.comments.remove(archive)
            elif change == "replace":
                port.comments[port.comments.index(archive)] = archive.model_copy(
                    update={
                        "body": archive.body.partition("\n")[0]
                        + "\nA principal replaced this historical record."
                    }
                )
    
        executor = Executor(
            reproduced=True,
            subject={"kind": "criterion", "id": DIRECT_DONE},
            mutate=external_principal_edit,
        )
        service, guard, workspace, _ = await build(repository, executor, port=port)
        try:
            if change == "unchanged":
                events = await drive(service, guard, repository)
                report = next(
                    e.report for e in events if isinstance(e, NativeAmendmentEvent)
                )
                assert report.verdicts[0].verdict == "amended"
                assert any(isinstance(e, ResultEvent) and e.commit_sha for e in events)
            else:
>               with pytest.raises(NativeWriteRefusalError):
                     ^^^^^^^^^^^^^^^^^^^^^^^^^^^^^^^^^^^^^^
E               Failed: DID NOT RAISE <class 'kodezart.domain.amendment.NativeWriteRefusalError'>

tests/services/test_native_amendment_archive_independent.py:76: Failed
----------------------------- Captured stdout call -----------------------------
2026-09-12 21:07:21 [info     ] fire_criteria_read             named=3 owed=['fire/owed-direct', 'fire/owed-direct-2', 'fire/owed-nested'] read_at_version=2026-01-01T00:00:00+00:00 subject=fire/subject
2026-09-12 21:07:21 [info     ] workspace_acquired             path=/var/folders/lv/b1m7q5dj1yd5gn9s9rknw43h0000gq/T/kodezart-8ede014f99324518b36fadc00b6a57d7 workspace_id=8ede014f99324518b36fadc00b6a57d7
2026-09-12 21:07:22 [info     ] fire_criteria_read             named=3 owed=['fire/owed-direct', 'fire/owed-direct-2', 'fire/owed-nested'] read_at_version=2026-01-01T00:00:00+00:00 subject=fire/subject
2026-09-12 21:07:22 [info     ] fire_criteria_read             named=3 owed=['fire/owed-direct', 'fire/owed-direct-2', 'fire/owed-nested'] read_at_version=2026-01-01T00:00:00+00:00 subject=fire/subject
2026-09-12 21:07:22 [info     ] fire_criteria_read             named=3 owed=['fire/owed-direct', 'fire/owed-direct-2', 'fire/owed-nested'] read_at_version=2026-01-01T00:00:00+00:00 subject=fire/subject
2026-09-12 21:07:23 [info     ] fire_criteria_read             named=3 owed=['fire/owed-direct', 'fire/owed-direct-2', 'fire/owed-nested'] read_at_version=2026-01-01T00:00:00+00:00 subject=fire/subject
2026-09-12 21:07:23 [info     ] workspace_acquired             path=/var/folders/lv/b1m7q5dj1yd5gn9s9rknw43h0000gq/T/kodezart-14661c7bcf0c4adbbc87eeaceacf1a93 workspace_id=14661c7bcf0c4adbbc87eeaceacf1a93
2026-09-12 21:07:23 [info     ] stream_drained                 duration_api_ms=1 duration_ms=1 event_count=1 events={'result': 1} has_structured_output=True is_error=False num_turns=1 rate_limit_rejected=False result_event_observed=True result_tail='Author rationale must never be forwarded.' session_id=previous-agent-session site=amendment_judge stop_reason=None subtype=result total_cost_usd=None usage=None
2026-09-12 21:07:24 [info     ] workspace_released             workspace_id=14661c7bcf0c4adbbc87eeaceacf1a93
2026-09-12 21:07:24 [info     ] fire_criteria_read             named=3 owed=['fire/owed-direct', 'fire/owed-direct-2', 'fire/owed-nested'] read_at_version=2026-01-01T00:00:00+00:00 subject=fire/subject
2026-09-12 21:07:24 [info     ] fire_criteria_read             named=3 owed=['fire/owed-direct', 'fire/owed-direct-2', 'fire/owed-nested'] read_at_version=2026-01-01T00:00:00+00:00 subject=fire/subject
2026-09-12 21:07:25 [info     ] fire_criteria_read             named=3 owed=['fire/owed-direct', 'fire/owed-direct-2', 'fire/owed-nested'] read_at_version=2026-01-01T00:00:00+00:00 subject=fire/subject
2026-09-12 21:07:26 [info     ] fire_criteria_read             named=3 owed=['fire/owed-direct', 'fire/owed-direct-2', 'fire/owed-nested'] read_at_version=2026-01-01T00:00:00+00:00 subject=fire/subject
2026-09-12 21:07:26 [info     ] outbound_content_gated         categories=[] content_digest=fd3fccf6c11ed7bb26ed6dc2ab4707c16c280d7e82eae2a7668075b2de25cef9 failure=None hits=[] surface=tracker verdict=clean visibility=public writer=tracker_comment
2026-09-12 21:07:26 [info     ] fire_criteria_read             named=3 owed=['fire/owed-direct', 'fire/owed-direct-2', 'fire/owed-nested'] read_at_version=2026-01-01T00:00:00+00:00 subject=fire/subject
2026-09-12 21:07:26 [info     ] workspace_acquired             path=/var/folders/lv/b1m7q5dj1yd5gn9s9rknw43h0000gq/T/kodezart-275597fb27e54bfba68f7fb3f38e7619 workspace_id=275597fb27e54bfba68f7fb3f38e7619
2026-09-12 21:07:27 [info     ] stream_drained                 duration_api_ms=1 duration_ms=1 event_count=1 events={'result': 1} has_structured_output=True is_error=False num_turns=1 rate_limit_rejected=False result_event_observed=True result_tail='Author rationale must never be forwarded.' session_id=previous-agent-session site=write_back_verify stop_reason=None subtype=result total_cost_usd=None usage=None
2026-09-12 21:07:27 [info     ] workspace_released             workspace_id=275597fb27e54bfba68f7fb3f38e7619
2026-09-12 21:07:28 [info     ] fire_criteria_read             named=3 owed=['fire/owed-direct', 'fire/owed-direct-2', 'fire/owed-nested'] read_at_version=2026-01-01T00:00:00+00:00 subject=fire/subject
2026-09-12 21:07:28 [info     ] fire_criteria_read             named=3 owed=['fire/owed-direct', 'fire/owed-direct-2', 'fire/owed-nested'] read_at_version=2026-01-01T00:00:00+00:00 subject=fire/subject
2026-09-12 21:07:28 [info     ] workspace_acquired             path=/var/folders/lv/b1m7q5dj1yd5gn9s9rknw43h0000gq/T/kodezart-e342affdb0dc4dd2988ee371e3a03c3e workspace_id=e342affdb0dc4dd2988ee371e3a03c3e
2026-09-12 21:07:29 [info     ] stream_drained                 duration_api_ms=1 duration_ms=1 event_count=1 events={'result': 1} has_structured_output=True is_error=False num_turns=1 rate_limit_rejected=False result_event_observed=True result_tail='Author rationale must never be forwarded.' session_id=previous-agent-session site=amendment_author stop_reason=None subtype=result total_cost_usd=None usage=None
2026-09-12 21:07:29 [info     ] workspace_released             workspace_id=e342affdb0dc4dd2988ee371e3a03c3e
2026-09-12 21:07:29 [info     ] fire_criteria_read             named=3 owed=['fire/owed-direct', 'fire/owed-direct-2', 'fire/owed-nested'] read_at_version=2026-01-01T00:00:00+00:00 subject=fire/subject
2026-09-12 21:07:29 [info     ] outbound_content_gated         categories=[] content_digest=14206836a80c3d874ec8dea0281c1e77d40363d73144f7b524c3acdd18f38ae8 failure=None hits=[] surface=tracker verdict=clean visibility=public writer=tracker_description
2026-09-12 21:07:30 [info     ] fire_criteria_read             named=3 owed=['fire/owed-direct', 'fire/owed-direct-2', 'fire/owed-nested'] read_at_version=2026-01-01T00:00:00+00:00 subject=fire/subject
2026-09-12 21:07:30 [info     ] fire_criteria_read             named=3 owed=['fire/owed-direct', 'fire/owed-direct-2', 'fire/owed-nested'] read_at_version=2026-01-01T00:00:00+00:00 subject=fire/subject
2026-09-12 21:07:30 [info     ] fire_criteria_read             named=3 owed=['fire/owed-direct', 'fire/owed-direct-2', 'fire/owed-nested'] read_at_version=2026-01-01T00:00:00+00:00 subject=fire/subject
2026-09-12 21:07:31 [info     ] fire_criteria_read             named=3 owed=['fire/done-direct', 'fire/owed-direct', 'fire/owed-direct-2', 'fire/owed-nested'] read_at_version=2026-01-01T00:00:00+00:00 subject=fire/subject
2026-09-12 21:07:31 [info     ] outbound_content_gated         categories=[] content_digest=270f375565fcf7ae18590362d5a93e060ac5a429bae8809acd0fca6f5be6714b failure=None hits=[] surface=tracker verdict=clean visibility=public writer=tracker_description
2026-09-12 21:07:31 [info     ] fire_criteria_read             named=3 owed=['fire/done-direct', 'fire/owed-direct', 'fire/owed-direct-2', 'fire/owed-nested'] read_at_version=2026-01-01T00:00:00+00:00 subject=fire/subject
2026-09-12 21:07:31 [info     ] fire_criteria_read             named=3 owed=['fire/done-direct', 'fire/owed-direct', 'fire/owed-direct-2', 'fire/owed-nested'] read_at_version=2026-01-01T00:00:00+00:00 subject=fire/subject
2026-09-12 21:07:32 [info     ] workspace_acquired             path=/var/folders/lv/b1m7q5dj1yd5gn9s9rknw43h0000gq/T/kodezart-34b6104155eb45db8b7736bca21be8bf workspace_id=34b6104155eb45db8b7736bca21be8bf
2026-09-12 21:07:32 [info     ] stream_drained                 duration_api_ms=1 duration_ms=1 event_count=1 events={'result': 1} has_structured_output=True is_error=False num_turns=1 rate_limit_rejected=False result_event_observed=True result_tail='Author rationale must never be forwarded.' session_id=previous-agent-session site=write_back_verify stop_reason=None subtype=result total_cost_usd=None usage=None
2026-09-12 21:07:33 [info     ] workspace_released             workspace_id=34b6104155eb45db8b7736bca21be8bf
2026-09-12 21:07:33 [info     ] fire_criteria_read             named=3 owed=['fire/done-direct', 'fire/owed-direct', 'fire/owed-direct-2', 'fire/owed-nested'] read_at_version=2026-01-01T00:00:00+00:00 subject=fire/subject
2026-09-12 21:07:33 [info     ] fire_criteria_read             named=3 owed=['fire/done-direct', 'fire/owed-direct', 'fire/owed-direct-2', 'fire/owed-nested'] read_at_version=2026-01-01T00:00:00+00:00 subject=fire/subject
2026-09-12 21:07:34 [info     ] fire_criteria_read             named=3 owed=['fire/done-direct', 'fire/owed-direct', 'fire/owed-direct-2', 'fire/owed-nested'] read_at_version=2026-01-01T00:00:00+00:00 subject=fire/subject
2026-09-12 21:07:34 [info     ] fire_criteria_read             named=3 owed=['fire/done-direct', 'fire/owed-direct', 'fire/owed-direct-2', 'fire/owed-nested'] read_at_version=2026-01-01T00:00:00+00:00 subject=fire/subject
2026-09-12 21:07:35 [info     ] stream_drained                 duration_api_ms=1 duration_ms=1 event_count=1 events={'result': 1} has_structured_output=True is_error=False num_turns=1 rate_limit_rejected=False result_event_observed=True result_tail='Author rationale must never be forwarded.' session_id=previous-agent-session site=commit_message stop_reason=None subtype=result total_cost_usd=None usage=None
2026-09-12 21:07:35 [info     ] outbound_content_gated         categories=[] content_digest=1c2258ba30d6edc526796ea21c3fb5396230012aa5082ada3a09885c265fdb2a failure=None hits=[] surface=repository verdict=clean visibility=public writer=commit_message
2026-09-12 21:07:35 [info     ] fire_criteria_read             named=3 owed=['fire/done-direct', 'fire/owed-direct', 'fire/owed-direct-2', 'fire/owed-nested'] read_at_version=2026-01-01T00:00:00+00:00 subject=fire/subject
2026-09-12 21:07:36 [info     ] fire_criteria_read             named=3 owed=['fire/done-direct', 'fire/owed-direct', 'fire/owed-direct-2', 'fire/owed-nested'] read_at_version=2026-01-01T00:00:00+00:00 subject=fire/subject
2026-09-12 21:07:37 [info     ] changes_persisted              branch=native-test commit_sha=187fe1c4e2884a95c46c235cc3f506c25894f90c
2026-09-12 21:07:37 [info     ] workspace_released             workspace_id=8ede014f99324518b36fadc00b6a57d7
_ test_native_amendment_requires_preserved_current_history[delete-final_judge] _

repository = (PosixPath('/private/var/folders/lv/b1m7q5dj1yd5gn9s9rknw43h0000gq/T/pytest-of-kodezart/pytest-1887/test_native_amendment_requires3/repo'), 'c025c289ac14d1c564912af1c9cca89f7c85277b')
phase = 'final_judge', change = 'delete'

    @pytest.mark.parametrize("phase", ["author", "final_judge"])
    @pytest.mark.parametrize("change", ["replace", "delete", "unchanged"])
    async def test_native_amendment_requires_preserved_current_history(
        repository, phase, change
    ):
        port = tracker()
        original = port.issues[DIRECT_DONE]
        original = original.model_copy(
            update={"body": original.body + "\n**Class:** observed\n"}
        )
        port.issues[DIRECT_DONE] = original
        reached = False
        judgments = 0
    
        async def external_principal_edit(title, payload, kwargs):
            nonlocal reached, judgments
            if title == "WriteBackFinding":
                judgments += 1
            at_boundary = title == "AmendmentTextOutput" if phase == "author" else (
                title == "WriteBackFinding" and judgments == 2
            )
            if not at_boundary:
                return
            reached = True
            records = [
                c for c in port.comments if c.body.startswith("[fixture-amendment:")
            ]
            assert len(records) == 1
            archive = records[0]
            # A principal can edit native tracker content while the automation owns
            # its advisory grant; this is no second run claiming the same grant.
            if change == "delete":
                port.comments.remove(archive)
            elif change == "replace":
                port.comments[port.comments.index(archive)] = archive.model_copy(
                    update={
                        "body": archive.body.partition("\n")[0]
                        + "\nA principal replaced this historical record."
                    }
                )
    
        executor = Executor(
            reproduced=True,
            subject={"kind": "criterion", "id": DIRECT_DONE},
            mutate=external_principal_edit,
        )
        service, guard, workspace, _ = await build(repository, executor, port=port)
        try:
            if change == "unchanged":
                events = await drive(service, guard, repository)
                report = next(
                    e.report for e in events if isinstance(e, NativeAmendmentEvent)
                )
                assert report.verdicts[0].verdict == "amended"
                assert any(isinstance(e, ResultEvent) and e.commit_sha for e in events)
            else:
>               with pytest.raises(NativeWriteRefusalError):
                     ^^^^^^^^^^^^^^^^^^^^^^^^^^^^^^^^^^^^^^
E               Failed: DID NOT RAISE <class 'kodezart.domain.amendment.NativeWriteRefusalError'>

tests/services/test_native_amendment_archive_independent.py:76: Failed
----------------------------- Captured stdout call -----------------------------
2026-09-12 21:07:38 [info     ] fire_criteria_read             named=3 owed=['fire/owed-direct', 'fire/owed-direct-2', 'fire/owed-nested'] read_at_version=2026-01-01T00:00:00+00:00 subject=fire/subject
2026-09-12 21:07:38 [info     ] workspace_acquired             path=/var/folders/lv/b1m7q5dj1yd5gn9s9rknw43h0000gq/T/kodezart-572cad29a53d4d418741e25c2a7e10c9 workspace_id=572cad29a53d4d418741e25c2a7e10c9
2026-09-12 21:07:39 [info     ] fire_criteria_read             named=3 owed=['fire/owed-direct', 'fire/owed-direct-2', 'fire/owed-nested'] read_at_version=2026-01-01T00:00:00+00:00 subject=fire/subject
2026-09-12 21:07:39 [info     ] fire_criteria_read             named=3 owed=['fire/owed-direct', 'fire/owed-direct-2', 'fire/owed-nested'] read_at_version=2026-01-01T00:00:00+00:00 subject=fire/subject
2026-09-12 21:07:39 [info     ] fire_criteria_read             named=3 owed=['fire/owed-direct', 'fire/owed-direct-2', 'fire/owed-nested'] read_at_version=2026-01-01T00:00:00+00:00 subject=fire/subject
2026-09-12 21:07:40 [info     ] fire_criteria_read             named=3 owed=['fire/owed-direct', 'fire/owed-direct-2', 'fire/owed-nested'] read_at_version=2026-01-01T00:00:00+00:00 subject=fire/subject
2026-09-12 21:07:40 [info     ] workspace_acquired             path=/var/folders/lv/b1m7q5dj1yd5gn9s9rknw43h0000gq/T/kodezart-3b67f9ff2bc94032aa26f61e2820938d workspace_id=3b67f9ff2bc94032aa26f61e2820938d
2026-09-12 21:07:41 [info     ] stream_drained                 duration_api_ms=1 duration_ms=1 event_count=1 events={'result': 1} has_structured_output=True is_error=False num_turns=1 rate_limit_rejected=False result_event_observed=True result_tail='Author rationale must never be forwarded.' session_id=previous-agent-session site=amendment_judge stop_reason=None subtype=result total_cost_usd=None usage=None
2026-09-12 21:07:41 [info     ] workspace_released             workspace_id=3b67f9ff2bc94032aa26f61e2820938d
2026-09-12 21:07:42 [info     ] fire_criteria_read             named=3 owed=['fire/owed-direct', 'fire/owed-direct-2', 'fire/owed-nested'] read_at_version=2026-01-01T00:00:00+00:00 subject=fire/subject
2026-09-12 21:07:42 [info     ] fire_criteria_read             named=3 owed=['fire/owed-direct', 'fire/owed-direct-2', 'fire/owed-nested'] read_at_version=2026-01-01T00:00:00+00:00 subject=fire/subject
2026-09-12 21:07:42 [info     ] fire_criteria_read             named=3 owed=['fire/owed-direct', 'fire/owed-direct-2', 'fire/owed-nested'] read_at_version=2026-01-01T00:00:00+00:00 subject=fire/subject
2026-09-12 21:07:43 [info     ] fire_criteria_read             named=3 owed=['fire/owed-direct', 'fire/owed-direct-2', 'fire/owed-nested'] read_at_version=2026-01-01T00:00:00+00:00 subject=fire/subject
2026-09-12 21:07:43 [info     ] outbound_content_gated         categories=[] content_digest=8cb1d7a193a43752401fe453a4207d90da6262d67c74dd9cee8168a335459150 failure=None hits=[] surface=tracker verdict=clean visibility=public writer=tracker_comment
2026-09-12 21:07:43 [info     ] fire_criteria_read             named=3 owed=['fire/owed-direct', 'fire/owed-direct-2', 'fire/owed-nested'] read_at_version=2026-01-01T00:00:00+00:00 subject=fire/subject
2026-09-12 21:07:43 [info     ] workspace_acquired             path=/var/folders/lv/b1m7q5dj1yd5gn9s9rknw43h0000gq/T/kodezart-47403f4838954c3d92b9276bfa393a82 workspace_id=47403f4838954c3d92b9276bfa393a82
2026-09-12 21:07:44 [info     ] stream_drained                 duration_api_ms=1 duration_ms=1 event_count=1 events={'result': 1} has_structured_output=True is_error=False num_turns=1 rate_limit_rejected=False result_event_observed=True result_tail='Author rationale must never be forwarded.' session_id=previous-agent-session site=write_back_verify stop_reason=None subtype=result total_cost_usd=None usage=None
2026-09-12 21:07:44 [info     ] workspace_released             workspace_id=47403f4838954c3d92b9276bfa393a82
2026-09-12 21:07:45 [info     ] fire_criteria_read             named=3 owed=['fire/owed-direct', 'fire/owed-direct-2', 'fire/owed-nested'] read_at_version=2026-01-01T00:00:00+00:00 subject=fire/subject
2026-09-12 21:07:45 [info     ] fire_criteria_read             named=3 owed=['fire/owed-direct', 'fire/owed-direct-2', 'fire/owed-nested'] read_at_version=2026-01-01T00:00:00+00:00 subject=fire/subject
2026-09-12 21:07:45 [info     ] workspace_acquired             path=/var/folders/lv/b1m7q5dj1yd5gn9s9rknw43h0000gq/T/kodezart-24a1717f34104739920f8a6cc649d18d workspace_id=24a1717f34104739920f8a6cc649d18d
2026-09-12 21:07:46 [info     ] stream_drained                 duration_api_ms=1 duration_ms=1 event_count=1 events={'result': 1} has_structured_output=True is_error=False num_turns=1 rate_limit_rejected=False result_event_observed=True result_tail='Author rationale must never be forwarded.' session_id=previous-agent-session site=amendment_author stop_reason=None subtype=result total_cost_usd=None usage=None
2026-09-12 21:07:46 [info     ] workspace_released             workspace_id=24a1717f34104739920f8a6cc649d18d
2026-09-12 21:07:46 [info     ] fire_criteria_read             named=3 owed=['fire/owed-direct', 'fire/owed-direct-2', 'fire/owed-nested'] read_at_version=2026-01-01T00:00:00+00:00 subject=fire/subject
2026-09-12 21:07:46 [info     ] outbound_content_gated         categories=[] content_digest=14206836a80c3d874ec8dea0281c1e77d40363d73144f7b524c3acdd18f38ae8 failure=None hits=[] surface=tracker verdict=clean visibility=public writer=tracker_description
2026-09-12 21:07:47 [info     ] fire_criteria_read             named=3 owed=['fire/owed-direct', 'fire/owed-direct-2', 'fire/owed-nested'] read_at_version=2026-01-01T00:00:00+00:00 subject=fire/subject
2026-09-12 21:07:47 [info     ] fire_criteria_read             named=3 owed=['fire/owed-direct', 'fire/owed-direct-2', 'fire/owed-nested'] read_at_version=2026-01-01T00:00:00+00:00 subject=fire/subject
2026-09-12 21:07:47 [info     ] fire_criteria_read             named=3 owed=['fire/owed-direct', 'fire/owed-direct-2', 'fire/owed-nested'] read_at_version=2026-01-01T00:00:00+00:00 subject=fire/subject
2026-09-12 21:07:48 [info     ] fire_criteria_read             named=3 owed=['fire/done-direct', 'fire/owed-direct', 'fire/owed-direct-2', 'fire/owed-nested'] read_at_version=2026-01-01T00:00:00+00:00 subject=fire/subject
2026-09-12 21:07:48 [info     ] outbound_content_gated         categories=[] content_digest=270f375565fcf7ae18590362d5a93e060ac5a429bae8809acd0fca6f5be6714b failure=None hits=[] surface=tracker verdict=clean visibility=public writer=tracker_description
2026-09-12 21:07:48 [info     ] fire_criteria_read             named=3 owed=['fire/done-direct', 'fire/owed-direct', 'fire/owed-direct-2', 'fire/owed-nested'] read_at_version=2026-01-01T00:00:00+00:00 subject=fire/subject
2026-09-12 21:07:48 [info     ] fire_criteria_read             named=3 owed=['fire/done-direct', 'fire/owed-direct', 'fire/owed-direct-2', 'fire/owed-nested'] read_at_version=2026-01-01T00:00:00+00:00 subject=fire/subject
2026-09-12 21:07:49 [info     ] workspace_acquired             path=/var/folders/lv/b1m7q5dj1yd5gn9s9rknw43h0000gq/T/kodezart-16c83446a9044e958ebf3c2a28622481 workspace_id=16c83446a9044e958ebf3c2a28622481
2026-09-12 21:07:49 [info     ] stream_drained                 duration_api_ms=1 duration_ms=1 event_count=1 events={'result': 1} has_structured_output=True is_error=False num_turns=1 rate_limit_rejected=False result_event_observed=True result_tail='Author rationale must never be forwarded.' session_id=previous-agent-session site=write_back_verify stop_reason=None subtype=result total_cost_usd=None usage=None
2026-09-12 21:07:49 [info     ] workspace_released             workspace_id=16c83446a9044e958ebf3c2a28622481
2026-09-12 21:07:49 [info     ] fire_criteria_read             named=3 owed=['fire/done-direct', 'fire/owed-direct', 'fire/owed-direct-2', 'fire/owed-nested'] read_at_version=2026-01-01T00:00:00+00:00 subject=fire/subject
2026-09-12 21:07:50 [info     ] fire_criteria_read             named=3 owed=['fire/done-direct', 'fire/owed-direct', 'fire/owed-direct-2', 'fire/owed-nested'] read_at_version=2026-01-01T00:00:00+00:00 subject=fire/subject
2026-09-12 21:07:50 [info     ] fire_criteria_read             named=3 owed=['fire/done-direct', 'fire/owed-direct', 'fire/owed-direct-2', 'fire/owed-nested'] read_at_version=2026-01-01T00:00:00+00:00 subject=fire/subject
2026-09-12 21:07:50 [info     ] fire_criteria_read             named=3 owed=['fire/done-direct', 'fire/owed-direct', 'fire/owed-direct-2', 'fire/owed-nested'] read_at_version=2026-01-01T00:00:00+00:00 subject=fire/subject
2026-09-12 21:07:51 [info     ] stream_drained                 duration_api_ms=1 duration_ms=1 event_count=1 events={'result': 1} has_structured_output=True is_error=False num_turns=1 rate_limit_rejected=False result_event_observed=True result_tail='Author rationale must never be forwarded.' session_id=previous-agent-session site=commit_message stop_reason=None subtype=result total_cost_usd=None usage=None
2026-09-12 21:07:51 [info     ] outbound_content_gated         categories=[] content_digest=1c2258ba30d6edc526796ea21c3fb5396230012aa5082ada3a09885c265fdb2a failure=None hits=[] surface=repository verdict=clean visibility=public writer=commit_message
2026-09-12 21:07:51 [info     ] fire_criteria_read             named=3 owed=['fire/done-direct', 'fire/owed-direct', 'fire/owed-direct-2', 'fire/owed-nested'] read_at_version=2026-01-01T00:00:00+00:00 subject=fire/subject
2026-09-12 21:07:52 [info     ] fire_criteria_read             named=3 owed=['fire/done-direct', 'fire/owed-direct', 'fire/owed-direct-2', 'fire/owed-nested'] read_at_version=2026-01-01T00:00:00+00:00 subject=fire/subject
2026-09-12 21:07:53 [info     ] changes_persisted              branch=native-test commit_sha=c51a7377cdadf32cb041a7259a4aaf048b3d9b64
2026-09-12 21:07:53 [info     ] workspace_released             workspace_id=572cad29a53d4d418741e25c2a7e10c9
=========================== short test summary info ============================
FAILED tests/services/test_native_amendment_archive_independent.py::test_native_amendment_requires_preserved_current_history[replace-author]
FAILED tests/services/test_native_amendment_archive_independent.py::test_native_amendment_requires_preserved_current_history[replace-final_judge]
FAILED tests/services/test_native_amendment_archive_independent.py::test_native_amendment_requires_preserved_current_history[delete-author]
FAILED tests/services/test_native_amendment_archive_independent.py::test_native_amendment_requires_preserved_current_history[delete-final_judge]
4 failed, 2 passed in 132.05s (0:02:12)
