F                                                                        [100%]
=================================== FAILURES ===================================
____________ test_actual_main_lifespan_registers_and_executes_audit ____________

tmp_path = PosixPath('/private/var/folders/lv/b1m7q5dj1yd5gn9s9rknw43h0000gq/T/pytest-of-kodezart/pytest-1831/test_actual_main_lifespan_regi0')
monkeypatch = <_pytest.monkeypatch.MonkeyPatch object at 0x10f0d6ab0>

    async def test_actual_main_lifespan_registers_and_executes_audit(tmp_path, monkeypatch):
        from kodezart import main
        from kodezart.composition.records import BuiltRecorder
        from kodezart.composition.workspace import GitStack
        from tests.fakes import (
            FakeArtifactPersister,
            FakeBranchMerger,
            FakeChangePersister,
            FakeRefPublisher,
            ManagedFakeLinearMcpServer,
        )
        from tests.services.test_prompt_passes import _config
    
        from tests.prompts.test_organize_mandate_bindings import declared_operation
        from kodezart.core.prompt_namespaces import operation_bindings
    
        _, _, server, tracker, _ = dependencies()
        fields = declared_operation().model_dump()
        fields["marker_prefixes"]["audit"] = "configured-audit-record"
        fields["marker_prefixes"]["escalation"] = "configured-audit-escalation"
        fields["issue_labels"]["decision"] = "needs decision"
        fields["audit_scopes"] = [{"scope": EMPTY_PROJECT.model_dump(), "repo_url": fields["repos"][0]["url"], "report_issue_key": ROOT.key}]
        operation = OperationConfig.model_validate(fields)
        config = _config(
            tmp_path,
            audit={"timeout_seconds": 17},
            write_back={"max_verify_rounds": 2},
            github_token="fixture-audit-token",
            fire_prep_pass_gate_signals=[],
            grooming_pass_gate_signals=[],
        )
        workspace = RecordingWorkspace()
        executor = RecordingExecutor(
            [
                result(
                    structured_output={
                        "verdict": "holds",
                        "evidence": "Read actual native record references.",
                        "cited_refs": [],
                    }
                )
            ]
        )
        stack = GitStack(
            git=FakeGitService(remote_branch_shas={operation.repos[0].trunk: "a" * 40}),
            cache=FakeRepoCache(),
            workspace=workspace,
            persister=FakeChangePersister(),
            merger=FakeBranchMerger(),
            artifact_persister=FakeArtifactPersister(),
            ref_publisher=FakeRefPublisher(),
        )
    
        async def tracker_boot(**_kwargs):
            return DialledTracker(
                tracker=tracker,
                caller=ManagedFakeLinearMcpServer(),
                operation=operation,
                ledger=SelfWriteLedger(),
            )
    
        async def prompt_boot(**_kwargs):
            return load_registry(bindings=operation_bindings(operation))
    
        async def recorder_boot(**_kwargs):
            return BuiltRecorder(RunRecorder(records={}, sinks={}), None)
    
        async def knowledge_boot(**_kwargs):
            return None
    
        async def gate_boot(**_kwargs):
            return PassThroughGate()
    
        monkeypatch.setattr(main, "boot_tracker", tracker_boot)
        monkeypatch.setattr(main, "boot_prompts", prompt_boot)
        monkeypatch.setattr(main, "build_run_recorder", recorder_boot)
        monkeypatch.setattr(main, "boot_knowledge_grant", knowledge_boot)
        monkeypatch.setattr(main, "build_outbound_gate", gate_boot)
        monkeypatch.setattr(main, "ClaudeClientExecutor", lambda **_kwargs: executor)
        monkeypatch.setattr(main, "build_git_stack", lambda **_kwargs: stack)
        app = main.create_app()
        app.state.config = config
>       async with app.router.lifespan_context(app):
                   ^^^^^^^^^^^^^^^^^^^^^^^^^^^^^^^^

tests/integration/test_audit_scheduler.py:303: 
_ _ _ _ _ _ _ _ _ _ _ _ _ _ _ _ _ _ _ _ _ _ _ _ _ _ _ _ _ _ _ _ _ _ _ _ _ _ _ _ 
/Users/kodezart/.local/share/uv/python/cpython-3.12.13-macos-aarch64-none/lib/python3.12/contextlib.py:210: in __aenter__
    return await anext(self.gen)
           ^^^^^^^^^^^^^^^^^^^^^
.venv/lib/python3.12/site-packages/fastapi/routing.py:212: in merged_lifespan
    async with original_context(app) as maybe_original_state:
               ^^^^^^^^^^^^^^^^^^^^^
/Users/kodezart/.local/share/uv/python/cpython-3.12.13-macos-aarch64-none/lib/python3.12/contextlib.py:210: in __aenter__
    return await anext(self.gen)
           ^^^^^^^^^^^^^^^^^^^^^
src/kodezart/main.py:265: in lifespan
    raise cleanup_error from cleanup_error.__context__
src/kodezart/main.py:254: in unwind
    raise failure
src/kodezart/main.py:166: in lifespan
    workflow_engine = build_workflow_engine(
src/kodezart/composition/engine.py:238: in build_workflow_engine
    ticket_generator = TicketGenerationLoop(
src/kodezart/chains/ticket_generation.py:142: in __init__
    _refuse_an_unhonourable_mode(
_ _ _ _ _ _ _ _ _ _ _ _ _ _ _ _ _ _ _ _ _ _ _ _ _ _ _ _ _ _ _ _ _ _ _ _ _ _ _ _ 

    def _refuse_an_unhonourable_mode(
        *,
        review_mode: TicketReviewMode,
        max_reviews: int | None,
        definitions: Sequence[AgentDefinition],
    ) -> None:
        """Raise when the configured mode's guarantee cannot be delivered.
    
        Both refusals are one defect wearing two faces: a knob is configured
        whose effect this composition cannot produce.  Under ``create_only`` a
        review budget bounds nothing that gets compiled — silently accepting it
        is how a deployment comes to believe it has two review rounds — and a
        resolved set with no draft critic leaves the single creator session
        with nothing checking it while the mode's contract says otherwise.
        """
        if review_mode is not TicketReviewMode.CREATE_ONLY:
            return
        if max_reviews is not None:
            msg = (
                "max_reviews is configured under a ticket review mode that "
                "compiles no review node for it to bound"
            )
            raise TicketReviewModeError(
                msg,
                settings=(
                    f"ticket_review_mode={review_mode.value}",
                    f"max_reviews={max_reviews}",
                ),
            )
        if not any(definition.name == DRAFT_CRITIC_LENS for definition in definitions):
            msg = (
                "the resolved prompt set declares no draft-critic lens, and it is "
                "the only review a ticket receives under this mode"
            )
>           raise TicketReviewModeError(
                msg,
                settings=(
                    f"ticket_review_mode={review_mode.value}",
                    "prompt_set declares "
                    + (
                        ", ".join(definition.name for definition in definitions)
                        or "no lens at all"
                    ),
                ),
            )
E           kodezart.core.errors.TicketReviewModeError: the resolved prompt set declares no draft-critic lens, and it is the only review a ticket receives under this mode (ticket_review_mode=create_only, prompt_set declares no lens at all)

src/kodezart/chains/ticket_generation.py:80: TicketReviewModeError
----------------------------- Captured stdout call -----------------------------
{"mode": "none", "allowlist": [], "setting_sources": ["user", "project", "local"], "event": "skills_selection_resolved", "level": "info", "logger": "kodezart.main", "timestamp": "2026-09-12T17:56:39.249899Z"}
=========================== short test summary info ============================
FAILED tests/integration/test_audit_scheduler.py::test_actual_main_lifespan_registers_and_executes_audit
1 failed in 1.95s
