...F                                                                     [100%]
=================================== FAILURES ===================================
_____________ test_actual_git_remote_loss_is_scope_unavailability ______________

native_audit = (<kodezart.services.audit_runtime.AuditScheduledPass object at 0x10e2727e0>, <tests.integration.test_audit_runtime_nat...rvice object at 0x10e22eed0>, <kodezart.adapters.git_worktree_provider.GitWorktreeProvider object at 0x10e270440>, ...)

    async def test_actual_git_remote_loss_is_scope_unavailability(native_audit):
        audit, executor, backend, tracker, git, workspace, repository = native_audit
        remote = repository[0]
        unavailable = remote.with_name(remote.name + "-unavailable")
        reached = False
    
        async def during(kwargs):
            nonlocal reached
            if kwargs["output_format"]["schema"] == AUDIT_CLAIM_SCHEMA and not reached:
                reached = True
                remote.rename(unavailable)
    
        executor.during = during
        try:
            with pytest.raises(AuditRunIncompleteError) as caught:
                await audit.run(FIXTURE_NOW)
            assert caught.value.report.scopes[0].status == "incomplete"
            assert caught.value.report.scopes[0].unavailable
            assert reached
>           assert not [row for row in backend.comments if row.body.startswith("[native-audit:")]
E           AssertionError: assert not [FakeMcpComment(id='comment-0003', issue_id='audit/criterion', author='fixture-approver', body='[native-audit:opaque%3...}', created_at=datetime.datetime(2026, 3, 1, 12, 0, 3, tzinfo=datetime.timezone.utc), parent_id=None, updated_at=None)]

../kodezart-recovery-session/test_audit_failure_boundary_independent.py:66: AssertionError
----------------------------- Captured stdout call -----------------------------
2026-09-12 21:44:54 [info     ] workspace_acquired             path=/var/folders/lv/b1m7q5dj1yd5gn9s9rknw43h0000gq/T/kodezart-aa3e9417636e4704af6ba352a49fce2d workspace_id=aa3e9417636e4704af6ba352a49fce2d
2026-09-12 21:44:54 [info     ] stream_drained                 duration_api_ms=1 duration_ms=1 event_count=1 events={'result': 1} has_structured_output=True is_error=False num_turns=1 rate_limit_rejected=False result_event_observed=True result_tail='Author rationale must never be forwarded.' session_id=previous-agent-session site=audit_claim stop_reason=None subtype=result total_cost_usd=None usage=None
2026-09-12 21:44:55 [info     ] workspace_released             workspace_id=aa3e9417636e4704af6ba352a49fce2d
2026-09-12 21:44:55 [info     ] outbound_content_gated         categories=[] content_digest=c616ab5fac685702c4980584f6f213da38840f8fdd368c033f1d1a7eb37e2918 failure=None hits=[] surface=tracker verdict=clean visibility=public writer=tracker_comment
2026-09-12 21:44:55 [info     ] audit_run_finished             report={'identity': {'kind': 'audit', 'name': 'audit', 'started_at': '2026-03-01T12:00:00Z'}, 'scopes': [{'scope': {'kind': 'issue', 'key': 'audit/root'}, 'writes': [], 'observations': [{'kind': 'forge', 'graded_sha': '8af9a5580c01af9bdadc22bdacaee6ba2f475836', 'report': {'claim': {'judgment': {'criterion_key': 'audit/criterion', 'verdict': 'holds', 'evidence': 'audit/criterion at 8af9a5580c01af9bdadc22bdacaee6ba2f475836: the recorded SHA has green checks'}, 'head_sha': '8af9a5580c01af9bdadc22bdacaee6ba2f475836', 'record_ref': 'comment-0001', 'check': 'The current check.txt contains the committed contents.'}, 'mandate': None}}], 'raw_observations': [{'criterion': {'issue_key': 'audit/criterion', 'title': 'fixture issue', 'body': '**Check:** The current check.txt contains the committed contents.\n**Do:** AUTHOR REASONING\n**Evidence:**\n```json\n{\n  "gradedSha": "8af9a5580c01af9bdadc22bdacaee6ba2f475836",\n  "test": "historical author reasoning"\n}\n```', 'priority': 'none', 'state_name': 'Done', 'state_kind': 'completed', 'queue_states': [], 'issue_labels': ['criterion'], 'team_key': 'engineering', 'project': None, 'project_id': None, 'milestone_key': None, 'relations': [], 'parent_key': 'audit/root', 'assignee_key': None, 'created_at': '2026-01-01T00:00:00Z', 'updated_at': '2026-01-01T00:01:40Z', 'url': 'https://tracker.invalid/issue/audit/criterion'}, 'recorded_evidence': {'graded_sha': '8af9a5580c01af9bdadc22bdacaee6ba2f475836', 'test': 'historical author reasoning'}, 'required_check_names': ['test'], 'checks': {'kind': 'completed', 'commit_sha': '8af9a5580c01af9bdadc22bdacaee6ba2f475836', 'checks_passed': True, 'check_names': ['test'], 'failed_check_names': [], 'summary': 'All CI checks passed.'}, 'red': None, 'verdict': 'holds', 'reason': 'audit/criterion at 8af9a5580c01af9bdadc22bdacaee6ba2f475836: the recorded SHA has green checks'}], 'status': 'incomplete', 'unavailable': [{'subject': {'kind': 'issue', 'key': 'audit/criterion'}, 'reason': "AuditEvidenceReadError: Evidence for 'audit/criterion' could not be read: git ls-remote --exit-code exited 128 (allowed [0, 2]): fatal: '/private/var/folders/lv/b1m7q5dj1yd5gn9s9rknw43h0000gq/T/pytest-of-kodezart/pytest-1923/test_actual_git_remote_loss_is0/remote' does not appear to be a git repository\nfatal: Could not read from remote repository.\n\nPlease make sure you have the correct access rights\nand the repository exists."}, {'subject': {'kind': 'issue', 'key': 'audit/criterion'}, 'reason': "AuditEvidenceReadError: Evidence for 'audit/criterion' could not be read: git fetch configured-remote failed: fatal: '/private/var/folders/lv/b1m7q5dj1yd5gn9s9rknw43h0000gq/T/pytest-of-kodezart/pytest-1923/test_actual_git_remote_loss_is0/remote' does not appear to be a git repository\nfatal: Could not read from remote repository.\n\nPlease make sure you have the correct access rights\nand the repository exists."}, {'subject': {'kind': 'issue', 'key': 'audit/criterion'}, 'reason': "AuditEvidenceReadError: Evidence for 'audit/criterion' could not be read: git fetch configured-remote failed: fatal: '/private/var/folders/lv/b1m7q5dj1yd5gn9s9rknw43h0000gq/T/pytest-of-kodezart/pytest-1923/test_actual_git_remote_loss_is0/remote' does not appear to be a git repository\nfatal: Could not read from remote repository.\n\nPlease make sure you have the correct access rights\nand the repository exists."}, {'subject': {'kind': 'issue', 'key': 'audit/criterion'}, 'reason': "WorkspaceError: git fetch configured-remote failed: fatal: '/private/var/folders/lv/b1m7q5dj1yd5gn9s9rknw43h0000gq/T/pytest-of-kodezart/pytest-1923/test_actual_git_remote_loss_is0/remote' does not appear to be a git repository\nfatal: Could not read from remote repository.\n\nPlease make sure you have the correct access rights\nand the repository exists."}, {'subject': {'kind': 'issue', 'key': 'audit/root'}, 'reason': "GitOperationError: git fetch configured-remote failed: fatal: '/private/var/folders/lv/b1m7q5dj1yd5gn9s9rknw43h0000gq/T/pytest-of-kodezart/pytest-1923/test_actual_git_remote_loss_is0/remote' does not appear to be a git repository\nfatal: Could not read from remote repository.\n\nPlease make sure you have the correct access rights\nand the repository exists."}], 'repair_inputs': []}]} run_identity='audit — audit @ 2026-03-01T12:00:00Z'
=========================== short test summary info ============================
FAILED ::test_actual_git_remote_loss_is_scope_unavailability - AssertionError...
1 failed, 3 passed in 21.51s
