..F.F....                                                                [100%]
=================================== FAILURES ===================================
_ test_native_source_or_identity_failure_cannot_publish_clean_coverage[wrong_identity] _

native_audit = (<kodezart.services.audit_runtime.AuditScheduledPass object at 0x10e988cb0>, <tests.integration.test_audit_runtime_nat...rvice object at 0x10ea07680>, <kodezart.adapters.git_worktree_provider.GitWorktreeProvider object at 0x10ea069f0>, ...)
change = 'wrong_identity'

        assert not audit.last_report.scopes[0].coverage.full
        assert not audit.last_report.scopes[0].coverage.covered
        assert len(executor.calls) == first_calls + 1
        await audit.run(FIXTURE_NOW + timedelta(seconds=120))
        assert audit.last_report.scopes[0].coverage.full
        assert len(audit.last_report.scopes[0].coverage.covered) == 2
    
    
    @pytest.mark.parametrize("change", ["source", "wrong_identity", "cancel", "head"])
    async def test_native_source_or_identity_failure_cannot_publish_clean_coverage(
        native_audit, change
    ):
        audit, executor, server, _tracker, _git, workspace, repository = native_audit
        if change == "wrong_identity":
            executor.claim_key = "another/native-criterion"
        else:
    
            async def during(kwargs):
                if kwargs["output_format"]["schema"] == AUDIT_CLAIM_SCHEMA:
                    if change == "cancel":
                        raise asyncio.CancelledError
                    if change == "head":
                        from tests.tracker.test_audit_evidence_git import command
    
                        command(
                            repository[1],
                            "push",
                            "configured-remote",
                            "--delete",
                            "ordinary-name",
                        )
                    else:
                        server.issues[
>                           CHILD
                        ].description += "\nnew source after session began"
E                       assert not True
E                        +  where True = any(<generator object test_native_source_or_identity_failure_cannot_publish_clean_coverage.<locals>.<genexpr> at 0x10eac0040>)

tests/integration/test_audit_runtime_native.py:285: AssertionError
----------------------------- Captured stdout call -----------------------------
2026-09-12 20:30:52 [info     ] workspace_acquired             path=/var/folders/lv/b1m7q5dj1yd5gn9s9rknw43h0000gq/T/kodezart-49c9226481304b3a8e4b929409f26daf workspace_id=49c9226481304b3a8e4b929409f26daf
2026-09-12 20:30:52 [info     ] stream_drained                 duration_api_ms=1 duration_ms=1 event_count=1 events={'result': 1} has_structured_output=True is_error=False num_turns=1 rate_limit_rejected=False result_event_observed=True result_tail='Author rationale must never be forwarded.' session_id=previous-agent-session site=audit_claim stop_reason=None subtype=result total_cost_usd=None usage=None
2026-09-12 20:30:53 [info     ] workspace_released             workspace_id=49c9226481304b3a8e4b929409f26daf
2026-09-12 20:30:55 [info     ] workspace_acquired             path=/var/folders/lv/b1m7q5dj1yd5gn9s9rknw43h0000gq/T/kodezart-72310b26897647238917ed0d2c093327 workspace_id=72310b26897647238917ed0d2c093327
2026-09-12 20:30:55 [info     ] stream_drained                 duration_api_ms=1 duration_ms=1 event_count=1 events={'result': 1} has_structured_output=True is_error=False num_turns=1 rate_limit_rejected=False result_event_observed=True result_tail='Author rationale must never be forwarded.' session_id=previous-agent-session site=audit_overclaim stop_reason=None subtype=result total_cost_usd=None usage=None
2026-09-12 20:30:56 [info     ] workspace_released             workspace_id=72310b26897647238917ed0d2c093327
2026-09-12 20:30:58 [info     ] workspace_acquired             path=/var/folders/lv/b1m7q5dj1yd5gn9s9rknw43h0000gq/T/kodezart-1c2a3f919925417fb32c6b3867ef3471 workspace_id=1c2a3f919925417fb32c6b3867ef3471
2026-09-12 20:30:59 [info     ] stream_drained                 duration_api_ms=1 duration_ms=1 event_count=1 events={'result': 1} has_structured_output=True is_error=False num_turns=1 rate_limit_rejected=False result_event_observed=True result_tail='Author rationale must never be forwarded.' session_id=previous-agent-session site=audit_detection_removal stop_reason=None subtype=result total_cost_usd=None usage=None
2026-09-12 20:31:00 [info     ] workspace_released             workspace_id=1c2a3f919925417fb32c6b3867ef3471
2026-09-12 20:31:05 [info     ] outbound_content_gated         categories=[] content_digest=ecd02001d0f1b054f2ecb37950a514ed7563356306536484da275a2035b64856 failure=None hits=[] surface=tracker verdict=clean visibility=public writer=tracker_comment
2026-09-12 20:31:07 [info     ] workspace_acquired             path=/var/folders/lv/b1m7q5dj1yd5gn9s9rknw43h0000gq/T/kodezart-db53f548065e4f2ca186d9e82a0cf15c workspace_id=db53f548065e4f2ca186d9e82a0cf15c
2026-09-12 20:31:07 [info     ] stream_drained                 duration_api_ms=1 duration_ms=1 event_count=1 events={'result': 1} has_structured_output=True is_error=False num_turns=1 rate_limit_rejected=False result_event_observed=True result_tail='Author rationale must never be forwarded.' session_id=previous-agent-session site=write_back_verify stop_reason=None subtype=result total_cost_usd=None usage=None
2026-09-12 20:31:08 [info     ] workspace_released             workspace_id=db53f548065e4f2ca186d9e82a0cf15c
2026-09-12 20:31:11 [info     ] outbound_content_gated         categories=[] content_digest=7cbc276c3c3ee52bb484dce2547cb2aef7b8cbb785143aba5e601dfc2b7eee04 failure=None hits=[] surface=tracker verdict=clean visibility=public writer=tracker_comment
2026-09-12 20:31:13 [info     ] workspace_acquired             path=/var/folders/lv/b1m7q5dj1yd5gn9s9rknw43h0000gq/T/kodezart-6ecd23e5b9f541c8841cb8af6b2da149 workspace_id=6ecd23e5b9f541c8841cb8af6b2da149
2026-09-12 20:31:14 [info     ] stream_drained                 duration_api_ms=1 duration_ms=1 event_count=1 events={'result': 1} has_structured_output=True is_error=False num_turns=1 rate_limit_rejected=False result_event_observed=True result_tail='Author rationale must never be forwarded.' session_id=previous-agent-session site=write_back_verify stop_reason=None subtype=result total_cost_usd=None usage=None
2026-09-12 20:31:14 [info     ] workspace_released             workspace_id=6ecd23e5b9f541c8841cb8af6b2da149
2026-09-12 20:31:16 [info     ] outbound_content_gated         categories=[] content_digest=db3e9ef5a77b4f270fe8f1224baecf44ac773862e7934c2d89e5b0d2adb68034 failure=None hits=[] surface=tracker verdict=clean visibility=public writer=tracker_comment
2026-09-12 20:31:18 [info     ] workspace_acquired             path=/var/folders/lv/b1m7q5dj1yd5gn9s9rknw43h0000gq/T/kodezart-67c6a30605404d4b8a54f25151ebd7ed workspace_id=67c6a30605404d4b8a54f25151ebd7ed
2026-09-12 20:31:18 [info     ] stream_drained                 duration_api_ms=1 duration_ms=1 event_count=1 events={'result': 1} has_structured_output=True is_error=False num_turns=1 rate_limit_rejected=False result_event_observed=True result_tail='Author rationale must never be forwarded.' session_id=previous-agent-session site=write_back_verify stop_reason=None subtype=result total_cost_usd=None usage=None
2026-09-12 20:31:19 [info     ] workspace_released             workspace_id=67c6a30605404d4b8a54f25151ebd7ed
2026-09-12 20:31:21 [info     ] outbound_content_gated         categories=[] content_digest=24d95ed22b4e4dc7fc9ec2ce58feaea0f983761a9093d90113d1f0b465a678c3 failure=None hits=[] surface=tracker verdict=clean visibility=public writer=tracker_comment
2026-09-12 20:31:22 [info     ] workspace_acquired             path=/var/folders/lv/b1m7q5dj1yd5gn9s9rknw43h0000gq/T/kodezart-d9d0b73cfc2c4d56beba8bf3dde92b49 workspace_id=d9d0b73cfc2c4d56beba8bf3dde92b49
2026-09-12 20:31:23 [info     ] stream_drained                 duration_api_ms=1 duration_ms=1 event_count=1 events={'result': 1} has_structured_output=True is_error=False num_turns=1 rate_limit_rejected=False result_event_observed=True result_tail='Author rationale must never be forwarded.' session_id=previous-agent-session site=write_back_verify stop_reason=None subtype=result total_cost_usd=None usage=None
2026-09-12 20:31:23 [info     ] workspace_released             workspace_id=d9d0b73cfc2c4d56beba8bf3dde92b49
2026-09-12 20:31:25 [info     ] outbound_content_gated         categories=[] content_digest=955ce97d453437ec8105c16940979356ad8517b6fc01c72ffc843e7533c2d4e3 failure=None hits=[] surface=tracker verdict=clean visibility=public writer=tracker_comment
2026-09-12 20:31:27 [info     ] workspace_acquired             path=/var/folders/lv/b1m7q5dj1yd5gn9s9rknw43h0000gq/T/kodezart-76446a4dc10f4ce39dc86a066b8b0b98 workspace_id=76446a4dc10f4ce39dc86a066b8b0b98
2026-09-12 20:31:27 [info     ] stream_drained                 duration_api_ms=1 duration_ms=1 event_count=1 events={'result': 1} has_structured_output=True is_error=False num_turns=1 rate_limit_rejected=False result_event_observed=True result_tail='Author rationale must never be forwarded.' session_id=previous-agent-session site=write_back_verify stop_reason=None subtype=result total_cost_usd=None usage=None
2026-09-12 20:31:27 [info     ] workspace_released             workspace_id=76446a4dc10f4ce39dc86a066b8b0b98
2026-09-12 20:31:30 [info     ] outbound_content_gated         categories=[] content_digest=28387a8254d55c0ab5183f166422b33d3c304e33610ee266bdf8147b31cbb918 failure=None hits=[] surface=tracker verdict=clean visibility=public writer=tracker_comment
2026-09-12 20:31:31 [info     ] workspace_acquired             path=/var/folders/lv/b1m7q5dj1yd5gn9s9rknw43h0000gq/T/kodezart-17dfce0e13624ddeb2606e7fcce54c2a workspace_id=17dfce0e13624ddeb2606e7fcce54c2a
2026-09-12 20:31:31 [info     ] stream_drained                 duration_api_ms=1 duration_ms=1 event_count=1 events={'result': 1} has_structured_output=True is_error=False num_turns=1 rate_limit_rejected=False result_event_observed=True result_tail='Author rationale must never be forwarded.' session_id=previous-agent-session site=write_back_verify stop_reason=None subtype=result total_cost_usd=None usage=None
2026-09-12 20:31:32 [info     ] workspace_released             workspace_id=17dfce0e13624ddeb2606e7fcce54c2a
2026-09-12 20:31:34 [info     ] outbound_content_gated         categories=[] content_digest=49a79b2066d7b4c593d8ec85f849b26e54cb2d5f5b32d27d0e5b09d30854b340 failure=None hits=[] surface=tracker verdict=clean visibility=public writer=tracker_comment
2026-09-12 20:31:36 [info     ] workspace_acquired             path=/var/folders/lv/b1m7q5dj1yd5gn9s9rknw43h0000gq/T/kodezart-8a6d613ad44d4d03ace7fafd5144dcb7 workspace_id=8a6d613ad44d4d03ace7fafd5144dcb7
2026-09-12 20:31:36 [info     ] stream_drained                 duration_api_ms=1 duration_ms=1 event_count=1 events={'result': 1} has_structured_output=True is_error=False num_turns=1 rate_limit_rejected=False result_event_observed=True result_tail='Author rationale must never be forwarded.' session_id=previous-agent-session site=write_back_verify stop_reason=None subtype=result total_cost_usd=None usage=None
2026-09-12 20:31:36 [info     ] workspace_released             workspace_id=8a6d613ad44d4d03ace7fafd5144dcb7
2026-09-12 20:31:38 [info     ] audit_run_finished             report={'identity': {'kind': 'audit', 'name': 'audit', 'started_at': '2026-03-01T12:00:00Z'}, 'scopes': [{'scope': {'kind': 'issue', 'key': 'audit/root'}, 'writes': [{'verdict': 'holds', 'artifact': {'surface': {'kind': 'marker_comment', 'ref': {'kind': 'issue', 'key': 'audit/criterion'}, 'marker': '[native-audit:opaque%3Alane%20%CE%BB:audit%20%E2%80%94%20audit%20%40%202026-03-01T12%3A00%3A00Z%3Aaudit%2Fcriterion%3Aforge]'}, 'native_ref': 'comment-0003', 'content': '[native-audit:opaque%3Alane%20%CE%BB:audit%20%E2%80%94%20audit%20%40%202026-03-01T12%3A00%3A00Z%3Aaudit%2Fcriterion%3Aforge]\n{"publication":{"kind":"claim","detector":"forge","report":{"claim":{"judgment":{"criterion_key":"audit/criterion","verdict":"holds","evidence":"audit/criterion at ee494044b7ab4e4fbe8d4366aac8589f6afe2f78: the recorded SHA has green checks"},"head_sha":"ee494044b7ab4e4fbe8d4366aac8589f6afe2f78","record_ref":"comment-0001","check":"The current check.txt contains the committed contents."},"mandate":null}},"escalation_refs":[]}'}, 'rounds': [{'verdict': 'holds', 'evidence': 'Read actual native artifact against check.txt.', 'cited_refs': []}]}, {'verdict': 'holds', 'artifact': {'surface': {'kind': 'marker_comment', 'ref': {'kind': 'issue', 'key': 'audit/criterion'}, 'marker': '[native-audit:opaque%3Alane%20%CE%BB:audit%20%E2%80%94%20audit%20%40%202026-03-01T12%3A00%3A00Z%3Aaudit%2Fcriterion%3Aoverclaim%3Aaggregate]'}, 'native_ref': 'comment-0005', 'content': '[native-audit:opaque%3Alane%20%CE%BB:audit%20%E2%80%94%20audit%20%40%202026-03-01T12%3A00%3A00Z%3Aaudit%2Fcriterion%3Aoverclaim%3Aaggregate]\n{"publication":{"kind":"overclaim","entry":{"kind":"aggregate","report":{"claim":{"judgment":{"criterion_key":"audit/criterion","verdict":"holds","evidence":"No violating claim of this kind was observed."},"head_sha":"ee494044b7ab4e4fbe8d4366aac8589f6afe2f78","record_ref":"comment-0001","check":"The current check.txt contains the committed contents."},"mandate":null}}},"escalation_refs":[]}'}, 'rounds': [{'verdict': 'holds', 'evidence': 'Read actual native artifact against check.txt.', 'cited_refs': []}]}, {'verdict': 'holds', 'artifact': {'surface': {'kind': 'marker_comment', 'ref': {'kind': 'issue', 'key': 'audit/criterion'}, 'marker': '[native-audit:opaque%3Alane%20%CE%BB:audit%20%E2%80%94%20audit%20%40%202026-03-01T12%3A00%3A00Z%3Aaudit%2Fcriterion%3Aoverclaim%3Acompleteness]'}, 'native_ref': 'comment-0007', 'content': '[native-audit:opaque%3Alane%20%CE%BB:audit%20%E2%80%94%20audit%20%40%202026-03-01T12%3A00%3A00Z%3Aaudit%2Fcriterion%3Aoverclaim%3Acompleteness]\n{"publication":{"kind":"overclaim","entry":{"kind":"completeness","report":{"claim":{"judgment":{"criterion_key":"audit/criterion","verdict":"holds","evidence":"No violating claim of this kind was observed."},"head_sha":"ee494044b7ab4e4fbe8d4366aac8589f6afe2f78","record_ref":"comment-0001","check":"The current check.txt contains the committed contents."},"mandate":null}}},"escalation_refs":[]}'}, 'rounds': [{'verdict': 'holds', 'evidence': 'Read actual native artifact against check.txt.', 'cited_refs': []}]}, {'verdict': 'holds', 'artifact': {'surface': {'kind': 'marker_comment', 'ref': {'kind': 'issue', 'key': 'audit/criterion'}, 'marker': '[native-audit:opaque%3Alane%20%CE%BB:audit%20%E2%80%94%20audit%20%40%202026-03-01T12%3A00%3A00Z%3Aaudit%2Fcriterion%3Aoverclaim%3Aadoption]'}, 'native_ref': 'comment-0009', 'content': '[native-audit:opaque%3Alane%20%CE%BB:audit%20%E2%80%94%20audit%20%40%202026-03-01T12%3A00%3A00Z%3Aaudit%2Fcriterion%3Aoverclaim%3Aadoption]\n{"publication":{"kind":"overclaim","entry":{"kind":"adoption","report":{"claim":{"judgment":{"criterion_key":"audit/criterion","verdict":"holds","evidence":"No violating claim of this kind was observed."},"head_sha":"ee494044b7ab4e4fbe8d4366aac8589f6afe2f78","record_ref":"comment-0001","check":"The current check.txt contains the committed contents."},"mandate":null}}},"escalation_refs":[]}'}, 'rounds': [{'verdict': 'holds', 'evidence': 'Read actual native artifact against check.txt.', 'cited_refs': []}]}, {'verdict': 'holds', 'artifact': {'surface': {'kind': 'marker_comment', 'ref': {'kind': 'issue', 'key': 'audit/criterion'}, 'marker': '[native-audit:opaque%3Alane%20%CE%BB:audit%20%E2%80%94%20audit%20%40%202026-03-01T12%3A00%3A00Z%3Aaudit%2Fcriterion%3Aoverclaim%3Aself_rule]'}, 'native_ref': 'comment-0011', 'content': '[native-audit:opaque%3Alane%20%CE%BB:audit%20%E2%80%94%20audit%20%40%202026-03-01T12%3A00%3A00Z%3Aaudit%2Fcriterion%3Aoverclaim%3Aself_rule]\n{"publication":{"kind":"overclaim","entry":{"kind":"self_rule","report":{"claim":{"judgment":{"criterion_key":"audit/criterion","verdict":"holds","evidence":"No violating claim of this kind was observed."},"head_sha":"ee494044b7ab4e4fbe8d4366aac8589f6afe2f78","record_ref":"comment-0001","check":"The current check.txt contains the committed contents."},"mandate":null}}},"escalation_refs":[]}'}, 'rounds': [{'verdict': 'holds', 'evidence': 'Read actual native artifact against check.txt.', 'cited_refs': []}]}, {'verdict': 'holds', 'artifact': {'surface': {'kind': 'marker_comment', 'ref': {'kind': 'issue', 'key': 'audit/criterion'}, 'marker': '[native-audit:opaque%3Alane%20%CE%BB:audit%20%E2%80%94%20audit%20%40%202026-03-01T12%3A00%3A00Z%3Aaudit%2Fcriterion%3Adetector_removal%3Anone]'}, 'native_ref': 'comment-0013', 'content': '[native-audit:opaque%3Alane%20%CE%BB:audit%20%E2%80%94%20audit%20%40%202026-03-01T12%3A00%3A00Z%3Aaudit%2Fcriterion%3Adetector_removal%3Anone]\n{"publication":{"kind":"detector_removal","entry":{"finding":null,"report":{"claim":{"judgment":{"criterion_key":"audit/criterion","verdict":"holds","evidence":"Compared actual committed revisions."},"head_sha":"ee494044b7ab4e4fbe8d4366aac8589f6afe2f78","record_ref":"comment-0001","check":"The current check.txt contains the committed contents."},"mandate":null}}},"escalation_refs":[]}'}, 'rounds': [{'verdict': 'holds', 'evidence': 'Read actual native artifact against check.txt.', 'cited_refs': []}]}, {'verdict': 'holds', 'artifact': {'surface': {'kind': 'marker_comment', 'ref': {'kind': 'issue', 'key': 'audit/root'}, 'marker': '[native-audit:opaque%3Alane%20%CE%BB:audit%20%E2%80%94%20audit%20%40%202026-03-01T12%3A00%3A00Z%3Aaudit%2Froot%3Aterminal]'}, 'native_ref': 'comment-0015', 'content': '[native-audit:opaque%3Alane%20%CE%BB:audit%20%E2%80%94%20audit%20%40%202026-03-01T12%3A00%3A00Z%3Aaudit%2Froot%3Aterminal]\n{"publication":{"kind":"terminal","report":{"observation":{"issue_key":"audit/root","record_ref":"comment-0001","verdict":"holds","discrepancies":[],"branch_head":"ee494044b7ab4e4fbe8d4366aac8589f6afe2f78","pr":{"url":"file:///private/var/folders/lv/b1m7q5dj1yd5gn9s9rknw43h0000gq/T/pytest-of-kodezart/pytest-1861/test_native_source_or_identity1/remote/pull/7","number":7,"head_repo_url":"file:///private/var/folders/lv/b1m7q5dj1yd5gn9s9rknw43h0000gq/T/pytest-of-kodezart/pytest-1861/test_native_source_or_identity1/remote","head_branch":"ordinary-name","head_sha":"ee494044b7ab4e4fbe8d4366aac8589f6afe2f78","base_repo_url":"file:///private/var/folders/lv/b1m7q5dj1yd5gn9s9rknw43h0000gq/T/pytest-of-kodezart/pytest-1861/test_native_source_or_identity1/remote","base_branch":"ordinary-name","lifecycle":"open"}},"mandate":null}},"escalation_refs":[]}'}, 'rounds': [{'verdict': 'holds', 'evidence': 'Read actual native artifact against check.txt.', 'cited_refs': []}]}], 'observations': [{'kind': 'claim', 'detector': 'forge', 'report': {'claim': {'judgment': {'criterion_key': 'audit/criterion', 'verdict': 'holds', 'evidence': 'audit/criterion at ee494044b7ab4e4fbe8d4366aac8589f6afe2f78: the recorded SHA has green checks'}, 'head_sha': 'ee494044b7ab4e4fbe8d4366aac8589f6afe2f78', 'record_ref': 'comment-0001', 'check': 'The current check.txt contains the committed contents.'}, 'mandate': None}}, {'kind': 'overclaim', 'entry': {'kind': 'aggregate', 'report': {'claim': {'judgment': {'criterion_key': 'audit/criterion', 'verdict': 'holds', 'evidence': 'No violating claim of this kind was observed.'}, 'head_sha': 'ee494044b7ab4e4fbe8d4366aac8589f6afe2f78', 'record_ref': 'comment-0001', 'check': 'The current check.txt contains the committed contents.'}, 'mandate': None}}}, {'kind': 'overclaim', 'entry': {'kind': 'completeness', 'report': {'claim': {'judgment': {'criterion_key': 'audit/criterion', 'verdict': 'holds', 'evidence': 'No violating claim of this kind was observed.'}, 'head_sha': 'ee494044b7ab4e4fbe8d4366aac8589f6afe2f78', 'record_ref': 'comment-0001', 'check': 'The current check.txt contains the committed contents.'}, 'mandate': None}}}, {'kind': 'overclaim', 'entry': {'kind': 'adoption', 'report': {'claim': {'judgment': {'criterion_key': 'audit/criterion', 'verdict': 'holds', 'evidence': 'No violating claim of this kind was observed.'}, 'head_sha': 'ee494044b7ab4e4fbe8d4366aac8589f6afe2f78', 'record_ref': 'comment-0001', 'check': 'The current check.txt contains the committed contents.'}, 'mandate': None}}}, {'kind': 'overclaim', 'entry': {'kind': 'self_rule', 'report': {'claim': {'judgment': {'criterion_key': 'audit/criterion', 'verdict': 'holds', 'evidence': 'No violating claim of this kind was observed.'}, 'head_sha': 'ee494044b7ab4e4fbe8d4366aac8589f6afe2f78', 'record_ref': 'comment-0001', 'check': 'The current check.txt contains the committed contents.'}, 'mandate': None}}}, {'kind': 'detector_removal', 'entry': {'finding': None, 'report': {'claim': {'judgment': {'criterion_key': 'audit/criterion', 'verdict': 'holds', 'evidence': 'Compared actual committed revisions.'}, 'head_sha': 'ee494044b7ab4e4fbe8d4366aac8589f6afe2f78', 'record_ref': 'comment-0001', 'check': 'The current check.txt contains the committed contents.'}, 'mandate': None}}}, {'kind': 'terminal', 'report': {'observation': {'issue_key': 'audit/root', 'record_ref': 'comment-0001', 'verdict': 'holds', 'discrepancies': [], 'branch_head': 'ee494044b7ab4e4fbe8d4366aac8589f6afe2f78', 'pr': {'url': 'file:///private/var/folders/lv/b1m7q5dj1yd5gn9s9rknw43h0000gq/T/pytest-of-kodezart/pytest-1861/test_native_source_or_identity1/remote/pull/7', 'number': 7, 'head_repo_url': 'file:///private/var/folders/lv/b1m7q5dj1yd5gn9s9rknw43h0000gq/T/pytest-of-kodezart/pytest-1861/test_native_source_or_identity1/remote', 'head_branch': 'ordinary-name', 'head_sha': 'ee494044b7ab4e4fbe8d4366aac8589f6afe2f78', 'base_repo_url': 'file:///private/var/folders/lv/b1m7q5dj1yd5gn9s9rknw43h0000gq/T/pytest-of-kodezart/pytest-1861/test_native_source_or_identity1/remote', 'base_branch': 'ordinary-name', 'lifecycle': 'open'}}, 'mandate': None}}], 'raw_observations': [{'criterion': {'issue_key': 'audit/criterion', 'title': 'fixture issue', 'body': '**Check:** The current check.txt contains the committed contents.\n**Do:** AUTHOR REASONING\n**Evidence:**\n```json\n{\n  "gradedSha": "ee494044b7ab4e4fbe8d4366aac8589f6afe2f78",\n  "test": "historical author reasoning"\n}\n```', 'priority': 'none', 'state_name': 'Done', 'state_kind': 'completed', 'queue_states': [], 'issue_labels': ['criterion'], 'team_key': 'engineering', 'project': None, 'project_id': None, 'milestone_key': None, 'relations': [], 'parent_key': 'audit/root', 'assignee_key': None, 'created_at': '2026-01-01T00:00:00Z', 'updated_at': '2026-01-01T00:01:40Z', 'url': 'https://tracker.invalid/issue/audit/criterion'}, 'recorded_evidence': {'graded_sha': 'ee494044b7ab4e4fbe8d4366aac8589f6afe2f78', 'test': 'historical author reasoning'}, 'required_check_names': ['test'], 'checks': {'kind': 'completed', 'commit_sha': 'ee494044b7ab4e4fbe8d4366aac8589f6afe2f78', 'checks_passed': True, 'check_names': ['test'], 'failed_check_names': [], 'summary': 'All CI checks passed.'}, 'red': None, 'verdict': 'holds', 'reason': 'audit/criterion at ee494044b7ab4e4fbe8d4366aac8589f6afe2f78: the recorded SHA has green checks'}, {'judgment': {'criterion_key': 'audit/criterion', 'checks': [{'kind': 'aggregate', 'verdict': 'holds', 'evidence': 'No violating claim of this kind was observed.', 'recomputed_value': None, 'missing_artifact': None}, {'kind': 'completeness', 'verdict': 'holds', 'evidence': 'No violating claim of this kind was observed.', 'recomputed_value': None, 'missing_artifact': None}, {'kind': 'adoption', 'verdict': 'holds', 'evidence': 'No violating claim of this kind was observed.', 'recomputed_value': None, 'missing_artifact': None}, {'kind': 'self_rule', 'verdict': 'holds', 'evidence': 'No violating claim of this kind was observed.', 'recomputed_value': None, 'missing_artifact': None}], 'byte_pairs': []}, 'graded_sha': 'ee494044b7ab4e4fbe8d4366aac8589f6afe2f78', 'head_sha': 'ee494044b7ab4e4fbe8d4366aac8589f6afe2f78', 'record_ref': 'comment-0001', 'check': 'The current check.txt contains the committed contents.'}, {'judgment': {'criterion_key': 'audit/criterion', 'verdict': 'holds', 'evidence': 'Compared actual committed revisions.', 'findings': []}, 'graded_sha': 'ee494044b7ab4e4fbe8d4366aac8589f6afe2f78', 'head_sha': 'ee494044b7ab4e4fbe8d4366aac8589f6afe2f78', 'record_ref': 'comment-0001', 'check': 'The current check.txt contains the committed contents.'}, {'issue_key': 'audit/root', 'record_ref': 'comment-0001', 'verdict': 'holds', 'discrepancies': [], 'branch_head': 'ee494044b7ab4e4fbe8d4366aac8589f6afe2f78', 'pr': {'url': 'file:///private/var/folders/lv/b1m7q5dj1yd5gn9s9rknw43h0000gq/T/pytest-of-kodezart/pytest-1861/test_native_source_or_identity1/remote/pull/7', 'number': 7, 'head_repo_url': 'file:///private/var/folders/lv/b1m7q5dj1yd5gn9s9rknw43h0000gq/T/pytest-of-kodezart/pytest-1861/test_native_source_or_identity1/remote', 'head_branch': 'ordinary-name', 'head_sha': 'ee494044b7ab4e4fbe8d4366aac8589f6afe2f78', 'base_repo_url': 'file:///private/var/folders/lv/b1m7q5dj1yd5gn9s9rknw43h0000gq/T/pytest-of-kodezart/pytest-1861/test_native_source_or_identity1/remote', 'base_branch': 'ordinary-name', 'lifecycle': 'open'}}], 'status': 'incomplete', 'unavailable': [{'subject': {'kind': 'issue', 'key': 'audit/criterion'}, 'reason': "AuditEvidenceReadError: Evidence for 'audit/criterion' could not be read: the judgment names a different criterion"}], 'repair_inputs': []}]} run_identity='audit — audit @ 2026-03-01T12:00:00Z'
__ test_native_source_or_identity_failure_cannot_publish_clean_coverage[head] __

native_audit = (<kodezart.services.audit_runtime.AuditScheduledPass object at 0x10eb9fcb0>, <tests.integration.test_audit_runtime_nat...rvice object at 0x10eb9fb90>, <kodezart.adapters.git_worktree_provider.GitWorktreeProvider object at 0x10eb9e900>, ...)
change = 'head'

        assert not audit.last_report.scopes[0].coverage.full
        assert not audit.last_report.scopes[0].coverage.covered
        assert len(executor.calls) == first_calls + 1
        await audit.run(FIXTURE_NOW + timedelta(seconds=120))
        assert audit.last_report.scopes[0].coverage.full
        assert len(audit.last_report.scopes[0].coverage.covered) == 2
    
    
    @pytest.mark.parametrize("change", ["source", "wrong_identity", "cancel", "head"])
    async def test_native_source_or_identity_failure_cannot_publish_clean_coverage(
        native_audit, change
    ):
        audit, executor, server, _tracker, _git, workspace, repository = native_audit
        if change == "wrong_identity":
            executor.claim_key = "another/native-criterion"
        else:
    
            async def during(kwargs):
                if kwargs["output_format"]["schema"] == AUDIT_CLAIM_SCHEMA:
                    if change == "cancel":
                        raise asyncio.CancelledError
                    if change == "head":
                        from tests.tracker.test_audit_evidence_git import command
    
                        command(
                            repository[1],
                            "push",
                            "configured-remote",
                            "--delete",
                            "ordinary-name",
                        )
                    else:
                        server.issues[
>                           CHILD
                        ].description += "\nnew source after session began"
E                       assert not True
E                        +  where True = any(<generator object test_native_source_or_identity_failure_cannot_publish_clean_coverage.<locals>.<genexpr> at 0x10c3ff850>)

tests/integration/test_audit_runtime_native.py:285: AssertionError
----------------------------- Captured stdout call -----------------------------
2026-09-12 20:31:46 [info     ] workspace_acquired             path=/var/folders/lv/b1m7q5dj1yd5gn9s9rknw43h0000gq/T/kodezart-67d706220df44983ae77aaa706f8a000 workspace_id=67d706220df44983ae77aaa706f8a000
2026-09-12 20:31:46 [info     ] stream_drained                 duration_api_ms=1 duration_ms=1 event_count=1 events={'result': 1} has_structured_output=True is_error=False num_turns=1 rate_limit_rejected=False result_event_observed=True result_tail='Author rationale must never be forwarded.' session_id=previous-agent-session site=audit_claim stop_reason=None subtype=result total_cost_usd=None usage=None
2026-09-12 20:31:46 [info     ] workspace_released             workspace_id=67d706220df44983ae77aaa706f8a000
2026-09-12 20:31:49 [info     ] outbound_content_gated         categories=[] content_digest=65ff5d8e001c951b6aac8b79df6c7c528b81989567f9b88024820788604404ac failure=None hits=[] surface=tracker verdict=clean visibility=public writer=tracker_comment
2026-09-12 20:31:50 [info     ] workspace_acquired             path=/var/folders/lv/b1m7q5dj1yd5gn9s9rknw43h0000gq/T/kodezart-e0f35d3af4b440f8b864267b0c40ed8f workspace_id=e0f35d3af4b440f8b864267b0c40ed8f
2026-09-12 20:31:50 [info     ] stream_drained                 duration_api_ms=1 duration_ms=1 event_count=1 events={'result': 1} has_structured_output=True is_error=False num_turns=1 rate_limit_rejected=False result_event_observed=True result_tail='Author rationale must never be forwarded.' session_id=previous-agent-session site=write_back_verify stop_reason=None subtype=result total_cost_usd=None usage=None
2026-09-12 20:31:50 [info     ] workspace_released             workspace_id=e0f35d3af4b440f8b864267b0c40ed8f
2026-09-12 20:31:51 [info     ] audit_run_finished             report={'identity': {'kind': 'audit', 'name': 'audit', 'started_at': '2026-03-01T12:00:00Z'}, 'scopes': [{'scope': {'kind': 'issue', 'key': 'audit/root'}, 'writes': [{'verdict': 'holds', 'artifact': {'surface': {'kind': 'marker_comment', 'ref': {'kind': 'issue', 'key': 'audit/criterion'}, 'marker': '[native-audit:opaque%3Alane%20%CE%BB:audit%20%E2%80%94%20audit%20%40%202026-03-01T12%3A00%3A00Z%3Aaudit%2Fcriterion%3Aforge]'}, 'native_ref': 'comment-0003', 'content': '[native-audit:opaque%3Alane%20%CE%BB:audit%20%E2%80%94%20audit%20%40%202026-03-01T12%3A00%3A00Z%3Aaudit%2Fcriterion%3Aforge]\n{"publication":{"kind":"claim","detector":"forge","report":{"claim":{"judgment":{"criterion_key":"audit/criterion","verdict":"holds","evidence":"audit/criterion at b1bcc9b15b1c568fff1bd4d0aeb28cc21ff3ea9f: the recorded SHA has green checks"},"head_sha":"b1bcc9b15b1c568fff1bd4d0aeb28cc21ff3ea9f","record_ref":"comment-0001","check":"The current check.txt contains the committed contents."},"mandate":null}},"escalation_refs":[]}'}, 'rounds': [{'verdict': 'holds', 'evidence': 'Read actual native artifact against check.txt.', 'cited_refs': []}]}], 'observations': [{'kind': 'claim', 'detector': 'forge', 'report': {'claim': {'judgment': {'criterion_key': 'audit/criterion', 'verdict': 'holds', 'evidence': 'audit/criterion at b1bcc9b15b1c568fff1bd4d0aeb28cc21ff3ea9f: the recorded SHA has green checks'}, 'head_sha': 'b1bcc9b15b1c568fff1bd4d0aeb28cc21ff3ea9f', 'record_ref': 'comment-0001', 'check': 'The current check.txt contains the committed contents.'}, 'mandate': None}}], 'raw_observations': [{'criterion': {'issue_key': 'audit/criterion', 'title': 'fixture issue', 'body': '**Check:** The current check.txt contains the committed contents.\n**Do:** AUTHOR REASONING\n**Evidence:**\n```json\n{\n  "gradedSha": "b1bcc9b15b1c568fff1bd4d0aeb28cc21ff3ea9f",\n  "test": "historical author reasoning"\n}\n```', 'priority': 'none', 'state_name': 'Done', 'state_kind': 'completed', 'queue_states': [], 'issue_labels': ['criterion'], 'team_key': 'engineering', 'project': None, 'project_id': None, 'milestone_key': None, 'relations': [], 'parent_key': 'audit/root', 'assignee_key': None, 'created_at': '2026-01-01T00:00:00Z', 'updated_at': '2026-01-01T00:01:40Z', 'url': 'https://tracker.invalid/issue/audit/criterion'}, 'recorded_evidence': {'graded_sha': 'b1bcc9b15b1c568fff1bd4d0aeb28cc21ff3ea9f', 'test': 'historical author reasoning'}, 'required_check_names': ['test'], 'checks': {'kind': 'completed', 'commit_sha': 'b1bcc9b15b1c568fff1bd4d0aeb28cc21ff3ea9f', 'checks_passed': True, 'check_names': ['test'], 'failed_check_names': [], 'summary': 'All CI checks passed.'}, 'red': None, 'verdict': 'holds', 'reason': 'audit/criterion at b1bcc9b15b1c568fff1bd4d0aeb28cc21ff3ea9f: the recorded SHA has green checks'}, {'issue_key': 'audit/root', 'record_ref': 'comment-0001', 'verdict': 'refuted', 'discrepancies': ['no_branch', 'unresolved_association'], 'branch_head': None, 'pr': {'url': 'file:///private/var/folders/lv/b1m7q5dj1yd5gn9s9rknw43h0000gq/T/pytest-of-kodezart/pytest-1861/test_native_source_or_identity3/remote/pull/7', 'number': 7, 'head_repo_url': 'file:///private/var/folders/lv/b1m7q5dj1yd5gn9s9rknw43h0000gq/T/pytest-of-kodezart/pytest-1861/test_native_source_or_identity3/remote', 'head_branch': 'ordinary-name', 'head_sha': 'b1bcc9b15b1c568fff1bd4d0aeb28cc21ff3ea9f', 'base_repo_url': 'file:///private/var/folders/lv/b1m7q5dj1yd5gn9s9rknw43h0000gq/T/pytest-of-kodezart/pytest-1861/test_native_source_or_identity3/remote', 'base_branch': 'ordinary-name', 'lifecycle': 'open'}}], 'status': 'incomplete', 'unavailable': [{'subject': {'kind': 'issue', 'key': 'audit/criterion'}, 'reason': "AuditEvidenceReadError: Evidence for 'audit/criterion' could not be read: the branch or workspace changed during verification"}, {'subject': {'kind': 'issue', 'key': 'audit/criterion'}, 'reason': "AuditEvidenceReadError: Evidence for 'audit/criterion' could not be read: the recorded branch has no live remote head"}, {'subject': {'kind': 'issue', 'key': 'audit/criterion'}, 'reason': "AuditEvidenceReadError: Evidence for 'audit/criterion' could not be read: the recorded branch has no live remote head"}, {'subject': {'kind': 'issue', 'key': 'audit/root'}, 'reason': 'AuditClaimReadError: terminal mandate has no observed branch head'}], 'repair_inputs': []}]} run_identity='audit — audit @ 2026-03-01T12:00:00Z'
=========================== short test summary info ============================
FAILED tests/integration/test_audit_runtime_native.py::test_native_source_or_identity_failure_cannot_publish_clean_coverage[wrong_identity]
FAILED tests/integration/test_audit_runtime_native.py::test_native_source_or_identity_failure_cannot_publish_clean_coverage[head]
2 failed, 7 passed in 374.32s (0:06:14)
