F...                                                                     [100%]
=================================== FAILURES ===================================
______ test_current_native_scope_publishes_verified_records_then_summary _______

native_audit = (<kodezart.services.audit_runtime.AuditScheduledPass object at 0x10f1c4c50>, <tests.integration.test_audit_runtime_nat...rvice object at 0x10f1c43b0>, <kodezart.adapters.git_worktree_provider.GitWorktreeProvider object at 0x10f1c45f0>, ...)

    async def test_current_native_scope_publishes_verified_records_then_summary(native_audit):
        audit, executor, server, tracker, git, workspace, repository = native_audit
>       assert await audit.run(FIXTURE_NOW) is PassRun.RAN
               ^^^^^^^^^^^^^^^^^^^^^^^^^^^^

tests/integration/test_audit_runtime_native.py:95: 
_ _ _ _ _ _ _ _ _ _ _ _ _ _ _ _ _ _ _ _ _ _ _ _ _ _ _ _ _ _ _ _ _ _ _ _ _ _ _ _ 

self = <kodezart.services.audit_runtime.AuditScheduledPass object at 0x10f1c4c50>
started_at = datetime.datetime(2026, 3, 1, 12, 0, tzinfo=datetime.timezone.utc)

    async def run(self, started_at: datetime) -> PassRun:
        identity = RunIdentity(kind=RunKind.AUDIT, name="audit", started_at=started_at)
        self._last_report = None
        scopes = tuple(
            [await self._scope(target, identity) for target in self._targets]
        )
        report = AuditRunReport(identity=identity, scopes=scopes)
        self._last_report = report
        await self._log.ainfo(
            "audit_run_finished",
            run_identity=identity.title(),
            report=report.model_dump(mode="json"),
        )
        if any(isinstance(scope, AuditScopeIncomplete) for scope in scopes):
>           raise AuditRunIncompleteError(report=report)
E           kodezart.domain.errors.AuditRunIncompleteError: audit run 'audit — audit @ 2026-03-01T12:00:00Z' is incomplete

src/kodezart/services/audit_runtime.py:577: AuditRunIncompleteError
----------------------------- Captured stdout call -----------------------------
2026-09-12 20:08:03 [info     ] workspace_acquired             path=/var/folders/lv/b1m7q5dj1yd5gn9s9rknw43h0000gq/T/kodezart-ef44ccd063eb48c4adf2638c183f182a workspace_id=ef44ccd063eb48c4adf2638c183f182a
2026-09-12 20:08:03 [info     ] stream_drained                 duration_api_ms=1 duration_ms=1 event_count=1 events={'result': 1} has_structured_output=True is_error=False num_turns=1 rate_limit_rejected=False result_event_observed=True result_tail='Author rationale must never be forwarded.' session_id=previous-agent-session site=audit_claim stop_reason=None subtype=result total_cost_usd=None usage=None
2026-09-12 20:08:03 [info     ] workspace_released             workspace_id=ef44ccd063eb48c4adf2638c183f182a
2026-09-12 20:08:04 [info     ] workspace_acquired             path=/var/folders/lv/b1m7q5dj1yd5gn9s9rknw43h0000gq/T/kodezart-70bc7bd43e544690878f972da77213f9 workspace_id=70bc7bd43e544690878f972da77213f9
2026-09-12 20:08:05 [info     ] stream_drained                 duration_api_ms=1 duration_ms=1 event_count=1 events={'result': 1} has_structured_output=True is_error=False num_turns=1 rate_limit_rejected=False result_event_observed=True result_tail='Author rationale must never be forwarded.' session_id=previous-agent-session site=audit_overclaim stop_reason=None subtype=result total_cost_usd=None usage=None
2026-09-12 20:08:05 [info     ] workspace_released             workspace_id=70bc7bd43e544690878f972da77213f9
2026-09-12 20:08:06 [info     ] workspace_acquired             path=/var/folders/lv/b1m7q5dj1yd5gn9s9rknw43h0000gq/T/kodezart-192519933df947ff83f5dd9ec54cdede workspace_id=192519933df947ff83f5dd9ec54cdede
2026-09-12 20:08:06 [info     ] stream_drained                 duration_api_ms=1 duration_ms=1 event_count=1 events={'result': 1} has_structured_output=True is_error=False num_turns=1 rate_limit_rejected=False result_event_observed=True result_tail='Author rationale must never be forwarded.' session_id=previous-agent-session site=audit_detection_removal stop_reason=None subtype=result total_cost_usd=None usage=None
2026-09-12 20:08:07 [info     ] workspace_released             workspace_id=192519933df947ff83f5dd9ec54cdede
2026-09-12 20:08:08 [info     ] outbound_content_gated         categories=[] content_digest=50d00830816c79f03a38b019ccf6f1f38aeb9b250b4b4a20b38b4574bf1b3e83 failure=None hits=[] surface=tracker verdict=clean visibility=public writer=tracker_comment
2026-09-12 20:08:09 [info     ] outbound_content_gated         categories=[] content_digest=6d88b1ca8c5beeb092343f88ae3f43f79b9a2c0744d2eac0f6ca4b878342e5ce failure=None hits=[] surface=tracker verdict=clean visibility=public writer=tracker_comment
2026-09-12 20:08:10 [info     ] outbound_content_gated         categories=[] content_digest=98a970af224f681d8195d18888379ddad844c79f6c5778821de29c55e6a05c3e failure=None hits=[] surface=tracker verdict=clean visibility=public writer=tracker_comment
2026-09-12 20:08:11 [info     ] outbound_content_gated         categories=[] content_digest=fde64ad9b77700947776057a072d6043e2014823f2ff46785d909a2f9c6a015e failure=None hits=[] surface=tracker verdict=clean visibility=public writer=tracker_comment
2026-09-12 20:08:12 [info     ] outbound_content_gated         categories=[] content_digest=63ae08ea17d2068e0b3a226c32d1d088fa6b49040ab7ddb8049f3a435d7a6a99 failure=None hits=[] surface=tracker verdict=clean visibility=public writer=tracker_comment
2026-09-12 20:08:13 [info     ] outbound_content_gated         categories=[] content_digest=f7442508232af1eda9411ebb9a6b7e6ad57612991393503bd1c44f5687c56c05 failure=None hits=[] surface=tracker verdict=clean visibility=public writer=tracker_comment
2026-09-12 20:08:14 [info     ] outbound_content_gated         categories=[] content_digest=bb96da16dff168f5de22bb9dea84f7492f5001b7ccf71ba1002aede99eeba794 failure=None hits=[] surface=tracker verdict=clean visibility=public writer=tracker_comment
2026-09-12 20:08:15 [info     ] outbound_content_gated         categories=[] content_digest=65bb062afe7f495be5a49ce551f25fe16ad47011f2a737ad1f895f8bc93da5b3 failure=None hits=[] surface=tracker verdict=clean visibility=public writer=tracker_comment
2026-09-12 20:08:16 [info     ] audit_run_finished             report={'identity': {'kind': 'audit', 'name': 'audit', 'started_at': '2026-03-01T12:00:00Z'}, 'scopes': [{'scope': {'kind': 'issue', 'key': 'audit/root'}, 'writes': [], 'observations': [{'kind': 'claim', 'detector': 'current_check', 'report': {'claim': {'judgment': {'criterion_key': 'audit/criterion', 'verdict': 'holds', 'evidence': 'Read check.txt at the current commit.'}, 'head_sha': '2e67606b0d98b9a97c6d60f7fa141e2aa8cbb688', 'record_ref': 'comment-0001', 'check': 'The current check.txt contains the committed contents.'}, 'mandate': None}}, {'kind': 'claim', 'detector': 'forge', 'report': {'claim': {'judgment': {'criterion_key': 'audit/criterion', 'verdict': 'holds', 'evidence': 'audit/criterion at 2e67606b0d98b9a97c6d60f7fa141e2aa8cbb688: the recorded SHA has green checks'}, 'head_sha': '2e67606b0d98b9a97c6d60f7fa141e2aa8cbb688', 'record_ref': 'comment-0001', 'check': 'The current check.txt contains the committed contents.'}, 'mandate': None}}, {'kind': 'claim', 'detector': 'overclaim:aggregate', 'report': {'claim': {'judgment': {'criterion_key': 'audit/criterion', 'verdict': 'holds', 'evidence': 'No violating claim of this kind was observed.'}, 'head_sha': '2e67606b0d98b9a97c6d60f7fa141e2aa8cbb688', 'record_ref': 'comment-0001', 'check': 'The current check.txt contains the committed contents.'}, 'mandate': None}}, {'kind': 'claim', 'detector': 'overclaim:completeness', 'report': {'claim': {'judgment': {'criterion_key': 'audit/criterion', 'verdict': 'holds', 'evidence': 'No violating claim of this kind was observed.'}, 'head_sha': '2e67606b0d98b9a97c6d60f7fa141e2aa8cbb688', 'record_ref': 'comment-0001', 'check': 'The current check.txt contains the committed contents.'}, 'mandate': None}}, {'kind': 'claim', 'detector': 'overclaim:adoption', 'report': {'claim': {'judgment': {'criterion_key': 'audit/criterion', 'verdict': 'holds', 'evidence': 'No violating claim of this kind was observed.'}, 'head_sha': '2e67606b0d98b9a97c6d60f7fa141e2aa8cbb688', 'record_ref': 'comment-0001', 'check': 'The current check.txt contains the committed contents.'}, 'mandate': None}}, {'kind': 'claim', 'detector': 'overclaim:self_rule', 'report': {'claim': {'judgment': {'criterion_key': 'audit/criterion', 'verdict': 'holds', 'evidence': 'No violating claim of this kind was observed.'}, 'head_sha': '2e67606b0d98b9a97c6d60f7fa141e2aa8cbb688', 'record_ref': 'comment-0001', 'check': 'The current check.txt contains the committed contents.'}, 'mandate': None}}, {'kind': 'claim', 'detector': 'detector_removal:0', 'report': {'claim': {'judgment': {'criterion_key': 'audit/criterion', 'verdict': 'holds', 'evidence': 'Compared actual committed revisions.'}, 'head_sha': '2e67606b0d98b9a97c6d60f7fa141e2aa8cbb688', 'record_ref': 'comment-0001', 'check': 'The current check.txt contains the committed contents.'}, 'mandate': None}}, {'kind': 'terminal', 'report': {'observation': {'issue_key': 'audit/root', 'record_ref': 'comment-0001', 'verdict': 'holds', 'discrepancies': [], 'branch_head': '2e67606b0d98b9a97c6d60f7fa141e2aa8cbb688', 'pr': {'url': 'file:///private/var/folders/lv/b1m7q5dj1yd5gn9s9rknw43h0000gq/T/pytest-of-kodezart/pytest-1837/test_current_native_scope_publ0/remote/pull/7', 'number': 7, 'head_repo_url': 'file:///private/var/folders/lv/b1m7q5dj1yd5gn9s9rknw43h0000gq/T/pytest-of-kodezart/pytest-1837/test_current_native_scope_publ0/remote', 'head_branch': 'ordinary-name', 'head_sha': '2e67606b0d98b9a97c6d60f7fa141e2aa8cbb688', 'base_repo_url': 'file:///private/var/folders/lv/b1m7q5dj1yd5gn9s9rknw43h0000gq/T/pytest-of-kodezart/pytest-1837/test_current_native_scope_publ0/remote', 'base_branch': 'ordinary-name', 'lifecycle': 'open'}}, 'mandate': None}}], 'raw_observations': [{'criterion': {'issue_key': 'audit/criterion', 'title': 'fixture issue', 'body': '**Check:** The current check.txt contains the committed contents.\n**Do:** AUTHOR REASONING\n**Evidence:**\n```json\n{\n  "gradedSha": "2e67606b0d98b9a97c6d60f7fa141e2aa8cbb688",\n  "test": "historical author reasoning"\n}\n```', 'priority': 'none', 'state_name': 'Done', 'state_kind': 'completed', 'queue_states': [], 'issue_labels': ['criterion'], 'team_key': 'engineering', 'project': None, 'project_id': None, 'milestone_key': None, 'relations': [], 'parent_key': 'audit/root', 'assignee_key': None, 'created_at': '2026-01-01T00:00:00Z', 'updated_at': '2026-01-01T00:01:40Z', 'url': 'https://tracker.invalid/issue/audit/criterion'}, 'recorded_evidence': {'graded_sha': '2e67606b0d98b9a97c6d60f7fa141e2aa8cbb688', 'test': 'historical author reasoning'}, 'head_sha': '2e67606b0d98b9a97c6d60f7fa141e2aa8cbb688', 'record_ref': 'comment-0001', 'verdict': 'holds', 'current_claim': {'judgment': {'criterion_key': 'audit/criterion', 'verdict': 'holds', 'evidence': 'Read check.txt at the current commit.'}, 'head_sha': '2e67606b0d98b9a97c6d60f7fa141e2aa8cbb688', 'record_ref': 'comment-0001', 'check': 'The current check.txt contains the committed contents.'}}, {'criterion': {'issue_key': 'audit/criterion', 'title': 'fixture issue', 'body': '**Check:** The current check.txt contains the committed contents.\n**Do:** AUTHOR REASONING\n**Evidence:**\n```json\n{\n  "gradedSha": "2e67606b0d98b9a97c6d60f7fa141e2aa8cbb688",\n  "test": "historical author reasoning"\n}\n```', 'priority': 'none', 'state_name': 'Done', 'state_kind': 'completed', 'queue_states': [], 'issue_labels': ['criterion'], 'team_key': 'engineering', 'project': None, 'project_id': None, 'milestone_key': None, 'relations': [], 'parent_key': 'audit/root', 'assignee_key': None, 'created_at': '2026-01-01T00:00:00Z', 'updated_at': '2026-01-01T00:01:40Z', 'url': 'https://tracker.invalid/issue/audit/criterion'}, 'recorded_evidence': {'graded_sha': '2e67606b0d98b9a97c6d60f7fa141e2aa8cbb688', 'test': 'historical author reasoning'}, 'required_check_names': ['test'], 'checks': {'kind': 'completed', 'commit_sha': '2e67606b0d98b9a97c6d60f7fa141e2aa8cbb688', 'checks_passed': True, 'check_names': ['test'], 'failed_check_names': [], 'summary': 'All CI checks passed.'}, 'red': None, 'verdict': 'holds', 'reason': 'audit/criterion at 2e67606b0d98b9a97c6d60f7fa141e2aa8cbb688: the recorded SHA has green checks'}, {'issue_key': 'audit/root', 'record_ref': 'comment-0001', 'verdict': 'holds', 'discrepancies': [], 'branch_head': '2e67606b0d98b9a97c6d60f7fa141e2aa8cbb688', 'pr': {'url': 'file:///private/var/folders/lv/b1m7q5dj1yd5gn9s9rknw43h0000gq/T/pytest-of-kodezart/pytest-1837/test_current_native_scope_publ0/remote/pull/7', 'number': 7, 'head_repo_url': 'file:///private/var/folders/lv/b1m7q5dj1yd5gn9s9rknw43h0000gq/T/pytest-of-kodezart/pytest-1837/test_current_native_scope_publ0/remote', 'head_branch': 'ordinary-name', 'head_sha': '2e67606b0d98b9a97c6d60f7fa141e2aa8cbb688', 'base_repo_url': 'file:///private/var/folders/lv/b1m7q5dj1yd5gn9s9rknw43h0000gq/T/pytest-of-kodezart/pytest-1837/test_current_native_scope_publ0/remote', 'base_branch': 'ordinary-name', 'lifecycle': 'open'}}], 'status': 'incomplete', 'unavailable': [{'subject': {'kind': 'issue', 'key': 'audit/criterion'}, 'reason': 'AuditClaimReadError: the native audit requests changed during the sweep'}, {'subject': {'kind': 'issue', 'key': 'audit/criterion'}, 'reason': 'AuditClaimReadError: the native audit requests changed during the sweep'}, {'subject': {'kind': 'issue', 'key': 'audit/criterion'}, 'reason': 'AuditClaimReadError: the native audit requests changed during the sweep'}, {'subject': {'kind': 'issue', 'key': 'audit/criterion'}, 'reason': 'AuditClaimReadError: the native audit requests changed during the sweep'}, {'subject': {'kind': 'issue', 'key': 'audit/criterion'}, 'reason': 'AuditClaimReadError: the native audit requests changed during the sweep'}, {'subject': {'kind': 'issue', 'key': 'audit/criterion'}, 'reason': 'AuditClaimReadError: the native audit requests changed during the sweep'}, {'subject': {'kind': 'issue', 'key': 'audit/criterion'}, 'reason': 'AuditClaimReadError: the native audit requests changed during the sweep'}, {'subject': {'kind': 'issue', 'key': 'audit/root'}, 'reason': 'AuditClaimReadError: the native audit requests changed during the sweep'}]}]} run_identity='audit — audit @ 2026-03-01T12:00:00Z'
=========================== short test summary info ============================
FAILED tests/integration/test_audit_runtime_native.py::test_current_native_scope_publishes_verified_records_then_summary
1 failed, 3 passed in 39.08s
