SHA fc87741
COMMAND /private/tmp/kodezart-v03-recovery-integration/.venv/bin/python3 -m pytest -q tests/adapters/test_self_write_replay.py tests/adapters/test_tracker_self_writes.py tests/chains/test_audit_pass.py tests/chains/test_write_back_verifier.py tests/core/test_surface_lease_config.py tests/core/test_tracker_settings.py tests/domain/test_base_resolution.py tests/integration/test_derived_lifecycle_admission.py tests/services/test_audit_sources.py tests/services/test_claim_heartbeat.py tests/services/test_dispatch_pass.py tests/services/test_fire_log_facts.py tests/services/test_lifecycle_watcher.py tests/services/test_run_surface_lease.py tests/services/test_scope_dispatcher.py tests/services/test_tracker_lifecycle.py tests/test_composition_root.py tests/test_lifespan_cleanup.py tests/tracker/test_audit_claim.py tests/tracker/test_audit_evidence.py tests/tracker/test_audit_forge_sweep.py tests/tracker/test_audit_overclaim.py tests/tracker/test_audit_overclaim_sweep.py tests/tracker/test_audit_terminal_mandate.py tests/tracker/test_audit_terminal_mandate_git.py tests/tracker/test_comment_pages.py tests/tracker/test_detector_removal_sweep.py tests/tracker/test_escalation_ageing.py tests/tracker/test_escalation_record_collector.py tests/tracker/test_escalation_record_reader.py tests/tracker/test_escalation_resolution.py tests/tracker/test_idempotent_writes.py tests/tracker/test_lane_escalation.py tests/tracker/test_lane_records.py tests/tracker/test_linear_tool_arguments.py tests/tracker/test_marker_configuration.py tests/tracker/test_recorded_assertion_drift.py tests/tracker/test_recorded_ruling_growth.py tests/tracker/test_ruling_records.py tests/tracker/test_tracker_conformance.py
........................................................................ [  4%]
........................................................................ [  8%]
........................................................................ [ 13%]
........................................................................ [ 17%]
........................................................................ [ 22%]
........................................................................ [ 26%]
........................................................................ [ 31%]
........................................................................ [ 35%]
........................................................................ [ 40%]
........................................................................ [ 44%]
........................................................................ [ 49%]
........................................................................ [ 53%]
........................................................................ [ 58%]
........................................................................ [ 62%]
........................................................................ [ 66%]
........................................................................ [ 71%]
........................................................................ [ 75%]
........................................................................ [ 80%]
........................................................................ [ 84%]
........................................................................ [ 89%]
........................................................................ [ 93%]
........................................................................ [ 98%]
............................                                             [100%]
1612 passed in 242.97s (0:04:02)
