...............F.....................................                    [100%]
=================================== FAILURES ===================================
_____ test_loop_then_ci_share_one_budget_and_cumulative_iteration_total[2] _____

bound = 2

    @pytest.mark.parametrize("bound", [1, 2])
    async def test_loop_then_ci_share_one_budget_and_cumulative_iteration_total(bound):
        from kodezart.types.domain.outcome import WorkflowOutcome
        from kodezart.types.domain.remediation import RemediationEntry
        from tests.chains.test_fire_extraction import request
        from tests.chains.test_ralph_workflow import _make_engine
        from tests.fakes import (
            FakeCIMonitor,
            FakePRCreator,
            FakeQualityGate,
            FakeRemediator,
            make_failing_evaluation,
            make_passing_evaluation_of_fake_criteria,
        )
    
        class FirstLoopFails:
            def __init__(self):
                self.rounds = 0
    
            async def run(self, **kwargs):
                quality = FakeQualityGate(
                    events=[],
                    evaluation=make_failing_evaluation()
                    if self.rounds == 0
                    else make_passing_evaluation_of_fake_criteria(),
                    total_iterations=2 if self.rounds == 0 else 3,
                    last_commit_sha="a" * 40,
                )
                self.rounds += 1
                async for event in quality.run(**kwargs):
                    yield event
    
        class FirstWatchFails(FakeCIMonitor):
            async def wait_for_checks(self, *, repo_url, ref):
                self._passed = bool(self.calls)
                if self._passed:
                    self._failed_names = frozenset()
                return await super().wait_for_checks(repo_url=repo_url, ref=ref)
    
        quality = FirstLoopFails()
        checks = FirstWatchFails(passed=False, failed_names=frozenset({"lint"}))
        fixes = FakeRemediator()
        workflow = _make_engine(
            quality_gate=quality,
            ci_monitor=checks,
            pr_creator=FakePRCreator(),
            remediator=fixes,
            remediation_max_rounds=bound,
        )
        events = [event async for event in workflow.run(**request())]
        (terminal,) = [
            event for event in events if isinstance(event, WorkflowCompleteEvent)
        ]
        expected_entries = [RemediationEntry.loop_not_accepted]
        if bound == 2:
            expected_entries.append(RemediationEntry.ci_failure)
        assert [call.entry for call in fixes.calls] == expected_entries
        assert [call.round_index for call in fixes.calls] == list(range(bound))
        assert [call.total_iterations for call in fixes.calls] == [2, 5][:bound]
        assert quality.rounds == bound + 1
        assert terminal.total_iterations == 2 + 3 * bound
>       assert terminal.outcome is (
            WorkflowOutcome.ci_failed_fix_budget_exhausted
            if bound == 1
            else WorkflowOutcome.ci_passed
        )
E       AssertionError: assert <WorkflowOutcome.ci_failed_fix_budget_exhausted: 'ci_failed_fix_budget_exhausted'> is <WorkflowOutcome.ci_passed: 'ci_passed'>
E        +  where <WorkflowOutcome.ci_failed_fix_budget_exhausted: 'ci_failed_fix_budget_exhausted'> = AuthoredWorkflowCompleteEvent(type='workflow_complete', feature_branch='kodezart/test-branch-47f8c3ee', ralph_branch='...=True, contradictions=[])), pr_url='https://github.com/o/r/pull/1', pr_number=1, ci_status=<CIStatus.failed: 'failed'>).outcome

tests/chains/test_workflow_phase_composition.py:348: AssertionError
----------------------------- Captured stdout call -----------------------------
2026-09-12 15:21:03 [info     ] repo_visibility_resolved       repo_url=https://github.com/owner/repo.git visibility=unknown
2026-09-12 15:21:03 [info     ] scope_base_resolved            base_branch=main base_role=None input_count=0
2026-09-12 15:21:03 [debug    ] output_format_requested        format_type=json_schema
2026-09-12 15:21:03 [info     ] stream_drained                 duration_api_ms=1 duration_ms=1 event_count=1 events={'result': 1} has_structured_output=True is_error=False num_turns=1 rate_limit_rejected=False result_event_observed=True result_tail=None session_id=fake site=branch_name stop_reason=None subtype=result total_cost_usd=None usage=None
2026-09-12 15:21:03 [info     ] outbound_content_gated         categories=[] content_digest=23a116c5a2a543a9ec246e0f2e6a02ffad6700608ccf30ac8590785c69feebf6 failure=None hits=[] surface=publication verdict=clean visibility=unknown writer=branch_name
2026-09-12 15:21:03 [debug    ] output_format_requested        format_type=json_schema
2026-09-12 15:21:03 [info     ] stream_drained                 duration_api_ms=1 duration_ms=1 event_count=1 events={'result': 1} has_structured_output=True is_error=False num_turns=1 rate_limit_rejected=False result_event_observed=True result_tail=None session_id=fake site=acceptance_criteria stop_reason=None subtype=result total_cost_usd=None usage=None
2026-09-12 15:21:03 [debug    ] output_format_requested        format_type=json_schema
2026-09-12 15:21:03 [info     ] stream_drained                 duration_api_ms=1 duration_ms=1 event_count=1 events={'result': 1} has_structured_output=True is_error=False num_turns=1 rate_limit_rejected=False result_event_observed=True result_tail=None session_id=fake site=criteria_validation stop_reason=None subtype=result total_cost_usd=None usage=None
2026-09-12 15:21:03 [info     ] criteria_sweep_complete        bound_exhausted=False regeneration_round=0 regeneration_targets=[] satisfiable=True
2026-09-12 15:21:03 [info     ] remediation_round_opened       base_ref=main entry=loop_not_accepted round_index=0 rounds_remaining=1
2026-09-12 15:21:03 [debug    ] output_format_requested        format_type=json_schema
2026-09-12 15:21:03 [info     ] stream_drained                 duration_api_ms=1 duration_ms=1 event_count=1 events={'result': 1} has_structured_output=True is_error=False num_turns=1 rate_limit_rejected=False result_event_observed=True result_tail=None session_id=fake site=acceptance_criteria stop_reason=None subtype=result total_cost_usd=None usage=None
2026-09-12 15:21:03 [debug    ] output_format_requested        format_type=json_schema
2026-09-12 15:21:03 [info     ] stream_drained                 duration_api_ms=1 duration_ms=1 event_count=1 events={'result': 1} has_structured_output=True is_error=False num_turns=1 rate_limit_rejected=False result_event_observed=True result_tail=None session_id=fake site=criteria_validation stop_reason=None subtype=result total_cost_usd=None usage=None
2026-09-12 15:21:03 [info     ] criteria_sweep_complete        bound_exhausted=False regeneration_round=0 regeneration_targets=[] satisfiable=True
2026-09-12 15:21:03 [debug    ] output_format_requested        format_type=json_schema
2026-09-12 15:21:03 [info     ] stream_drained                 duration_api_ms=1 duration_ms=1 event_count=1 events={'result': 1} has_structured_output=True is_error=False num_turns=1 rate_limit_rejected=False result_event_observed=True result_tail=None session_id=fake site=post_merge_review stop_reason=None subtype=result total_cost_usd=None usage=None
2026-09-12 15:21:03 [debug    ] output_format_requested        format_type=json_schema
2026-09-12 15:21:03 [info     ] stream_drained                 duration_api_ms=1 duration_ms=1 event_count=1 events={'result': 1} has_structured_output=True is_error=False num_turns=1 rate_limit_rejected=False result_event_observed=True result_tail=None session_id=fake site=pr_description stop_reason=None subtype=result total_cost_usd=None usage=None
2026-09-12 15:21:03 [info     ] outbound_content_gated         categories=[] content_digest=eb122d7b8735eaeed5d4d2e20e2197a7332385519bb8aea3e476efbbb03973b9 failure=None hits=[] surface=publication verdict=clean visibility=unknown writer=pr_title
2026-09-12 15:21:03 [info     ] outbound_content_gated         categories=[] content_digest=0d6622c29c59e41247ac00215f3b527e36219e70124d8dc09479d4ea20dc5ba3 failure=None hits=[] surface=publication verdict=clean visibility=unknown writer=pr_body
2026-09-12 15:21:03 [info     ] remediation_round_opened       base_ref=kodezart/test-branch-47f8c3ee entry=ci_failure round_index=1 rounds_remaining=0
2026-09-12 15:21:03 [debug    ] output_format_requested        format_type=json_schema
2026-09-12 15:21:03 [info     ] stream_drained                 duration_api_ms=1 duration_ms=1 event_count=1 events={'result': 1} has_structured_output=True is_error=False num_turns=1 rate_limit_rejected=False result_event_observed=True result_tail=None session_id=fake site=acceptance_criteria stop_reason=None subtype=result total_cost_usd=None usage=None
2026-09-12 15:21:03 [debug    ] output_format_requested        format_type=json_schema
2026-09-12 15:21:03 [info     ] stream_drained                 duration_api_ms=1 duration_ms=1 event_count=1 events={'result': 1} has_structured_output=True is_error=False num_turns=1 rate_limit_rejected=False result_event_observed=True result_tail=None session_id=fake site=criteria_validation stop_reason=None subtype=result total_cost_usd=None usage=None
2026-09-12 15:21:03 [info     ] criteria_sweep_complete        bound_exhausted=False regeneration_round=0 regeneration_targets=[] satisfiable=True
2026-09-12 15:21:03 [debug    ] output_format_requested        format_type=json_schema
2026-09-12 15:21:03 [info     ] stream_drained                 duration_api_ms=1 duration_ms=1 event_count=1 events={'result': 1} has_structured_output=True is_error=False num_turns=1 rate_limit_rejected=False result_event_observed=True result_tail=None session_id=fake site=post_merge_review stop_reason=None subtype=result total_cost_usd=None usage=None
2026-09-12 15:21:03 [info     ] outbound_content_gated         categories=[] content_digest=92d97fa4330f31ffce77ef60539bb93f690902106bc7eafbbbd411833f0cf86d failure=None hits=[] surface=publication verdict=clean visibility=unknown writer=pr_comment
2026-09-12 15:21:03 [info     ] backup_cleanup_starting        prefix=kodezart/test-branch-47f8c3ee
=========================== short test summary info ============================
FAILED tests/chains/test_workflow_phase_composition.py::test_loop_then_ci_share_one_budget_and_cumulative_iteration_total[2]
1 failed, 52 passed in 61.50s (0:01:01)
