Using CPython 3.12.13
Creating virtual environment at: .venv
   Building kodezart @ file:///private/tmp/kodezart-v03-m1-dispatch-timeout-independent
warning: `build_system.requires = ["uv-build>=0.10.9,<0.11.0"]` does not contain the current uv version 0.11.6
      Built kodezart @ file:///private/tmp/kodezart-v03-m1-dispatch-timeout-independent
Installed 174 packages in 1.41s
F..                                                                      [100%]
=================================== FAILURES ===================================
_____ test_original_oracle_before_entry_is_red_under_declared_gate_latency _____

monkeypatch = <_pytest.monkeypatch.MonkeyPatch object at 0x10a08f5c0>

    async def test_original_oracle_before_entry_is_red_under_declared_gate_latency(
        monkeypatch,
    ):
        delayed_gate(monkeypatch)
>       await legacy_oracle()(original.TestAFailedPassGivesTheWakeUpBack())

tests/services/test_dispatch_timeout_review_independent.py:64: 
_ _ _ _ _ _ _ _ _ _ _ _ _ _ _ _ _ _ _ _ _ _ _ _ _ _ _ _ _ _ _ _ _ _ _ _ _ _ _ _ 

self = <tests.services.test_dispatch_pass.TestAFailedPassGivesTheWakeUpBack object at 0x1096ac470>

>   ???
E   AssertionError: the pass was entered and then abandoned

frozen-873855:563: AssertionError
=========================== short test summary info ============================
FAILED tests/services/test_dispatch_timeout_review_independent.py::test_original_oracle_before_entry_is_red_under_declared_gate_latency
1 failed, 2 passed in 0.97s
