fatal: unable to read tree (5f7ab373dd046256c7343e71783f0f253fa4779b)
fatal: unable to read tree (4922ffee51245a8b52778b002e49ee51e323a257)
fatal: unable to read tree (1d6355f5c7a2e9c3f46b7ce479c76264790d2c7d)
fatal: unable to read tree (1fec3eab58ee6264c722833de23d1141efa88e27)
fatal: unable to read tree (1fec3eab58ee6264c722833de23d1141efa88e27)
fatal: unable to read tree (2d6267ca65a2ebbcdd8c4b18b829959f68bfc357)
fatal: unable to read tree (4922ffee51245a8b52778b002e49ee51e323a257)
fatal: unable to read tree (945bf425f7f8b8e3da93800f3987965aa81e3bb8)
fatal: unable to read tree (dd283af2af8650e0b95652a9fcdb150f3210ebf5)
fatal: unable to read tree (3a06e0bb80784c6afafe0a2151b9da2bb42b2315)
fatal: unable to read tree (fb65e10d11e5de9f4898ad422ec48d1a2d8eb2d2)
fatal: unable to read tree (8d2595ffea1fac541560a6d6cb32c9aae8693b6d)
fatal: unable to read tree (d314319207093a5081f9d004bb3aa02fabb60161)
fatal: unable to read tree (9209964231a907e66eba45983b521eb1fb2ee327)
fatal: unable to read tree (0caf17e074d58d58c444e14b269e3b8fec695d3a)
fatal: unable to read tree (e3ccccbdd4f3683eed00cf40d841a2d5682b3f54)
fatal: unable to read tree (186ba038ae7d9bd2182661cd2ae78d362caf997d)
fatal: unable to read tree (686c28ecc1c8be695cd5fbac2bd12ee843ba1bd9)
fatal: unable to read tree (3076124aae6c69039bafafd1e454f5b8031f46be)
fatal: unable to read tree (623864df1cbe5d5fe0ad584820a9385795d37c47)
fatal: unable to read tree (ea2dac50b513fb80700e58b8ce3c9242cdcc989d)
fatal: unable to read tree (ddb3856af5e0b2c72a7f53ca678aab2fc98ad67f)
fatal: unable to read tree (e35b88b56ddec779a22377587538674875db4633)
fatal: unable to read tree (89ce3b0bf09eaebbb713fd6c310b5b3f45e32956)
fatal: unable to read tree (9ff0093f4dc5dc84c123fc33215d76a422bf23d6)
fatal: unable to read tree (1d40a8f43804f10a6e1d41b7812c3bb54239eecf)
fatal: unable to read tree (199f4e848bc7c5f66fc0d30f14e60c83af67188b)
fatal: unable to read tree (d3b276ca17eb9eed9540441709bae37549075a2b)
fatal: unable to read tree (b53e4767bb3275e7f67ba47dc1aca145bb637635)
fatal: unable to read tree (445c083765ed56d8825a2e7b82c322e4cbba1f29)
fatal: unable to read tree (b2881f29843ac799dade1df1d710c3939e580a52)
fatal: unable to read tree (b910fe8b1ab163d74679573976a939e08aaef224)
fatal: unable to read tree (72897c1d4b285d054989c0442e248db99a2dee2b)
fatal: unable to read tree (88045ed4d33ca6d628395dc028c63a3deb7d7fcc)
fatal: unable to read tree (0fc1f0b301a7f093ddd2f8224d2ada00a7c2a253)
fatal: unable to read tree (ee8eb7626631a018d53f511e8abfa1d3ea66bc7b)
fatal: unable to read tree (00990e7c26219b5088866bc1b5af1b575d487439)
fatal: unable to read tree (89ca57b183db5f1c2083beaeccb190eae60466ae)
fatal: unable to read tree (6f0af18f4b8f721e023ff3459576e1ddcd5332db)
fatal: unable to read tree (f8457ad30edb4212a9e15eb3dea138089b58b68b)
fatal: unable to read tree (0b237e1fcb39cd7ada899730c8fed4d992051929)
fatal: unable to read tree (200deb5f3c71fc4bb937570dae5e485d28460cb9)
fatal: unable to read tree (831ae6eceeb261170eb3d87bf16a6d6b261e40f7)
fatal: unable to read tree (f56c475d53d992b7dada361c4524cebd6816d35e)
fatal: unable to read tree (458c963411e99c9c0278aa97ccd58a7e03a3f544)
fatal: unable to read tree (2563f1ab9fa83290023f7897e8a675e09ca96cab)
fatal: unable to read tree (148f119e739027caf6ab7b22b80530861c59fb9e)
fatal: unable to read tree (aa93f32fa442e9ad29323d1aea12897ca126da26)
fatal: unable to read tree (7c3e10fc8054625d4d190e87025822584fc29ac1)
fatal: unable to read tree (401c3864087b20d751262f07eb8edad1f91688ab)
fatal: unable to read tree (5d34498d3d282f2a0fab1a93882d005da5eeb87c)
fatal: unable to read tree (4e3355b0ba4a527ca21bf31f82e71c455dc0b1e1)
fatal: unable to read tree (4010c708ec364754d4473b43fa4ea4a4b05a60c8)
fatal: unable to read tree (ef0e93f064712fea58228ce5a4427bc04cb8d5b2)
fatal: unable to read tree (8889f4ec076746923b265c4e953cbf2201230934)
fatal: unable to read tree (413b4f81c3c216a48d656679af89abb95871c890)
fatal: unable to read tree (d3eec97116b748c3897280af8a3cb28c55d2c436)
fatal: unable to read tree (5590a99c545577d7f9c6a1a0de83d5fe10e766fd)
fatal: unable to read tree (6dfe41764534a6f094540bbdecdc4c5ae5b5cd0b)
fatal: unable to read tree (aba3ea8d14291a8a80eb1ef0835c3507c50c0c60)
fatal: unable to read tree (ed3bbeb2084667c43f6cc322258fbb0dead0fb6a)
fatal: unable to read tree (df54e4eeec5eb5e464d0fa7335ea05f7fecc7eb1)
fatal: unable to read tree (101875518a4b49066e24967e1c7b2dd1727b55ec)
fatal: unable to read tree (09521f8804235f16749268b6aaac5350c9ae4c49)
fatal: unable to read tree (f6900e91b8f11be88935a6c6a06916c53dc5d41b)
fatal: unable to read tree (ef8a3dfd3f1a9d9d9467d7e4829d21e057df1e72)
fatal: unable to read tree (744a7853923e48964fdbb83899302d3b08bcd0b9)
fatal: unable to read tree (22c1872bf8633ac21636e9b3ca3677873ac8c58d)
fatal: unable to read tree (2594c9a796b07de6329598cf2897f23db3c7e9e6)
fatal: unable to read tree (b7c06227332149ce5851200ed2e629651dbb6045)
fatal: unable to read tree (16254b230b28da820bb8e38d2b7cae59cf02bbe9)
fatal: unable to read tree (d4949b98858a09715987904575c72a108623fb00)
fatal: unable to read tree (cd5bf75310bb6c261026b02a95077f5f4e3bdf60)
fatal: unable to read tree (bcf68fe8de80c08307269c1969a8c0a98876e734)
fatal: unable to read tree (0a291596d6060f040d9b56dc4d8f3aeee6c6b33c)
fatal: unable to read tree (96eb3534fc57eda6cbd33c825ab4d595089242a5)
fatal: unable to read tree (567c52f38dcb1aa6b9ddef5e3f3d611a6ba896c6)
fatal: unable to read tree (5e6ddb422565f7e0c7f13216e5f3a965b6e360d6)
fatal: unable to read tree (82c1df1f82893e6f28d17802951e85ed86d17dcb)
fatal: unable to read tree (442883d2c0c76c5f1e96ba1ba26500bad6de42f9)
fatal: unable to read tree (fd8be4d2e5d485ec38d6da718cd907dd15c4e2b8)
fatal: unable to read tree (eadd751d9605f84b1a9e35de49126320c2a8f7af)
fatal: unable to read tree (2e4476780b03d680c5f737e0f8f5881e7d1dd36a)
fatal: unable to read tree (4d6053f8dce6a99365e88389b0e5db42ab344a2c)
fatal: unable to read tree (fee07d6d90403f30949323cfb26485493482e6b6)
fatal: unable to read tree (39ccfccf0910cd929c90bd671ba5845eb0f7caad)
fatal: unable to read tree (dfbfcf746262133ee7e6ef1dbc39998e2a968b6d)
{
  "captured_at": "2026-09-12T16:58:44.704838+00:00",
  "main": "4661a24b599d75503a997f3ce122f3ad2da77048",
  "donor": "d2c6fceab762191d4e40b23c8cd349ef476e4b12",
  "donor_tree": "4e98a9622f828fe5f8cce7bd65af6198dd0e185f",
  "patch_sha256": "bf17cd69b1c97113130816229fa4ffb6f4e7f494320a37b17c133c988dd3d22d",
  "path_count": 659,
  "history_commit_count": 499,
  "changed_line_count": 103233,
  "changed_lines_by_proposed_owner": {
    "M1": 37285,
    "M5": 9235,
    "M3": 18860,
    "M6": 11942,
    "M4": 10773,
    "M2": 9173,
    "M7": 5965
  },
  "milestones": {
    "M1": "L1 scope input and port surface",
    "M2": "L2 organize",
    "M3": "L3/L9 plan and walk",
    "M4": "L4 criterion lifecycle and tracker state",
    "M5": "L5/L6 deliver and terminate",
    "M6": "L7 audit",
    "M7": "L8 run supervisor"
  },
  "all_lines_assigned_once": true,
  "ownership_is_proposed": true,
  "extraction_performed": false,
  "destination_prs_verified": false,
  "tree_equivalence_tested": false
}
