Using CPython 3.12.13
Creating virtual environment at: .venv
   Building kodezart @ file:///private/tmp/kodezart-v03-m1-native-read-root-review
warning: `build_system.requires = ["uv-build>=0.10.9,<0.11.0"]` does not contain the current uv version 0.11.6
      Built kodezart @ file:///private/tmp/kodezart-v03-m1-native-read-root-review
Installed 174 packages in 2.59s
........................................................................ [  5%]
........................................................................ [ 10%]
........................................................................ [ 16%]
........................................................................ [ 21%]
........................................................................ [ 27%]
........................................................................ [ 32%]
........................................................................ [ 38%]
........................................................................ [ 43%]
........................................................................ [ 49%]
........................................................................ [ 54%]
........................................................................ [ 60%]
........................................................................ [ 65%]
........................................................................ [ 70%]
........................................................................ [ 76%]
........................................................................ [ 81%]
........................................................................ [ 87%]
........................................................................ [ 92%]
........................................................................ [ 98%]
........................                                                 [100%]
1320 passed in 154.07s (0:02:34)
