........................................................................ [  9%]
....................................................FFF.....F........... [ 18%]
........................................................................ [ 27%]
........................................................................ [ 37%]
........................................................................ [ 46%]
....................................................F................... [ 55%]
........................................................................ [ 65%]
........................................................................ [ 74%]
........................................................................ [ 83%]
................................................................F....... [ 92%]
....................................FF.................                  [100%]
=================================== FAILURES ===================================
_____________ test_the_sweep_reaches_every_tool_the_adapter_names ______________

sent = {'create_issue_label': {'name', 'teamId'}, 'delete_comment': {'id'}, 'get_document': {'id'}, 'get_issue': {'id', 'includeRelations'}, ...}

    async def test_the_sweep_reaches_every_tool_the_adapter_names(
        sent: Mapping[str, set[str]],
    ) -> None:
        """A vacuous sweep would pass every assertion below it."""
>       assert set(sent) == set(LIVE_INPUT_SCHEMAS)
E       AssertionError: assert {'create_issu...cuments', ...} == {'create_issu...cuments', ...}
E         
E         Extra items in the left set:
E         'list_initiative_labels'
E         'list_project_labels'
E         Use -v to get more diff

tests/tracker/test_linear_tool_arguments.py:383: AssertionError
---------------------------- Captured stdout setup -----------------------------
2026-09-13 01:11:14 [info     ] tracker_queue_label_created    label=queue:brand-new name=n team=fixture-team
2026-09-13 01:11:14 [info     ] tracker_document_created       document=fake-document-0006 title='a document nobody holds'
________________ test_every_argument_key_is_a_declared_property ________________

sent = {'create_issue_label': {'name', 'teamId'}, 'delete_comment': {'id'}, 'get_document': {'id'}, 'get_issue': {'id', 'includeRelations'}, ...}

    async def test_every_argument_key_is_a_declared_property(
        sent: Mapping[str, set[str]],
    ) -> None:
        """The check that would have caught the boot failure before sending it."""
        undeclared: dict[str, Sequence[str]] = {
            tool: sorted(keys - LIVE_INPUT_SCHEMAS[tool].properties)
            for tool, keys in sorted(sent.items())
>           if keys - LIVE_INPUT_SCHEMAS[tool].properties
                      ^^^^^^^^^^^^^^^^^^^^^^^^
        }
E       KeyError: 'list_initiative_labels'

tests/tracker/test_linear_tool_arguments.py:393: KeyError
_____________________ test_every_required_argument_is_sent _____________________

sent = {'create_issue_label': {'name', 'teamId'}, 'delete_comment': {'id'}, 'get_document': {'id'}, 'get_issue': {'id', 'includeRelations'}, ...}

    async def test_every_required_argument_is_sent(
        sent: Mapping[str, set[str]],
    ) -> None:
        """No tool is called short of what its own schema demands.
    
        The last gap — ``list_issue_statuses`` called with ``{}`` against a
        schema requiring ``team`` — was the next boot wall, and it is closed.
        Asserted against the empty set rather than against a forgiven list, so
        a new omission fails here instead of on the workspace.
        """
        unmet = {
            tool: LIVE_INPUT_SCHEMAS[tool].required - keys
            for tool, keys in sorted(sent.items())
>           if LIVE_INPUT_SCHEMAS[tool].required - keys
               ^^^^^^^^^^^^^^^^^^^^^^^^
        }
E       KeyError: 'list_initiative_labels'

tests/tracker/test_linear_tool_arguments.py:411: KeyError
_______ test_every_tracker_tool_this_process_names_exists_on_the_server ________

    def test_every_tracker_tool_this_process_names_exists_on_the_server() -> None:
        named = named_tools()
        assert named, "no _TOOL_* constant was found under src/"
        absent = {
            tool: module
            for tool, module in named.items()
            if module not in KNOWLEDGE_TOOL_MODULES and tool not in LIVE_TOOL_ROSTER
        }
>       assert absent == {}
E       AssertionError: assert {'save_projec...p_tracker.py'} == {}
E         
E         Left contains 1 more item:
E         {'save_project_label': 'linear_mcp_tracker.py'}
E         Use -v to get more diff

tests/tracker/test_linear_tool_roster.py:131: AssertionError
____________ TestConfiguredMappings.test_every_category_is_covered _____________

self = <tests.tracker.test_tracker_boot.TestConfiguredMappings object at 0x10e7b26f0>

    def test_every_category_is_covered(self) -> None:
        """Across both passes, because the two carry different categories.
    
        A ``documents`` entry is INSTATED and never resolved: the ensure
        reports the identifier the workspace holds, so a resolution pass
        over the same value would re-ask the tool that just answered.
        Asserting over the union keeps the check derived from
        ``MappingKind`` — a new member reddens this until some pass carries
        it.
    
        This fixture's only record lives in the KNOWLEDGE system, which no
        pass here can resolve, so the resolution pass carries no DOCUMENT
        ref at all.  A tracker-side record would, and that is
        ``TestRecordDestinationsResolveAtBoot`` below.
        """
        config = OperationConfig.model_validate(
            {
                **operation_config().model_dump(),
                "issue_labels": {"criterion": "Configured Check"},
            }
        )
        refs = (*configured_mappings(config), *owned_mappings(config))
    
>       assert {ref.kind for ref in refs} == set(MappingKind)
E       AssertionError: assert {<MappingKind...kflow_state'>} == {<MappingKind... 'user'>, ...}
E         
E         Extra items in the right set:
E         <MappingKind.SCOPE_LABEL: 'scope_label'>
E         Use -v to get more diff

tests/tracker/test_tracker_boot.py:171: AssertionError
______________ test_all_fields_are_present_with_the_stated_types _______________

    def test_all_fields_are_present_with_the_stated_types() -> None:
        """Field-by-field census: exact equality, never a subset check.
    
        Grew by ``records`` under KOD-112 R3 fix 6 (the write-side destination
        registry) and by ``private_surface`` under KOD-106 R2 (the operator's
        prose description of what this operation treats as private).  The
        census stays total and stays ``==``; a census loosened to a containment
        check stops being one.
        """
        fields = OperationConfig.model_fields
>       assert set(fields) == {
            "operation_name",
            "workspace",
            "principals",
            "agent_identities",
            "teams",
            "queue_states",
            "issue_labels",
            "workflow_states",
            "marker_prefixes",
            "repos",
            "documents",
            "records",
            "knowledge",
            "endpoints",
            "initiatives",
            "private_surface",
        }
E       AssertionError: assert {'agent_ident...owledge', ...} == {'agent_ident...owledge', ...}
E         
E         Extra items in the left set:
E         'scope_labels'
E         Use -v to get more diff

tests/prompts/test_operation_config.py:133: AssertionError
_____________ test_placeholder_mapping_is_total_in_both_directions _____________

    def test_placeholder_mapping_is_total_in_both_directions() -> None:
        """Every placeholder maps to one path; every field is template-reachable."""
        rows = markdown_rows("## Placeholder → OperationConfig field")
        mapped = {row[0]: row[1] for row in rows}
        assert len(mapped) == len(rows)
    
        # Direction 1 — no placeholder the templates reference is unmapped.
        referenced = template_placeholders()
>       assert referenced == set(mapped), referenced ^ set(mapped)
E       AssertionError: {'scope_labels.approved', 'scope_labels.proposed', 'scope_labels.triage'}
E       assert {'agent_ident...nnector', ...} == {'agent_ident...nnector', ...}
E         
E         Extra items in the right set:
E         'scope_labels.proposed'
E         'scope_labels.approved'
E         'scope_labels.triage'
E         Use -v to get more diff

tests/prompts/test_operation_config.py:630: AssertionError
_____ test_every_operation_config_field_is_reachable_from_a_pass_template ______

    def test_every_operation_config_field_is_reachable_from_a_pass_template() -> None:
        """Direction 2 again, straight from the templates to the model.
    
        R2 added four fields — principals, agent_identities, repos, initiatives —
        on the reasoning that the passes consume them.  A field no template can
        reach is a field the port did not actually port.
        """
        reachable = {name.split(".")[0] for name in template_placeholders()}
        native = dict(markdown_rows("## Native OperationConfig consumers"))
        unreachable = set(OperationConfig.model_fields) - reachable - set(native)
>       assert unreachable == set(), f"no pass template reaches {sorted(unreachable)}"
E       AssertionError: no pass template reaches ['scope_labels']
E       assert {'scope_labels'} == set()
E         
E         Extra items in the left set:
E         'scope_labels'
E         Use -v to get more diff

tests/prompts/test_operation_config.py:652: AssertionError
=========================== short test summary info ============================
FAILED tests/tracker/test_linear_tool_arguments.py::test_the_sweep_reaches_every_tool_the_adapter_names
FAILED tests/tracker/test_linear_tool_arguments.py::test_every_argument_key_is_a_declared_property
FAILED tests/tracker/test_linear_tool_arguments.py::test_every_required_argument_is_sent
FAILED tests/tracker/test_linear_tool_roster.py::test_every_tracker_tool_this_process_names_exists_on_the_server
FAILED tests/tracker/test_tracker_boot.py::TestConfiguredMappings::test_every_category_is_covered
FAILED tests/prompts/test_operation_config.py::test_all_fields_are_present_with_the_stated_types
FAILED tests/prompts/test_operation_config.py::test_placeholder_mapping_is_total_in_both_directions
FAILED tests/prompts/test_operation_config.py::test_every_operation_config_field_is_reachable_from_a_pass_template
8 failed, 767 passed in 14.73s
