F                                                                        [100%]
=================================== FAILURES ===================================
___ test_configured_body_writer_rechecks_each_known_unsent_attempt[expired] ____
tests/chains/test_organize_description_authority.py:85: in test_configured_body_writer_rechecks_each_known_unsent_attempt
    assert error is not None
E   assert None is not None
        _          = <tests.chains.test_organize_owner.BoardExecutor object at 0x10e8dd7c0>
        attempts   = 2
        board      = <tests.services.test_run_surface_lease._Board object at 0x10eb6f5f0>
        call_tool  = <function test_configured_body_writer_rechecks_each_known_unsent_attempt.<locals>.call_tool at 0x10ea363e0>
        change     = 'expired'
        changed_body = 'The independently revised specification must survive.'
        error      = None
        first_body = 'Missing specification'
        monkeypatch = <_pytest.monkeypatch.MonkeyPatch object at 0x10eb6eea0>
        original_call = <bound method _Board.call_tool of <tests.services.test_run_surface_lease._Board object at 0x10eb6f5f0>>
        original_tracker = <function tracker_over at 0x10eae1440>
        owner      = <kodezart.services.organize_owner.OrganizeOwner object at 0x10e3874a0>
        report     = OrganizeReport(completed_phases=(<MandateKind.GROOM: 'groom'>, <MandateKind.TICKET: 'ticket'>, <MandateKind.CRITERIA: 'criteria'>), halt=None)
        tracker_with_retry = <function test_configured_body_writer_rechecks_each_known_unsent_attempt.<locals>.tracker_with_retry at 0x10eb99c60>
        writes     = [{'description': 'Prepared body grounded in the source.', 'id': 'FIX-1'}]
----------------------------- Captured stdout call -----------------------------
2026-09-13 01:34:01 [info     ] organize_admission_attempt     base_ref=aaaaaaaaaaaaaaaaaaaaaaaaaaaaaaaaaaaaaaaa issue_key=FIX-1 prompt_key=organize_assess resumed_session_id=None session_id=None
2026-09-13 01:34:01 [info     ] stream_drained                 duration_api_ms=1 duration_ms=1 event_count=1 events={'result': 1} has_structured_output=True is_error=False num_turns=1 rate_limit_rejected=False result_event_observed=True result_tail='Author rationale must never be forwarded.' session_id=previous-agent-session site=organize_assess stop_reason=None subtype=result total_cost_usd=None usage=None
2026-09-13 01:34:01 [info     ] stream_drained                 duration_api_ms=1 duration_ms=1 event_count=1 events={'result': 1} has_structured_output=True is_error=False num_turns=1 rate_limit_rejected=False result_event_observed=True result_tail='Author rationale must never be forwarded.' session_id=previous-agent-session site=organize_author stop_reason=None subtype=result total_cost_usd=None usage=None
2026-09-13 01:34:01 [info     ] outbound_content_gated         categories=[] content_digest=f89d1825e4481064a8b5a1ea1946290f442ebe4ad9e7445547d1046d6df1fd1c failure=None hits=[] surface=tracker verdict=clean visibility=private writer=tracker_description
2026-09-13 01:34:01 [warning  ] tracker_mcp_retry              attempt=0 delay_seconds=0.0 tool=save_issue
2026-09-13 01:34:01 [info     ] stream_drained                 duration_api_ms=1 duration_ms=1 event_count=1 events={'result': 1} has_structured_output=True is_error=False num_turns=1 rate_limit_rejected=False result_event_observed=True result_tail='Author rationale must never be forwarded.' session_id=previous-agent-session site=write_back_verify stop_reason=None subtype=result total_cost_usd=None usage=None
2026-09-13 01:34:01 [info     ] organize_admission_attempt     base_ref=aaaaaaaaaaaaaaaaaaaaaaaaaaaaaaaaaaaaaaaa issue_key=FIX-1 prompt_key=organize_verify resumed_session_id=None session_id=None
2026-09-13 01:34:01 [info     ] stream_drained                 duration_api_ms=1 duration_ms=1 event_count=1 events={'result': 1} has_structured_output=True is_error=False num_turns=1 rate_limit_rejected=False result_event_observed=True result_tail='Author rationale must never be forwarded.' session_id=previous-agent-session site=organize_verify stop_reason=None subtype=result total_cost_usd=None usage=None
2026-09-13 01:34:01 [info     ] organize_admission_attempt     base_ref=aaaaaaaaaaaaaaaaaaaaaaaaaaaaaaaaaaaaaaaa issue_key=FIX-1 prompt_key=organize_verify resumed_session_id=None session_id=None
2026-09-13 01:34:01 [info     ] stream_drained                 duration_api_ms=1 duration_ms=1 event_count=1 events={'result': 1} has_structured_output=True is_error=False num_turns=1 rate_limit_rejected=False result_event_observed=True result_tail='Author rationale must never be forwarded.' session_id=previous-agent-session site=organize_verify stop_reason=None subtype=result total_cost_usd=None usage=None
2026-09-13 01:34:01 [info     ] stream_drained                 duration_api_ms=1 duration_ms=1 event_count=1 events={'result': 1} has_structured_output=True is_error=False num_turns=1 rate_limit_rejected=False result_event_observed=True result_tail='Author rationale must never be forwarded.' session_id=previous-agent-session site=write_back_verify stop_reason=None subtype=result total_cost_usd=None usage=None
2026-09-13 01:34:01 [info     ] organize_admission_attempt     base_ref=aaaaaaaaaaaaaaaaaaaaaaaaaaaaaaaaaaaaaaaa issue_key=FIX-1 prompt_key=organize_assess resumed_session_id=None session_id=None
2026-09-13 01:34:01 [info     ] stream_drained                 duration_api_ms=1 duration_ms=1 event_count=1 events={'result': 1} has_structured_output=True is_error=False num_turns=1 rate_limit_rejected=False result_event_observed=True result_tail='Author rationale must never be forwarded.' session_id=previous-agent-session site=organize_assess stop_reason=None subtype=result total_cost_usd=None usage=None
2026-09-13 01:34:01 [info     ] organize_admission_attempt     base_ref=aaaaaaaaaaaaaaaaaaaaaaaaaaaaaaaaaaaaaaaa issue_key=FIX-1 prompt_key=organize_verify resumed_session_id=None session_id=None
2026-09-13 01:34:01 [info     ] stream_drained                 duration_api_ms=1 duration_ms=1 event_count=1 events={'result': 1} has_structured_output=True is_error=False num_turns=1 rate_limit_rejected=False result_event_observed=True result_tail='Author rationale must never be forwarded.' session_id=previous-agent-session site=organize_verify stop_reason=None subtype=result total_cost_usd=None usage=None
2026-09-13 01:34:01 [info     ] stream_drained                 duration_api_ms=1 duration_ms=1 event_count=1 events={'result': 1} has_structured_output=True is_error=False num_turns=1 rate_limit_rejected=False result_event_observed=True result_tail='Author rationale must never be forwarded.' session_id=previous-agent-session site=write_back_verify stop_reason=None subtype=result total_cost_usd=None usage=None
2026-09-13 01:34:01 [info     ] organize_admission_attempt     base_ref=aaaaaaaaaaaaaaaaaaaaaaaaaaaaaaaaaaaaaaaa issue_key=FIX-1 prompt_key=organize_assess resumed_session_id=None session_id=None
2026-09-13 01:34:01 [info     ] stream_drained                 duration_api_ms=1 duration_ms=1 event_count=1 events={'result': 1} has_structured_output=True is_error=False num_turns=1 rate_limit_rejected=False result_event_observed=True result_tail='Author rationale must never be forwarded.' session_id=previous-agent-session site=organize_assess stop_reason=None subtype=result total_cost_usd=None usage=None
2026-09-13 01:34:01 [info     ] stream_drained                 duration_api_ms=1 duration_ms=1 event_count=1 events={'result': 1} has_structured_output=True is_error=False num_turns=1 rate_limit_rejected=False result_event_observed=True result_tail='Author rationale must never be forwarded.' session_id=previous-agent-session site=organize_criteria_author stop_reason=None subtype=result total_cost_usd=None usage=None
2026-09-13 01:34:01 [info     ] outbound_content_gated         categories=[] content_digest=444ea9545cc64bfb5c76d9ebd806e35d1175eabac77e2447a23aba20ee5dd4bb failure=None hits=[] surface=tracker verdict=clean visibility=private writer=tracker_description
2026-09-13 01:34:01 [info     ] outbound_content_gated         categories=[] content_digest=6cccd0622ce623addb5e69d3e39e752fb7fb3714d72d017e33d3aa0e13331ff2 failure=None hits=[] surface=tracker verdict=clean visibility=private writer=tracker_title
2026-09-13 01:34:01 [info     ] stream_drained                 duration_api_ms=1 duration_ms=1 event_count=1 events={'result': 1} has_structured_output=True is_error=False num_turns=1 rate_limit_rejected=False result_event_observed=True result_tail='Author rationale must never be forwarded.' session_id=previous-agent-session site=write_back_verify stop_reason=None subtype=result total_cost_usd=None usage=None
2026-09-13 01:34:01 [info     ] organize_admission_attempt     base_ref=aaaaaaaaaaaaaaaaaaaaaaaaaaaaaaaaaaaaaaaa issue_key=FIX-1 prompt_key=organize_verify resumed_session_id=None session_id=None
2026-09-13 01:34:01 [info     ] stream_drained                 duration_api_ms=1 duration_ms=1 event_count=1 events={'result': 1} has_structured_output=True is_error=False num_turns=1 rate_limit_rejected=False result_event_observed=True result_tail='Author rationale must never be forwarded.' session_id=previous-agent-session site=organize_verify stop_reason=None subtype=result total_cost_usd=None usage=None
2026-09-13 01:34:01 [info     ] organize_admission_attempt     base_ref=aaaaaaaaaaaaaaaaaaaaaaaaaaaaaaaaaaaaaaaa issue_key=FIX-1 prompt_key=organize_verify resumed_session_id=None session_id=None
2026-09-13 01:34:01 [info     ] stream_drained                 duration_api_ms=1 duration_ms=1 event_count=1 events={'result': 1} has_structured_output=True is_error=False num_turns=1 rate_limit_rejected=False result_event_observed=True result_tail='Author rationale must never be forwarded.' session_id=previous-agent-session site=organize_verify stop_reason=None subtype=result total_cost_usd=None usage=None
2026-09-13 01:34:01 [info     ] organize_admission_attempt     base_ref=aaaaaaaaaaaaaaaaaaaaaaaaaaaaaaaaaaaaaaaa issue_key=NEW-5 prompt_key=organize_verify resumed_session_id=None session_id=None
2026-09-13 01:34:01 [info     ] stream_drained                 duration_api_ms=1 duration_ms=1 event_count=1 events={'result': 1} has_structured_output=True is_error=False num_turns=1 rate_limit_rejected=False result_event_observed=True result_tail='Author rationale must never be forwarded.' session_id=previous-agent-session site=organize_verify stop_reason=None subtype=result total_cost_usd=None usage=None
2026-09-13 01:34:01 [info     ] stream_drained                 duration_api_ms=1 duration_ms=1 event_count=1 events={'result': 1} has_structured_output=True is_error=False num_turns=1 rate_limit_rejected=False result_event_observed=True result_tail='Author rationale must never be forwarded.' session_id=previous-agent-session site=write_back_verify stop_reason=None subtype=result total_cost_usd=None usage=None
=========================== short test summary info ============================
FAILED tests/chains/test_organize_description_authority.py::test_configured_body_writer_rechecks_each_known_unsent_attempt[expired]
1 failed, 4 deselected in 0.84s
