............................................FFF.FFF....F........F....    [100%]
=================================== FAILURES ===================================
_______ test_each_pass_sends_its_own_rendered_prompt_on_its_own_cadence ________

tmp_path = PosixPath('/private/var/folders/lv/b1m7q5dj1yd5gn9s9rknw43h0000gq/T/pytest-of-kodezart/pytest-2017/test_each_pass_sends_its_own_r0')

    async def test_each_pass_sends_its_own_rendered_prompt_on_its_own_cadence(
        tmp_path: Path,
    ) -> None:
        """One tick each: two sessions, two prompts, two configured intervals."""
>       registered, runner = await _registrations(tmp_path)
                             ^^^^^^^^^^^^^^^^^^^^^^^^^^^^^^

tests/services/test_prompt_passes.py:246: 
_ _ _ _ _ _ _ _ _ _ _ _ _ _ _ _ _ _ _ _ _ _ _ _ _ _ _ _ _ _ _ _ _ _ _ _ _ _ _ _ 

tmp_path = PosixPath('/private/var/folders/lv/b1m7q5dj1yd5gn9s9rknw43h0000gq/T/pytest-of-kodezart/pytest-2017/test_each_pass_sends_its_own_r0')
tracker = None, operation = None, overrides = {}
declared = OperationConfig(operation_name='example-operation', workspace='example-workspace', principals=[Principal(tracker_user=...repository': 'kodezart-repo', 'run_outcome': 'run-outcome'}, scope_labels={}, organize_mandates=(), organize_scopes=())
prompts = <kodezart.adapters.in_repo_prompt_registry.InRepoPromptRegistry object at 0x10ac79760>
runner = <tests.fakes.FakeAgentRunner object at 0x10ac8bd10>

    async def _registrations(
        tmp_path: Path,
        *,
        tracker: FakeTrackerPort | None = None,
        operation: OperationConfig | None = None,
        **overrides: object,
    ) -> tuple[list[ScheduledPass], FakeAgentRunner]:
        """The passes exactly as the composition registers them."""
        declared = example_config() if operation is None else operation
        prompts = load_registry(bindings=dict(bindings_for(declared)))
        runner = FakeAgentRunner(events=[])
        return (
>           await build_prompt_passes(
                recorder=RunRecorder(records={}, sinks={}),
                config=_config(tmp_path, **overrides),
                operation=declared,
                prompts=prompts,
                dialled=dialled_over(tracker, declared),
                runner=runner,
                skills=SUPPRESS_ALL_SKILLS,
            ),
            runner,
        )
E       TypeError: build_prompt_passes() missing 1 required keyword-only argument: 'organize'

tests/services/test_prompt_passes.py:176: TypeError
_________ test_the_registrations_take_every_cadence_from_configuration _________

tmp_path = PosixPath('/private/var/folders/lv/b1m7q5dj1yd5gn9s9rknw43h0000gq/T/pytest-of-kodezart/pytest-2017/test_the_registrations_take_ev0')

    async def test_the_registrations_take_every_cadence_from_configuration(
        tmp_path: Path,
    ) -> None:
        """Each pass carries the interval its own knob holds, never a shared one."""
>       registered, _ = await _registrations(tmp_path)
                        ^^^^^^^^^^^^^^^^^^^^^^^^^^^^^^

tests/services/test_prompt_passes.py:270: 
_ _ _ _ _ _ _ _ _ _ _ _ _ _ _ _ _ _ _ _ _ _ _ _ _ _ _ _ _ _ _ _ _ _ _ _ _ _ _ _ 

tmp_path = PosixPath('/private/var/folders/lv/b1m7q5dj1yd5gn9s9rknw43h0000gq/T/pytest-of-kodezart/pytest-2017/test_the_registrations_take_ev0')
tracker = None, operation = None, overrides = {}
declared = OperationConfig(operation_name='example-operation', workspace='example-workspace', principals=[Principal(tracker_user=...repository': 'kodezart-repo', 'run_outcome': 'run-outcome'}, scope_labels={}, organize_mandates=(), organize_scopes=())
prompts = <kodezart.adapters.in_repo_prompt_registry.InRepoPromptRegistry object at 0x10acbdd00>
runner = <tests.fakes.FakeAgentRunner object at 0x10acbe0c0>

    async def _registrations(
        tmp_path: Path,
        *,
        tracker: FakeTrackerPort | None = None,
        operation: OperationConfig | None = None,
        **overrides: object,
    ) -> tuple[list[ScheduledPass], FakeAgentRunner]:
        """The passes exactly as the composition registers them."""
        declared = example_config() if operation is None else operation
        prompts = load_registry(bindings=dict(bindings_for(declared)))
        runner = FakeAgentRunner(events=[])
        return (
>           await build_prompt_passes(
                recorder=RunRecorder(records={}, sinks={}),
                config=_config(tmp_path, **overrides),
                operation=declared,
                prompts=prompts,
                dialled=dialled_over(tracker, declared),
                runner=runner,
                skills=SUPPRESS_ALL_SKILLS,
            ),
            runner,
        )
E       TypeError: build_prompt_passes() missing 1 required keyword-only argument: 'organize'

tests/services/test_prompt_passes.py:176: TypeError
_________ test_the_registrations_take_every_budget_from_configuration __________

tmp_path = PosixPath('/private/var/folders/lv/b1m7q5dj1yd5gn9s9rknw43h0000gq/T/pytest-of-kodezart/pytest-2017/test_the_registrations_take_ev1')

    async def test_the_registrations_take_every_budget_from_configuration(
        tmp_path: Path,
    ) -> None:
        """Each pass carries the timeout its own knob holds, never its cadence."""
>       registered, _ = await _registrations(tmp_path)
                        ^^^^^^^^^^^^^^^^^^^^^^^^^^^^^^

tests/services/test_prompt_passes.py:282: 
_ _ _ _ _ _ _ _ _ _ _ _ _ _ _ _ _ _ _ _ _ _ _ _ _ _ _ _ _ _ _ _ _ _ _ _ _ _ _ _ 

tmp_path = PosixPath('/private/var/folders/lv/b1m7q5dj1yd5gn9s9rknw43h0000gq/T/pytest-of-kodezart/pytest-2017/test_the_registrations_take_ev1')
tracker = None, operation = None, overrides = {}
declared = OperationConfig(operation_name='example-operation', workspace='example-workspace', principals=[Principal(tracker_user=...repository': 'kodezart-repo', 'run_outcome': 'run-outcome'}, scope_labels={}, organize_mandates=(), organize_scopes=())
prompts = <kodezart.adapters.in_repo_prompt_registry.InRepoPromptRegistry object at 0x10ae54c80>
runner = <tests.fakes.FakeAgentRunner object at 0x10ae54e00>

    async def _registrations(
        tmp_path: Path,
        *,
        tracker: FakeTrackerPort | None = None,
        operation: OperationConfig | None = None,
        **overrides: object,
    ) -> tuple[list[ScheduledPass], FakeAgentRunner]:
        """The passes exactly as the composition registers them."""
        declared = example_config() if operation is None else operation
        prompts = load_registry(bindings=dict(bindings_for(declared)))
        runner = FakeAgentRunner(events=[])
        return (
>           await build_prompt_passes(
                recorder=RunRecorder(records={}, sinks={}),
                config=_config(tmp_path, **overrides),
                operation=declared,
                prompts=prompts,
                dialled=dialled_over(tracker, declared),
                runner=runner,
                skills=SUPPRESS_ALL_SKILLS,
            ),
            runner,
        )
E       TypeError: build_prompt_passes() missing 1 required keyword-only argument: 'organize'

tests/services/test_prompt_passes.py:176: TypeError
________ test_gating_is_per_pass_configuration_and_the_defaults_differ _________

tmp_path = PosixPath('/private/var/folders/lv/b1m7q5dj1yd5gn9s9rknw43h0000gq/T/pytest-of-kodezart/pytest-2017/test_gating_is_per_pass_config0')

    async def test_gating_is_per_pass_configuration_and_the_defaults_differ(
        tmp_path: Path,
    ) -> None:
        """Fire-prep ships gated on two of its streams; grooming ships ungated.
    
        Asserted through a tick rather than by reading the wiring: what
        matters is that a quiet board skips one pass and still runs the other.
        """
        tracker = FakeTrackerPort()
>       registered, runner = await _registrations(tmp_path, tracker=tracker)
                             ^^^^^^^^^^^^^^^^^^^^^^^^^^^^^^^^^^^^^^^^^^^^^^^

tests/services/test_prompt_passes.py:313: 
_ _ _ _ _ _ _ _ _ _ _ _ _ _ _ _ _ _ _ _ _ _ _ _ _ _ _ _ _ _ _ _ _ _ _ _ _ _ _ _ 

tmp_path = PosixPath('/private/var/folders/lv/b1m7q5dj1yd5gn9s9rknw43h0000gq/T/pytest-of-kodezart/pytest-2017/test_gating_is_per_pass_config0')
tracker = <tests.fakes.FakeTrackerPort object at 0x10ae55b80>, operation = None
overrides = {}
declared = OperationConfig(operation_name='example-operation', workspace='example-workspace', principals=[Principal(tracker_user=...repository': 'kodezart-repo', 'run_outcome': 'run-outcome'}, scope_labels={}, organize_mandates=(), organize_scopes=())
prompts = <kodezart.adapters.in_repo_prompt_registry.InRepoPromptRegistry object at 0x10ae56ea0>
runner = <tests.fakes.FakeAgentRunner object at 0x10ae57800>

    async def _registrations(
        tmp_path: Path,
        *,
        tracker: FakeTrackerPort | None = None,
        operation: OperationConfig | None = None,
        **overrides: object,
    ) -> tuple[list[ScheduledPass], FakeAgentRunner]:
        """The passes exactly as the composition registers them."""
        declared = example_config() if operation is None else operation
        prompts = load_registry(bindings=dict(bindings_for(declared)))
        runner = FakeAgentRunner(events=[])
        return (
>           await build_prompt_passes(
                recorder=RunRecorder(records={}, sinks={}),
                config=_config(tmp_path, **overrides),
                operation=declared,
                prompts=prompts,
                dialled=dialled_over(tracker, declared),
                runner=runner,
                skills=SUPPRESS_ALL_SKILLS,
            ),
            runner,
        )
E       TypeError: build_prompt_passes() missing 1 required keyword-only argument: 'organize'

tests/services/test_prompt_passes.py:176: TypeError
_________________ test_an_operator_can_gate_or_ungate_any_pass _________________

tmp_path = PosixPath('/private/var/folders/lv/b1m7q5dj1yd5gn9s9rknw43h0000gq/T/pytest-of-kodezart/pytest-2017/test_an_operator_can_gate_or_u0')

    async def test_an_operator_can_gate_or_ungate_any_pass(tmp_path: Path) -> None:
        """The knob is real in both directions, over the same quiet board."""
        quiet = FakeTrackerPort()
>       gated, gated_runner = await _registrations(
            tmp_path,
            tracker=quiet,
            grooming_pass_gate_signals=[PassSignal.issues_changed],
            fire_prep_pass_gate_signals=[],
        )

tests/services/test_prompt_passes.py:339: 
_ _ _ _ _ _ _ _ _ _ _ _ _ _ _ _ _ _ _ _ _ _ _ _ _ _ _ _ _ _ _ _ _ _ _ _ _ _ _ _ 

tmp_path = PosixPath('/private/var/folders/lv/b1m7q5dj1yd5gn9s9rknw43h0000gq/T/pytest-of-kodezart/pytest-2017/test_an_operator_can_gate_or_u0')
tracker = <tests.fakes.FakeTrackerPort object at 0x10acbdc70>, operation = None
overrides = {'fire_prep_pass_gate_signals': [], 'grooming_pass_gate_signals': [<PassSignal.issues_changed: 'issues_changed'>]}
declared = OperationConfig(operation_name='example-operation', workspace='example-workspace', principals=[Principal(tracker_user=...repository': 'kodezart-repo', 'run_outcome': 'run-outcome'}, scope_labels={}, organize_mandates=(), organize_scopes=())
prompts = <kodezart.adapters.in_repo_prompt_registry.InRepoPromptRegistry object at 0x10adc0aa0>
runner = <tests.fakes.FakeAgentRunner object at 0x10adc0bc0>

    async def _registrations(
        tmp_path: Path,
        *,
        tracker: FakeTrackerPort | None = None,
        operation: OperationConfig | None = None,
        **overrides: object,
    ) -> tuple[list[ScheduledPass], FakeAgentRunner]:
        """The passes exactly as the composition registers them."""
        declared = example_config() if operation is None else operation
        prompts = load_registry(bindings=dict(bindings_for(declared)))
        runner = FakeAgentRunner(events=[])
        return (
>           await build_prompt_passes(
                recorder=RunRecorder(records={}, sinks={}),
                config=_config(tmp_path, **overrides),
                operation=declared,
                prompts=prompts,
                dialled=dialled_over(tracker, declared),
                runner=runner,
                skills=SUPPRESS_ALL_SKILLS,
            ),
            runner,
        )
E       TypeError: build_prompt_passes() missing 1 required keyword-only argument: 'organize'

tests/services/test_prompt_passes.py:176: TypeError
_________ test_a_declared_signal_with_no_tracker_runs_the_pass_ungated _________

tmp_path = PosixPath('/private/var/folders/lv/b1m7q5dj1yd5gn9s9rknw43h0000gq/T/pytest-of-kodezart/pytest-2017/test_a_declared_signal_with_no0')

    async def test_a_declared_signal_with_no_tracker_runs_the_pass_ungated(
        tmp_path: Path,
    ) -> None:
        """Absent gate and quiet gate are different states, never conflated."""
>       registered, runner = await _registrations(tmp_path, tracker=None)
                             ^^^^^^^^^^^^^^^^^^^^^^^^^^^^^^^^^^^^^^^^^^^^

tests/services/test_prompt_passes.py:364: 
_ _ _ _ _ _ _ _ _ _ _ _ _ _ _ _ _ _ _ _ _ _ _ _ _ _ _ _ _ _ _ _ _ _ _ _ _ _ _ _ 

tmp_path = PosixPath('/private/var/folders/lv/b1m7q5dj1yd5gn9s9rknw43h0000gq/T/pytest-of-kodezart/pytest-2017/test_a_declared_signal_with_no0')
tracker = None, operation = None, overrides = {}
declared = OperationConfig(operation_name='example-operation', workspace='example-workspace', principals=[Principal(tracker_user=...repository': 'kodezart-repo', 'run_outcome': 'run-outcome'}, scope_labels={}, organize_mandates=(), organize_scopes=())
prompts = <kodezart.adapters.in_repo_prompt_registry.InRepoPromptRegistry object at 0x10adc2fc0>
runner = <tests.fakes.FakeAgentRunner object at 0x10adc1340>

    async def _registrations(
        tmp_path: Path,
        *,
        tracker: FakeTrackerPort | None = None,
        operation: OperationConfig | None = None,
        **overrides: object,
    ) -> tuple[list[ScheduledPass], FakeAgentRunner]:
        """The passes exactly as the composition registers them."""
        declared = example_config() if operation is None else operation
        prompts = load_registry(bindings=dict(bindings_for(declared)))
        runner = FakeAgentRunner(events=[])
        return (
>           await build_prompt_passes(
                recorder=RunRecorder(records={}, sinks={}),
                config=_config(tmp_path, **overrides),
                operation=declared,
                prompts=prompts,
                dialled=dialled_over(tracker, declared),
                runner=runner,
                skills=SUPPRESS_ALL_SKILLS,
            ),
            runner,
        )
E       TypeError: build_prompt_passes() missing 1 required keyword-only argument: 'organize'

tests/services/test_prompt_passes.py:176: TypeError
___________ test_the_shipped_example_wires_without_a_render_refusal ____________

tmp_path = PosixPath('/private/var/folders/lv/b1m7q5dj1yd5gn9s9rknw43h0000gq/T/pytest-of-kodezart/pytest-2017/test_the_shipped_example_wires0')

    async def test_the_shipped_example_wires_without_a_render_refusal(
        tmp_path: Path,
    ) -> None:
        """Non-vacuity: the refusal above is the config's, not the check's."""
>       assert len((await _registrations(tmp_path))[0]) == len(
                    ^^^^^^^^^^^^^^^^^^^^^^^^^^^^^^
            (PromptKey.FIRE_PREP_PASS, PromptKey.GROOMING_PASS)
        )

tests/services/test_prompt_passes.py:497: 
_ _ _ _ _ _ _ _ _ _ _ _ _ _ _ _ _ _ _ _ _ _ _ _ _ _ _ _ _ _ _ _ _ _ _ _ _ _ _ _ 

tmp_path = PosixPath('/private/var/folders/lv/b1m7q5dj1yd5gn9s9rknw43h0000gq/T/pytest-of-kodezart/pytest-2017/test_the_shipped_example_wires0')
tracker = None, operation = None, overrides = {}
declared = OperationConfig(operation_name='example-operation', workspace='example-workspace', principals=[Principal(tracker_user=...repository': 'kodezart-repo', 'run_outcome': 'run-outcome'}, scope_labels={}, organize_mandates=(), organize_scopes=())
prompts = <kodezart.adapters.in_repo_prompt_registry.InRepoPromptRegistry object at 0x10adea6f0>
runner = <tests.fakes.FakeAgentRunner object at 0x10ac7a2d0>

    async def _registrations(
        tmp_path: Path,
        *,
        tracker: FakeTrackerPort | None = None,
        operation: OperationConfig | None = None,
        **overrides: object,
    ) -> tuple[list[ScheduledPass], FakeAgentRunner]:
        """The passes exactly as the composition registers them."""
        declared = example_config() if operation is None else operation
        prompts = load_registry(bindings=dict(bindings_for(declared)))
        runner = FakeAgentRunner(events=[])
        return (
>           await build_prompt_passes(
                recorder=RunRecorder(records={}, sinks={}),
                config=_config(tmp_path, **overrides),
                operation=declared,
                prompts=prompts,
                dialled=dialled_over(tracker, declared),
                runner=runner,
                skills=SUPPRESS_ALL_SKILLS,
            ),
            runner,
        )
E       TypeError: build_prompt_passes() missing 1 required keyword-only argument: 'organize'

tests/services/test_prompt_passes.py:176: TypeError
______________________ test_adding_a_pass_is_a_table_row _______________________

tmp_path = PosixPath('/private/var/folders/lv/b1m7q5dj1yd5gn9s9rknw43h0000gq/T/pytest-of-kodezart/pytest-2017/test_adding_a_pass_is_a_table_0')

    async def test_adding_a_pass_is_a_table_row(tmp_path: Path) -> None:
        """The open-closed claim, executable.
    
        A third pass needs a prompt key, an interval and a signal list — and
        nothing structural. Standing in for the third row with a re-pointed
        existing one proves the shape carries its own key, interval and gate
        rather than any of the three being wired per pass.
        """
        tracker = FakeTrackerPort(
            issues=[make_tracker_issue("FIX-1", team_key=example_config().team_keys()[0])],
        )
>       registered, runner = await _registrations(
            tmp_path,
            tracker=tracker,
            fire_prep_pass_gate_signals=[PassSignal.approved_changed],
            grooming_pass_gate_signals=[PassSignal.approved_changed],
        )

tests/services/test_prompt_passes.py:860: 
_ _ _ _ _ _ _ _ _ _ _ _ _ _ _ _ _ _ _ _ _ _ _ _ _ _ _ _ _ _ _ _ _ _ _ _ _ _ _ _ 

tmp_path = PosixPath('/private/var/folders/lv/b1m7q5dj1yd5gn9s9rknw43h0000gq/T/pytest-of-kodezart/pytest-2017/test_adding_a_pass_is_a_table_0')
tracker = <tests.fakes.FakeTrackerPort object at 0x10ade8b60>, operation = None
overrides = {'fire_prep_pass_gate_signals': [<PassSignal.approved_changed: 'approved_changed'>], 'grooming_pass_gate_signals': [<PassSignal.approved_changed: 'approved_changed'>]}
declared = OperationConfig(operation_name='example-operation', workspace='example-workspace', principals=[Principal(tracker_user=...repository': 'kodezart-repo', 'run_outcome': 'run-outcome'}, scope_labels={}, organize_mandates=(), organize_scopes=())
prompts = <kodezart.adapters.in_repo_prompt_registry.InRepoPromptRegistry object at 0x10adeaf60>
runner = <tests.fakes.FakeAgentRunner object at 0x10adea1e0>

    async def _registrations(
        tmp_path: Path,
        *,
        tracker: FakeTrackerPort | None = None,
        operation: OperationConfig | None = None,
        **overrides: object,
    ) -> tuple[list[ScheduledPass], FakeAgentRunner]:
        """The passes exactly as the composition registers them."""
        declared = example_config() if operation is None else operation
        prompts = load_registry(bindings=dict(bindings_for(declared)))
        runner = FakeAgentRunner(events=[])
        return (
>           await build_prompt_passes(
                recorder=RunRecorder(records={}, sinks={}),
                config=_config(tmp_path, **overrides),
                operation=declared,
                prompts=prompts,
                dialled=dialled_over(tracker, declared),
                runner=runner,
                skills=SUPPRESS_ALL_SKILLS,
            ),
            runner,
        )
E       TypeError: build_prompt_passes() missing 1 required keyword-only argument: 'organize'

tests/services/test_prompt_passes.py:176: TypeError
=========================== short test summary info ============================
FAILED tests/services/test_prompt_passes.py::test_each_pass_sends_its_own_rendered_prompt_on_its_own_cadence
FAILED tests/services/test_prompt_passes.py::test_the_registrations_take_every_cadence_from_configuration
FAILED tests/services/test_prompt_passes.py::test_the_registrations_take_every_budget_from_configuration
FAILED tests/services/test_prompt_passes.py::test_gating_is_per_pass_configuration_and_the_defaults_differ
FAILED tests/services/test_prompt_passes.py::test_an_operator_can_gate_or_ungate_any_pass
FAILED tests/services/test_prompt_passes.py::test_a_declared_signal_with_no_tracker_runs_the_pass_ungated
FAILED tests/services/test_prompt_passes.py::test_the_shipped_example_wires_without_a_render_refusal
FAILED tests/services/test_prompt_passes.py::test_adding_a_pass_is_a_table_row
8 failed, 61 passed in 30.66s
