src/kodezart/domain/criterion_creation.py:7: error: Skipping analyzing "kodezart.domain.fire_spec": module is installed, but missing library stubs or py.typed marker  [import-untyped]
src/kodezart/core/protocols.py:3: error: Skipping analyzing "kodezart.types.domain.tracker_writes": module is installed, but missing library stubs or py.typed marker  [import-untyped]
src/kodezart/core/protocols.py:5: error: Module "kodezart.types.domain.surface" has no attribute "DescriptionWriteAuthority"  [attr-defined]
src/kodezart/adapters/_mcp_mapping.py:174: error: Missing return statement  [return]
src/kodezart/services/organize_context.py:9: error: Skipping analyzing "kodezart.services.ruling_records": module is installed, but missing library stubs or py.typed marker  [import-untyped]
src/kodezart/adapters/linear_mcp_tracker.py:12: error: Skipping analyzing "kodezart.types.domain.tracker_writes": module is installed, but missing library stubs or py.typed marker  [import-untyped]
src/kodezart/adapters/linear_mcp_tracker.py:12: note: See https://mypy.readthedocs.io/en/stable/running_mypy.html#missing-imports
src/kodezart/adapters/linear_mcp_tracker.py:14: error: Module "kodezart.types.domain.surface" has no attribute "DescriptionWriteAuthority"  [attr-defined]
src/kodezart/adapters/linear_mcp_tracker.py:16: error: Module "kodezart.domain.tracker_writes" has no attribute "description_replacement"  [attr-defined]
src/kodezart/adapters/linear_mcp_tracker.py:18: error: Skipping analyzing "kodezart.domain.criterion_amendment": module is installed, but missing library stubs or py.typed marker  [import-untyped]
src/kodezart/adapters/linear_mcp_tracker.py:22: error: Module "kodezart.adapters.linear_mcp_types" has no attribute "LINEAR_WORKFLOW_STATES"  [attr-defined]
src/kodezart/adapters/linear_mcp_tracker.py:40: error: Skipping analyzing "kodezart.domain.scope_approval": module is installed, but missing library stubs or py.typed marker  [import-untyped]
src/kodezart/adapters/linear_mcp_tracker.py:3339: error: "LinearMcpTracker" has no attribute "_read_scope_issue"  [attr-defined]
src/kodezart/adapters/linear_mcp_tracker.py:3340: error: Returning Any from function declared to return "frozenset[ScopeLabel]"  [no-any-return]
src/kodezart/adapters/linear_mcp_tracker.py:3346: error: Returning Any from function declared to return "frozenset[ScopeLabel]"  [no-any-return]
src/kodezart/adapters/linear_mcp_tracker.py:3346: error: "LinearMcpTracker" has no attribute "_scope_label_members"  [attr-defined]
src/kodezart/adapters/linear_mcp_tracker.py:3356: error: "LinearMcpTracker" has no attribute "_scope_labels"; maybe "_issue_labels"?  [attr-defined]
src/kodezart/adapters/linear_mcp_tracker.py:3365: error: "LinearMcpTracker" has no attribute "_read_scope_issue"  [attr-defined]
src/kodezart/adapters/linear_mcp_tracker.py:3387: error: Returning Any from function declared to return "tuple[ScopeContainer, ...]"  [no-any-return]
src/kodezart/adapters/linear_mcp_tracker.py:3387: error: "LinearScopeReader" has no attribute "project_milestones"  [attr-defined]
src/kodezart/adapters/linear_mcp_tracker.py:3532: error: "LinearMcpTracker" has no attribute "_issue_identity"  [attr-defined]
src/kodezart/adapters/linear_mcp_tracker.py:3625: error: "LinearMcpTracker" has no attribute "_issue_identity"  [attr-defined]
src/kodezart/adapters/linear_mcp_tracker.py:3631: error: "LinearMcpTracker" has no attribute "_issue_identity"  [attr-defined]
src/kodezart/adapters/linear_mcp_tracker.py:3648: error: "LinearMcpTracker" has no attribute "_issue_identity"  [attr-defined]
src/kodezart/adapters/linear_mcp_tracker.py:3709: error: Returning Any from function declared to return "str"  [no-any-return]
src/kodezart/adapters/linear_mcp_tracker.py:3735: error: "LinearMcpTracker" has no attribute "_scope_labels"; maybe "_issue_labels"?  [attr-defined]
src/kodezart/adapters/linear_mcp_tracker.py:3776: error: "LinearMcpTracker" has no attribute "_issue_identity"  [attr-defined]
src/kodezart/adapters/linear_mcp_tracker.py:3787: error: Returning Any from function declared to return "IssueIdentity | None"  [no-any-return]
src/kodezart/adapters/linear_mcp_tracker.py:3787: error: "LinearMcpTracker" has no attribute "_issue_identity"  [attr-defined]
src/kodezart/adapters/linear_mcp_tracker.py:3823: error: "LinearMcpTracker" has no attribute "_issue_identity"  [attr-defined]
src/kodezart/adapters/linear_mcp_tracker.py:3912: error: "LinearMcpTracker" has no attribute "_issue_identity"  [attr-defined]
src/kodezart/adapters/linear_mcp_tracker.py:3914: error: "LinearMcpTracker" has no attribute "_issue_identity"  [attr-defined]
src/kodezart/chains/organize_author.py:95: error: Argument "site" to "judge_in_workspace" has incompatible type "Literal['organize_criteria_author', 'organize_author']"; expected "Literal['ticket_creator', 'ticket_reviewer', 'branch_name', 'acceptance_criteria', 'criteria_validation', 'ralph_evaluator', 'post_merge_review', 'pr_description', 'commit_message', 'remediation_ticket', 'content_audit', 'write_back_verify']"  [arg-type]
src/kodezart/chains/organize.py:56: error: Argument "site" to "_judge" of "OrganizeAdmission" has incompatible type "Literal['organize_assess']"; expected "Literal['ticket_creator', 'ticket_reviewer', 'branch_name', 'acceptance_criteria', 'criteria_validation', 'ralph_evaluator', 'post_merge_review', 'pr_description', 'commit_message', 'remediation_ticket', 'content_audit', 'write_back_verify']"  [arg-type]
src/kodezart/chains/organize.py:62: error: Argument "site" to "_judge" of "OrganizeAdmission" has incompatible type "Literal['organize_verify']"; expected "Literal['ticket_creator', 'ticket_reviewer', 'branch_name', 'acceptance_criteria', 'criteria_validation', 'ralph_evaluator', 'post_merge_review', 'pr_description', 'commit_message', 'remediation_ticket', 'content_audit', 'write_back_verify']"  [arg-type]
src/kodezart/services/organize_owner.py:506: error: "type[OutboundDestination]" has no attribute "TRACKER_TITLE"  [attr-defined]
src/kodezart/services/organize_owner.py:507: error: "type[OutboundDestination]" has no attribute "TRACKER_DESCRIPTION"  [attr-defined]
src/kodezart/services/organize_owner.py:562: error: "type[OutboundDestination]" has no attribute "TRACKER_DESCRIPTION"  [attr-defined]
src/kodezart/services/organize_owner.py:613: error: "type[OutboundDestination]" has no attribute "TRACKER_DESCRIPTION"  [attr-defined]
src/kodezart/services/organize_owner.py:622: error: "type[OutboundDestination]" has no attribute "TRACKER_TITLE"  [attr-defined]
src/kodezart/composition/organize.py:40: error: "AppConfig" has no attribute "write_back"  [attr-defined]
src/kodezart/composition/organize.py:80: error: "AppConfig" has no attribute "write_back"  [attr-defined]
src/kodezart/composition/organize.py:102: error: "AppConfig" has no attribute "write_back"  [attr-defined]
src/kodezart/composition/organize.py:154: error: "AppConfig" has no attribute "git"  [attr-defined]
Found 43 errors in 9 files (checked 204 source files)
