F....................................F......FF....F........F............ [ 60%]
................................................                         [100%]
=================================== FAILURES ===================================
______________ test_all_fields_are_present_with_the_stated_types _______________

    def test_all_fields_are_present_with_the_stated_types() -> None:
        """Field-by-field census: exact equality, never a subset check.
    
        Grew by ``records`` under KOD-112 R3 fix 6 (the write-side destination
        registry) and by ``private_surface`` under KOD-106 R2 (the operator's
        prose description of what this operation treats as private).  The
        census stays total and stays ``==``; a census loosened to a containment
        check stops being one.
        """
        fields = OperationConfig.model_fields
>       assert set(fields) == {
            "operation_name",
            "workspace",
            "principals",
            "agent_identities",
            "teams",
            "queue_states",
            "issue_labels",
            "workflow_states",
            "marker_prefixes",
            "repos",
            "documents",
            "records",
            "knowledge",
            "endpoints",
            "initiatives",
            "private_surface",
        }
E       AssertionError: assert {'agent_ident...owledge', ...} == {'agent_ident...owledge', ...}
E         
E         Extra items in the left set:
E         'scope_labels'
E         'organize_scopes'
E         'organize_mandates'
E         Use -v to get more diff

tests/prompts/test_operation_config.py:133: AssertionError
___________ test_claude_opus_completeness_passes_at_the_full_census ____________

    def test_claude_opus_completeness_passes_at_the_full_census() -> None:
        """KOD-63's completeness rule obliges the default set to supply both."""
>       assert len(PromptKey) == PROMPT_FUNCTION_COUNT
E       assert 23 == 19
E        +  where 23 = len(PromptKey)

tests/prompts/test_operation_config.py:534: AssertionError
_____________ test_placeholder_mapping_is_total_in_both_directions _____________

    def test_placeholder_mapping_is_total_in_both_directions() -> None:
        """Every placeholder maps to one path; every field is template-reachable."""
        rows = markdown_rows("## Placeholder → OperationConfig field")
        mapped = {row[0]: row[1] for row in rows}
        assert len(mapped) == len(rows)
    
        # Direction 1 — no placeholder the templates reference is unmapped.
        referenced = template_placeholders()
>       assert referenced == set(mapped), referenced ^ set(mapped)
E       AssertionError: {'issue_labels.criterion', 'organize_mandates', 'scope_labels', 'scope_labels.approved', 'scope_labels.proposed', 'scope_labels.triage'}
E       assert {'agent_ident...nnector', ...} == {'agent_ident...nnector', ...}
E         
E         Extra items in the left set:
E         'scope_labels'
E         'issue_labels.criterion'
E         'scope_labels.approved'
E         'organize_mandates'
E         'scope_labels.proposed'
E         'scope_labels.triage'
E         Use -v to get more diff

tests/prompts/test_operation_config.py:630: AssertionError
_____ test_every_operation_config_field_is_reachable_from_a_pass_template ______

    def test_every_operation_config_field_is_reachable_from_a_pass_template() -> None:
        """Direction 2 again, straight from the templates to the model.
    
        R2 added four fields — principals, agent_identities, repos, initiatives —
        on the reasoning that the passes consume them.  A field no template can
        reach is a field the port did not actually port.
        """
        reachable = {name.split(".")[0] for name in template_placeholders()}
        native = dict(markdown_rows("## Native OperationConfig consumers"))
        unreachable = set(OperationConfig.model_fields) - reachable - set(native)
>       assert unreachable == set(), f"no pass template reaches {sorted(unreachable)}"
E       AssertionError: no pass template reaches ['organize_scopes']
E       assert {'organize_scopes'} == set()
E         
E         Extra items in the left set:
E         'organize_scopes'
E         Use -v to get more diff

tests/prompts/test_operation_config.py:652: AssertionError
_________________________ test_the_census_is_the_enum __________________________

    def test_the_census_is_the_enum() -> None:
        """The shared census and the enum are one number, checked in one place."""
>       assert len(PromptKey) == PROMPT_FUNCTION_COUNT
E       assert 23 == 19
E        +  where 23 = len(PromptKey)

tests/prompts/test_set_completeness.py:38: AssertionError
__________________ test_the_tag_expectation_covers_every_case __________________

    def test_the_tag_expectation_covers_every_case() -> None:
        """Non-vacuity: no case escapes the convention by being unlisted."""
>       assert set(ARTIFACT_TAGS) == set(ALL_CASES)
E       AssertionError: assert {'acceptance_...idation', ...} == {'acceptance_...idation', ...}
E         
E         Extra items in the right set:
E         'organize_author'
E         'organize_assess'
E         'organize_criteria_author'
E         'organize_verify'
E         Use -v to get more diff

tests/prompts/test_v5_wiring.py:84: AssertionError
=========================== short test summary info ============================
FAILED tests/prompts/test_operation_config.py::test_all_fields_are_present_with_the_stated_types
FAILED tests/prompts/test_operation_config.py::test_claude_opus_completeness_passes_at_the_full_census
FAILED tests/prompts/test_operation_config.py::test_placeholder_mapping_is_total_in_both_directions
FAILED tests/prompts/test_operation_config.py::test_every_operation_config_field_is_reachable_from_a_pass_template
FAILED tests/prompts/test_set_completeness.py::test_the_census_is_the_enum - ...
FAILED tests/prompts/test_v5_wiring.py::test_the_tag_expectation_covers_every_case
6 failed, 114 passed in 3.99s
