
==================================== ERRORS ====================================
____________ ERROR collecting tests/domain/test_ruling_identity.py _____________
ImportError while importing test module '/private/tmp/kodezart-v03-m4-shared-semantic-extraction/tests/domain/test_ruling_identity.py'.
Hint: make sure your test modules/packages have valid Python names.
Traceback:
/Users/kodezart/.local/share/uv/python/cpython-3.12.13-macos-aarch64-none/lib/python3.12/importlib/__init__.py:90: in import_module
    return _bootstrap._gcd_import(name[level:], package, level)
           ^^^^^^^^^^^^^^^^^^^^^^^^^^^^^^^^^^^^^^^^^^^^^^^^^^^^
tests/domain/test_ruling_identity.py:8: in <module>
    from tests.identity_guards import construction_sites as _construction_sites
E   ModuleNotFoundError: No module named 'tests.identity_guards'
__________ ERROR collecting tests/services/test_git_source_lookup.py ___________
ImportError while importing test module '/private/tmp/kodezart-v03-m4-shared-semantic-extraction/tests/services/test_git_source_lookup.py'.
Hint: make sure your test modules/packages have valid Python names.
Traceback:
/Users/kodezart/.local/share/uv/python/cpython-3.12.13-macos-aarch64-none/lib/python3.12/importlib/__init__.py:90: in import_module
    return _bootstrap._gcd_import(name[level:], package, level)
           ^^^^^^^^^^^^^^^^^^^^^^^^^^^^^^^^^^^^^^^^^^^^^^^^^^^^
tests/services/test_git_source_lookup.py:7: in <module>
    from tests.services.test_assertion_drift import PATH, commit, git, source
E   ModuleNotFoundError: No module named 'tests.services.test_assertion_drift'
_________ ERROR collecting tests/tracker/test_issue_ruling_records.py __________
ImportError while importing test module '/private/tmp/kodezart-v03-m4-shared-semantic-extraction/tests/tracker/test_issue_ruling_records.py'.
Hint: make sure your test modules/packages have valid Python names.
Traceback:
/Users/kodezart/.local/share/uv/python/cpython-3.12.13-macos-aarch64-none/lib/python3.12/importlib/__init__.py:90: in import_module
    return _bootstrap._gcd_import(name[level:], package, level)
           ^^^^^^^^^^^^^^^^^^^^^^^^^^^^^^^^^^^^^^^^^^^^^^^^^^^^
tests/tracker/test_issue_ruling_records.py:12: in <module>
    from tests.tracker.test_comment_pages import CommentPageServer, comment
E   ModuleNotFoundError: No module named 'tests.tracker.test_comment_pages'
________ ERROR collecting tests/tracker/test_recorded_ruling_growth.py _________
ImportError while importing test module '/private/tmp/kodezart-v03-m4-shared-semantic-extraction/tests/tracker/test_recorded_ruling_growth.py'.
Hint: make sure your test modules/packages have valid Python names.
Traceback:
/Users/kodezart/.local/share/uv/python/cpython-3.12.13-macos-aarch64-none/lib/python3.12/importlib/__init__.py:90: in import_module
    return _bootstrap._gcd_import(name[level:], package, level)
           ^^^^^^^^^^^^^^^^^^^^^^^^^^^^^^^^^^^^^^^^^^^^^^^^^^^^
tests/tracker/test_recorded_ruling_growth.py:8: in <module>
    from kodezart.domain.errors import RulingRecordReadError, RunShapeReadError
E   ImportError: cannot import name 'RunShapeReadError' from 'kodezart.domain.errors' (/private/tmp/kodezart-v03-m4-shared-semantic-extraction/src/kodezart/domain/errors.py)
_______ ERROR collecting tests/tracker/test_ruling_reader_independent.py _______
ImportError while importing test module '/private/tmp/kodezart-v03-m4-shared-semantic-extraction/tests/tracker/test_ruling_reader_independent.py'.
Hint: make sure your test modules/packages have valid Python names.
Traceback:
/Users/kodezart/.local/share/uv/python/cpython-3.12.13-macos-aarch64-none/lib/python3.12/importlib/__init__.py:90: in import_module
    return _bootstrap._gcd_import(name[level:], package, level)
           ^^^^^^^^^^^^^^^^^^^^^^^^^^^^^^^^^^^^^^^^^^^^^^^^^^^^
tests/tracker/test_ruling_reader_independent.py:13: in <module>
    from tests.tracker.test_comment_pages import CommentPageServer, comment
E   ModuleNotFoundError: No module named 'tests.tracker.test_comment_pages'
____________ ERROR collecting tests/tracker/test_ruling_records.py _____________
ImportError while importing test module '/private/tmp/kodezart-v03-m4-shared-semantic-extraction/tests/tracker/test_ruling_records.py'.
Hint: make sure your test modules/packages have valid Python names.
Traceback:
/Users/kodezart/.local/share/uv/python/cpython-3.12.13-macos-aarch64-none/lib/python3.12/importlib/__init__.py:90: in import_module
    return _bootstrap._gcd_import(name[level:], package, level)
           ^^^^^^^^^^^^^^^^^^^^^^^^^^^^^^^^^^^^^^^^^^^^^^^^^^^^
tests/tracker/test_ruling_records.py:19: in <module>
    from tests.tracker.test_comment_pages import CommentPageServer, comment
E   ModuleNotFoundError: No module named 'tests.tracker.test_comment_pages'
=========================== short test summary info ============================
ERROR tests/domain/test_ruling_identity.py
ERROR tests/services/test_git_source_lookup.py
ERROR tests/tracker/test_issue_ruling_records.py
ERROR tests/tracker/test_recorded_ruling_growth.py
ERROR tests/tracker/test_ruling_reader_independent.py
ERROR tests/tracker/test_ruling_records.py
!!!!!!!!!!!!!!!!!!! Interrupted: 6 errors during collection !!!!!!!!!!!!!!!!!!!!
6 errors in 1.30s
