........F.....................................                           [100%]
=================================== FAILURES ===================================
_______ test_actual_description_reader_returns_current_body_and_identity _______

    async def test_actual_description_reader_returns_current_body_and_identity():
        from kodezart.services.tracker_artifacts import read_tracker_artifact
    
        tracker, server = adapter()
        surface = WritableSurface(
            kind=SurfaceKind.ISSUE_DESCRIPTION,
            ref=ScopeRef(kind=ScopeKind.ISSUE, key=ISSUE),
        )
        for body in ("First actual body", "Later actual body"):
            server.issues[ISSUE].description = body
            artifact = await read_tracker_artifact(tracker=tracker, surface=surface)
>           assert (artifact.surface, artifact.native_ref, artifact.content) == (
                surface,
                ISSUE,
                MARKER,
                body,
            )
E           AssertionError: assert (WritableSurf... actual body') == (WritableSurf... actual body')
E             
E             At index 2 diff: 'First actual body' != '[fixture-evidence:lane-alpha]'
E             Right contains one more item: 'First actual body'
E             Use -v to get more diff

tests/chains/test_write_back_tracker_boundary.py:158: AssertionError
=========================== short test summary info ============================
FAILED tests/chains/test_write_back_tracker_boundary.py::test_actual_description_reader_returns_current_body_and_identity
1 failed, 45 passed in 16.97s
