.FF                                                                      [100%]
=================================== FAILURES ===================================
_ test_retained_union_is_observable_under_future_stage_barrier[open-decision] __

tmp_path = PosixPath('/private/var/folders/lv/b1m7q5dj1yd5gn9s9rknw43h0000gq/T/pytest-of-kodezart/pytest-2044/test_retained_union_is_observa1')
barrier = 'open-decision'

    @pytest.mark.parametrize("barrier", ["none", "open-decision", "backlog-criterion"])
    async def test_retained_union_is_observable_under_future_stage_barrier(tmp_path, barrier):
        fixture = await build_delivery(tmp_path / "world")
        if barrier == "open-decision":
            decision = issue("decision-record", issue_labels=frozenset({"decision"}))
            fixture.tracker.issues[decision.issue_key] = decision
            fixture.tracker.scope_memberships[PROJECT] = ("a", "z", decision.issue_key)
        elif barrier == "backlog-criterion":
            fixture.tracker.issues["a-check"] = fixture.tracker.issues["a-check"].model_copy(
                update={"state_kind": WorkflowStateKind.BACKLOG, "state_name": "Backlog"}
            )
    
>       result = await fixture.coordinator().verify()
                 ^^^^^^^^^^^^^^^^^^^^^^^^^^^^^^^^^^^^

../kodezart-recovery-session/test_m5_union_stage_independence.py:23: 
_ _ _ _ _ _ _ _ _ _ _ _ _ _ _ _ _ _ _ _ _ _ _ _ _ _ _ _ _ _ _ _ _ _ _ _ _ _ _ _ 
src/kodezart/chains/delivery_coordinator.py:60: in verify
    roster = await self._roster()
             ^^^^^^^^^^^^^^^^^^^^
src/kodezart/chains/delivery_coordinator.py:77: in _roster
    plan = await read_scope_plan(ref=self._scope, tracker=self._tracker)
           ^^^^^^^^^^^^^^^^^^^^^^^^^^^^^^^^^^^^^^^^^^^^^^^^^^^^^^^^^^^^^
_ _ _ _ _ _ _ _ _ _ _ _ _ _ _ _ _ _ _ _ _ _ _ _ _ _ _ _ _ _ _ _ _ _ _ _ _ _ _ _ 

    async def read_scope_plan(*, ref: ScopeRef, tracker: TrackerPort) -> ScopePlanSnapshot:
        """Read a coherent dependency closure and refuse named invalid stage facts.
    
        The stage barrier is measured over the same thing the exit condition is:
        every member's complete subtree. An offending key under a deliverable
        child is therefore named here, before the walk, rather than reached only
        once a fire has already begun owing it.
    
        This establishes no approval or readiness. The future walker must apply
        approval, live subtree closure and dispatch ownership to the returned facts.
        """
        tracker.require_scope_plan_reads()
        members = await read_scope_members(tracker=tracker, scope=ref)
        for key, issue in members.items():
            if await tracker.read_planning_issue(issue_key=key) != issue:
                raise ScopeReadError(f"scope fact changed during planning: {key}", ref=ref)
        subtree = await read_member_subtrees(tracker=tracker, scope=ref, members=members)
        for key, issue in subtree.items():
            if key in members:
                continue
            if await tracker.read_planning_issue(issue_key=key) != issue:
                raise ScopeReadError(
                    f"subtree fact changed during planning: {key}", ref=ref
                )
        facts = dict(members)
        pending = list(members.values())
        while pending:
            issue = pending.pop()
            for key in blocker_keys(issue):
                if key in facts:
                    continue
                dependency = await tracker.read_planning_issue(issue_key=key)
                if dependency.issue_key != key:
                    raise ScopeReadError(
                        "dependency read changed the requested identity", ref=ref
                    )
                facts[key] = dependency
                pending.append(dependency)
        # Check the native observations again before either a refusal or a plan.
        # A missing or moved dependency is never interpreted as a closed blocker.
        for key, issue in facts.items():
            if await tracker.read_planning_issue(issue_key=key) != issue:
                raise ScopeReadError(f"dependency changed during planning: {key}", ref=ref)
        if await read_scope_members(tracker=tracker, scope=ref) != members:
            raise ScopeReadError("scope family changed during planning", ref=ref)
        if (
            await read_member_subtrees(tracker=tracker, scope=ref, members=members)
            != subtree
        ):
            raise ScopeReadError("member subtrees changed during planning", ref=ref)
        open_decisions = tuple(
            key
            for key, issue in subtree.items()
            if "decision" in issue.issue_labels and is_open(issue.state_kind)
        )
        backlog = tuple(
            key
            for key, issue in subtree.items()
            if "criterion" in issue.issue_labels
            and issue.state_kind is WorkflowStateKind.BACKLOG
        )
        crossing = tuple(
            (issue.issue_key, target)
            for issue in facts.values()
            for target in blocker_keys(issue)
            if (
                "criterion" in issue.issue_labels
                or "criterion" in facts[target].issue_labels
            )
            and (issue.parent_key is None or issue.parent_key != facts[target].parent_key)
        )
        if open_decisions or backlog or crossing:
>           raise ScopePlanRefusalError(
                ref=ref,
                open_decisions=open_decisions,
                backlog_criteria=backlog,
                cross_subtree_edges=crossing,
            )
E           kodezart.domain.errors.ScopePlanRefusalError: scope plan refused; open decisions: decision-record (scope: project:project-one)

src/kodezart/services/scope_planning.py:87: ScopePlanRefusalError
_ test_retained_union_is_observable_under_future_stage_barrier[backlog-criterion] _

tmp_path = PosixPath('/private/var/folders/lv/b1m7q5dj1yd5gn9s9rknw43h0000gq/T/pytest-of-kodezart/pytest-2044/test_retained_union_is_observa2')
barrier = 'backlog-criterion'

    @pytest.mark.parametrize("barrier", ["none", "open-decision", "backlog-criterion"])
    async def test_retained_union_is_observable_under_future_stage_barrier(tmp_path, barrier):
        fixture = await build_delivery(tmp_path / "world")
        if barrier == "open-decision":
            decision = issue("decision-record", issue_labels=frozenset({"decision"}))
            fixture.tracker.issues[decision.issue_key] = decision
            fixture.tracker.scope_memberships[PROJECT] = ("a", "z", decision.issue_key)
        elif barrier == "backlog-criterion":
            fixture.tracker.issues["a-check"] = fixture.tracker.issues["a-check"].model_copy(
                update={"state_kind": WorkflowStateKind.BACKLOG, "state_name": "Backlog"}
            )
    
>       result = await fixture.coordinator().verify()
                 ^^^^^^^^^^^^^^^^^^^^^^^^^^^^^^^^^^^^

../kodezart-recovery-session/test_m5_union_stage_independence.py:23: 
_ _ _ _ _ _ _ _ _ _ _ _ _ _ _ _ _ _ _ _ _ _ _ _ _ _ _ _ _ _ _ _ _ _ _ _ _ _ _ _ 
src/kodezart/chains/delivery_coordinator.py:60: in verify
    roster = await self._roster()
             ^^^^^^^^^^^^^^^^^^^^
src/kodezart/chains/delivery_coordinator.py:77: in _roster
    plan = await read_scope_plan(ref=self._scope, tracker=self._tracker)
           ^^^^^^^^^^^^^^^^^^^^^^^^^^^^^^^^^^^^^^^^^^^^^^^^^^^^^^^^^^^^^
_ _ _ _ _ _ _ _ _ _ _ _ _ _ _ _ _ _ _ _ _ _ _ _ _ _ _ _ _ _ _ _ _ _ _ _ _ _ _ _ 

    async def read_scope_plan(*, ref: ScopeRef, tracker: TrackerPort) -> ScopePlanSnapshot:
        """Read a coherent dependency closure and refuse named invalid stage facts.
    
        The stage barrier is measured over the same thing the exit condition is:
        every member's complete subtree. An offending key under a deliverable
        child is therefore named here, before the walk, rather than reached only
        once a fire has already begun owing it.
    
        This establishes no approval or readiness. The future walker must apply
        approval, live subtree closure and dispatch ownership to the returned facts.
        """
        tracker.require_scope_plan_reads()
        members = await read_scope_members(tracker=tracker, scope=ref)
        for key, issue in members.items():
            if await tracker.read_planning_issue(issue_key=key) != issue:
                raise ScopeReadError(f"scope fact changed during planning: {key}", ref=ref)
        subtree = await read_member_subtrees(tracker=tracker, scope=ref, members=members)
        for key, issue in subtree.items():
            if key in members:
                continue
            if await tracker.read_planning_issue(issue_key=key) != issue:
                raise ScopeReadError(
                    f"subtree fact changed during planning: {key}", ref=ref
                )
        facts = dict(members)
        pending = list(members.values())
        while pending:
            issue = pending.pop()
            for key in blocker_keys(issue):
                if key in facts:
                    continue
                dependency = await tracker.read_planning_issue(issue_key=key)
                if dependency.issue_key != key:
                    raise ScopeReadError(
                        "dependency read changed the requested identity", ref=ref
                    )
                facts[key] = dependency
                pending.append(dependency)
        # Check the native observations again before either a refusal or a plan.
        # A missing or moved dependency is never interpreted as a closed blocker.
        for key, issue in facts.items():
            if await tracker.read_planning_issue(issue_key=key) != issue:
                raise ScopeReadError(f"dependency changed during planning: {key}", ref=ref)
        if await read_scope_members(tracker=tracker, scope=ref) != members:
            raise ScopeReadError("scope family changed during planning", ref=ref)
        if (
            await read_member_subtrees(tracker=tracker, scope=ref, members=members)
            != subtree
        ):
            raise ScopeReadError("member subtrees changed during planning", ref=ref)
        open_decisions = tuple(
            key
            for key, issue in subtree.items()
            if "decision" in issue.issue_labels and is_open(issue.state_kind)
        )
        backlog = tuple(
            key
            for key, issue in subtree.items()
            if "criterion" in issue.issue_labels
            and issue.state_kind is WorkflowStateKind.BACKLOG
        )
        crossing = tuple(
            (issue.issue_key, target)
            for issue in facts.values()
            for target in blocker_keys(issue)
            if (
                "criterion" in issue.issue_labels
                or "criterion" in facts[target].issue_labels
            )
            and (issue.parent_key is None or issue.parent_key != facts[target].parent_key)
        )
        if open_decisions or backlog or crossing:
>           raise ScopePlanRefusalError(
                ref=ref,
                open_decisions=open_decisions,
                backlog_criteria=backlog,
                cross_subtree_edges=crossing,
            )
E           kodezart.domain.errors.ScopePlanRefusalError: scope plan refused; backlog-kind criteria: a-check (scope: project:project-one)

src/kodezart/services/scope_planning.py:87: ScopePlanRefusalError
=========================== short test summary info ============================
FAILED ::test_retained_union_is_observable_under_future_stage_barrier[open-decision]
FAILED ::test_retained_union_is_observable_under_future_stage_barrier[backlog-criterion]
2 failed, 1 passed in 20.84s
