Using CPython 3.12.13
Creating virtual environment at: .venv
   Building kodezart @ file:///private/tmp/kodezart-v03-recovery-marker-preflight
warning: `build_system.requires = ["uv-build>=0.10.9,<0.11.0"]` does not contain the current uv version 0.11.6
      Built kodezart @ file:///private/tmp/kodezart-v03-recovery-marker-preflight
Installed 174 packages in 1.67s
....F                                                                    [100%]
=================================== FAILURES ===================================
________ test_empty_log_does_not_disguise_an_unconfigured_marker_reader ________

    async def test_empty_log_does_not_disguise_an_unconfigured_marker_reader():
        operation = OperationConfig(operation_name="fixture", workspace="fixture")
        server = fixture_server()
        config = AppConfig()
        tracker, _ = build_tracker(
            backend=config.tracker.backend,
            retry=RetryPolicy(
                attempts=config.tracker.max_retries + 1,
                initial_delay=config.tracker.retry_backoff_factor,
            ),
            operation=operation,
            caller=server,
        )
        for read in (
            tracker.active_claim,
            tracker.work_refs,
            tracker.read_base_spec,
            tracker.recorded_repository,
        ):
            with pytest.raises(OperationMemberAbsentError, match="marker_prefixes"):
                await read(issue_key=CLAIMED_ISSUE)
>       assert server.calls == []
E       AssertionError: assert [('list_comme...d': 'FIX-1'})] == []
E         
E         Left contains one more item: ('list_comments', {'issueId': 'FIX-1'})
E         Use -v to get more diff

tests/tracker/test_marker_configuration.py:165: AssertionError
=========================== short test summary info ============================
FAILED tests/tracker/test_marker_configuration.py::test_empty_log_does_not_disguise_an_unconfigured_marker_reader
1 failed, 4 passed in 0.54s
