2026-09-12 23:11:47 [info     ] fire_criteria_read             named=3 owed=['fire/owed-direct', 'fire/owed-direct-2', 'fire/owed-nested'] read_at_version=2026-01-01T00:00:00+00:00 subject=fire/subject
2026-09-12 23:11:47 [info     ] workspace_acquired             path=/var/folders/lv/b1m7q5dj1yd5gn9s9rknw43h0000gq/T/kodezart-a35c4fdbfd294bcd8a53c6847d76a218 workspace_id=a35c4fdbfd294bcd8a53c6847d76a218
2026-09-12 23:11:48 [info     ] fire_criteria_read             named=3 owed=['fire/owed-direct', 'fire/owed-direct-2', 'fire/owed-nested'] read_at_version=2026-01-01T00:00:00+00:00 subject=fire/subject
IDENTITY START 1.059 ('rev-parse', '--path-format=absolute', '--show-toplevel')
IDENTITY END 1.127 ('rev-parse', '--path-format=absolute', '--show-toplevel')
IDENTITY START 1.127 ('rev-parse', '--path-format=absolute', '--git-common-dir')
IDENTITY END 1.222 ('rev-parse', '--path-format=absolute', '--git-common-dir')
IDENTITY START 1.223 ('rev-parse', '--path-format=absolute', '--git-common-dir')
IDENTITY END 1.295 ('rev-parse', '--path-format=absolute', '--git-common-dir')
IDENTITY START 1.296 ('rev-parse', '--path-format=absolute', '--git-dir')
IDENTITY END 1.377 ('rev-parse', '--path-format=absolute', '--git-dir')
IDENTITY START 1.377 ('symbolic-ref', '--short', 'HEAD')
IDENTITY END 1.438 ('symbolic-ref', '--short', 'HEAD')
IDENTITY START 1.438 ('rev-parse', 'HEAD')
IDENTITY END 1.517 ('rev-parse', 'HEAD')
IDENTITY START 1.517 ('ls-files', '--stage', '-v', '-z')
IDENTITY END 1.586 ('ls-files', '--stage', '-v', '-z')
IDENTITY START 1.586 ('ls-files', '--others', '--exclude-standard', '-z')
IDENTITY END 1.653 ('ls-files', '--others', '--exclude-standard', '-z')
IDENTITY START 1.654 ('worktree', 'list', '--porcelain', '-z')
IDENTITY END 1.730 ('worktree', 'list', '--porcelain', '-z')
IDENTITY START 1.738 ('rev-parse', '--path-format=absolute', '--show-toplevel')
IDENTITY END 1.822 ('rev-parse', '--path-format=absolute', '--show-toplevel')
IDENTITY START 1.822 ('rev-parse', '--path-format=absolute', '--git-common-dir')
IDENTITY END 1.901 ('rev-parse', '--path-format=absolute', '--git-common-dir')
IDENTITY START 1.902 ('rev-parse', '--path-format=absolute', '--git-common-dir')
IDENTITY END 1.967 ('rev-parse', '--path-format=absolute', '--git-common-dir')
IDENTITY START 1.968 ('rev-parse', '--path-format=absolute', '--git-dir')
IDENTITY END 2.038 ('rev-parse', '--path-format=absolute', '--git-dir')
IDENTITY START 2.039 ('symbolic-ref', '--short', 'HEAD')
IDENTITY END 2.169 ('symbolic-ref', '--short', 'HEAD')
IDENTITY START 2.169 ('rev-parse', 'HEAD')
IDENTITY END 2.262 ('rev-parse', 'HEAD')
IDENTITY START 2.262 ('ls-files', '--stage', '-v', '-z')
IDENTITY END 2.360 ('ls-files', '--stage', '-v', '-z')
IDENTITY START 2.360 ('ls-files', '--others', '--exclude-standard', '-z')
IDENTITY END 2.444 ('ls-files', '--others', '--exclude-standard', '-z')
IDENTITY START 2.445 ('worktree', 'list', '--porcelain', '-z')
IDENTITY END 2.533 ('worktree', 'list', '--porcelain', '-z')
2026-09-12 23:11:50 [info     ] fire_criteria_read             named=3 owed=['fire/owed-direct', 'fire/owed-direct-2', 'fire/owed-nested'] read_at_version=2026-01-01T00:00:00+00:00 subject=fire/subject
IDENTITY START 2.844 ('rev-parse', '--path-format=absolute', '--show-toplevel')
IDENTITY END 2.948 ('rev-parse', '--path-format=absolute', '--show-toplevel')
IDENTITY START 2.948 ('rev-parse', '--path-format=absolute', '--git-common-dir')
IDENTITY END 3.046 ('rev-parse', '--path-format=absolute', '--git-common-dir')
IDENTITY START 3.046 ('rev-parse', '--path-format=absolute', '--git-common-dir')
IDENTITY END 3.103 ('rev-parse', '--path-format=absolute', '--git-common-dir')
IDENTITY START 3.103 ('rev-parse', '--path-format=absolute', '--git-dir')
IDENTITY END 3.153 ('rev-parse', '--path-format=absolute', '--git-dir')
IDENTITY START 3.154 ('symbolic-ref', '--short', 'HEAD')
IDENTITY END 3.222 ('symbolic-ref', '--short', 'HEAD')
IDENTITY START 3.224 ('rev-parse', 'HEAD')
IDENTITY END 3.284 ('rev-parse', 'HEAD')
IDENTITY START 3.284 ('ls-files', '--stage', '-v', '-z')
IDENTITY END 3.399 ('ls-files', '--stage', '-v', '-z')
IDENTITY START 3.400 ('ls-files', '--others', '--exclude-standard', '-z')
IDENTITY END 3.528 ('ls-files', '--others', '--exclude-standard', '-z')
IDENTITY START 3.529 ('worktree', 'list', '--porcelain', '-z')
IDENTITY END 3.661 ('worktree', 'list', '--porcelain', '-z')
2026-09-12 23:11:51 [info     ] fire_criteria_read             named=3 owed=['fire/owed-direct', 'fire/owed-direct-2', 'fire/owed-nested'] read_at_version=2026-01-01T00:00:00+00:00 subject=fire/subject
IDENTITY START 4.027 ('rev-parse', '--path-format=absolute', '--show-toplevel')
IDENTITY END 4.092 ('rev-parse', '--path-format=absolute', '--show-toplevel')
IDENTITY START 4.092 ('rev-parse', '--path-format=absolute', '--git-common-dir')
IDENTITY END 4.159 ('rev-parse', '--path-format=absolute', '--git-common-dir')
IDENTITY START 4.159 ('rev-parse', '--path-format=absolute', '--git-common-dir')
IDENTITY END 4.248 ('rev-parse', '--path-format=absolute', '--git-common-dir')
IDENTITY START 4.249 ('rev-parse', '--path-format=absolute', '--git-dir')
IDENTITY END 4.334 ('rev-parse', '--path-format=absolute', '--git-dir')
IDENTITY START 4.335 ('symbolic-ref', '--short', 'HEAD')
IDENTITY END 4.424 ('symbolic-ref', '--short', 'HEAD')
IDENTITY START 4.424 ('rev-parse', 'HEAD')
IDENTITY END 4.485 ('rev-parse', 'HEAD')
IDENTITY START 4.485 ('ls-files', '--stage', '-v', '-z')
IDENTITY END 4.583 ('ls-files', '--stage', '-v', '-z')
IDENTITY START 4.583 ('ls-files', '--others', '--exclude-standard', '-z')
IDENTITY END 4.674 ('ls-files', '--others', '--exclude-standard', '-z')
IDENTITY START 4.676 ('worktree', 'list', '--porcelain', '-z')
IDENTITY END 4.754 ('worktree', 'list', '--porcelain', '-z')
IDENTITY START 4.765 ('rev-parse', '--path-format=absolute', '--show-toplevel')
IDENTITY END 4.846 ('rev-parse', '--path-format=absolute', '--show-toplevel')
IDENTITY START 4.847 ('rev-parse', '--path-format=absolute', '--git-common-dir')
IDENTITY END 4.906 ('rev-parse', '--path-format=absolute', '--git-common-dir')
IDENTITY START 4.907 ('rev-parse', '--path-format=absolute', '--git-common-dir')
IDENTITY END 4.981 ('rev-parse', '--path-format=absolute', '--git-common-dir')
IDENTITY START 4.982 ('rev-parse', '--path-format=absolute', '--git-dir')
IDENTITY END 5.045 ('rev-parse', '--path-format=absolute', '--git-dir')
IDENTITY START 5.046 ('symbolic-ref', '--short', 'HEAD')
IDENTITY END 5.108 ('symbolic-ref', '--short', 'HEAD')
IDENTITY START 5.109 ('rev-parse', 'HEAD')
IDENTITY END 5.177 ('rev-parse', 'HEAD')
IDENTITY START 5.177 ('ls-files', '--stage', '-v', '-z')
IDENTITY END 5.241 ('ls-files', '--stage', '-v', '-z')
IDENTITY START 5.241 ('ls-files', '--others', '--exclude-standard', '-z')
IDENTITY END 5.319 ('ls-files', '--others', '--exclude-standard', '-z')
IDENTITY START 5.320 ('worktree', 'list', '--porcelain', '-z')
IDENTITY END 5.385 ('worktree', 'list', '--porcelain', '-z')
2026-09-12 23:11:52 [info     ] fire_criteria_read             named=3 owed=['fire/owed-direct', 'fire/owed-direct-2', 'fire/owed-nested'] read_at_version=2026-01-01T00:00:00+00:00 subject=fire/subject
IDENTITY START 5.609 ('rev-parse', '--path-format=absolute', '--show-toplevel')
IDENTITY END 5.680 ('rev-parse', '--path-format=absolute', '--show-toplevel')
IDENTITY START 5.681 ('rev-parse', '--path-format=absolute', '--git-common-dir')
IDENTITY END 5.739 ('rev-parse', '--path-format=absolute', '--git-common-dir')
IDENTITY START 5.739 ('rev-parse', '--path-format=absolute', '--git-common-dir')
IDENTITY END 5.798 ('rev-parse', '--path-format=absolute', '--git-common-dir')
IDENTITY START 5.799 ('rev-parse', '--path-format=absolute', '--git-dir')
IDENTITY END 5.859 ('rev-parse', '--path-format=absolute', '--git-dir')
IDENTITY START 5.860 ('symbolic-ref', '--short', 'HEAD')
IDENTITY END 5.931 ('symbolic-ref', '--short', 'HEAD')
IDENTITY START 5.931 ('rev-parse', 'HEAD')
IDENTITY END 6.002 ('rev-parse', 'HEAD')
IDENTITY START 6.002 ('ls-files', '--stage', '-v', '-z')
IDENTITY END 6.068 ('ls-files', '--stage', '-v', '-z')
IDENTITY START 6.068 ('ls-files', '--others', '--exclude-standard', '-z')
IDENTITY END 6.136 ('ls-files', '--others', '--exclude-standard', '-z')
IDENTITY START 6.137 ('worktree', 'list', '--porcelain', '-z')
IDENTITY END 6.200 ('worktree', 'list', '--porcelain', '-z')
2026-09-12 23:11:53 [info     ] fire_criteria_read             named=3 owed=['fire/owed-direct', 'fire/owed-direct-2', 'fire/owed-nested'] read_at_version=2026-01-01T00:00:00+00:00 subject=fire/subject
2026-09-12 23:11:54 [info     ] fire_criteria_read             named=3 owed=['fire/owed-direct', 'fire/owed-direct-2', 'fire/owed-nested'] read_at_version=2026-01-01T00:00:00+00:00 subject=fire/subject
IDENTITY START 6.726 ('rev-parse', '--path-format=absolute', '--show-toplevel')
IDENTITY END 6.789 ('rev-parse', '--path-format=absolute', '--show-toplevel')
IDENTITY START 6.789 ('rev-parse', '--path-format=absolute', '--git-common-dir')
IDENTITY END 6.840 ('rev-parse', '--path-format=absolute', '--git-common-dir')
IDENTITY START 6.840 ('rev-parse', '--path-format=absolute', '--git-common-dir')
IDENTITY END 6.902 ('rev-parse', '--path-format=absolute', '--git-common-dir')
IDENTITY START 6.903 ('rev-parse', '--path-format=absolute', '--git-dir')
IDENTITY END 6.967 ('rev-parse', '--path-format=absolute', '--git-dir')
IDENTITY START 6.967 ('symbolic-ref', '--short', 'HEAD')
IDENTITY END 7.026 ('symbolic-ref', '--short', 'HEAD')
IDENTITY START 7.026 ('rev-parse', 'HEAD')
IDENTITY END 7.093 ('rev-parse', 'HEAD')
IDENTITY START 7.093 ('ls-files', '--stage', '-v', '-z')
IDENTITY END 7.155 ('ls-files', '--stage', '-v', '-z')
IDENTITY START 7.155 ('ls-files', '--others', '--exclude-standard', '-z')
IDENTITY END 7.213 ('ls-files', '--others', '--exclude-standard', '-z')
IDENTITY START 7.214 ('worktree', 'list', '--porcelain', '-z')
IDENTITY END 7.282 ('worktree', 'list', '--porcelain', '-z')
IDENTITY START 7.288 ('rev-parse', '--path-format=absolute', '--show-toplevel')
IDENTITY END 7.353 ('rev-parse', '--path-format=absolute', '--show-toplevel')
IDENTITY START 7.353 ('rev-parse', '--path-format=absolute', '--git-common-dir')
IDENTITY END 7.413 ('rev-parse', '--path-format=absolute', '--git-common-dir')
IDENTITY START 7.413 ('rev-parse', '--path-format=absolute', '--git-common-dir')
IDENTITY END 7.474 ('rev-parse', '--path-format=absolute', '--git-common-dir')
IDENTITY START 7.475 ('rev-parse', '--path-format=absolute', '--git-dir')
IDENTITY END 7.537 ('rev-parse', '--path-format=absolute', '--git-dir')
IDENTITY START 7.537 ('symbolic-ref', '--short', 'HEAD')
IDENTITY END 7.594 ('symbolic-ref', '--short', 'HEAD')
IDENTITY START 7.594 ('rev-parse', 'HEAD')
IDENTITY END 7.661 ('rev-parse', 'HEAD')
IDENTITY START 7.661 ('ls-files', '--stage', '-v', '-z')
IDENTITY END 7.711 ('ls-files', '--stage', '-v', '-z')
IDENTITY START 7.711 ('ls-files', '--others', '--exclude-standard', '-z')
IDENTITY END 7.779 ('ls-files', '--others', '--exclude-standard', '-z')
IDENTITY START 7.780 ('worktree', 'list', '--porcelain', '-z')
IDENTITY END 7.831 ('worktree', 'list', '--porcelain', '-z')
2026-09-12 23:11:55 [info     ] fire_criteria_read             named=3 owed=['fire/owed-direct', 'fire/owed-direct-2', 'fire/owed-nested'] read_at_version=2026-01-01T00:00:00+00:00 subject=fire/subject
IDENTITY START 8.065 ('rev-parse', '--path-format=absolute', '--show-toplevel')
IDENTITY END 8.125 ('rev-parse', '--path-format=absolute', '--show-toplevel')
IDENTITY START 8.126 ('rev-parse', '--path-format=absolute', '--git-common-dir')
IDENTITY END 8.181 ('rev-parse', '--path-format=absolute', '--git-common-dir')
IDENTITY START 8.182 ('rev-parse', '--path-format=absolute', '--git-common-dir')
IDENTITY END 8.232 ('rev-parse', '--path-format=absolute', '--git-common-dir')
IDENTITY START 8.233 ('rev-parse', '--path-format=absolute', '--git-dir')
IDENTITY END 8.276 ('rev-parse', '--path-format=absolute', '--git-dir')
IDENTITY START 8.276 ('symbolic-ref', '--short', 'HEAD')
IDENTITY END 8.325 ('symbolic-ref', '--short', 'HEAD')
IDENTITY START 8.326 ('rev-parse', 'HEAD')
IDENTITY END 8.369 ('rev-parse', 'HEAD')
IDENTITY START 8.369 ('ls-files', '--stage', '-v', '-z')
IDENTITY END 8.417 ('ls-files', '--stage', '-v', '-z')
IDENTITY START 8.418 ('ls-files', '--others', '--exclude-standard', '-z')
IDENTITY END 8.471 ('ls-files', '--others', '--exclude-standard', '-z')
IDENTITY START 8.471 ('worktree', 'list', '--porcelain', '-z')
IDENTITY END 8.524 ('worktree', 'list', '--porcelain', '-z')
2026-09-12 23:11:56 [info     ] fire_criteria_read             named=3 owed=['fire/owed-direct', 'fire/owed-direct-2', 'fire/owed-nested'] read_at_version=2026-01-01T00:00:00+00:00 subject=fire/subject
2026-09-12 23:11:56 [info     ] stream_drained                 duration_api_ms=1 duration_ms=1 event_count=1 events={'result': 1} has_structured_output=True is_error=False num_turns=1 rate_limit_rejected=False result_event_observed=True result_tail='Author rationale must never be forwarded.' session_id=previous-agent-session site=commit_message stop_reason=None subtype=result total_cost_usd=None usage=None
2026-09-12 23:11:56 [info     ] outbound_content_gated         categories=[] content_digest=1c2258ba30d6edc526796ea21c3fb5396230012aa5082ada3a09885c265fdb2a failure=None hits=[] surface=repository verdict=clean visibility=public writer=commit_message
2026-09-12 23:11:56 [info     ] fire_criteria_read             named=3 owed=['fire/owed-direct', 'fire/owed-direct-2', 'fire/owed-nested'] read_at_version=2026-01-01T00:00:00+00:00 subject=fire/subject
FIRST COMPLETION 9.251: drive_done=False boundary_done=True
2026-09-12 23:11:56 [warning  ] native_writer_workspace_retained workspace_path=/var/folders/lv/b1m7q5dj1yd5gn9s9rknw43h0000gq/T/kodezart-a35c4fdbfd294bcd8a53c6847d76a218
2026-09-12 23:11:57 [info     ] workspace_released             workspace_id=a35c4fdbfd294bcd8a53c6847d76a218
.
1 passed in 11.41s
