2026-09-12 14:01:33 [info     ] repo_visibility_resolved       repo_url=https://github.com/owner/repo.git visibility=unknown
2026-09-12 14:01:33 [info     ] scope_base_resolved            base_branch=main base_role=None input_count=0
2026-09-12 14:01:33 [debug    ] output_format_requested        format_type=json_schema
2026-09-12 14:01:33 [info     ] stream_drained                 duration_api_ms=1 duration_ms=1 event_count=1 events={'result': 1} has_structured_output=True is_error=False num_turns=1 rate_limit_rejected=False result_event_observed=True result_tail=None session_id=fake site=branch_name stop_reason=None subtype=result total_cost_usd=None usage=None
2026-09-12 14:01:33 [info     ] outbound_content_gated         categories=[] content_digest=23a116c5a2a543a9ec246e0f2e6a02ffad6700608ccf30ac8590785c69feebf6 failure=None hits=[] surface=publication verdict=clean visibility=unknown writer=branch_name
2026-09-12 14:01:33 [info     ] fire_criteria_read             named=3 owed=['fire/owed-direct', 'fire/owed-direct-2', 'fire/owed-nested'] read_at_version=2026-01-01T00:00:00+00:00 subject=fire/subject
Deserializing unregistered type kodezart.types.domain.fire_spec.TrackerSpec from checkpoint. This will be blocked in a future version. Add to allowed_msgpack_modules to silence: [('kodezart.types.domain.fire_spec', 'TrackerSpec')]
Deserializing unregistered type kodezart.types.domain.criteria.TrackerCriterionSet from checkpoint. This will be blocked in a future version. Add to allowed_msgpack_modules to silence: [('kodezart.types.domain.criteria', 'TrackerCriterionSet')]
Deserializing unregistered type kodezart.types.domain.accept.AcceptVerdict from checkpoint. This will be blocked in a future version. Add to allowed_msgpack_modules to silence: [('kodezart.types.domain.accept', 'AcceptVerdict')]
Deserializing unregistered type kodezart.types.domain.gating.RepoVisibility from checkpoint. This will be blocked in a future version. Add to allowed_msgpack_modules to silence: [('kodezart.types.domain.gating', 'RepoVisibility')]
Deserializing unregistered type kodezart.types.domain.fire_spec.TrackerSpec from checkpoint. This will be blocked in a future version. Add to allowed_msgpack_modules to silence: [('kodezart.types.domain.fire_spec', 'TrackerSpec')]
Deserializing unregistered type kodezart.types.domain.criteria.TrackerCriterionSet from checkpoint. This will be blocked in a future version. Add to allowed_msgpack_modules to silence: [('kodezart.types.domain.criteria', 'TrackerCriterionSet')]
Deserializing unregistered type kodezart.types.domain.accept.AcceptVerdict from checkpoint. This will be blocked in a future version. Add to allowed_msgpack_modules to silence: [('kodezart.types.domain.accept', 'AcceptVerdict')]
Deserializing unregistered type kodezart.types.domain.gating.RepoVisibility from checkpoint. This will be blocked in a future version. Add to allowed_msgpack_modules to silence: [('kodezart.types.domain.gating', 'RepoVisibility')]
PAUSE ('run_ralph_loop',) TrackerSpec TrackerCriterionSet 1
2026-09-12 14:01:34 [debug    ] output_format_requested        format_type=json_schema
2026-09-12 14:01:34 [info     ] stream_drained                 duration_api_ms=1 duration_ms=1 event_count=1 events={'result': 1} has_structured_output=True is_error=False num_turns=1 rate_limit_rejected=False result_event_observed=True result_tail=None session_id=native-session site=ralph_evaluator stop_reason=None subtype=result total_cost_usd=None usage=None
2026-09-12 14:01:34 [debug    ] output_format_requested        format_type=json_schema
2026-09-12 14:01:34 [info     ] stream_drained                 duration_api_ms=1 duration_ms=1 event_count=1 events={'result': 1} has_structured_output=True is_error=False num_turns=1 rate_limit_rejected=False result_event_observed=True result_tail=None session_id=native-session site=post_merge_review stop_reason=None subtype=result total_cost_usd=None usage=None
GRAPH_RESUME accepted handed_off_for_delivery spec_reads 1 executions 1 persist_calls []
REPLAY_CHECK [('fire/owed-direct', 'the check fire/owed-direct states'), ('fire/owed-direct-2', 'the check fire/owed-direct-2 states'), ('fire/owed-nested', 'the check fire/owed-nested states')]
OBSERVED graph-level native state replay works; cached Check is used after tracker becomes unavailable; engine public run has no resume argument
