2026-09-12 23:09:39 [info     ] fire_criteria_read             named=3 owed=['fire/owed-direct', 'fire/owed-direct-2', 'fire/owed-nested'] read_at_version=2026-01-01T00:00:00+00:00 subject=fire/subject
2026-09-12 23:09:39 [info     ] workspace_acquired             path=/var/folders/lv/b1m7q5dj1yd5gn9s9rknw43h0000gq/T/kodezart-11742a16e45c4d1d9d8a1159dff1e507 workspace_id=11742a16e45c4d1d9d8a1159dff1e507
2026-09-12 23:09:39 [info     ] fire_criteria_read             named=3 owed=['fire/owed-direct', 'fire/owed-direct-2', 'fire/owed-nested'] read_at_version=2026-01-01T00:00:00+00:00 subject=fire/subject
IDENTITY START 0.690 ('rev-parse', '--path-format=absolute', '--show-toplevel')
IDENTITY END 0.724 ('rev-parse', '--path-format=absolute', '--show-toplevel')
IDENTITY START 0.724 ('rev-parse', '--path-format=absolute', '--git-common-dir')
IDENTITY END 0.764 ('rev-parse', '--path-format=absolute', '--git-common-dir')
IDENTITY START 0.764 ('rev-parse', '--path-format=absolute', '--git-common-dir')
IDENTITY END 0.816 ('rev-parse', '--path-format=absolute', '--git-common-dir')
IDENTITY START 0.817 ('rev-parse', '--path-format=absolute', '--git-dir')
IDENTITY END 0.878 ('rev-parse', '--path-format=absolute', '--git-dir')
IDENTITY START 0.879 ('symbolic-ref', '--short', 'HEAD')
IDENTITY END 0.941 ('symbolic-ref', '--short', 'HEAD')
IDENTITY START 0.942 ('rev-parse', 'HEAD')
IDENTITY END 1.012 ('rev-parse', 'HEAD')
IDENTITY START 1.013 ('ls-files', '--stage', '-v', '-z')
IDENTITY END 1.090 ('ls-files', '--stage', '-v', '-z')
IDENTITY START 1.091 ('ls-files', '--others', '--exclude-standard', '-z')
IDENTITY END 1.177 ('ls-files', '--others', '--exclude-standard', '-z')
IDENTITY START 1.179 ('worktree', 'list', '--porcelain', '-z')
IDENTITY END 1.266 ('worktree', 'list', '--porcelain', '-z')
IDENTITY START 1.275 ('rev-parse', '--path-format=absolute', '--show-toplevel')
IDENTITY END 1.355 ('rev-parse', '--path-format=absolute', '--show-toplevel')
IDENTITY START 1.356 ('rev-parse', '--path-format=absolute', '--git-common-dir')
IDENTITY END 1.443 ('rev-parse', '--path-format=absolute', '--git-common-dir')
IDENTITY START 1.444 ('rev-parse', '--path-format=absolute', '--git-common-dir')
IDENTITY END 1.518 ('rev-parse', '--path-format=absolute', '--git-common-dir')
IDENTITY START 1.519 ('rev-parse', '--path-format=absolute', '--git-dir')
IDENTITY END 1.590 ('rev-parse', '--path-format=absolute', '--git-dir')
IDENTITY START 1.591 ('symbolic-ref', '--short', 'HEAD')
IDENTITY END 1.654 ('symbolic-ref', '--short', 'HEAD')
IDENTITY START 1.655 ('rev-parse', 'HEAD')
IDENTITY END 1.714 ('rev-parse', 'HEAD')
IDENTITY START 1.714 ('ls-files', '--stage', '-v', '-z')
IDENTITY END 1.750 ('ls-files', '--stage', '-v', '-z')
IDENTITY START 1.750 ('ls-files', '--others', '--exclude-standard', '-z')
IDENTITY END 1.801 ('ls-files', '--others', '--exclude-standard', '-z')
IDENTITY START 1.801 ('worktree', 'list', '--porcelain', '-z')
IDENTITY END 1.846 ('worktree', 'list', '--porcelain', '-z')
2026-09-12 23:09:41 [info     ] fire_criteria_read             named=3 owed=['fire/owed-direct', 'fire/owed-direct-2', 'fire/owed-nested'] read_at_version=2026-01-01T00:00:00+00:00 subject=fire/subject
IDENTITY START 2.186 ('rev-parse', '--path-format=absolute', '--show-toplevel')
IDENTITY END 2.273 ('rev-parse', '--path-format=absolute', '--show-toplevel')
IDENTITY START 2.274 ('rev-parse', '--path-format=absolute', '--git-common-dir')
IDENTITY END 2.359 ('rev-parse', '--path-format=absolute', '--git-common-dir')
IDENTITY START 2.360 ('rev-parse', '--path-format=absolute', '--git-common-dir')
IDENTITY END 2.424 ('rev-parse', '--path-format=absolute', '--git-common-dir')
IDENTITY START 2.424 ('rev-parse', '--path-format=absolute', '--git-dir')
IDENTITY END 2.504 ('rev-parse', '--path-format=absolute', '--git-dir')
IDENTITY START 2.505 ('symbolic-ref', '--short', 'HEAD')
IDENTITY END 2.586 ('symbolic-ref', '--short', 'HEAD')
IDENTITY START 2.586 ('rev-parse', 'HEAD')
IDENTITY END 2.664 ('rev-parse', 'HEAD')
IDENTITY START 2.664 ('ls-files', '--stage', '-v', '-z')
IDENTITY END 2.737 ('ls-files', '--stage', '-v', '-z')
IDENTITY START 2.738 ('ls-files', '--others', '--exclude-standard', '-z')
IDENTITY END 2.820 ('ls-files', '--others', '--exclude-standard', '-z')
IDENTITY START 2.821 ('worktree', 'list', '--porcelain', '-z')
IDENTITY END 2.877 ('worktree', 'list', '--porcelain', '-z')
2026-09-12 23:09:42 [info     ] fire_criteria_read             named=3 owed=['fire/owed-direct', 'fire/owed-direct-2', 'fire/owed-nested'] read_at_version=2026-01-01T00:00:00+00:00 subject=fire/subject
IDENTITY START 3.194 ('rev-parse', '--path-format=absolute', '--show-toplevel')
IDENTITY END 3.274 ('rev-parse', '--path-format=absolute', '--show-toplevel')
IDENTITY START 3.275 ('rev-parse', '--path-format=absolute', '--git-common-dir')
IDENTITY END 3.357 ('rev-parse', '--path-format=absolute', '--git-common-dir')
IDENTITY START 3.358 ('rev-parse', '--path-format=absolute', '--git-common-dir')
IDENTITY END 3.448 ('rev-parse', '--path-format=absolute', '--git-common-dir')
IDENTITY START 3.449 ('rev-parse', '--path-format=absolute', '--git-dir')
IDENTITY END 3.526 ('rev-parse', '--path-format=absolute', '--git-dir')
IDENTITY START 3.527 ('symbolic-ref', '--short', 'HEAD')
IDENTITY END 3.604 ('symbolic-ref', '--short', 'HEAD')
IDENTITY START 3.605 ('rev-parse', 'HEAD')
IDENTITY END 3.682 ('rev-parse', 'HEAD')
IDENTITY START 3.682 ('ls-files', '--stage', '-v', '-z')
IDENTITY END 3.765 ('ls-files', '--stage', '-v', '-z')
IDENTITY START 3.765 ('ls-files', '--others', '--exclude-standard', '-z')
IDENTITY END 3.848 ('ls-files', '--others', '--exclude-standard', '-z')
IDENTITY START 3.849 ('worktree', 'list', '--porcelain', '-z')
IDENTITY END 3.931 ('worktree', 'list', '--porcelain', '-z')
IDENTITY START 3.938 ('rev-parse', '--path-format=absolute', '--show-toplevel')
IDENTITY END 3.990 ('rev-parse', '--path-format=absolute', '--show-toplevel')
IDENTITY START 3.991 ('rev-parse', '--path-format=absolute', '--git-common-dir')
IDENTITY END 4.074 ('rev-parse', '--path-format=absolute', '--git-common-dir')
IDENTITY START 4.075 ('rev-parse', '--path-format=absolute', '--git-common-dir')
IDENTITY END 4.150 ('rev-parse', '--path-format=absolute', '--git-common-dir')
IDENTITY START 4.151 ('rev-parse', '--path-format=absolute', '--git-dir')
IDENTITY END 4.233 ('rev-parse', '--path-format=absolute', '--git-dir')
IDENTITY START 4.234 ('symbolic-ref', '--short', 'HEAD')
IDENTITY END 4.320 ('symbolic-ref', '--short', 'HEAD')
IDENTITY START 4.321 ('rev-parse', 'HEAD')
IDENTITY END 4.402 ('rev-parse', 'HEAD')
IDENTITY START 4.402 ('ls-files', '--stage', '-v', '-z')
IDENTITY END 4.487 ('ls-files', '--stage', '-v', '-z')
IDENTITY START 4.487 ('ls-files', '--others', '--exclude-standard', '-z')
IDENTITY END 4.572 ('ls-files', '--others', '--exclude-standard', '-z')
IDENTITY START 4.574 ('worktree', 'list', '--porcelain', '-z')
IDENTITY END 4.656 ('worktree', 'list', '--porcelain', '-z')
2026-09-12 23:09:44 [info     ] fire_criteria_read             named=3 owed=['fire/owed-direct', 'fire/owed-direct-2', 'fire/owed-nested'] read_at_version=2026-01-01T00:00:00+00:00 subject=fire/subject
IDENTITY START 4.988 ('rev-parse', '--path-format=absolute', '--show-toplevel')
IDENTITY END 5.045 ('rev-parse', '--path-format=absolute', '--show-toplevel')
IDENTITY START 5.045 ('rev-parse', '--path-format=absolute', '--git-common-dir')
IDENTITY END 5.111 ('rev-parse', '--path-format=absolute', '--git-common-dir')
IDENTITY START 5.112 ('rev-parse', '--path-format=absolute', '--git-common-dir')
IDENTITY END 5.190 ('rev-parse', '--path-format=absolute', '--git-common-dir')
IDENTITY START 5.191 ('rev-parse', '--path-format=absolute', '--git-dir')
IDENTITY END 5.267 ('rev-parse', '--path-format=absolute', '--git-dir')
IDENTITY START 5.268 ('symbolic-ref', '--short', 'HEAD')
IDENTITY END 5.348 ('symbolic-ref', '--short', 'HEAD')
IDENTITY START 5.349 ('rev-parse', 'HEAD')
IDENTITY END 5.428 ('rev-parse', 'HEAD')
IDENTITY START 5.429 ('ls-files', '--stage', '-v', '-z')
IDENTITY END 5.508 ('ls-files', '--stage', '-v', '-z')
IDENTITY START 5.508 ('ls-files', '--others', '--exclude-standard', '-z')
IDENTITY END 5.599 ('ls-files', '--others', '--exclude-standard', '-z')
IDENTITY START 5.601 ('worktree', 'list', '--porcelain', '-z')
IDENTITY END 5.689 ('worktree', 'list', '--porcelain', '-z')
2026-09-12 23:09:45 [info     ] fire_criteria_read             named=3 owed=['fire/owed-direct', 'fire/owed-direct-2', 'fire/owed-nested'] read_at_version=2026-01-01T00:00:00+00:00 subject=fire/subject
2026-09-12 23:09:45 [info     ] fire_criteria_read             named=3 owed=['fire/owed-direct', 'fire/owed-direct-2', 'fire/owed-nested'] read_at_version=2026-01-01T00:00:00+00:00 subject=fire/subject
IDENTITY START 6.342 ('rev-parse', '--path-format=absolute', '--show-toplevel')
IDENTITY END 6.418 ('rev-parse', '--path-format=absolute', '--show-toplevel')
IDENTITY START 6.419 ('rev-parse', '--path-format=absolute', '--git-common-dir')
IDENTITY END 6.497 ('rev-parse', '--path-format=absolute', '--git-common-dir')
IDENTITY START 6.498 ('rev-parse', '--path-format=absolute', '--git-common-dir')
IDENTITY END 6.564 ('rev-parse', '--path-format=absolute', '--git-common-dir')
IDENTITY START 6.565 ('rev-parse', '--path-format=absolute', '--git-dir')
IDENTITY END 6.644 ('rev-parse', '--path-format=absolute', '--git-dir')
IDENTITY START 6.645 ('symbolic-ref', '--short', 'HEAD')
IDENTITY END 6.727 ('symbolic-ref', '--short', 'HEAD')
IDENTITY START 6.728 ('rev-parse', 'HEAD')
IDENTITY END 6.809 ('rev-parse', 'HEAD')
IDENTITY START 6.809 ('ls-files', '--stage', '-v', '-z')
IDENTITY END 6.866 ('ls-files', '--stage', '-v', '-z')
IDENTITY START 6.866 ('ls-files', '--others', '--exclude-standard', '-z')
IDENTITY END 6.928 ('ls-files', '--others', '--exclude-standard', '-z')
IDENTITY START 6.929 ('worktree', 'list', '--porcelain', '-z')
IDENTITY END 6.979 ('worktree', 'list', '--porcelain', '-z')
IDENTITY START 6.986 ('rev-parse', '--path-format=absolute', '--show-toplevel')
IDENTITY END 7.054 ('rev-parse', '--path-format=absolute', '--show-toplevel')
IDENTITY START 7.054 ('rev-parse', '--path-format=absolute', '--git-common-dir')
IDENTITY END 7.122 ('rev-parse', '--path-format=absolute', '--git-common-dir')
IDENTITY START 7.122 ('rev-parse', '--path-format=absolute', '--git-common-dir')
IDENTITY END 7.194 ('rev-parse', '--path-format=absolute', '--git-common-dir')
IDENTITY START 7.195 ('rev-parse', '--path-format=absolute', '--git-dir')
IDENTITY END 7.265 ('rev-parse', '--path-format=absolute', '--git-dir')
IDENTITY START 7.266 ('symbolic-ref', '--short', 'HEAD')
IDENTITY END 7.349 ('symbolic-ref', '--short', 'HEAD')
IDENTITY START 7.350 ('rev-parse', 'HEAD')
IDENTITY END 7.433 ('rev-parse', 'HEAD')
IDENTITY START 7.433 ('ls-files', '--stage', '-v', '-z')
IDENTITY END 7.518 ('ls-files', '--stage', '-v', '-z')
IDENTITY START 7.518 ('ls-files', '--others', '--exclude-standard', '-z')
IDENTITY END 7.614 ('ls-files', '--others', '--exclude-standard', '-z')
IDENTITY START 7.615 ('worktree', 'list', '--porcelain', '-z')
IDENTITY END 7.711 ('worktree', 'list', '--porcelain', '-z')
2026-09-12 23:09:47 [info     ] fire_criteria_read             named=3 owed=['fire/owed-direct', 'fire/owed-direct-2', 'fire/owed-nested'] read_at_version=2026-01-01T00:00:00+00:00 subject=fire/subject
IDENTITY START 8.046 ('rev-parse', '--path-format=absolute', '--show-toplevel')
IDENTITY END 8.120 ('rev-parse', '--path-format=absolute', '--show-toplevel')
IDENTITY START 8.120 ('rev-parse', '--path-format=absolute', '--git-common-dir')
IDENTITY END 8.240 ('rev-parse', '--path-format=absolute', '--git-common-dir')
IDENTITY START 8.241 ('rev-parse', '--path-format=absolute', '--git-common-dir')
IDENTITY END 8.306 ('rev-parse', '--path-format=absolute', '--git-common-dir')
IDENTITY START 8.307 ('rev-parse', '--path-format=absolute', '--git-dir')
IDENTITY END 8.403 ('rev-parse', '--path-format=absolute', '--git-dir')
IDENTITY START 8.404 ('symbolic-ref', '--short', 'HEAD')
IDENTITY END 8.477 ('symbolic-ref', '--short', 'HEAD')
IDENTITY START 8.478 ('rev-parse', 'HEAD')
IDENTITY END 8.550 ('rev-parse', 'HEAD')
IDENTITY START 8.550 ('ls-files', '--stage', '-v', '-z')
IDENTITY END 8.584 ('ls-files', '--stage', '-v', '-z')
IDENTITY START 8.584 ('ls-files', '--others', '--exclude-standard', '-z')
IDENTITY END 8.677 ('ls-files', '--others', '--exclude-standard', '-z')
IDENTITY START 8.679 ('worktree', 'list', '--porcelain', '-z')
IDENTITY END 8.758 ('worktree', 'list', '--porcelain', '-z')
2026-09-12 23:09:48 [info     ] fire_criteria_read             named=3 owed=['fire/owed-direct', 'fire/owed-direct-2', 'fire/owed-nested'] read_at_version=2026-01-01T00:00:00+00:00 subject=fire/subject
2026-09-12 23:09:48 [info     ] stream_drained                 duration_api_ms=1 duration_ms=1 event_count=1 events={'result': 1} has_structured_output=True is_error=False num_turns=1 rate_limit_rejected=False result_event_observed=True result_tail='Author rationale must never be forwarded.' session_id=previous-agent-session site=commit_message stop_reason=None subtype=result total_cost_usd=None usage=None
2026-09-12 23:09:48 [info     ] outbound_content_gated         categories=[] content_digest=1c2258ba30d6edc526796ea21c3fb5396230012aa5082ada3a09885c265fdb2a failure=None hits=[] surface=repository verdict=clean visibility=public writer=commit_message
2026-09-12 23:09:48 [info     ] fire_criteria_read             named=3 owed=['fire/owed-direct', 'fire/owed-direct-2', 'fire/owed-nested'] read_at_version=2026-01-01T00:00:00+00:00 subject=fire/subject
FIRST COMPLETION 9.634: drive_done=False boundary_done=True
2026-09-12 23:09:49 [warning  ] native_writer_workspace_retained workspace_path=/var/folders/lv/b1m7q5dj1yd5gn9s9rknw43h0000gq/T/kodezart-11742a16e45c4d1d9d8a1159dff1e507
2026-09-12 23:09:49 [info     ] workspace_released             workspace_id=11742a16e45c4d1d9d8a1159dff1e507
.
1 passed in 15.84s
