Using CPython 3.12.13
Creating virtual environment at: .venv
   Building kodezart @ file:///private/tmp/kodezart-v03-recovery-native-resume
warning: `build_system.requires = ["uv-build>=0.10.9,<0.11.0"]` does not contain the current uv version 0.11.6
      Built kodezart @ file:///private/tmp/kodezart-v03-recovery-native-resume
Installed 174 packages in 1.84s
2026-09-12 21:28:32 [info     ] fire_criteria_read             named=3 owed=['fire/owed-direct', 'fire/owed-direct-2', 'fire/owed-nested'] read_at_version=2026-01-01T00:00:00+00:00 subject=fire/subject
2026-09-12 21:28:33 [info     ] fire_criteria_read             named=3 owed=['fire/owed-direct', 'fire/owed-direct-2', 'fire/owed-nested'] read_at_version=2026-01-01T00:00:00+00:00 subject=fire/subject
2026-09-12 21:28:33 [info     ] fire_criteria_read             named=3 owed=['fire/owed-direct', 'fire/owed-direct-2', 'fire/owed-nested'] read_at_version=2026-01-01T00:00:00+00:00 subject=fire/subject
2026-09-12 21:28:33 [info     ] fire_criteria_read             named=3 owed=['fire/owed-direct', 'fire/owed-direct-2', 'fire/owed-nested'] read_at_version=2026-01-01T00:00:00+00:00 subject=fire/subject
2026-09-12 21:28:34 [info     ] workspace_acquired             path=/var/folders/lv/b1m7q5dj1yd5gn9s9rknw43h0000gq/T/kodezart-c143d8baaeea47fea2470d03d22fc55d workspace_id=c143d8baaeea47fea2470d03d22fc55d
2026-09-12 21:28:34 [info     ] fire_criteria_read             named=3 owed=['fire/owed-direct', 'fire/owed-direct-2', 'fire/owed-nested'] read_at_version=2026-01-01T00:00:00+00:00 subject=fire/subject
2026-09-12 21:28:35 [info     ] fire_criteria_read             named=3 owed=['fire/owed-direct', 'fire/owed-direct-2', 'fire/owed-nested'] read_at_version=2026-01-01T00:00:00+00:00 subject=fire/subject
2026-09-12 21:28:35 [info     ] fire_criteria_read             named=3 owed=['fire/owed-direct', 'fire/owed-direct-2', 'fire/owed-nested'] read_at_version=2026-01-01T00:00:00+00:00 subject=fire/subject
2026-09-12 21:28:36 [info     ] fire_criteria_read             named=3 owed=['fire/owed-direct', 'fire/owed-direct-2', 'fire/owed-nested'] read_at_version=2026-01-01T00:00:00+00:00 subject=fire/subject
2026-09-12 21:28:36 [info     ] workspace_acquired             path=/var/folders/lv/b1m7q5dj1yd5gn9s9rknw43h0000gq/T/kodezart-b52facc7cf174d3da92e4a5ccaff400f workspace_id=b52facc7cf174d3da92e4a5ccaff400f
2026-09-12 21:28:37 [info     ] stream_drained                 duration_api_ms=1 duration_ms=1 event_count=1 events={'result': 1} has_structured_output=True is_error=False num_turns=1 rate_limit_rejected=False result_event_observed=True result_tail='Author rationale must never be forwarded.' session_id=previous-agent-session site=amendment_judge stop_reason=None subtype=result total_cost_usd=None usage=None
2026-09-12 21:28:38 [info     ] workspace_released             workspace_id=b52facc7cf174d3da92e4a5ccaff400f
2026-09-12 21:28:38 [info     ] fire_criteria_read             named=3 owed=['fire/owed-direct', 'fire/owed-direct-2', 'fire/owed-nested'] read_at_version=2026-01-01T00:00:00+00:00 subject=fire/subject
2026-09-12 21:28:39 [info     ] fire_criteria_read             named=3 owed=['fire/owed-direct', 'fire/owed-direct-2', 'fire/owed-nested'] read_at_version=2026-01-01T00:00:00+00:00 subject=fire/subject
2026-09-12 21:28:39 [info     ] fire_criteria_read             named=3 owed=['fire/owed-direct', 'fire/owed-direct-2', 'fire/owed-nested'] read_at_version=2026-01-01T00:00:00+00:00 subject=fire/subject
2026-09-12 21:28:40 [info     ] fire_criteria_read             named=3 owed=['fire/owed-direct', 'fire/owed-direct-2', 'fire/owed-nested'] read_at_version=2026-01-01T00:00:00+00:00 subject=fire/subject
2026-09-12 21:28:41 [info     ] outbound_content_gated         categories=[] content_digest=cfbfc7f806d9fadecb07b0bfe195a9060a7b2bab8cd76513c422150dd11764c9 failure=None hits=[] surface=tracker verdict=clean visibility=public writer=tracker_comment
2026-09-12 21:28:41 [info     ] fire_criteria_read             named=3 owed=['fire/owed-direct', 'fire/owed-direct-2', 'fire/owed-nested'] read_at_version=2026-01-01T00:00:00+00:00 subject=fire/subject
2026-09-12 21:28:41 [info     ] workspace_acquired             path=/var/folders/lv/b1m7q5dj1yd5gn9s9rknw43h0000gq/T/kodezart-f95c77dc714340f6b4b51847334be322 workspace_id=f95c77dc714340f6b4b51847334be322
2026-09-12 21:28:42 [info     ] workspace_released             workspace_id=f95c77dc714340f6b4b51847334be322
2026-09-12 21:28:42 [warning  ] workspace_release_unclean      branch_name=native-loop path=/var/folders/lv/b1m7q5dj1yd5gn9s9rknw43h0000gq/T/kodezart-c143d8baaeea47fea2470d03d22fc55d workspace_id=c143d8baaeea47fea2470d03d22fc55d
2026-09-12 21:28:42 [info     ] workspace_released             workspace_id=c143d8baaeea47fea2470d03d22fc55d
CHECKPOINT_CUT {"checkpoints": [{"amendment_reports": 0, "channels": ["accept_verdict", "acceptance_criteria", "best_iteration_sha", "branch:to:run_ralph_loop", "criteria_infeasible", "criteria_regeneration_rounds", "criteria_validation", "criterion_set", "feature_branch", "feature_tip_sha", "fire_spec", "flagged_items", "issue_key", "merge_error", "merged", "ralph_branch", "remediation_entry", "remediation_rounds_used", "remediation_ticket", "repo_url", "repo_visibility", "review_base_sha", "review_feedback", "review_head_sha", "review_passed", "total_iterations", "trajectory", "work_base_ref"], "id": "1f1aee02-4abe-6ff4-8000-ead4dbc41e45", "judgments": 0, "namespace": "", "pending": [["__error__", "RuntimeError('after_archive')"]], "step": 0, "thread": "actual-parent-job", "verdicts": 0}, {"amendment_reports": 0, "channels": ["branch:to:execute", "iteration", "iteration_records", "pending_failures", "verdict"], "id": "1f1aee02-4b40-6c66-8000-9a7c327b8281", "judgments": 0, "namespace": "", "pending": [["__error__", "RuntimeError('after_archive')"]], "step": 0, "thread": "actual-parent-job-ralph", "verdicts": 0}, {"amendment_reports": 0, "channels": ["branch:to:canonical_write_back", "judgments", "output", "verdicts"], "id": "1f1aee02-7ec8-6b24-8001-e147ddaadc38", "judgments": 1, "namespace": "execute:7f006180-95f7-f5f4-66dd-d3d87f528687", "pending": [["__error__", "RuntimeError('after_archive')"]], "step": 1, "thread": "actual-parent-job-ralph", "verdicts": 0}], "parent_tasks": [{"error": "RuntimeError('after_archive')", "name": "run_ralph_loop", "state": "None"}], "position": "after_archive"}
2026-09-12 21:28:43 [info     ] fire_criteria_read             named=3 owed=['fire/owed-direct', 'fire/owed-direct-2', 'fire/owed-nested'] read_at_version=2026-01-01T00:00:00+00:00 subject=fire/subject
2026-09-12 21:28:43 [info     ] fire_criteria_read             named=3 owed=['fire/owed-direct', 'fire/owed-direct-2', 'fire/owed-nested'] read_at_version=2026-01-01T00:00:00+00:00 subject=fire/subject
2026-09-12 21:28:43 [info     ] fire_criteria_read             named=3 owed=['fire/owed-direct', 'fire/owed-direct-2', 'fire/owed-nested'] read_at_version=2026-01-01T00:00:00+00:00 subject=fire/subject
2026-09-12 21:28:44 [info     ] workspace_acquired             path=/var/folders/lv/b1m7q5dj1yd5gn9s9rknw43h0000gq/T/kodezart-1cae4bccf44840a9aced5def25663d52 workspace_id=1cae4bccf44840a9aced5def25663d52
2026-09-12 21:28:44 [info     ] fire_criteria_read             named=3 owed=['fire/owed-direct', 'fire/owed-direct-2', 'fire/owed-nested'] read_at_version=2026-01-01T00:00:00+00:00 subject=fire/subject
2026-09-12 21:28:45 [warning  ] workspace_release_unclean      branch_name=native-loop path=/var/folders/lv/b1m7q5dj1yd5gn9s9rknw43h0000gq/T/kodezart-1cae4bccf44840a9aced5def25663d52 workspace_id=1cae4bccf44840a9aced5def25663d52
2026-09-12 21:28:45 [info     ] workspace_released             workspace_id=1cae4bccf44840a9aced5def25663d52
PARENT_NONE_RESUME {"checkpoints": [{"amendment_reports": 0, "channels": ["accept_verdict", "acceptance_criteria", "best_iteration_sha", "branch:to:run_ralph_loop", "criteria_infeasible", "criteria_regeneration_rounds", "criteria_validation", "criterion_set", "feature_branch", "feature_tip_sha", "fire_spec", "flagged_items", "issue_key", "merge_error", "merged", "ralph_branch", "remediation_entry", "remediation_rounds_used", "remediation_ticket", "repo_url", "repo_visibility", "review_base_sha", "review_feedback", "review_head_sha", "review_passed", "total_iterations", "trajectory", "work_base_ref"], "id": "1f1aee02-4abe-6ff4-8000-ead4dbc41e45", "judgments": 0, "namespace": "", "pending": [["__error__", "RuntimeError('stop after resumed writer before further effects')"]], "step": 0, "thread": "actual-parent-job", "verdicts": 0}, {"amendment_reports": 0, "channels": ["branch:to:execute", "iteration", "iteration_records", "pending_failures", "verdict"], "id": "1f1aee02-aada-6e42-8002-7b0477f41af0", "judgments": 0, "namespace": "", "pending": [["__error__", "RuntimeError('stop after resumed writer before further effects')"]], "step": 2, "thread": "actual-parent-job-ralph", "verdicts": 0}, {"amendment_reports": 0, "channels": ["branch:to:canonical_write_back", "judgments", "output", "verdicts"], "id": "1f1aee02-7ec8-6b24-8001-e147ddaadc38", "judgments": 1, "namespace": "execute:7f006180-95f7-f5f4-66dd-d3d87f528687", "pending": [["__error__", "RuntimeError('after_archive')"]], "step": 1, "thread": "actual-parent-job-ralph", "verdicts": 0}], "position": "after_archive"}
.2026-09-12 21:28:47 [info     ] fire_criteria_read             named=3 owed=['fire/owed-direct', 'fire/owed-direct-2', 'fire/owed-nested'] read_at_version=2026-01-01T00:00:00+00:00 subject=fire/subject
2026-09-12 21:28:48 [info     ] fire_criteria_read             named=3 owed=['fire/owed-direct', 'fire/owed-direct-2', 'fire/owed-nested'] read_at_version=2026-01-01T00:00:00+00:00 subject=fire/subject
2026-09-12 21:28:48 [info     ] fire_criteria_read             named=3 owed=['fire/owed-direct', 'fire/owed-direct-2', 'fire/owed-nested'] read_at_version=2026-01-01T00:00:00+00:00 subject=fire/subject
2026-09-12 21:28:48 [info     ] fire_criteria_read             named=3 owed=['fire/owed-direct', 'fire/owed-direct-2', 'fire/owed-nested'] read_at_version=2026-01-01T00:00:00+00:00 subject=fire/subject
2026-09-12 21:28:49 [info     ] workspace_acquired             path=/var/folders/lv/b1m7q5dj1yd5gn9s9rknw43h0000gq/T/kodezart-c5345fa88c50481b8e0b7162b826212a workspace_id=c5345fa88c50481b8e0b7162b826212a
2026-09-12 21:28:49 [info     ] fire_criteria_read             named=3 owed=['fire/owed-direct', 'fire/owed-direct-2', 'fire/owed-nested'] read_at_version=2026-01-01T00:00:00+00:00 subject=fire/subject
2026-09-12 21:28:50 [info     ] fire_criteria_read             named=3 owed=['fire/owed-direct', 'fire/owed-direct-2', 'fire/owed-nested'] read_at_version=2026-01-01T00:00:00+00:00 subject=fire/subject
2026-09-12 21:28:50 [info     ] fire_criteria_read             named=3 owed=['fire/owed-direct', 'fire/owed-direct-2', 'fire/owed-nested'] read_at_version=2026-01-01T00:00:00+00:00 subject=fire/subject
2026-09-12 21:28:51 [info     ] fire_criteria_read             named=3 owed=['fire/owed-direct', 'fire/owed-direct-2', 'fire/owed-nested'] read_at_version=2026-01-01T00:00:00+00:00 subject=fire/subject
2026-09-12 21:28:53 [info     ] workspace_acquired             path=/var/folders/lv/b1m7q5dj1yd5gn9s9rknw43h0000gq/T/kodezart-eb7a5c25ffff42dca4db5bbb34648a0c workspace_id=eb7a5c25ffff42dca4db5bbb34648a0c
2026-09-12 21:28:53 [info     ] stream_drained                 duration_api_ms=1 duration_ms=1 event_count=1 events={'result': 1} has_structured_output=True is_error=False num_turns=1 rate_limit_rejected=False result_event_observed=True result_tail='Author rationale must never be forwarded.' session_id=previous-agent-session site=amendment_judge stop_reason=None subtype=result total_cost_usd=None usage=None
2026-09-12 21:28:55 [info     ] workspace_released             workspace_id=eb7a5c25ffff42dca4db5bbb34648a0c
2026-09-12 21:28:55 [info     ] fire_criteria_read             named=3 owed=['fire/owed-direct', 'fire/owed-direct-2', 'fire/owed-nested'] read_at_version=2026-01-01T00:00:00+00:00 subject=fire/subject
2026-09-12 21:28:55 [info     ] fire_criteria_read             named=3 owed=['fire/owed-direct', 'fire/owed-direct-2', 'fire/owed-nested'] read_at_version=2026-01-01T00:00:00+00:00 subject=fire/subject
2026-09-12 21:28:56 [info     ] fire_criteria_read             named=3 owed=['fire/owed-direct', 'fire/owed-direct-2', 'fire/owed-nested'] read_at_version=2026-01-01T00:00:00+00:00 subject=fire/subject
2026-09-12 21:28:56 [info     ] fire_criteria_read             named=3 owed=['fire/owed-direct', 'fire/owed-direct-2', 'fire/owed-nested'] read_at_version=2026-01-01T00:00:00+00:00 subject=fire/subject
2026-09-12 21:28:57 [info     ] outbound_content_gated         categories=[] content_digest=2ee50fa5027497e0ff60e14d1a1c333ee12c7d6c9546570606d930e697adefd5 failure=None hits=[] surface=tracker verdict=clean visibility=public writer=tracker_comment
2026-09-12 21:28:57 [info     ] fire_criteria_read             named=3 owed=['fire/owed-direct', 'fire/owed-direct-2', 'fire/owed-nested'] read_at_version=2026-01-01T00:00:00+00:00 subject=fire/subject
2026-09-12 21:28:58 [info     ] workspace_acquired             path=/var/folders/lv/b1m7q5dj1yd5gn9s9rknw43h0000gq/T/kodezart-40c8bcdb8390416ca31893ee5c897901 workspace_id=40c8bcdb8390416ca31893ee5c897901
2026-09-12 21:28:58 [info     ] stream_drained                 duration_api_ms=1 duration_ms=1 event_count=1 events={'result': 1} has_structured_output=True is_error=False num_turns=1 rate_limit_rejected=False result_event_observed=True result_tail='Author rationale must never be forwarded.' session_id=previous-agent-session site=write_back_verify stop_reason=None subtype=result total_cost_usd=None usage=None
2026-09-12 21:28:59 [info     ] workspace_released             workspace_id=40c8bcdb8390416ca31893ee5c897901
2026-09-12 21:29:00 [info     ] fire_criteria_read             named=3 owed=['fire/owed-direct', 'fire/owed-direct-2', 'fire/owed-nested'] read_at_version=2026-01-01T00:00:00+00:00 subject=fire/subject
2026-09-12 21:29:00 [info     ] fire_criteria_read             named=3 owed=['fire/owed-direct', 'fire/owed-direct-2', 'fire/owed-nested'] read_at_version=2026-01-01T00:00:00+00:00 subject=fire/subject
2026-09-12 21:29:01 [info     ] fire_criteria_read             named=3 owed=['fire/owed-direct', 'fire/owed-direct-2', 'fire/owed-nested'] read_at_version=2026-01-01T00:00:00+00:00 subject=fire/subject
2026-09-12 21:29:02 [info     ] workspace_acquired             path=/var/folders/lv/b1m7q5dj1yd5gn9s9rknw43h0000gq/T/kodezart-4053de49846f46a6b896caca4ddb1508 workspace_id=4053de49846f46a6b896caca4ddb1508
2026-09-12 21:29:02 [info     ] stream_drained                 duration_api_ms=1 duration_ms=1 event_count=1 events={'result': 1} has_structured_output=True is_error=False num_turns=1 rate_limit_rejected=False result_event_observed=True result_tail='Author rationale must never be forwarded.' session_id=previous-agent-session site=amendment_author stop_reason=None subtype=result total_cost_usd=None usage=None
2026-09-12 21:29:03 [info     ] workspace_released             workspace_id=4053de49846f46a6b896caca4ddb1508
2026-09-12 21:29:03 [info     ] fire_criteria_read             named=3 owed=['fire/owed-direct', 'fire/owed-direct-2', 'fire/owed-nested'] read_at_version=2026-01-01T00:00:00+00:00 subject=fire/subject
2026-09-12 21:29:03 [info     ] outbound_content_gated         categories=[] content_digest=4426b548240f71d651c3d3e21b64933c3a2703ceeee0f64680bc9b0f3c3be57f failure=None hits=[] surface=tracker verdict=clean visibility=public writer=tracker_description
2026-09-12 21:29:04 [info     ] fire_criteria_read             named=3 owed=['fire/owed-direct', 'fire/owed-direct-2', 'fire/owed-nested'] read_at_version=2026-01-01T00:00:00+00:00 subject=fire/subject
2026-09-12 21:29:04 [info     ] fire_criteria_read             named=3 owed=['fire/owed-direct', 'fire/owed-direct-2', 'fire/owed-nested'] read_at_version=2026-01-01T00:00:00+00:00 subject=fire/subject
2026-09-12 21:29:05 [info     ] fire_criteria_read             named=3 owed=['fire/owed-direct', 'fire/owed-direct-2', 'fire/owed-nested'] read_at_version=2026-01-01T00:00:00+00:00 subject=fire/subject
2026-09-12 21:29:05 [warning  ] workspace_release_unclean      branch_name=native-loop path=/var/folders/lv/b1m7q5dj1yd5gn9s9rknw43h0000gq/T/kodezart-c5345fa88c50481b8e0b7162b826212a workspace_id=c5345fa88c50481b8e0b7162b826212a
2026-09-12 21:29:06 [info     ] workspace_released             workspace_id=c5345fa88c50481b8e0b7162b826212a
CHECKPOINT_CUT {"checkpoints": [{"amendment_reports": 0, "channels": ["accept_verdict", "acceptance_criteria", "best_iteration_sha", "branch:to:run_ralph_loop", "criteria_infeasible", "criteria_regeneration_rounds", "criteria_validation", "criterion_set", "feature_branch", "feature_tip_sha", "fire_spec", "flagged_items", "issue_key", "merge_error", "merged", "ralph_branch", "remediation_entry", "remediation_rounds_used", "remediation_ticket", "repo_url", "repo_visibility", "review_base_sha", "review_feedback", "review_head_sha", "review_passed", "total_iterations", "trajectory", "work_base_ref"], "id": "1f1aee02-da3c-67da-8000-348d0737cf96", "judgments": 0, "namespace": "", "pending": [["__error__", "RuntimeError('after_reset')"]], "step": 0, "thread": "actual-parent-job", "verdicts": 0}, {"amendment_reports": 0, "channels": ["branch:to:execute", "iteration", "iteration_records", "pending_failures", "verdict"], "id": "1f1aee02-da86-68e4-8000-5ed45d98324e", "judgments": 0, "namespace": "", "pending": [["__error__", "RuntimeError('after_reset')"]], "step": 0, "thread": "actual-parent-job-ralph", "verdicts": 0}, {"amendment_reports": 0, "channels": ["branch:to:canonical_write_back", "judgments", "output", "verdicts"], "id": "1f1aee03-1d01-6282-8001-523427815428", "judgments": 1, "namespace": "execute:9427734a-a66a-5a76-c4f1-8750ac0c2edc", "pending": [["__error__", "RuntimeError('after_reset')"]], "step": 1, "thread": "actual-parent-job-ralph", "verdicts": 0}], "parent_tasks": [{"error": "RuntimeError('after_reset')", "name": "run_ralph_loop", "state": "None"}], "position": "after_reset"}
2026-09-12 21:29:06 [info     ] fire_criteria_read             named=3 owed=['fire/done-direct', 'fire/owed-direct', 'fire/owed-direct-2', 'fire/owed-nested'] read_at_version=2026-01-01T00:00:00+00:00 subject=fire/subject
2026-09-12 21:29:07 [info     ] fire_criteria_read             named=3 owed=['fire/done-direct', 'fire/owed-direct', 'fire/owed-direct-2', 'fire/owed-nested'] read_at_version=2026-01-01T00:00:00+00:00 subject=fire/subject
2026-09-12 21:29:07 [info     ] fire_criteria_read             named=3 owed=['fire/done-direct', 'fire/owed-direct', 'fire/owed-direct-2', 'fire/owed-nested'] read_at_version=2026-01-01T00:00:00+00:00 subject=fire/subject
2026-09-12 21:29:07 [info     ] workspace_acquired             path=/var/folders/lv/b1m7q5dj1yd5gn9s9rknw43h0000gq/T/kodezart-552535faaced4cc3b9a279af6bee3d9c workspace_id=552535faaced4cc3b9a279af6bee3d9c
2026-09-12 21:29:08 [info     ] fire_criteria_read             named=3 owed=['fire/done-direct', 'fire/owed-direct', 'fire/owed-direct-2', 'fire/owed-nested'] read_at_version=2026-01-01T00:00:00+00:00 subject=fire/subject
2026-09-12 21:29:09 [warning  ] workspace_release_unclean      branch_name=native-loop path=/var/folders/lv/b1m7q5dj1yd5gn9s9rknw43h0000gq/T/kodezart-552535faaced4cc3b9a279af6bee3d9c workspace_id=552535faaced4cc3b9a279af6bee3d9c
2026-09-12 21:29:09 [info     ] workspace_released             workspace_id=552535faaced4cc3b9a279af6bee3d9c
PARENT_NONE_RESUME {"checkpoints": [{"amendment_reports": 0, "channels": ["accept_verdict", "acceptance_criteria", "best_iteration_sha", "branch:to:run_ralph_loop", "criteria_infeasible", "criteria_regeneration_rounds", "criteria_validation", "criterion_set", "feature_branch", "feature_tip_sha", "fire_spec", "flagged_items", "issue_key", "merge_error", "merged", "ralph_branch", "remediation_entry", "remediation_rounds_used", "remediation_ticket", "repo_url", "repo_visibility", "review_base_sha", "review_feedback", "review_head_sha", "review_passed", "total_iterations", "trajectory", "work_base_ref"], "id": "1f1aee02-da3c-67da-8000-348d0737cf96", "judgments": 0, "namespace": "", "pending": [["__error__", "RuntimeError('stop after resumed writer before further effects')"]], "step": 0, "thread": "actual-parent-job", "verdicts": 0}, {"amendment_reports": 0, "channels": ["branch:to:execute", "iteration", "iteration_records", "pending_failures", "verdict"], "id": "1f1aee03-895a-6c3a-8002-384a950ff41a", "judgments": 0, "namespace": "", "pending": [["__error__", "RuntimeError('stop after resumed writer before further effects')"]], "step": 2, "thread": "actual-parent-job-ralph", "verdicts": 0}, {"amendment_reports": 0, "channels": ["branch:to:canonical_write_back", "judgments", "output", "verdicts"], "id": "1f1aee03-1d01-6282-8001-523427815428", "judgments": 1, "namespace": "execute:9427734a-a66a-5a76-c4f1-8750ac0c2edc", "pending": [["__error__", "RuntimeError('after_reset')"]], "step": 1, "thread": "actual-parent-job-ralph", "verdicts": 0}], "position": "after_reset"}
.2026-09-12 21:29:11 [info     ] fire_criteria_read             named=3 owed=['fire/owed-direct', 'fire/owed-direct-2', 'fire/owed-nested'] read_at_version=2026-01-01T00:00:00+00:00 subject=fire/subject
2026-09-12 21:29:12 [info     ] fire_criteria_read             named=3 owed=['fire/owed-direct', 'fire/owed-direct-2', 'fire/owed-nested'] read_at_version=2026-01-01T00:00:00+00:00 subject=fire/subject
2026-09-12 21:29:13 [info     ] fire_criteria_read             named=3 owed=['fire/owed-direct', 'fire/owed-direct-2', 'fire/owed-nested'] read_at_version=2026-01-01T00:00:00+00:00 subject=fire/subject
2026-09-12 21:29:13 [info     ] fire_criteria_read             named=3 owed=['fire/owed-direct', 'fire/owed-direct-2', 'fire/owed-nested'] read_at_version=2026-01-01T00:00:00+00:00 subject=fire/subject
2026-09-12 21:29:13 [info     ] workspace_acquired             path=/var/folders/lv/b1m7q5dj1yd5gn9s9rknw43h0000gq/T/kodezart-d1e4ba583e8b4806ad93e00097c72bfc workspace_id=d1e4ba583e8b4806ad93e00097c72bfc
2026-09-12 21:29:14 [info     ] fire_criteria_read             named=3 owed=['fire/owed-direct', 'fire/owed-direct-2', 'fire/owed-nested'] read_at_version=2026-01-01T00:00:00+00:00 subject=fire/subject
2026-09-12 21:29:14 [info     ] fire_criteria_read             named=3 owed=['fire/owed-direct', 'fire/owed-direct-2', 'fire/owed-nested'] read_at_version=2026-01-01T00:00:00+00:00 subject=fire/subject
2026-09-12 21:29:15 [info     ] fire_criteria_read             named=3 owed=['fire/owed-direct', 'fire/owed-direct-2', 'fire/owed-nested'] read_at_version=2026-01-01T00:00:00+00:00 subject=fire/subject
2026-09-12 21:29:16 [info     ] fire_criteria_read             named=3 owed=['fire/owed-direct', 'fire/owed-direct-2', 'fire/owed-nested'] read_at_version=2026-01-01T00:00:00+00:00 subject=fire/subject
2026-09-12 21:29:16 [info     ] workspace_acquired             path=/var/folders/lv/b1m7q5dj1yd5gn9s9rknw43h0000gq/T/kodezart-4d435fed6b8f4a37985b01eda900c73d workspace_id=4d435fed6b8f4a37985b01eda900c73d
2026-09-12 21:29:17 [info     ] stream_drained                 duration_api_ms=1 duration_ms=1 event_count=1 events={'result': 1} has_structured_output=True is_error=False num_turns=1 rate_limit_rejected=False result_event_observed=True result_tail='Author rationale must never be forwarded.' session_id=previous-agent-session site=amendment_judge stop_reason=None subtype=result total_cost_usd=None usage=None
2026-09-12 21:29:18 [info     ] workspace_released             workspace_id=4d435fed6b8f4a37985b01eda900c73d
2026-09-12 21:29:18 [info     ] fire_criteria_read             named=3 owed=['fire/owed-direct', 'fire/owed-direct-2', 'fire/owed-nested'] read_at_version=2026-01-01T00:00:00+00:00 subject=fire/subject
2026-09-12 21:29:19 [info     ] fire_criteria_read             named=3 owed=['fire/owed-direct', 'fire/owed-direct-2', 'fire/owed-nested'] read_at_version=2026-01-01T00:00:00+00:00 subject=fire/subject
2026-09-12 21:29:19 [info     ] fire_criteria_read             named=3 owed=['fire/owed-direct', 'fire/owed-direct-2', 'fire/owed-nested'] read_at_version=2026-01-01T00:00:00+00:00 subject=fire/subject
2026-09-12 21:29:20 [info     ] fire_criteria_read             named=3 owed=['fire/owed-direct', 'fire/owed-direct-2', 'fire/owed-nested'] read_at_version=2026-01-01T00:00:00+00:00 subject=fire/subject
2026-09-12 21:29:20 [info     ] outbound_content_gated         categories=[] content_digest=85b77be8d8c6aa08dac6d0ad1d1601040a1d5cf1e05ba724d769974ed2984dd1 failure=None hits=[] surface=tracker verdict=clean visibility=public writer=tracker_comment
2026-09-12 21:29:21 [info     ] fire_criteria_read             named=3 owed=['fire/owed-direct', 'fire/owed-direct-2', 'fire/owed-nested'] read_at_version=2026-01-01T00:00:00+00:00 subject=fire/subject
2026-09-12 21:29:21 [info     ] workspace_acquired             path=/var/folders/lv/b1m7q5dj1yd5gn9s9rknw43h0000gq/T/kodezart-356189ce0f7c4604a819ea8b2e7101f1 workspace_id=356189ce0f7c4604a819ea8b2e7101f1
2026-09-12 21:29:22 [info     ] stream_drained                 duration_api_ms=1 duration_ms=1 event_count=1 events={'result': 1} has_structured_output=True is_error=False num_turns=1 rate_limit_rejected=False result_event_observed=True result_tail='Author rationale must never be forwarded.' session_id=previous-agent-session site=write_back_verify stop_reason=None subtype=result total_cost_usd=None usage=None
2026-09-12 21:29:22 [info     ] workspace_released             workspace_id=356189ce0f7c4604a819ea8b2e7101f1
2026-09-12 21:29:23 [info     ] fire_criteria_read             named=3 owed=['fire/owed-direct', 'fire/owed-direct-2', 'fire/owed-nested'] read_at_version=2026-01-01T00:00:00+00:00 subject=fire/subject
2026-09-12 21:29:23 [info     ] fire_criteria_read             named=3 owed=['fire/owed-direct', 'fire/owed-direct-2', 'fire/owed-nested'] read_at_version=2026-01-01T00:00:00+00:00 subject=fire/subject
2026-09-12 21:29:24 [info     ] fire_criteria_read             named=3 owed=['fire/owed-direct', 'fire/owed-direct-2', 'fire/owed-nested'] read_at_version=2026-01-01T00:00:00+00:00 subject=fire/subject
2026-09-12 21:29:24 [info     ] workspace_acquired             path=/var/folders/lv/b1m7q5dj1yd5gn9s9rknw43h0000gq/T/kodezart-fa715210d65f4c7e9a07efa2e30b97e6 workspace_id=fa715210d65f4c7e9a07efa2e30b97e6
2026-09-12 21:29:25 [info     ] stream_drained                 duration_api_ms=1 duration_ms=1 event_count=1 events={'result': 1} has_structured_output=True is_error=False num_turns=1 rate_limit_rejected=False result_event_observed=True result_tail='Author rationale must never be forwarded.' session_id=previous-agent-session site=amendment_author stop_reason=None subtype=result total_cost_usd=None usage=None
2026-09-12 21:29:26 [info     ] workspace_released             workspace_id=fa715210d65f4c7e9a07efa2e30b97e6
2026-09-12 21:29:26 [info     ] fire_criteria_read             named=3 owed=['fire/owed-direct', 'fire/owed-direct-2', 'fire/owed-nested'] read_at_version=2026-01-01T00:00:00+00:00 subject=fire/subject
2026-09-12 21:29:26 [info     ] outbound_content_gated         categories=[] content_digest=4426b548240f71d651c3d3e21b64933c3a2703ceeee0f64680bc9b0f3c3be57f failure=None hits=[] surface=tracker verdict=clean visibility=public writer=tracker_description
2026-09-12 21:29:26 [info     ] fire_criteria_read             named=3 owed=['fire/owed-direct', 'fire/owed-direct-2', 'fire/owed-nested'] read_at_version=2026-01-01T00:00:00+00:00 subject=fire/subject
2026-09-12 21:29:27 [info     ] fire_criteria_read             named=3 owed=['fire/owed-direct', 'fire/owed-direct-2', 'fire/owed-nested'] read_at_version=2026-01-01T00:00:00+00:00 subject=fire/subject
2026-09-12 21:29:27 [info     ] fire_criteria_read             named=3 owed=['fire/owed-direct', 'fire/owed-direct-2', 'fire/owed-nested'] read_at_version=2026-01-01T00:00:00+00:00 subject=fire/subject
2026-09-12 21:29:27 [info     ] fire_criteria_read             named=3 owed=['fire/done-direct', 'fire/owed-direct', 'fire/owed-direct-2', 'fire/owed-nested'] read_at_version=2026-01-01T00:00:00+00:00 subject=fire/subject
2026-09-12 21:29:27 [info     ] outbound_content_gated         categories=[] content_digest=bcb6e622acca9bb3337f4a95be49a77a4e4e251e65feec3b009894d5c9cc9c1d failure=None hits=[] surface=tracker verdict=clean visibility=public writer=tracker_description
2026-09-12 21:29:27 [info     ] fire_criteria_read             named=3 owed=['fire/done-direct', 'fire/owed-direct', 'fire/owed-direct-2', 'fire/owed-nested'] read_at_version=2026-01-01T00:00:00+00:00 subject=fire/subject
2026-09-12 21:29:28 [info     ] fire_criteria_read             named=3 owed=['fire/done-direct', 'fire/owed-direct', 'fire/owed-direct-2', 'fire/owed-nested'] read_at_version=2026-01-01T00:00:00+00:00 subject=fire/subject
2026-09-12 21:29:28 [info     ] workspace_acquired             path=/var/folders/lv/b1m7q5dj1yd5gn9s9rknw43h0000gq/T/kodezart-022ae84ff7fa4867b59f59be16b3e9c9 workspace_id=022ae84ff7fa4867b59f59be16b3e9c9
2026-09-12 21:29:28 [info     ] stream_drained                 duration_api_ms=1 duration_ms=1 event_count=1 events={'result': 1} has_structured_output=True is_error=False num_turns=1 rate_limit_rejected=False result_event_observed=True result_tail='Author rationale must never be forwarded.' session_id=previous-agent-session site=write_back_verify stop_reason=None subtype=result total_cost_usd=None usage=None
2026-09-12 21:29:29 [info     ] workspace_released             workspace_id=022ae84ff7fa4867b59f59be16b3e9c9
2026-09-12 21:29:29 [warning  ] workspace_release_unclean      branch_name=native-loop path=/var/folders/lv/b1m7q5dj1yd5gn9s9rknw43h0000gq/T/kodezart-d1e4ba583e8b4806ad93e00097c72bfc workspace_id=d1e4ba583e8b4806ad93e00097c72bfc
2026-09-12 21:29:29 [info     ] workspace_released             workspace_id=d1e4ba583e8b4806ad93e00097c72bfc
CHECKPOINT_CUT {"checkpoints": [{"amendment_reports": 0, "channels": ["accept_verdict", "acceptance_criteria", "best_iteration_sha", "branch:to:run_ralph_loop", "criteria_infeasible", "criteria_regeneration_rounds", "criteria_validation", "criterion_set", "feature_branch", "feature_tip_sha", "fire_spec", "flagged_items", "issue_key", "merge_error", "merged", "ralph_branch", "remediation_entry", "remediation_rounds_used", "remediation_ticket", "repo_url", "repo_visibility", "review_base_sha", "review_feedback", "review_head_sha", "review_passed", "total_iterations", "trajectory", "work_base_ref"], "id": "1f1aee03-c248-622c-8000-83fc134448b0", "judgments": 0, "namespace": "", "pending": [["__error__", "RuntimeError('after_applied_holds')"]], "step": 0, "thread": "actual-parent-job", "verdicts": 0}, {"amendment_reports": 0, "channels": ["branch:to:execute", "iteration", "iteration_records", "pending_failures", "verdict"], "id": "1f1aee03-c2a8-6e1a-8000-3e22c865d670", "judgments": 0, "namespace": "", "pending": [["__error__", "RuntimeError('after_applied_holds')"]], "step": 0, "thread": "actual-parent-job-ralph", "verdicts": 0}, {"amendment_reports": 0, "channels": ["branch:to:canonical_write_back", "judgments", "output", "verdicts"], "id": "1f1aee03-fd09-6e9c-8001-d5ea9be01f00", "judgments": 1, "namespace": "execute:6e3b50cc-6ad0-9f49-7059-b2a5a4a976d6", "pending": [["__error__", "RuntimeError('after_applied_holds')"]], "step": 1, "thread": "actual-parent-job-ralph", "verdicts": 0}], "parent_tasks": [{"error": "RuntimeError('after_applied_holds')", "name": "run_ralph_loop", "state": "None"}], "position": "after_applied_holds"}
2026-09-12 21:29:29 [info     ] fire_criteria_read             named=3 owed=['fire/done-direct', 'fire/owed-direct', 'fire/owed-direct-2', 'fire/owed-nested'] read_at_version=2026-01-01T00:00:00+00:00 subject=fire/subject
2026-09-12 21:29:30 [info     ] fire_criteria_read             named=3 owed=['fire/done-direct', 'fire/owed-direct', 'fire/owed-direct-2', 'fire/owed-nested'] read_at_version=2026-01-01T00:00:00+00:00 subject=fire/subject
2026-09-12 21:29:30 [info     ] fire_criteria_read             named=3 owed=['fire/done-direct', 'fire/owed-direct', 'fire/owed-direct-2', 'fire/owed-nested'] read_at_version=2026-01-01T00:00:00+00:00 subject=fire/subject
2026-09-12 21:29:30 [info     ] workspace_acquired             path=/var/folders/lv/b1m7q5dj1yd5gn9s9rknw43h0000gq/T/kodezart-c2a491d14b7c4932a9fb82ef93d9de56 workspace_id=c2a491d14b7c4932a9fb82ef93d9de56
2026-09-12 21:29:30 [info     ] fire_criteria_read             named=3 owed=['fire/done-direct', 'fire/owed-direct', 'fire/owed-direct-2', 'fire/owed-nested'] read_at_version=2026-01-01T00:00:00+00:00 subject=fire/subject
2026-09-12 21:29:31 [warning  ] workspace_release_unclean      branch_name=native-loop path=/var/folders/lv/b1m7q5dj1yd5gn9s9rknw43h0000gq/T/kodezart-c2a491d14b7c4932a9fb82ef93d9de56 workspace_id=c2a491d14b7c4932a9fb82ef93d9de56
2026-09-12 21:29:31 [info     ] workspace_released             workspace_id=c2a491d14b7c4932a9fb82ef93d9de56
PARENT_NONE_RESUME {"checkpoints": [{"amendment_reports": 0, "channels": ["accept_verdict", "acceptance_criteria", "best_iteration_sha", "branch:to:run_ralph_loop", "criteria_infeasible", "criteria_regeneration_rounds", "criteria_validation", "criterion_set", "feature_branch", "feature_tip_sha", "fire_spec", "flagged_items", "issue_key", "merge_error", "merged", "ralph_branch", "remediation_entry", "remediation_rounds_used", "remediation_ticket", "repo_url", "repo_visibility", "review_base_sha", "review_feedback", "review_head_sha", "review_passed", "total_iterations", "trajectory", "work_base_ref"], "id": "1f1aee03-c248-622c-8000-83fc134448b0", "judgments": 0, "namespace": "", "pending": [["__error__", "RuntimeError('stop after resumed writer before further effects')"]], "step": 0, "thread": "actual-parent-job", "verdicts": 0}, {"amendment_reports": 0, "channels": ["branch:to:execute", "iteration", "iteration_records", "pending_failures", "verdict"], "id": "1f1aee04-64be-6650-8002-144a08eef1ed", "judgments": 0, "namespace": "", "pending": [["__error__", "RuntimeError('stop after resumed writer before further effects')"]], "step": 2, "thread": "actual-parent-job-ralph", "verdicts": 0}, {"amendment_reports": 0, "channels": ["branch:to:canonical_write_back", "judgments", "output", "verdicts"], "id": "1f1aee03-fd09-6e9c-8001-d5ea9be01f00", "judgments": 1, "namespace": "execute:6e3b50cc-6ad0-9f49-7059-b2a5a4a976d6", "pending": [["__error__", "RuntimeError('after_applied_holds')"]], "step": 1, "thread": "actual-parent-job-ralph", "verdicts": 0}], "position": "after_applied_holds"}
.2026-09-12 21:29:32 [info     ] fire_criteria_read             named=3 owed=['fire/owed-direct', 'fire/owed-direct-2', 'fire/owed-nested'] read_at_version=2026-01-01T00:00:00+00:00 subject=fire/subject
2026-09-12 21:29:33 [info     ] fire_criteria_read             named=3 owed=['fire/owed-direct', 'fire/owed-direct-2', 'fire/owed-nested'] read_at_version=2026-01-01T00:00:00+00:00 subject=fire/subject
2026-09-12 21:29:33 [info     ] fire_criteria_read             named=3 owed=['fire/owed-direct', 'fire/owed-direct-2', 'fire/owed-nested'] read_at_version=2026-01-01T00:00:00+00:00 subject=fire/subject
2026-09-12 21:29:33 [info     ] fire_criteria_read             named=3 owed=['fire/owed-direct', 'fire/owed-direct-2', 'fire/owed-nested'] read_at_version=2026-01-01T00:00:00+00:00 subject=fire/subject
2026-09-12 21:29:33 [info     ] workspace_acquired             path=/var/folders/lv/b1m7q5dj1yd5gn9s9rknw43h0000gq/T/kodezart-2e6fdc7c57a1490ba5a3ddd47d699824 workspace_id=2e6fdc7c57a1490ba5a3ddd47d699824
2026-09-12 21:29:33 [info     ] fire_criteria_read             named=3 owed=['fire/owed-direct', 'fire/owed-direct-2', 'fire/owed-nested'] read_at_version=2026-01-01T00:00:00+00:00 subject=fire/subject
2026-09-12 21:29:34 [info     ] fire_criteria_read             named=3 owed=['fire/owed-direct', 'fire/owed-direct-2', 'fire/owed-nested'] read_at_version=2026-01-01T00:00:00+00:00 subject=fire/subject
2026-09-12 21:29:34 [info     ] fire_criteria_read             named=3 owed=['fire/owed-direct', 'fire/owed-direct-2', 'fire/owed-nested'] read_at_version=2026-01-01T00:00:00+00:00 subject=fire/subject
2026-09-12 21:29:34 [info     ] fire_criteria_read             named=3 owed=['fire/owed-direct', 'fire/owed-direct-2', 'fire/owed-nested'] read_at_version=2026-01-01T00:00:00+00:00 subject=fire/subject
2026-09-12 21:29:35 [info     ] workspace_acquired             path=/var/folders/lv/b1m7q5dj1yd5gn9s9rknw43h0000gq/T/kodezart-79c005041b98448fb3940321a5ea7faa workspace_id=79c005041b98448fb3940321a5ea7faa
2026-09-12 21:29:35 [info     ] stream_drained                 duration_api_ms=1 duration_ms=1 event_count=1 events={'result': 1} has_structured_output=True is_error=False num_turns=1 rate_limit_rejected=False result_event_observed=True result_tail='Author rationale must never be forwarded.' session_id=previous-agent-session site=amendment_judge stop_reason=None subtype=result total_cost_usd=None usage=None
2026-09-12 21:29:36 [info     ] workspace_released             workspace_id=79c005041b98448fb3940321a5ea7faa
2026-09-12 21:29:36 [info     ] fire_criteria_read             named=3 owed=['fire/owed-direct', 'fire/owed-direct-2', 'fire/owed-nested'] read_at_version=2026-01-01T00:00:00+00:00 subject=fire/subject
2026-09-12 21:29:37 [info     ] fire_criteria_read             named=3 owed=['fire/owed-direct', 'fire/owed-direct-2', 'fire/owed-nested'] read_at_version=2026-01-01T00:00:00+00:00 subject=fire/subject
2026-09-12 21:29:37 [info     ] fire_criteria_read             named=3 owed=['fire/owed-direct', 'fire/owed-direct-2', 'fire/owed-nested'] read_at_version=2026-01-01T00:00:00+00:00 subject=fire/subject
2026-09-12 21:29:37 [info     ] fire_criteria_read             named=3 owed=['fire/owed-direct', 'fire/owed-direct-2', 'fire/owed-nested'] read_at_version=2026-01-01T00:00:00+00:00 subject=fire/subject
2026-09-12 21:29:38 [info     ] outbound_content_gated         categories=[] content_digest=976e5055452d9ed6ae1b8d0aea8464f1a688decaf43c8e0761334b3a008525b0 failure=None hits=[] surface=tracker verdict=clean visibility=public writer=tracker_comment
2026-09-12 21:29:38 [info     ] fire_criteria_read             named=3 owed=['fire/owed-direct', 'fire/owed-direct-2', 'fire/owed-nested'] read_at_version=2026-01-01T00:00:00+00:00 subject=fire/subject
2026-09-12 21:29:38 [info     ] workspace_acquired             path=/var/folders/lv/b1m7q5dj1yd5gn9s9rknw43h0000gq/T/kodezart-c8ffd1d0171d4b76a09cc3c3198a6d40 workspace_id=c8ffd1d0171d4b76a09cc3c3198a6d40
2026-09-12 21:29:38 [info     ] stream_drained                 duration_api_ms=1 duration_ms=1 event_count=1 events={'result': 1} has_structured_output=True is_error=False num_turns=1 rate_limit_rejected=False result_event_observed=True result_tail='Author rationale must never be forwarded.' session_id=previous-agent-session site=write_back_verify stop_reason=None subtype=result total_cost_usd=None usage=None
2026-09-12 21:29:39 [info     ] workspace_released             workspace_id=c8ffd1d0171d4b76a09cc3c3198a6d40
2026-09-12 21:29:39 [info     ] fire_criteria_read             named=3 owed=['fire/owed-direct', 'fire/owed-direct-2', 'fire/owed-nested'] read_at_version=2026-01-01T00:00:00+00:00 subject=fire/subject
2026-09-12 21:29:40 [info     ] fire_criteria_read             named=3 owed=['fire/owed-direct', 'fire/owed-direct-2', 'fire/owed-nested'] read_at_version=2026-01-01T00:00:00+00:00 subject=fire/subject
2026-09-12 21:29:40 [info     ] fire_criteria_read             named=3 owed=['fire/owed-direct', 'fire/owed-direct-2', 'fire/owed-nested'] read_at_version=2026-01-01T00:00:00+00:00 subject=fire/subject
2026-09-12 21:29:41 [info     ] workspace_acquired             path=/var/folders/lv/b1m7q5dj1yd5gn9s9rknw43h0000gq/T/kodezart-876d7f66e2634ad8894cf972d3927453 workspace_id=876d7f66e2634ad8894cf972d3927453
2026-09-12 21:29:41 [info     ] stream_drained                 duration_api_ms=1 duration_ms=1 event_count=1 events={'result': 1} has_structured_output=True is_error=False num_turns=1 rate_limit_rejected=False result_event_observed=True result_tail='Author rationale must never be forwarded.' session_id=previous-agent-session site=amendment_author stop_reason=None subtype=result total_cost_usd=None usage=None
2026-09-12 21:29:41 [info     ] workspace_released             workspace_id=876d7f66e2634ad8894cf972d3927453
2026-09-12 21:29:41 [info     ] fire_criteria_read             named=3 owed=['fire/owed-direct', 'fire/owed-direct-2', 'fire/owed-nested'] read_at_version=2026-01-01T00:00:00+00:00 subject=fire/subject
2026-09-12 21:29:42 [info     ] outbound_content_gated         categories=[] content_digest=4426b548240f71d651c3d3e21b64933c3a2703ceeee0f64680bc9b0f3c3be57f failure=None hits=[] surface=tracker verdict=clean visibility=public writer=tracker_description
2026-09-12 21:29:42 [info     ] fire_criteria_read             named=3 owed=['fire/owed-direct', 'fire/owed-direct-2', 'fire/owed-nested'] read_at_version=2026-01-01T00:00:00+00:00 subject=fire/subject
2026-09-12 21:29:42 [info     ] fire_criteria_read             named=3 owed=['fire/owed-direct', 'fire/owed-direct-2', 'fire/owed-nested'] read_at_version=2026-01-01T00:00:00+00:00 subject=fire/subject
2026-09-12 21:29:43 [info     ] fire_criteria_read             named=3 owed=['fire/owed-direct', 'fire/owed-direct-2', 'fire/owed-nested'] read_at_version=2026-01-01T00:00:00+00:00 subject=fire/subject
2026-09-12 21:29:43 [info     ] fire_criteria_read             named=3 owed=['fire/done-direct', 'fire/owed-direct', 'fire/owed-direct-2', 'fire/owed-nested'] read_at_version=2026-01-01T00:00:00+00:00 subject=fire/subject
2026-09-12 21:29:43 [info     ] outbound_content_gated         categories=[] content_digest=bcb6e622acca9bb3337f4a95be49a77a4e4e251e65feec3b009894d5c9cc9c1d failure=None hits=[] surface=tracker verdict=clean visibility=public writer=tracker_description
2026-09-12 21:29:43 [info     ] fire_criteria_read             named=3 owed=['fire/done-direct', 'fire/owed-direct', 'fire/owed-direct-2', 'fire/owed-nested'] read_at_version=2026-01-01T00:00:00+00:00 subject=fire/subject
2026-09-12 21:29:44 [info     ] fire_criteria_read             named=3 owed=['fire/done-direct', 'fire/owed-direct', 'fire/owed-direct-2', 'fire/owed-nested'] read_at_version=2026-01-01T00:00:00+00:00 subject=fire/subject
2026-09-12 21:29:44 [info     ] workspace_acquired             path=/var/folders/lv/b1m7q5dj1yd5gn9s9rknw43h0000gq/T/kodezart-b8f22becd5b841c0a3e0892d77d36100 workspace_id=b8f22becd5b841c0a3e0892d77d36100
2026-09-12 21:29:45 [info     ] stream_drained                 duration_api_ms=1 duration_ms=1 event_count=1 events={'result': 1} has_structured_output=True is_error=False num_turns=1 rate_limit_rejected=False result_event_observed=True result_tail='Author rationale must never be forwarded.' session_id=previous-agent-session site=write_back_verify stop_reason=None subtype=result total_cost_usd=None usage=None
2026-09-12 21:29:45 [info     ] workspace_released             workspace_id=b8f22becd5b841c0a3e0892d77d36100
2026-09-12 21:29:45 [info     ] fire_criteria_read             named=3 owed=['fire/done-direct', 'fire/owed-direct', 'fire/owed-direct-2', 'fire/owed-nested'] read_at_version=2026-01-01T00:00:00+00:00 subject=fire/subject
2026-09-12 21:29:46 [info     ] fire_criteria_read             named=3 owed=['fire/done-direct', 'fire/owed-direct', 'fire/owed-direct-2', 'fire/owed-nested'] read_at_version=2026-01-01T00:00:00+00:00 subject=fire/subject
2026-09-12 21:29:46 [info     ] fire_criteria_read             named=3 owed=['fire/done-direct', 'fire/owed-direct', 'fire/owed-direct-2', 'fire/owed-nested'] read_at_version=2026-01-01T00:00:00+00:00 subject=fire/subject
2026-09-12 21:29:46 [info     ] fire_criteria_read             named=3 owed=['fire/done-direct', 'fire/owed-direct', 'fire/owed-direct-2', 'fire/owed-nested'] read_at_version=2026-01-01T00:00:00+00:00 subject=fire/subject
2026-09-12 21:29:47 [warning  ] native_writer_workspace_retained workspace_path=/var/folders/lv/b1m7q5dj1yd5gn9s9rknw43h0000gq/T/kodezart-2e6fdc7c57a1490ba5a3ddd47d699824
CHECKPOINT_CUT {"checkpoints": [{"amendment_reports": 0, "channels": ["accept_verdict", "acceptance_criteria", "best_iteration_sha", "branch:to:run_ralph_loop", "criteria_infeasible", "criteria_regeneration_rounds", "criteria_validation", "criterion_set", "feature_branch", "feature_tip_sha", "fire_spec", "flagged_items", "issue_key", "merge_error", "merged", "ralph_branch", "remediation_entry", "remediation_rounds_used", "remediation_ticket", "repo_url", "repo_visibility", "review_base_sha", "review_feedback", "review_head_sha", "review_passed", "total_iterations", "trajectory", "work_base_ref"], "id": "1f1aee04-833d-6e50-8000-a557768af865", "judgments": 0, "namespace": "", "pending": [["__error__", "RuntimeError('before_commit')"]], "step": 0, "thread": "actual-parent-job", "verdicts": 0}, {"amendment_reports": 0, "channels": ["branch:to:execute", "iteration", "iteration_records", "pending_failures", "verdict"], "id": "1f1aee04-8368-6c5e-8000-a2a2496bef19", "judgments": 0, "namespace": "", "pending": [["__error__", "RuntimeError('before_commit')"]], "step": 0, "thread": "actual-parent-job-ralph", "verdicts": 0}, {"amendment_reports": 0, "channels": ["judgments", "output", "verdicts"], "id": "1f1aee05-046c-676a-8003-6c57b7268206", "judgments": 1, "namespace": "execute:b4ab80f5-08a6-cc37-fbfa-75fc08c5996f", "pending": [], "step": 3, "thread": "actual-parent-job-ralph", "verdicts": 1}], "parent_tasks": [{"error": "RuntimeError('before_commit')", "name": "run_ralph_loop", "state": "None"}], "position": "before_commit"}
2026-09-12 21:29:47 [warning  ] workspace_release_unclean      branch_name=native-loop path=/var/folders/lv/b1m7q5dj1yd5gn9s9rknw43h0000gq/T/kodezart-2e6fdc7c57a1490ba5a3ddd47d699824 workspace_id=2e6fdc7c57a1490ba5a3ddd47d699824
2026-09-12 21:29:47 [info     ] workspace_released             workspace_id=2e6fdc7c57a1490ba5a3ddd47d699824
2026-09-12 21:29:47 [info     ] fire_criteria_read             named=3 owed=['fire/done-direct', 'fire/owed-direct', 'fire/owed-direct-2', 'fire/owed-nested'] read_at_version=2026-01-01T00:00:00+00:00 subject=fire/subject
2026-09-12 21:29:48 [info     ] fire_criteria_read             named=3 owed=['fire/done-direct', 'fire/owed-direct', 'fire/owed-direct-2', 'fire/owed-nested'] read_at_version=2026-01-01T00:00:00+00:00 subject=fire/subject
2026-09-12 21:29:48 [info     ] fire_criteria_read             named=3 owed=['fire/done-direct', 'fire/owed-direct', 'fire/owed-direct-2', 'fire/owed-nested'] read_at_version=2026-01-01T00:00:00+00:00 subject=fire/subject
2026-09-12 21:29:48 [info     ] workspace_acquired             path=/var/folders/lv/b1m7q5dj1yd5gn9s9rknw43h0000gq/T/kodezart-5097fe526fec46dfadd1a8908a95c4ce workspace_id=5097fe526fec46dfadd1a8908a95c4ce
2026-09-12 21:29:48 [info     ] fire_criteria_read             named=3 owed=['fire/done-direct', 'fire/owed-direct', 'fire/owed-direct-2', 'fire/owed-nested'] read_at_version=2026-01-01T00:00:00+00:00 subject=fire/subject
2026-09-12 21:29:49 [warning  ] workspace_release_unclean      branch_name=native-loop path=/var/folders/lv/b1m7q5dj1yd5gn9s9rknw43h0000gq/T/kodezart-5097fe526fec46dfadd1a8908a95c4ce workspace_id=5097fe526fec46dfadd1a8908a95c4ce
2026-09-12 21:29:49 [info     ] workspace_released             workspace_id=5097fe526fec46dfadd1a8908a95c4ce
PARENT_NONE_RESUME {"checkpoints": [{"amendment_reports": 0, "channels": ["accept_verdict", "acceptance_criteria", "best_iteration_sha", "branch:to:run_ralph_loop", "criteria_infeasible", "criteria_regeneration_rounds", "criteria_validation", "criterion_set", "feature_branch", "feature_tip_sha", "fire_spec", "flagged_items", "issue_key", "merge_error", "merged", "ralph_branch", "remediation_entry", "remediation_rounds_used", "remediation_ticket", "repo_url", "repo_visibility", "review_base_sha", "review_feedback", "review_head_sha", "review_passed", "total_iterations", "trajectory", "work_base_ref"], "id": "1f1aee04-833d-6e50-8000-a557768af865", "judgments": 0, "namespace": "", "pending": [["__error__", "RuntimeError('stop after resumed writer before further effects')"]], "step": 0, "thread": "actual-parent-job", "verdicts": 0}, {"amendment_reports": 0, "channels": ["branch:to:execute", "iteration", "iteration_records", "pending_failures", "verdict"], "id": "1f1aee05-130d-6a8a-8002-25258c4ff668", "judgments": 0, "namespace": "", "pending": [["__error__", "RuntimeError('stop after resumed writer before further effects')"]], "step": 2, "thread": "actual-parent-job-ralph", "verdicts": 0}, {"amendment_reports": 0, "channels": ["judgments", "output", "verdicts"], "id": "1f1aee05-046c-676a-8003-6c57b7268206", "judgments": 1, "namespace": "execute:b4ab80f5-08a6-cc37-fbfa-75fc08c5996f", "pending": [], "step": 3, "thread": "actual-parent-job-ralph", "verdicts": 1}], "position": "before_commit"}
.
4 passed in 93.81s (0:01:33)
