2026-09-12 21:31:05 [info     ] fire_criteria_read             named=3 owed=['fire/owed-direct', 'fire/owed-direct-2', 'fire/owed-nested'] read_at_version=2026-01-01T00:00:00+00:00 subject=fire/subject
2026-09-12 21:31:06 [info     ] fire_criteria_read             named=3 owed=['fire/owed-direct', 'fire/owed-direct-2', 'fire/owed-nested'] read_at_version=2026-01-01T00:00:00+00:00 subject=fire/subject
2026-09-12 21:31:07 [info     ] fire_criteria_read             named=3 owed=['fire/owed-direct', 'fire/owed-direct-2', 'fire/owed-nested'] read_at_version=2026-01-01T00:00:00+00:00 subject=fire/subject
2026-09-12 21:31:07 [info     ] fire_criteria_read             named=3 owed=['fire/owed-direct', 'fire/owed-direct-2', 'fire/owed-nested'] read_at_version=2026-01-01T00:00:00+00:00 subject=fire/subject
2026-09-12 21:31:07 [info     ] workspace_acquired             path=/var/folders/lv/b1m7q5dj1yd5gn9s9rknw43h0000gq/T/kodezart-81c86d93056b4f599cb65c4c206c1e14 workspace_id=81c86d93056b4f599cb65c4c206c1e14
2026-09-12 21:31:07 [info     ] fire_criteria_read             named=3 owed=['fire/owed-direct', 'fire/owed-direct-2', 'fire/owed-nested'] read_at_version=2026-01-01T00:00:00+00:00 subject=fire/subject
2026-09-12 21:31:08 [info     ] fire_criteria_read             named=3 owed=['fire/owed-direct', 'fire/owed-direct-2', 'fire/owed-nested'] read_at_version=2026-01-01T00:00:00+00:00 subject=fire/subject
2026-09-12 21:31:09 [info     ] fire_criteria_read             named=3 owed=['fire/owed-direct', 'fire/owed-direct-2', 'fire/owed-nested'] read_at_version=2026-01-01T00:00:00+00:00 subject=fire/subject
2026-09-12 21:31:10 [info     ] fire_criteria_read             named=3 owed=['fire/owed-direct', 'fire/owed-direct-2', 'fire/owed-nested'] read_at_version=2026-01-01T00:00:00+00:00 subject=fire/subject
2026-09-12 21:31:10 [info     ] workspace_acquired             path=/var/folders/lv/b1m7q5dj1yd5gn9s9rknw43h0000gq/T/kodezart-78b445c9593a48a4865b4b733a640acd workspace_id=78b445c9593a48a4865b4b733a640acd
2026-09-12 21:31:11 [info     ] stream_drained                 duration_api_ms=1 duration_ms=1 event_count=1 events={'result': 1} has_structured_output=True is_error=False num_turns=1 rate_limit_rejected=False result_event_observed=True result_tail='Author rationale must never be forwarded.' session_id=previous-agent-session site=amendment_judge stop_reason=None subtype=result total_cost_usd=None usage=None
2026-09-12 21:31:12 [info     ] workspace_released             workspace_id=78b445c9593a48a4865b4b733a640acd
2026-09-12 21:31:12 [info     ] fire_criteria_read             named=3 owed=['fire/owed-direct', 'fire/owed-direct-2', 'fire/owed-nested'] read_at_version=2026-01-01T00:00:00+00:00 subject=fire/subject
2026-09-12 21:31:12 [info     ] fire_criteria_read             named=3 owed=['fire/owed-direct', 'fire/owed-direct-2', 'fire/owed-nested'] read_at_version=2026-01-01T00:00:00+00:00 subject=fire/subject
2026-09-12 21:31:13 [info     ] fire_criteria_read             named=3 owed=['fire/owed-direct', 'fire/owed-direct-2', 'fire/owed-nested'] read_at_version=2026-01-01T00:00:00+00:00 subject=fire/subject
2026-09-12 21:31:13 [info     ] fire_criteria_read             named=3 owed=['fire/owed-direct', 'fire/owed-direct-2', 'fire/owed-nested'] read_at_version=2026-01-01T00:00:00+00:00 subject=fire/subject
2026-09-12 21:31:14 [info     ] outbound_content_gated         categories=[] content_digest=f8d882edb63b289c0afe360fd1d1056daecdbd82cb40962c9714148ec117896a failure=None hits=[] surface=tracker verdict=clean visibility=public writer=tracker_comment
2026-09-12 21:31:14 [info     ] fire_criteria_read             named=3 owed=['fire/owed-direct', 'fire/owed-direct-2', 'fire/owed-nested'] read_at_version=2026-01-01T00:00:00+00:00 subject=fire/subject
2026-09-12 21:31:14 [info     ] workspace_acquired             path=/var/folders/lv/b1m7q5dj1yd5gn9s9rknw43h0000gq/T/kodezart-6107f06d40914630aaf8a3e31ceaeb9d workspace_id=6107f06d40914630aaf8a3e31ceaeb9d
2026-09-12 21:31:14 [info     ] workspace_released             workspace_id=6107f06d40914630aaf8a3e31ceaeb9d
2026-09-12 21:31:14 [warning  ] workspace_release_unclean      branch_name=native-loop path=/var/folders/lv/b1m7q5dj1yd5gn9s9rknw43h0000gq/T/kodezart-81c86d93056b4f599cb65c4c206c1e14 workspace_id=81c86d93056b4f599cb65c4c206c1e14
2026-09-12 21:31:15 [info     ] workspace_released             workspace_id=81c86d93056b4f599cb65c4c206c1e14
CHECKPOINT_CUT {"checkpoints": [{"amendment_reports": 0, "channels": ["accept_verdict", "acceptance_criteria", "best_iteration_sha", "branch:to:run_ralph_loop", "criteria_infeasible", "criteria_regeneration_rounds", "criteria_validation", "criterion_set", "feature_branch", "feature_tip_sha", "fire_spec", "flagged_items", "issue_key", "merge_error", "merged", "ralph_branch", "remediation_entry", "remediation_rounds_used", "remediation_ticket", "repo_url", "repo_visibility", "review_base_sha", "review_feedback", "review_head_sha", "review_passed", "total_iterations", "trajectory", "work_base_ref"], "id": "1f1aee08-0227-66c8-8000-9037f7c4d64e", "judgments": 0, "namespace": "", "pending": [["__error__", "RuntimeError('after_archive')"]], "step": 0, "thread": "actual-parent-job", "verdicts": 0}, {"amendment_reports": 0, "channels": ["branch:to:execute", "iteration", "iteration_records", "pending_failures", "verdict"], "id": "1f1aee08-0264-6244-8000-3b2cce32e83f", "judgments": 0, "namespace": "run_ralph_loop:33fdaaea-9fd5-520d-805b-8f15256c6b27", "pending": [["__error__", "RuntimeError('after_archive')"]], "step": 0, "thread": "actual-parent-job-ralph", "verdicts": 0}, {"amendment_reports": 0, "channels": ["branch:to:canonical_write_back", "judgments", "output", "verdicts"], "id": "1f1aee08-3934-6026-8001-a84d2d22cd37", "judgments": 1, "namespace": "run_ralph_loop:33fdaaea-9fd5-520d-805b-8f15256c6b27|execute:a8af35c0-3047-fe29-341b-69668763b8a3", "pending": [["__error__", "RuntimeError('after_archive')"]], "step": 1, "thread": "actual-parent-job-ralph", "verdicts": 0}], "parent_tasks": [{"error": "RuntimeError('after_archive')", "name": "run_ralph_loop", "state": "None"}], "position": "after_archive"}
2026-09-12 21:31:15 [info     ] fire_criteria_read             named=3 owed=['fire/owed-direct', 'fire/owed-direct-2', 'fire/owed-nested'] read_at_version=2026-01-01T00:00:00+00:00 subject=fire/subject
2026-09-12 21:31:15 [info     ] fire_criteria_read             named=3 owed=['fire/owed-direct', 'fire/owed-direct-2', 'fire/owed-nested'] read_at_version=2026-01-01T00:00:00+00:00 subject=fire/subject
2026-09-12 21:31:15 [info     ] fire_criteria_read             named=3 owed=['fire/owed-direct', 'fire/owed-direct-2', 'fire/owed-nested'] read_at_version=2026-01-01T00:00:00+00:00 subject=fire/subject
2026-09-12 21:31:16 [info     ] workspace_acquired             path=/var/folders/lv/b1m7q5dj1yd5gn9s9rknw43h0000gq/T/kodezart-1058c98dfedc45949bb0b592d2014895 workspace_id=1058c98dfedc45949bb0b592d2014895
2026-09-12 21:31:16 [info     ] fire_criteria_read             named=3 owed=['fire/owed-direct', 'fire/owed-direct-2', 'fire/owed-nested'] read_at_version=2026-01-01T00:00:00+00:00 subject=fire/subject
2026-09-12 21:31:16 [info     ] fire_criteria_read             named=3 owed=['fire/owed-direct', 'fire/owed-direct-2', 'fire/owed-nested'] read_at_version=2026-01-01T00:00:00+00:00 subject=fire/subject
2026-09-12 21:31:17 [info     ] fire_criteria_read             named=3 owed=['fire/owed-direct', 'fire/owed-direct-2', 'fire/owed-nested'] read_at_version=2026-01-01T00:00:00+00:00 subject=fire/subject
2026-09-12 21:31:17 [info     ] fire_criteria_read             named=3 owed=['fire/owed-direct', 'fire/owed-direct-2', 'fire/owed-nested'] read_at_version=2026-01-01T00:00:00+00:00 subject=fire/subject
2026-09-12 21:31:18 [info     ] fire_criteria_read             named=3 owed=['fire/owed-direct', 'fire/owed-direct-2', 'fire/owed-nested'] read_at_version=2026-01-01T00:00:00+00:00 subject=fire/subject
2026-09-12 21:31:18 [info     ] fire_criteria_read             named=3 owed=['fire/owed-direct', 'fire/owed-direct-2', 'fire/owed-nested'] read_at_version=2026-01-01T00:00:00+00:00 subject=fire/subject
2026-09-12 21:31:18 [info     ] outbound_content_gated         categories=[] content_digest=f8d882edb63b289c0afe360fd1d1056daecdbd82cb40962c9714148ec117896a failure=None hits=[] surface=tracker verdict=clean visibility=public writer=tracker_comment
2026-09-12 21:31:19 [info     ] fire_criteria_read             named=3 owed=['fire/owed-direct', 'fire/owed-direct-2', 'fire/owed-nested'] read_at_version=2026-01-01T00:00:00+00:00 subject=fire/subject
2026-09-12 21:31:19 [info     ] workspace_acquired             path=/var/folders/lv/b1m7q5dj1yd5gn9s9rknw43h0000gq/T/kodezart-92cde7786388472682ea5d8d02dc78b5 workspace_id=92cde7786388472682ea5d8d02dc78b5
2026-09-12 21:31:20 [info     ] stream_drained                 duration_api_ms=1 duration_ms=1 event_count=1 events={'result': 1} has_structured_output=True is_error=False num_turns=1 rate_limit_rejected=False result_event_observed=True result_tail='Author rationale must never be forwarded.' session_id=previous-agent-session site=write_back_verify stop_reason=None subtype=result total_cost_usd=None usage=None
2026-09-12 21:31:20 [info     ] workspace_released             workspace_id=92cde7786388472682ea5d8d02dc78b5
2026-09-12 21:31:20 [info     ] fire_criteria_read             named=3 owed=['fire/owed-direct', 'fire/owed-direct-2', 'fire/owed-nested'] read_at_version=2026-01-01T00:00:00+00:00 subject=fire/subject
2026-09-12 21:31:21 [info     ] fire_criteria_read             named=3 owed=['fire/owed-direct', 'fire/owed-direct-2', 'fire/owed-nested'] read_at_version=2026-01-01T00:00:00+00:00 subject=fire/subject
2026-09-12 21:31:21 [info     ] fire_criteria_read             named=3 owed=['fire/owed-direct', 'fire/owed-direct-2', 'fire/owed-nested'] read_at_version=2026-01-01T00:00:00+00:00 subject=fire/subject
2026-09-12 21:31:22 [info     ] workspace_acquired             path=/var/folders/lv/b1m7q5dj1yd5gn9s9rknw43h0000gq/T/kodezart-9103c72e37a747448780305fc03d0ea6 workspace_id=9103c72e37a747448780305fc03d0ea6
2026-09-12 21:31:22 [info     ] stream_drained                 duration_api_ms=1 duration_ms=1 event_count=1 events={'result': 1} has_structured_output=True is_error=False num_turns=1 rate_limit_rejected=False result_event_observed=True result_tail='Author rationale must never be forwarded.' session_id=previous-agent-session site=amendment_author stop_reason=None subtype=result total_cost_usd=None usage=None
2026-09-12 21:31:22 [info     ] workspace_released             workspace_id=9103c72e37a747448780305fc03d0ea6
2026-09-12 21:31:22 [info     ] fire_criteria_read             named=3 owed=['fire/owed-direct', 'fire/owed-direct-2', 'fire/owed-nested'] read_at_version=2026-01-01T00:00:00+00:00 subject=fire/subject
2026-09-12 21:31:23 [info     ] outbound_content_gated         categories=[] content_digest=4426b548240f71d651c3d3e21b64933c3a2703ceeee0f64680bc9b0f3c3be57f failure=None hits=[] surface=tracker verdict=clean visibility=public writer=tracker_description
2026-09-12 21:31:23 [info     ] fire_criteria_read             named=3 owed=['fire/owed-direct', 'fire/owed-direct-2', 'fire/owed-nested'] read_at_version=2026-01-01T00:00:00+00:00 subject=fire/subject
2026-09-12 21:31:23 [info     ] fire_criteria_read             named=3 owed=['fire/owed-direct', 'fire/owed-direct-2', 'fire/owed-nested'] read_at_version=2026-01-01T00:00:00+00:00 subject=fire/subject
2026-09-12 21:31:24 [info     ] fire_criteria_read             named=3 owed=['fire/owed-direct', 'fire/owed-direct-2', 'fire/owed-nested'] read_at_version=2026-01-01T00:00:00+00:00 subject=fire/subject
2026-09-12 21:31:24 [info     ] fire_criteria_read             named=3 owed=['fire/done-direct', 'fire/owed-direct', 'fire/owed-direct-2', 'fire/owed-nested'] read_at_version=2026-01-01T00:00:00+00:00 subject=fire/subject
2026-09-12 21:31:25 [info     ] outbound_content_gated         categories=[] content_digest=bcb6e622acca9bb3337f4a95be49a77a4e4e251e65feec3b009894d5c9cc9c1d failure=None hits=[] surface=tracker verdict=clean visibility=public writer=tracker_description
2026-09-12 21:31:25 [info     ] fire_criteria_read             named=3 owed=['fire/done-direct', 'fire/owed-direct', 'fire/owed-direct-2', 'fire/owed-nested'] read_at_version=2026-01-01T00:00:00+00:00 subject=fire/subject
2026-09-12 21:31:25 [info     ] fire_criteria_read             named=3 owed=['fire/done-direct', 'fire/owed-direct', 'fire/owed-direct-2', 'fire/owed-nested'] read_at_version=2026-01-01T00:00:00+00:00 subject=fire/subject
2026-09-12 21:31:26 [info     ] workspace_acquired             path=/var/folders/lv/b1m7q5dj1yd5gn9s9rknw43h0000gq/T/kodezart-02f283da4ad04ec09ebbf015670cec63 workspace_id=02f283da4ad04ec09ebbf015670cec63
2026-09-12 21:31:26 [info     ] stream_drained                 duration_api_ms=1 duration_ms=1 event_count=1 events={'result': 1} has_structured_output=True is_error=False num_turns=1 rate_limit_rejected=False result_event_observed=True result_tail='Author rationale must never be forwarded.' session_id=previous-agent-session site=write_back_verify stop_reason=None subtype=result total_cost_usd=None usage=None
2026-09-12 21:31:27 [info     ] workspace_released             workspace_id=02f283da4ad04ec09ebbf015670cec63
2026-09-12 21:31:27 [info     ] fire_criteria_read             named=3 owed=['fire/done-direct', 'fire/owed-direct', 'fire/owed-direct-2', 'fire/owed-nested'] read_at_version=2026-01-01T00:00:00+00:00 subject=fire/subject
2026-09-12 21:31:28 [info     ] fire_criteria_read             named=3 owed=['fire/done-direct', 'fire/owed-direct', 'fire/owed-direct-2', 'fire/owed-nested'] read_at_version=2026-01-01T00:00:00+00:00 subject=fire/subject
2026-09-12 21:31:28 [info     ] fire_criteria_read             named=3 owed=['fire/done-direct', 'fire/owed-direct', 'fire/owed-direct-2', 'fire/owed-nested'] read_at_version=2026-01-01T00:00:00+00:00 subject=fire/subject
2026-09-12 21:31:29 [info     ] fire_criteria_read             named=3 owed=['fire/done-direct', 'fire/owed-direct', 'fire/owed-direct-2', 'fire/owed-nested'] read_at_version=2026-01-01T00:00:00+00:00 subject=fire/subject
2026-09-12 21:31:29 [info     ] stream_drained                 duration_api_ms=1 duration_ms=1 event_count=1 events={'result': 1} has_structured_output=True is_error=False num_turns=1 rate_limit_rejected=False result_event_observed=True result_tail='Author rationale must never be forwarded.' session_id=previous-agent-session site=commit_message stop_reason=None subtype=result total_cost_usd=None usage=None
2026-09-12 21:31:29 [info     ] outbound_content_gated         categories=[] content_digest=1c2258ba30d6edc526796ea21c3fb5396230012aa5082ada3a09885c265fdb2a failure=None hits=[] surface=repository verdict=clean visibility=public writer=commit_message
2026-09-12 21:31:30 [info     ] fire_criteria_read             named=3 owed=['fire/done-direct', 'fire/owed-direct', 'fire/owed-direct-2', 'fire/owed-nested'] read_at_version=2026-01-01T00:00:00+00:00 subject=fire/subject
2026-09-12 21:31:31 [info     ] fire_criteria_read             named=3 owed=['fire/done-direct', 'fire/owed-direct', 'fire/owed-direct-2', 'fire/owed-nested'] read_at_version=2026-01-01T00:00:00+00:00 subject=fire/subject
2026-09-12 21:31:31 [info     ] changes_persisted              branch=native-loop commit_sha=2881ac9c3736c4b7b9f6eb44aa22be60e764b05a
2026-09-12 21:31:32 [info     ] workspace_released             workspace_id=1058c98dfedc45949bb0b592d2014895
2026-09-12 21:31:32 [info     ] fire_criteria_read             named=3 owed=['fire/done-direct', 'fire/owed-direct', 'fire/owed-direct-2', 'fire/owed-nested'] read_at_version=2026-01-01T00:00:00+00:00 subject=fire/subject
2026-09-12 21:31:32 [debug    ] output_format_requested        format_type=json_schema
2026-09-12 21:31:32 [info     ] workspace_acquired             path=/var/folders/lv/b1m7q5dj1yd5gn9s9rknw43h0000gq/T/kodezart-46c8a937de1f4967bbb4b71442b6c814 workspace_id=46c8a937de1f4967bbb4b71442b6c814
2026-09-12 21:31:32 [info     ] workspace_released             workspace_id=46c8a937de1f4967bbb4b71442b6c814
2026-09-12 21:31:32 [info     ] stream_drained                 duration_api_ms=1 duration_ms=1 event_count=1 events={'result': 1} has_structured_output=True is_error=False num_turns=1 rate_limit_rejected=False result_event_observed=True result_tail='Author rationale must never be forwarded.' session_id=previous-agent-session site=ralph_evaluator stop_reason=None subtype=result total_cost_usd=None usage=None
NATIVE_RESUME_EXCEPTION after_archive ValidationError 1 validation error for AcceptanceCriteriaOutput
criteriaResults
  Field required [type=missing, input_value={}, input_type=dict]
    For further information visit https://errors.pydantic.dev/2.12/v/missing
NATIVE_RESUME_DISPATCH after_archive ['NativeWriterOutput', 'WriteBackFinding', 'AmendmentTextOutput', 'WriteBackFinding', 'CommitMessageOutput', 'AcceptanceCriteriaOutput']
NATIVE_RESUME_ACTUAL {"checkpoints": [{"amendment_reports": 0, "channels": ["accept_verdict", "acceptance_criteria", "best_iteration_sha", "branch:to:run_ralph_loop", "criteria_infeasible", "criteria_regeneration_rounds", "criteria_validation", "criterion_set", "feature_branch", "feature_tip_sha", "fire_spec", "flagged_items", "issue_key", "merge_error", "merged", "ralph_branch", "remediation_entry", "remediation_rounds_used", "remediation_ticket", "repo_url", "repo_visibility", "review_base_sha", "review_feedback", "review_head_sha", "review_passed", "total_iterations", "trajectory", "work_base_ref"], "id": "1f1aee08-0227-66c8-8000-9037f7c4d64e", "judgments": 0, "namespace": "", "pending": [["__error__", "1 validation error for AcceptanceCriteriaOutput\ncriteriaResults\n  Field required [type=missing, input_value={}, input_type=dict]\n    For further information visit https://errors.pydantic.dev/2.12/v/missing"]], "step": 0, "thread": "actual-parent-job", "verdicts": 0}, {"amendment_reports": 1, "channels": ["amendment_blocked", "amendment_reports", "branch:to:evaluate", "iteration", "iteration_commit_sha", "iteration_records", "pending_failures", "verdict"], "id": "1f1aee08-f16d-64ee-8001-71896c33aba3", "judgments": 0, "namespace": "run_ralph_loop:33fdaaea-9fd5-520d-805b-8f15256c6b27", "pending": [["__error__", "1 validation error for AcceptanceCriteriaOutput\ncriteriaResults\n  Field required [type=missing, input_value={}, input_type=dict]\n    For further information visit https://errors.pydantic.dev/2.12/v/missing"]], "step": 1, "thread": "actual-parent-job-ralph", "verdicts": 0}, {"amendment_reports": 0, "channels": ["judgments", "output", "verdicts"], "id": "1f1aee08-d41e-6c08-8003-25327b266c1e", "judgments": 1, "namespace": "run_ralph_loop:33fdaaea-9fd5-520d-805b-8f15256c6b27|execute:a8af35c0-3047-fe29-341b-69668763b8a3", "pending": [], "step": 3, "thread": "actual-parent-job-ralph", "verdicts": 1}], "position": "after_archive"}
NATIVE_RESUME_ARCHIVES 1
.2026-09-12 21:31:35 [info     ] fire_criteria_read             named=3 owed=['fire/owed-direct', 'fire/owed-direct-2', 'fire/owed-nested'] read_at_version=2026-01-01T00:00:00+00:00 subject=fire/subject
2026-09-12 21:31:35 [info     ] fire_criteria_read             named=3 owed=['fire/owed-direct', 'fire/owed-direct-2', 'fire/owed-nested'] read_at_version=2026-01-01T00:00:00+00:00 subject=fire/subject
2026-09-12 21:31:35 [info     ] fire_criteria_read             named=3 owed=['fire/owed-direct', 'fire/owed-direct-2', 'fire/owed-nested'] read_at_version=2026-01-01T00:00:00+00:00 subject=fire/subject
2026-09-12 21:31:35 [info     ] fire_criteria_read             named=3 owed=['fire/owed-direct', 'fire/owed-direct-2', 'fire/owed-nested'] read_at_version=2026-01-01T00:00:00+00:00 subject=fire/subject
2026-09-12 21:31:36 [info     ] workspace_acquired             path=/var/folders/lv/b1m7q5dj1yd5gn9s9rknw43h0000gq/T/kodezart-18db394e5db54ec2a735be6bad4af802 workspace_id=18db394e5db54ec2a735be6bad4af802
2026-09-12 21:31:36 [info     ] fire_criteria_read             named=3 owed=['fire/owed-direct', 'fire/owed-direct-2', 'fire/owed-nested'] read_at_version=2026-01-01T00:00:00+00:00 subject=fire/subject
2026-09-12 21:31:37 [info     ] fire_criteria_read             named=3 owed=['fire/owed-direct', 'fire/owed-direct-2', 'fire/owed-nested'] read_at_version=2026-01-01T00:00:00+00:00 subject=fire/subject
2026-09-12 21:31:37 [info     ] fire_criteria_read             named=3 owed=['fire/owed-direct', 'fire/owed-direct-2', 'fire/owed-nested'] read_at_version=2026-01-01T00:00:00+00:00 subject=fire/subject
2026-09-12 21:31:38 [info     ] fire_criteria_read             named=3 owed=['fire/owed-direct', 'fire/owed-direct-2', 'fire/owed-nested'] read_at_version=2026-01-01T00:00:00+00:00 subject=fire/subject
2026-09-12 21:31:39 [info     ] workspace_acquired             path=/var/folders/lv/b1m7q5dj1yd5gn9s9rknw43h0000gq/T/kodezart-9187bb10261f415992c8602c00b88a1c workspace_id=9187bb10261f415992c8602c00b88a1c
2026-09-12 21:31:39 [info     ] stream_drained                 duration_api_ms=1 duration_ms=1 event_count=1 events={'result': 1} has_structured_output=True is_error=False num_turns=1 rate_limit_rejected=False result_event_observed=True result_tail='Author rationale must never be forwarded.' session_id=previous-agent-session site=amendment_judge stop_reason=None subtype=result total_cost_usd=None usage=None
2026-09-12 21:31:40 [info     ] workspace_released             workspace_id=9187bb10261f415992c8602c00b88a1c
2026-09-12 21:31:41 [info     ] fire_criteria_read             named=3 owed=['fire/owed-direct', 'fire/owed-direct-2', 'fire/owed-nested'] read_at_version=2026-01-01T00:00:00+00:00 subject=fire/subject
2026-09-12 21:31:41 [info     ] fire_criteria_read             named=3 owed=['fire/owed-direct', 'fire/owed-direct-2', 'fire/owed-nested'] read_at_version=2026-01-01T00:00:00+00:00 subject=fire/subject
2026-09-12 21:31:42 [info     ] fire_criteria_read             named=3 owed=['fire/owed-direct', 'fire/owed-direct-2', 'fire/owed-nested'] read_at_version=2026-01-01T00:00:00+00:00 subject=fire/subject
2026-09-12 21:31:42 [info     ] fire_criteria_read             named=3 owed=['fire/owed-direct', 'fire/owed-direct-2', 'fire/owed-nested'] read_at_version=2026-01-01T00:00:00+00:00 subject=fire/subject
2026-09-12 21:31:42 [info     ] outbound_content_gated         categories=[] content_digest=44c84fcbe890c974585e7499f9fcb60178273fabb096f7eb2b08907aa67596fb failure=None hits=[] surface=tracker verdict=clean visibility=public writer=tracker_comment
2026-09-12 21:31:42 [info     ] fire_criteria_read             named=3 owed=['fire/owed-direct', 'fire/owed-direct-2', 'fire/owed-nested'] read_at_version=2026-01-01T00:00:00+00:00 subject=fire/subject
2026-09-12 21:31:43 [info     ] workspace_acquired             path=/var/folders/lv/b1m7q5dj1yd5gn9s9rknw43h0000gq/T/kodezart-2eae9abae32a46d9959fab7189f4875d workspace_id=2eae9abae32a46d9959fab7189f4875d
2026-09-12 21:31:43 [info     ] stream_drained                 duration_api_ms=1 duration_ms=1 event_count=1 events={'result': 1} has_structured_output=True is_error=False num_turns=1 rate_limit_rejected=False result_event_observed=True result_tail='Author rationale must never be forwarded.' session_id=previous-agent-session site=write_back_verify stop_reason=None subtype=result total_cost_usd=None usage=None
2026-09-12 21:31:43 [info     ] workspace_released             workspace_id=2eae9abae32a46d9959fab7189f4875d
2026-09-12 21:31:43 [info     ] fire_criteria_read             named=3 owed=['fire/owed-direct', 'fire/owed-direct-2', 'fire/owed-nested'] read_at_version=2026-01-01T00:00:00+00:00 subject=fire/subject
2026-09-12 21:31:44 [info     ] fire_criteria_read             named=3 owed=['fire/owed-direct', 'fire/owed-direct-2', 'fire/owed-nested'] read_at_version=2026-01-01T00:00:00+00:00 subject=fire/subject
2026-09-12 21:31:44 [info     ] fire_criteria_read             named=3 owed=['fire/owed-direct', 'fire/owed-direct-2', 'fire/owed-nested'] read_at_version=2026-01-01T00:00:00+00:00 subject=fire/subject
2026-09-12 21:31:45 [info     ] workspace_acquired             path=/var/folders/lv/b1m7q5dj1yd5gn9s9rknw43h0000gq/T/kodezart-eeffc6d1d10e45f3bb5a7bdfcb6bde73 workspace_id=eeffc6d1d10e45f3bb5a7bdfcb6bde73
2026-09-12 21:31:45 [info     ] stream_drained                 duration_api_ms=1 duration_ms=1 event_count=1 events={'result': 1} has_structured_output=True is_error=False num_turns=1 rate_limit_rejected=False result_event_observed=True result_tail='Author rationale must never be forwarded.' session_id=previous-agent-session site=amendment_author stop_reason=None subtype=result total_cost_usd=None usage=None
2026-09-12 21:31:45 [info     ] workspace_released             workspace_id=eeffc6d1d10e45f3bb5a7bdfcb6bde73
2026-09-12 21:31:46 [info     ] fire_criteria_read             named=3 owed=['fire/owed-direct', 'fire/owed-direct-2', 'fire/owed-nested'] read_at_version=2026-01-01T00:00:00+00:00 subject=fire/subject
2026-09-12 21:31:46 [info     ] outbound_content_gated         categories=[] content_digest=4426b548240f71d651c3d3e21b64933c3a2703ceeee0f64680bc9b0f3c3be57f failure=None hits=[] surface=tracker verdict=clean visibility=public writer=tracker_description
2026-09-12 21:31:46 [info     ] fire_criteria_read             named=3 owed=['fire/owed-direct', 'fire/owed-direct-2', 'fire/owed-nested'] read_at_version=2026-01-01T00:00:00+00:00 subject=fire/subject
2026-09-12 21:31:46 [info     ] fire_criteria_read             named=3 owed=['fire/owed-direct', 'fire/owed-direct-2', 'fire/owed-nested'] read_at_version=2026-01-01T00:00:00+00:00 subject=fire/subject
2026-09-12 21:31:47 [info     ] fire_criteria_read             named=3 owed=['fire/owed-direct', 'fire/owed-direct-2', 'fire/owed-nested'] read_at_version=2026-01-01T00:00:00+00:00 subject=fire/subject
2026-09-12 21:31:47 [warning  ] workspace_release_unclean      branch_name=native-loop path=/var/folders/lv/b1m7q5dj1yd5gn9s9rknw43h0000gq/T/kodezart-18db394e5db54ec2a735be6bad4af802 workspace_id=18db394e5db54ec2a735be6bad4af802
2026-09-12 21:31:47 [info     ] workspace_released             workspace_id=18db394e5db54ec2a735be6bad4af802
CHECKPOINT_CUT {"checkpoints": [{"amendment_reports": 0, "channels": ["accept_verdict", "acceptance_criteria", "best_iteration_sha", "branch:to:run_ralph_loop", "criteria_infeasible", "criteria_regeneration_rounds", "criteria_validation", "criterion_set", "feature_branch", "feature_tip_sha", "fire_spec", "flagged_items", "issue_key", "merge_error", "merged", "ralph_branch", "remediation_entry", "remediation_rounds_used", "remediation_ticket", "repo_url", "repo_visibility", "review_base_sha", "review_feedback", "review_head_sha", "review_passed", "total_iterations", "trajectory", "work_base_ref"], "id": "1f1aee09-1451-6e10-8000-02ff1588a6e4", "judgments": 0, "namespace": "", "pending": [["__error__", "RuntimeError('after_reset')"]], "step": 0, "thread": "actual-parent-job", "verdicts": 0}, {"amendment_reports": 0, "channels": ["branch:to:execute", "iteration", "iteration_records", "pending_failures", "verdict"], "id": "1f1aee09-148f-660c-8000-c30af1a32657", "judgments": 0, "namespace": "run_ralph_loop:59995be5-433c-9dd6-db4a-04419b61c6d9", "pending": [["__error__", "RuntimeError('after_reset')"]], "step": 0, "thread": "actual-parent-job-ralph", "verdicts": 0}, {"amendment_reports": 0, "channels": ["branch:to:canonical_write_back", "judgments", "output", "verdicts"], "id": "1f1aee09-4ae6-6890-8001-f705277b5e2d", "judgments": 1, "namespace": "run_ralph_loop:59995be5-433c-9dd6-db4a-04419b61c6d9|execute:5dd2578b-5d9d-8ab9-8bc7-e86b8cbced61", "pending": [["__error__", "RuntimeError('after_reset')"]], "step": 1, "thread": "actual-parent-job-ralph", "verdicts": 0}], "parent_tasks": [{"error": "RuntimeError('after_reset')", "name": "run_ralph_loop", "state": "None"}], "position": "after_reset"}
2026-09-12 21:31:47 [info     ] fire_criteria_read             named=3 owed=['fire/done-direct', 'fire/owed-direct', 'fire/owed-direct-2', 'fire/owed-nested'] read_at_version=2026-01-01T00:00:00+00:00 subject=fire/subject
2026-09-12 21:31:48 [info     ] fire_criteria_read             named=3 owed=['fire/done-direct', 'fire/owed-direct', 'fire/owed-direct-2', 'fire/owed-nested'] read_at_version=2026-01-01T00:00:00+00:00 subject=fire/subject
2026-09-12 21:31:48 [info     ] fire_criteria_read             named=3 owed=['fire/done-direct', 'fire/owed-direct', 'fire/owed-direct-2', 'fire/owed-nested'] read_at_version=2026-01-01T00:00:00+00:00 subject=fire/subject
2026-09-12 21:31:48 [info     ] workspace_acquired             path=/var/folders/lv/b1m7q5dj1yd5gn9s9rknw43h0000gq/T/kodezart-d5b9913248454a05a18e13035cf29b24 workspace_id=d5b9913248454a05a18e13035cf29b24
2026-09-12 21:31:48 [info     ] fire_criteria_read             named=3 owed=['fire/done-direct', 'fire/owed-direct', 'fire/owed-direct-2', 'fire/owed-nested'] read_at_version=2026-01-01T00:00:00+00:00 subject=fire/subject
2026-09-12 21:31:49 [info     ] fire_criteria_read             named=3 owed=['fire/done-direct', 'fire/owed-direct', 'fire/owed-direct-2', 'fire/owed-nested'] read_at_version=2026-01-01T00:00:00+00:00 subject=fire/subject
2026-09-12 21:31:49 [info     ] fire_criteria_read             named=3 owed=['fire/done-direct', 'fire/owed-direct', 'fire/owed-direct-2', 'fire/owed-nested'] read_at_version=2026-01-01T00:00:00+00:00 subject=fire/subject
2026-09-12 21:31:49 [info     ] fire_criteria_read             named=3 owed=['fire/done-direct', 'fire/owed-direct', 'fire/owed-direct-2', 'fire/owed-nested'] read_at_version=2026-01-01T00:00:00+00:00 subject=fire/subject
2026-09-12 21:31:50 [info     ] fire_criteria_read             named=3 owed=['fire/done-direct', 'fire/owed-direct', 'fire/owed-direct-2', 'fire/owed-nested'] read_at_version=2026-01-01T00:00:00+00:00 subject=fire/subject
2026-09-12 21:31:50 [info     ] fire_criteria_read             named=3 owed=['fire/done-direct', 'fire/owed-direct', 'fire/owed-direct-2', 'fire/owed-nested'] read_at_version=2026-01-01T00:00:00+00:00 subject=fire/subject
2026-09-12 21:31:50 [info     ] outbound_content_gated         categories=[] content_digest=567ba11fad58a9624707ba010dbace8d46ce2de519194f4e98d049542e196ba8 failure=None hits=[] surface=tracker verdict=clean visibility=public writer=tracker_comment
2026-09-12 21:31:51 [info     ] fire_criteria_read             named=3 owed=['fire/done-direct', 'fire/owed-direct', 'fire/owed-direct-2', 'fire/owed-nested'] read_at_version=2026-01-01T00:00:00+00:00 subject=fire/subject
2026-09-12 21:31:51 [info     ] workspace_acquired             path=/var/folders/lv/b1m7q5dj1yd5gn9s9rknw43h0000gq/T/kodezart-c23bc438b64f42769ddd84289ccd371e workspace_id=c23bc438b64f42769ddd84289ccd371e
2026-09-12 21:31:51 [info     ] stream_drained                 duration_api_ms=1 duration_ms=1 event_count=1 events={'result': 1} has_structured_output=True is_error=False num_turns=1 rate_limit_rejected=False result_event_observed=True result_tail='Author rationale must never be forwarded.' session_id=previous-agent-session site=write_back_verify stop_reason=None subtype=result total_cost_usd=None usage=None
2026-09-12 21:31:52 [info     ] workspace_released             workspace_id=c23bc438b64f42769ddd84289ccd371e
2026-09-12 21:31:52 [info     ] fire_criteria_read             named=3 owed=['fire/done-direct', 'fire/owed-direct', 'fire/owed-direct-2', 'fire/owed-nested'] read_at_version=2026-01-01T00:00:00+00:00 subject=fire/subject
2026-09-12 21:31:53 [info     ] fire_criteria_read             named=3 owed=['fire/done-direct', 'fire/owed-direct', 'fire/owed-direct-2', 'fire/owed-nested'] read_at_version=2026-01-01T00:00:00+00:00 subject=fire/subject
2026-09-12 21:31:53 [info     ] fire_criteria_read             named=3 owed=['fire/done-direct', 'fire/owed-direct', 'fire/owed-direct-2', 'fire/owed-nested'] read_at_version=2026-01-01T00:00:00+00:00 subject=fire/subject
2026-09-12 21:31:53 [info     ] workspace_acquired             path=/var/folders/lv/b1m7q5dj1yd5gn9s9rknw43h0000gq/T/kodezart-5dd397bab274483faf8c6fd0c83178ce workspace_id=5dd397bab274483faf8c6fd0c83178ce
2026-09-12 21:31:54 [info     ] stream_drained                 duration_api_ms=1 duration_ms=1 event_count=1 events={'result': 1} has_structured_output=True is_error=False num_turns=1 rate_limit_rejected=False result_event_observed=True result_tail='Author rationale must never be forwarded.' session_id=previous-agent-session site=amendment_author stop_reason=None subtype=result total_cost_usd=None usage=None
2026-09-12 21:31:54 [info     ] workspace_released             workspace_id=5dd397bab274483faf8c6fd0c83178ce
2026-09-12 21:31:54 [info     ] fire_criteria_read             named=3 owed=['fire/done-direct', 'fire/owed-direct', 'fire/owed-direct-2', 'fire/owed-nested'] read_at_version=2026-01-01T00:00:00+00:00 subject=fire/subject
2026-09-12 21:31:54 [info     ] outbound_content_gated         categories=[] content_digest=4426b548240f71d651c3d3e21b64933c3a2703ceeee0f64680bc9b0f3c3be57f failure=None hits=[] surface=tracker verdict=clean visibility=public writer=tracker_description
2026-09-12 21:31:55 [info     ] fire_criteria_read             named=3 owed=['fire/done-direct', 'fire/owed-direct', 'fire/owed-direct-2', 'fire/owed-nested'] read_at_version=2026-01-01T00:00:00+00:00 subject=fire/subject
2026-09-12 21:31:55 [info     ] fire_criteria_read             named=3 owed=['fire/done-direct', 'fire/owed-direct', 'fire/owed-direct-2', 'fire/owed-nested'] read_at_version=2026-01-01T00:00:00+00:00 subject=fire/subject
2026-09-12 21:31:55 [info     ] fire_criteria_read             named=3 owed=['fire/done-direct', 'fire/owed-direct', 'fire/owed-direct-2', 'fire/owed-nested'] read_at_version=2026-01-01T00:00:00+00:00 subject=fire/subject
2026-09-12 21:31:56 [info     ] fire_criteria_read             named=3 owed=['fire/done-direct', 'fire/owed-direct', 'fire/owed-direct-2', 'fire/owed-nested'] read_at_version=2026-01-01T00:00:00+00:00 subject=fire/subject
2026-09-12 21:31:56 [info     ] outbound_content_gated         categories=[] content_digest=bcb6e622acca9bb3337f4a95be49a77a4e4e251e65feec3b009894d5c9cc9c1d failure=None hits=[] surface=tracker verdict=clean visibility=public writer=tracker_description
2026-09-12 21:31:56 [info     ] fire_criteria_read             named=3 owed=['fire/done-direct', 'fire/owed-direct', 'fire/owed-direct-2', 'fire/owed-nested'] read_at_version=2026-01-01T00:00:00+00:00 subject=fire/subject
2026-09-12 21:31:56 [info     ] fire_criteria_read             named=3 owed=['fire/done-direct', 'fire/owed-direct', 'fire/owed-direct-2', 'fire/owed-nested'] read_at_version=2026-01-01T00:00:00+00:00 subject=fire/subject
2026-09-12 21:31:57 [info     ] workspace_acquired             path=/var/folders/lv/b1m7q5dj1yd5gn9s9rknw43h0000gq/T/kodezart-cc0d537c771448bf9e6ff5e2ad6247b3 workspace_id=cc0d537c771448bf9e6ff5e2ad6247b3
2026-09-12 21:31:57 [info     ] stream_drained                 duration_api_ms=1 duration_ms=1 event_count=1 events={'result': 1} has_structured_output=True is_error=False num_turns=1 rate_limit_rejected=False result_event_observed=True result_tail='Author rationale must never be forwarded.' session_id=previous-agent-session site=write_back_verify stop_reason=None subtype=result total_cost_usd=None usage=None
2026-09-12 21:31:57 [info     ] workspace_released             workspace_id=cc0d537c771448bf9e6ff5e2ad6247b3
2026-09-12 21:31:57 [info     ] fire_criteria_read             named=3 owed=['fire/done-direct', 'fire/owed-direct', 'fire/owed-direct-2', 'fire/owed-nested'] read_at_version=2026-01-01T00:00:00+00:00 subject=fire/subject
2026-09-12 21:31:58 [info     ] fire_criteria_read             named=3 owed=['fire/done-direct', 'fire/owed-direct', 'fire/owed-direct-2', 'fire/owed-nested'] read_at_version=2026-01-01T00:00:00+00:00 subject=fire/subject
2026-09-12 21:31:58 [info     ] fire_criteria_read             named=3 owed=['fire/done-direct', 'fire/owed-direct', 'fire/owed-direct-2', 'fire/owed-nested'] read_at_version=2026-01-01T00:00:00+00:00 subject=fire/subject
2026-09-12 21:31:58 [info     ] fire_criteria_read             named=3 owed=['fire/done-direct', 'fire/owed-direct', 'fire/owed-direct-2', 'fire/owed-nested'] read_at_version=2026-01-01T00:00:00+00:00 subject=fire/subject
2026-09-12 21:31:58 [info     ] stream_drained                 duration_api_ms=1 duration_ms=1 event_count=1 events={'result': 1} has_structured_output=True is_error=False num_turns=1 rate_limit_rejected=False result_event_observed=True result_tail='Author rationale must never be forwarded.' session_id=previous-agent-session site=commit_message stop_reason=None subtype=result total_cost_usd=None usage=None
2026-09-12 21:31:59 [info     ] outbound_content_gated         categories=[] content_digest=1c2258ba30d6edc526796ea21c3fb5396230012aa5082ada3a09885c265fdb2a failure=None hits=[] surface=repository verdict=clean visibility=public writer=commit_message
2026-09-12 21:31:59 [info     ] fire_criteria_read             named=3 owed=['fire/done-direct', 'fire/owed-direct', 'fire/owed-direct-2', 'fire/owed-nested'] read_at_version=2026-01-01T00:00:00+00:00 subject=fire/subject
2026-09-12 21:31:59 [info     ] fire_criteria_read             named=3 owed=['fire/done-direct', 'fire/owed-direct', 'fire/owed-direct-2', 'fire/owed-nested'] read_at_version=2026-01-01T00:00:00+00:00 subject=fire/subject
2026-09-12 21:32:00 [info     ] changes_persisted              branch=native-loop commit_sha=06300a02df7b400642297f5823ee324cd66c9e23
2026-09-12 21:32:00 [info     ] workspace_released             workspace_id=d5b9913248454a05a18e13035cf29b24
2026-09-12 21:32:00 [info     ] fire_criteria_read             named=3 owed=['fire/done-direct', 'fire/owed-direct', 'fire/owed-direct-2', 'fire/owed-nested'] read_at_version=2026-01-01T00:00:00+00:00 subject=fire/subject
2026-09-12 21:32:00 [debug    ] output_format_requested        format_type=json_schema
2026-09-12 21:32:00 [info     ] workspace_acquired             path=/var/folders/lv/b1m7q5dj1yd5gn9s9rknw43h0000gq/T/kodezart-65841e1d50de4162b4304cbcd73d1493 workspace_id=65841e1d50de4162b4304cbcd73d1493
2026-09-12 21:32:00 [info     ] workspace_released             workspace_id=65841e1d50de4162b4304cbcd73d1493
2026-09-12 21:32:00 [info     ] stream_drained                 duration_api_ms=1 duration_ms=1 event_count=1 events={'result': 1} has_structured_output=True is_error=False num_turns=1 rate_limit_rejected=False result_event_observed=True result_tail='Author rationale must never be forwarded.' session_id=previous-agent-session site=ralph_evaluator stop_reason=None subtype=result total_cost_usd=None usage=None
NATIVE_RESUME_EXCEPTION after_reset ValidationError 1 validation error for AcceptanceCriteriaOutput
criteriaResults
  Field required [type=missing, input_value={}, input_type=dict]
    For further information visit https://errors.pydantic.dev/2.12/v/missing
NATIVE_RESUME_DISPATCH after_reset ['NativeWriterOutput', 'WriteBackFinding', 'AmendmentTextOutput', 'WriteBackFinding', 'CommitMessageOutput', 'AcceptanceCriteriaOutput']
NATIVE_RESUME_ACTUAL {"checkpoints": [{"amendment_reports": 0, "channels": ["accept_verdict", "acceptance_criteria", "best_iteration_sha", "branch:to:run_ralph_loop", "criteria_infeasible", "criteria_regeneration_rounds", "criteria_validation", "criterion_set", "feature_branch", "feature_tip_sha", "fire_spec", "flagged_items", "issue_key", "merge_error", "merged", "ralph_branch", "remediation_entry", "remediation_rounds_used", "remediation_ticket", "repo_url", "repo_visibility", "review_base_sha", "review_feedback", "review_head_sha", "review_passed", "total_iterations", "trajectory", "work_base_ref"], "id": "1f1aee09-1451-6e10-8000-02ff1588a6e4", "judgments": 0, "namespace": "", "pending": [["__error__", "1 validation error for AcceptanceCriteriaOutput\ncriteriaResults\n  Field required [type=missing, input_value={}, input_type=dict]\n    For further information visit https://errors.pydantic.dev/2.12/v/missing"]], "step": 0, "thread": "actual-parent-job", "verdicts": 0}, {"amendment_reports": 1, "channels": ["amendment_blocked", "amendment_reports", "branch:to:evaluate", "iteration", "iteration_commit_sha", "iteration_records", "pending_failures", "verdict"], "id": "1f1aee09-fd70-6f60-8001-82d20cd62bb7", "judgments": 0, "namespace": "run_ralph_loop:59995be5-433c-9dd6-db4a-04419b61c6d9", "pending": [["__error__", "1 validation error for AcceptanceCriteriaOutput\ncriteriaResults\n  Field required [type=missing, input_value={}, input_type=dict]\n    For further information visit https://errors.pydantic.dev/2.12/v/missing"]], "step": 1, "thread": "actual-parent-job-ralph", "verdicts": 0}, {"amendment_reports": 0, "channels": ["judgments", "output", "verdicts"], "id": "1f1aee09-ed2b-629a-8003-ae6eb8beade1", "judgments": 1, "namespace": "run_ralph_loop:59995be5-433c-9dd6-db4a-04419b61c6d9|execute:5dd2578b-5d9d-8ab9-8bc7-e86b8cbced61", "pending": [], "step": 3, "thread": "actual-parent-job-ralph", "verdicts": 1}], "position": "after_reset"}
NATIVE_RESUME_ARCHIVES 2
.2026-09-12 21:32:02 [info     ] fire_criteria_read             named=3 owed=['fire/owed-direct', 'fire/owed-direct-2', 'fire/owed-nested'] read_at_version=2026-01-01T00:00:00+00:00 subject=fire/subject
2026-09-12 21:32:02 [info     ] fire_criteria_read             named=3 owed=['fire/owed-direct', 'fire/owed-direct-2', 'fire/owed-nested'] read_at_version=2026-01-01T00:00:00+00:00 subject=fire/subject
2026-09-12 21:32:02 [info     ] fire_criteria_read             named=3 owed=['fire/owed-direct', 'fire/owed-direct-2', 'fire/owed-nested'] read_at_version=2026-01-01T00:00:00+00:00 subject=fire/subject
2026-09-12 21:32:02 [info     ] fire_criteria_read             named=3 owed=['fire/owed-direct', 'fire/owed-direct-2', 'fire/owed-nested'] read_at_version=2026-01-01T00:00:00+00:00 subject=fire/subject
2026-09-12 21:32:03 [info     ] workspace_acquired             path=/var/folders/lv/b1m7q5dj1yd5gn9s9rknw43h0000gq/T/kodezart-44d43f4348444f51a95d409d027c0276 workspace_id=44d43f4348444f51a95d409d027c0276
2026-09-12 21:32:03 [info     ] fire_criteria_read             named=3 owed=['fire/owed-direct', 'fire/owed-direct-2', 'fire/owed-nested'] read_at_version=2026-01-01T00:00:00+00:00 subject=fire/subject
2026-09-12 21:32:03 [info     ] fire_criteria_read             named=3 owed=['fire/owed-direct', 'fire/owed-direct-2', 'fire/owed-nested'] read_at_version=2026-01-01T00:00:00+00:00 subject=fire/subject
2026-09-12 21:32:03 [info     ] fire_criteria_read             named=3 owed=['fire/owed-direct', 'fire/owed-direct-2', 'fire/owed-nested'] read_at_version=2026-01-01T00:00:00+00:00 subject=fire/subject
2026-09-12 21:32:04 [info     ] fire_criteria_read             named=3 owed=['fire/owed-direct', 'fire/owed-direct-2', 'fire/owed-nested'] read_at_version=2026-01-01T00:00:00+00:00 subject=fire/subject
2026-09-12 21:32:04 [info     ] workspace_acquired             path=/var/folders/lv/b1m7q5dj1yd5gn9s9rknw43h0000gq/T/kodezart-1bdac74e826b4b288fde3baf35adc6a6 workspace_id=1bdac74e826b4b288fde3baf35adc6a6
2026-09-12 21:32:05 [info     ] stream_drained                 duration_api_ms=1 duration_ms=1 event_count=1 events={'result': 1} has_structured_output=True is_error=False num_turns=1 rate_limit_rejected=False result_event_observed=True result_tail='Author rationale must never be forwarded.' session_id=previous-agent-session site=amendment_judge stop_reason=None subtype=result total_cost_usd=None usage=None
2026-09-12 21:32:06 [info     ] workspace_released             workspace_id=1bdac74e826b4b288fde3baf35adc6a6
2026-09-12 21:32:06 [info     ] fire_criteria_read             named=3 owed=['fire/owed-direct', 'fire/owed-direct-2', 'fire/owed-nested'] read_at_version=2026-01-01T00:00:00+00:00 subject=fire/subject
2026-09-12 21:32:06 [info     ] fire_criteria_read             named=3 owed=['fire/owed-direct', 'fire/owed-direct-2', 'fire/owed-nested'] read_at_version=2026-01-01T00:00:00+00:00 subject=fire/subject
2026-09-12 21:32:06 [info     ] fire_criteria_read             named=3 owed=['fire/owed-direct', 'fire/owed-direct-2', 'fire/owed-nested'] read_at_version=2026-01-01T00:00:00+00:00 subject=fire/subject
2026-09-12 21:32:07 [info     ] fire_criteria_read             named=3 owed=['fire/owed-direct', 'fire/owed-direct-2', 'fire/owed-nested'] read_at_version=2026-01-01T00:00:00+00:00 subject=fire/subject
2026-09-12 21:32:07 [info     ] outbound_content_gated         categories=[] content_digest=1b36bdb1ab3318c1729841324d5e30907f27f9cc3a22be99dd31e4a50163e43a failure=None hits=[] surface=tracker verdict=clean visibility=public writer=tracker_comment
2026-09-12 21:32:07 [info     ] fire_criteria_read             named=3 owed=['fire/owed-direct', 'fire/owed-direct-2', 'fire/owed-nested'] read_at_version=2026-01-01T00:00:00+00:00 subject=fire/subject
2026-09-12 21:32:08 [info     ] workspace_acquired             path=/var/folders/lv/b1m7q5dj1yd5gn9s9rknw43h0000gq/T/kodezart-43ab82c0ec1046ab98e9233fd858fa3b workspace_id=43ab82c0ec1046ab98e9233fd858fa3b
2026-09-12 21:32:08 [info     ] stream_drained                 duration_api_ms=1 duration_ms=1 event_count=1 events={'result': 1} has_structured_output=True is_error=False num_turns=1 rate_limit_rejected=False result_event_observed=True result_tail='Author rationale must never be forwarded.' session_id=previous-agent-session site=write_back_verify stop_reason=None subtype=result total_cost_usd=None usage=None
2026-09-12 21:32:09 [info     ] workspace_released             workspace_id=43ab82c0ec1046ab98e9233fd858fa3b
2026-09-12 21:32:09 [info     ] fire_criteria_read             named=3 owed=['fire/owed-direct', 'fire/owed-direct-2', 'fire/owed-nested'] read_at_version=2026-01-01T00:00:00+00:00 subject=fire/subject
2026-09-12 21:32:09 [info     ] fire_criteria_read             named=3 owed=['fire/owed-direct', 'fire/owed-direct-2', 'fire/owed-nested'] read_at_version=2026-01-01T00:00:00+00:00 subject=fire/subject
2026-09-12 21:32:09 [info     ] fire_criteria_read             named=3 owed=['fire/owed-direct', 'fire/owed-direct-2', 'fire/owed-nested'] read_at_version=2026-01-01T00:00:00+00:00 subject=fire/subject
2026-09-12 21:32:10 [info     ] workspace_acquired             path=/var/folders/lv/b1m7q5dj1yd5gn9s9rknw43h0000gq/T/kodezart-5e05ba95eb924509940c945d27705e3f workspace_id=5e05ba95eb924509940c945d27705e3f
2026-09-12 21:32:10 [info     ] stream_drained                 duration_api_ms=1 duration_ms=1 event_count=1 events={'result': 1} has_structured_output=True is_error=False num_turns=1 rate_limit_rejected=False result_event_observed=True result_tail='Author rationale must never be forwarded.' session_id=previous-agent-session site=amendment_author stop_reason=None subtype=result total_cost_usd=None usage=None
2026-09-12 21:32:11 [info     ] workspace_released             workspace_id=5e05ba95eb924509940c945d27705e3f
2026-09-12 21:32:11 [info     ] fire_criteria_read             named=3 owed=['fire/owed-direct', 'fire/owed-direct-2', 'fire/owed-nested'] read_at_version=2026-01-01T00:00:00+00:00 subject=fire/subject
2026-09-12 21:32:11 [info     ] outbound_content_gated         categories=[] content_digest=4426b548240f71d651c3d3e21b64933c3a2703ceeee0f64680bc9b0f3c3be57f failure=None hits=[] surface=tracker verdict=clean visibility=public writer=tracker_description
2026-09-12 21:32:11 [info     ] fire_criteria_read             named=3 owed=['fire/owed-direct', 'fire/owed-direct-2', 'fire/owed-nested'] read_at_version=2026-01-01T00:00:00+00:00 subject=fire/subject
2026-09-12 21:32:11 [info     ] fire_criteria_read             named=3 owed=['fire/owed-direct', 'fire/owed-direct-2', 'fire/owed-nested'] read_at_version=2026-01-01T00:00:00+00:00 subject=fire/subject
2026-09-12 21:32:12 [info     ] fire_criteria_read             named=3 owed=['fire/owed-direct', 'fire/owed-direct-2', 'fire/owed-nested'] read_at_version=2026-01-01T00:00:00+00:00 subject=fire/subject
2026-09-12 21:32:12 [info     ] fire_criteria_read             named=3 owed=['fire/done-direct', 'fire/owed-direct', 'fire/owed-direct-2', 'fire/owed-nested'] read_at_version=2026-01-01T00:00:00+00:00 subject=fire/subject
2026-09-12 21:32:12 [info     ] outbound_content_gated         categories=[] content_digest=bcb6e622acca9bb3337f4a95be49a77a4e4e251e65feec3b009894d5c9cc9c1d failure=None hits=[] surface=tracker verdict=clean visibility=public writer=tracker_description
2026-09-12 21:32:12 [info     ] fire_criteria_read             named=3 owed=['fire/done-direct', 'fire/owed-direct', 'fire/owed-direct-2', 'fire/owed-nested'] read_at_version=2026-01-01T00:00:00+00:00 subject=fire/subject
2026-09-12 21:32:13 [info     ] fire_criteria_read             named=3 owed=['fire/done-direct', 'fire/owed-direct', 'fire/owed-direct-2', 'fire/owed-nested'] read_at_version=2026-01-01T00:00:00+00:00 subject=fire/subject
2026-09-12 21:32:13 [info     ] workspace_acquired             path=/var/folders/lv/b1m7q5dj1yd5gn9s9rknw43h0000gq/T/kodezart-6d9356c3a2764be290456e75185f70e7 workspace_id=6d9356c3a2764be290456e75185f70e7
2026-09-12 21:32:13 [info     ] stream_drained                 duration_api_ms=1 duration_ms=1 event_count=1 events={'result': 1} has_structured_output=True is_error=False num_turns=1 rate_limit_rejected=False result_event_observed=True result_tail='Author rationale must never be forwarded.' session_id=previous-agent-session site=write_back_verify stop_reason=None subtype=result total_cost_usd=None usage=None
2026-09-12 21:32:13 [info     ] workspace_released             workspace_id=6d9356c3a2764be290456e75185f70e7
2026-09-12 21:32:13 [warning  ] workspace_release_unclean      branch_name=native-loop path=/var/folders/lv/b1m7q5dj1yd5gn9s9rknw43h0000gq/T/kodezart-44d43f4348444f51a95d409d027c0276 workspace_id=44d43f4348444f51a95d409d027c0276
2026-09-12 21:32:13 [info     ] workspace_released             workspace_id=44d43f4348444f51a95d409d027c0276
CHECKPOINT_CUT {"checkpoints": [{"amendment_reports": 0, "channels": ["accept_verdict", "acceptance_criteria", "best_iteration_sha", "branch:to:run_ralph_loop", "criteria_infeasible", "criteria_regeneration_rounds", "criteria_validation", "criterion_set", "feature_branch", "feature_tip_sha", "fire_spec", "flagged_items", "issue_key", "merge_error", "merged", "ralph_branch", "remediation_entry", "remediation_rounds_used", "remediation_ticket", "repo_url", "repo_visibility", "review_base_sha", "review_feedback", "review_head_sha", "review_passed", "total_iterations", "trajectory", "work_base_ref"], "id": "1f1aee0a-15dd-6166-8000-bbbd3389d6d2", "judgments": 0, "namespace": "", "pending": [["__error__", "RuntimeError('after_applied_holds')"]], "step": 0, "thread": "actual-parent-job", "verdicts": 0}, {"amendment_reports": 0, "channels": ["branch:to:execute", "iteration", "iteration_records", "pending_failures", "verdict"], "id": "1f1aee0a-15f8-6196-8000-fee1d9e30dc1", "judgments": 0, "namespace": "run_ralph_loop:c914eeb0-937d-17c0-bfb6-fd8e3e3f4b2b", "pending": [["__error__", "RuntimeError('after_applied_holds')"]], "step": 0, "thread": "actual-parent-job-ralph", "verdicts": 0}, {"amendment_reports": 0, "channels": ["branch:to:canonical_write_back", "judgments", "output", "verdicts"], "id": "1f1aee0a-3790-6c54-8001-b2e6d68987a8", "judgments": 1, "namespace": "run_ralph_loop:c914eeb0-937d-17c0-bfb6-fd8e3e3f4b2b|execute:f7b044bc-5997-16aa-6316-3cd0778701ee", "pending": [["__error__", "RuntimeError('after_applied_holds')"]], "step": 1, "thread": "actual-parent-job-ralph", "verdicts": 0}], "parent_tasks": [{"error": "RuntimeError('after_applied_holds')", "name": "run_ralph_loop", "state": "None"}], "position": "after_applied_holds"}
2026-09-12 21:32:14 [info     ] fire_criteria_read             named=3 owed=['fire/done-direct', 'fire/owed-direct', 'fire/owed-direct-2', 'fire/owed-nested'] read_at_version=2026-01-01T00:00:00+00:00 subject=fire/subject
2026-09-12 21:32:14 [info     ] fire_criteria_read             named=3 owed=['fire/done-direct', 'fire/owed-direct', 'fire/owed-direct-2', 'fire/owed-nested'] read_at_version=2026-01-01T00:00:00+00:00 subject=fire/subject
2026-09-12 21:32:14 [info     ] fire_criteria_read             named=3 owed=['fire/done-direct', 'fire/owed-direct', 'fire/owed-direct-2', 'fire/owed-nested'] read_at_version=2026-01-01T00:00:00+00:00 subject=fire/subject
2026-09-12 21:32:15 [info     ] workspace_acquired             path=/var/folders/lv/b1m7q5dj1yd5gn9s9rknw43h0000gq/T/kodezart-99334af261524309aeeef78436efb99a workspace_id=99334af261524309aeeef78436efb99a
2026-09-12 21:32:15 [info     ] fire_criteria_read             named=3 owed=['fire/done-direct', 'fire/owed-direct', 'fire/owed-direct-2', 'fire/owed-nested'] read_at_version=2026-01-01T00:00:00+00:00 subject=fire/subject
2026-09-12 21:32:15 [info     ] fire_criteria_read             named=3 owed=['fire/done-direct', 'fire/owed-direct', 'fire/owed-direct-2', 'fire/owed-nested'] read_at_version=2026-01-01T00:00:00+00:00 subject=fire/subject
2026-09-12 21:32:16 [info     ] fire_criteria_read             named=3 owed=['fire/done-direct', 'fire/owed-direct', 'fire/owed-direct-2', 'fire/owed-nested'] read_at_version=2026-01-01T00:00:00+00:00 subject=fire/subject
2026-09-12 21:32:16 [info     ] fire_criteria_read             named=3 owed=['fire/done-direct', 'fire/owed-direct', 'fire/owed-direct-2', 'fire/owed-nested'] read_at_version=2026-01-01T00:00:00+00:00 subject=fire/subject
2026-09-12 21:32:16 [info     ] fire_criteria_read             named=3 owed=['fire/done-direct', 'fire/owed-direct', 'fire/owed-direct-2', 'fire/owed-nested'] read_at_version=2026-01-01T00:00:00+00:00 subject=fire/subject
2026-09-12 21:32:17 [info     ] fire_criteria_read             named=3 owed=['fire/done-direct', 'fire/owed-direct', 'fire/owed-direct-2', 'fire/owed-nested'] read_at_version=2026-01-01T00:00:00+00:00 subject=fire/subject
2026-09-12 21:32:17 [info     ] outbound_content_gated         categories=[] content_digest=b536285dda0b37b9b643a475154fc761099a8c2c6b7783b86404229673982dda failure=None hits=[] surface=tracker verdict=clean visibility=public writer=tracker_comment
2026-09-12 21:32:17 [info     ] fire_criteria_read             named=3 owed=['fire/done-direct', 'fire/owed-direct', 'fire/owed-direct-2', 'fire/owed-nested'] read_at_version=2026-01-01T00:00:00+00:00 subject=fire/subject
2026-09-12 21:32:17 [info     ] workspace_acquired             path=/var/folders/lv/b1m7q5dj1yd5gn9s9rknw43h0000gq/T/kodezart-3e1ca59b3cd44b2a9d7da1122fcac0e6 workspace_id=3e1ca59b3cd44b2a9d7da1122fcac0e6
2026-09-12 21:32:18 [info     ] stream_drained                 duration_api_ms=1 duration_ms=1 event_count=1 events={'result': 1} has_structured_output=True is_error=False num_turns=1 rate_limit_rejected=False result_event_observed=True result_tail='Author rationale must never be forwarded.' session_id=previous-agent-session site=write_back_verify stop_reason=None subtype=result total_cost_usd=None usage=None
2026-09-12 21:32:18 [info     ] workspace_released             workspace_id=3e1ca59b3cd44b2a9d7da1122fcac0e6
2026-09-12 21:32:18 [info     ] fire_criteria_read             named=3 owed=['fire/done-direct', 'fire/owed-direct', 'fire/owed-direct-2', 'fire/owed-nested'] read_at_version=2026-01-01T00:00:00+00:00 subject=fire/subject
2026-09-12 21:32:18 [info     ] fire_criteria_read             named=3 owed=['fire/done-direct', 'fire/owed-direct', 'fire/owed-direct-2', 'fire/owed-nested'] read_at_version=2026-01-01T00:00:00+00:00 subject=fire/subject
2026-09-12 21:32:19 [info     ] fire_criteria_read             named=3 owed=['fire/done-direct', 'fire/owed-direct', 'fire/owed-direct-2', 'fire/owed-nested'] read_at_version=2026-01-01T00:00:00+00:00 subject=fire/subject
2026-09-12 21:32:19 [info     ] workspace_acquired             path=/var/folders/lv/b1m7q5dj1yd5gn9s9rknw43h0000gq/T/kodezart-4efc6929fccb46d8937022e2b07d0aff workspace_id=4efc6929fccb46d8937022e2b07d0aff
2026-09-12 21:32:19 [info     ] stream_drained                 duration_api_ms=1 duration_ms=1 event_count=1 events={'result': 1} has_structured_output=True is_error=False num_turns=1 rate_limit_rejected=False result_event_observed=True result_tail='Author rationale must never be forwarded.' session_id=previous-agent-session site=amendment_author stop_reason=None subtype=result total_cost_usd=None usage=None
2026-09-12 21:32:20 [info     ] workspace_released             workspace_id=4efc6929fccb46d8937022e2b07d0aff
2026-09-12 21:32:21 [info     ] fire_criteria_read             named=3 owed=['fire/done-direct', 'fire/owed-direct', 'fire/owed-direct-2', 'fire/owed-nested'] read_at_version=2026-01-01T00:00:00+00:00 subject=fire/subject
2026-09-12 21:32:21 [info     ] outbound_content_gated         categories=[] content_digest=bcb6e622acca9bb3337f4a95be49a77a4e4e251e65feec3b009894d5c9cc9c1d failure=None hits=[] surface=tracker verdict=clean visibility=public writer=tracker_description
2026-09-12 21:32:22 [info     ] fire_criteria_read             named=3 owed=['fire/done-direct', 'fire/owed-direct', 'fire/owed-direct-2', 'fire/owed-nested'] read_at_version=2026-01-01T00:00:00+00:00 subject=fire/subject
2026-09-12 21:32:22 [info     ] fire_criteria_read             named=3 owed=['fire/done-direct', 'fire/owed-direct', 'fire/owed-direct-2', 'fire/owed-nested'] read_at_version=2026-01-01T00:00:00+00:00 subject=fire/subject
2026-09-12 21:32:23 [info     ] fire_criteria_read             named=3 owed=['fire/done-direct', 'fire/owed-direct', 'fire/owed-direct-2', 'fire/owed-nested'] read_at_version=2026-01-01T00:00:00+00:00 subject=fire/subject
2026-09-12 21:32:23 [info     ] fire_criteria_read             named=3 owed=['fire/done-direct', 'fire/owed-direct', 'fire/owed-direct-2', 'fire/owed-nested'] read_at_version=2026-01-01T00:00:00+00:00 subject=fire/subject
2026-09-12 21:32:23 [info     ] outbound_content_gated         categories=[] content_digest=bcb6e622acca9bb3337f4a95be49a77a4e4e251e65feec3b009894d5c9cc9c1d failure=None hits=[] surface=tracker verdict=clean visibility=public writer=tracker_description
2026-09-12 21:32:23 [info     ] fire_criteria_read             named=3 owed=['fire/done-direct', 'fire/owed-direct', 'fire/owed-direct-2', 'fire/owed-nested'] read_at_version=2026-01-01T00:00:00+00:00 subject=fire/subject
2026-09-12 21:32:24 [info     ] fire_criteria_read             named=3 owed=['fire/done-direct', 'fire/owed-direct', 'fire/owed-direct-2', 'fire/owed-nested'] read_at_version=2026-01-01T00:00:00+00:00 subject=fire/subject
2026-09-12 21:32:24 [info     ] workspace_acquired             path=/var/folders/lv/b1m7q5dj1yd5gn9s9rknw43h0000gq/T/kodezart-eea482e7a73643308787be0c2e8f95fc workspace_id=eea482e7a73643308787be0c2e8f95fc
2026-09-12 21:32:24 [info     ] stream_drained                 duration_api_ms=1 duration_ms=1 event_count=1 events={'result': 1} has_structured_output=True is_error=False num_turns=1 rate_limit_rejected=False result_event_observed=True result_tail='Author rationale must never be forwarded.' session_id=previous-agent-session site=write_back_verify stop_reason=None subtype=result total_cost_usd=None usage=None
2026-09-12 21:32:25 [info     ] workspace_released             workspace_id=eea482e7a73643308787be0c2e8f95fc
2026-09-12 21:32:25 [info     ] fire_criteria_read             named=3 owed=['fire/done-direct', 'fire/owed-direct', 'fire/owed-direct-2', 'fire/owed-nested'] read_at_version=2026-01-01T00:00:00+00:00 subject=fire/subject
2026-09-12 21:32:25 [info     ] fire_criteria_read             named=3 owed=['fire/done-direct', 'fire/owed-direct', 'fire/owed-direct-2', 'fire/owed-nested'] read_at_version=2026-01-01T00:00:00+00:00 subject=fire/subject
2026-09-12 21:32:25 [info     ] fire_criteria_read             named=3 owed=['fire/done-direct', 'fire/owed-direct', 'fire/owed-direct-2', 'fire/owed-nested'] read_at_version=2026-01-01T00:00:00+00:00 subject=fire/subject
2026-09-12 21:32:26 [info     ] fire_criteria_read             named=3 owed=['fire/done-direct', 'fire/owed-direct', 'fire/owed-direct-2', 'fire/owed-nested'] read_at_version=2026-01-01T00:00:00+00:00 subject=fire/subject
2026-09-12 21:32:26 [info     ] stream_drained                 duration_api_ms=1 duration_ms=1 event_count=1 events={'result': 1} has_structured_output=True is_error=False num_turns=1 rate_limit_rejected=False result_event_observed=True result_tail='Author rationale must never be forwarded.' session_id=previous-agent-session site=commit_message stop_reason=None subtype=result total_cost_usd=None usage=None
2026-09-12 21:32:26 [info     ] outbound_content_gated         categories=[] content_digest=1c2258ba30d6edc526796ea21c3fb5396230012aa5082ada3a09885c265fdb2a failure=None hits=[] surface=repository verdict=clean visibility=public writer=commit_message
2026-09-12 21:32:26 [info     ] fire_criteria_read             named=3 owed=['fire/done-direct', 'fire/owed-direct', 'fire/owed-direct-2', 'fire/owed-nested'] read_at_version=2026-01-01T00:00:00+00:00 subject=fire/subject
2026-09-12 21:32:27 [info     ] fire_criteria_read             named=3 owed=['fire/done-direct', 'fire/owed-direct', 'fire/owed-direct-2', 'fire/owed-nested'] read_at_version=2026-01-01T00:00:00+00:00 subject=fire/subject
2026-09-12 21:32:28 [info     ] changes_persisted              branch=native-loop commit_sha=bc545ce832025452928d747b6aaba97602627f8c
2026-09-12 21:32:28 [info     ] workspace_released             workspace_id=99334af261524309aeeef78436efb99a
2026-09-12 21:32:28 [info     ] fire_criteria_read             named=3 owed=['fire/done-direct', 'fire/owed-direct', 'fire/owed-direct-2', 'fire/owed-nested'] read_at_version=2026-01-01T00:00:00+00:00 subject=fire/subject
2026-09-12 21:32:28 [debug    ] output_format_requested        format_type=json_schema
2026-09-12 21:32:28 [info     ] workspace_acquired             path=/var/folders/lv/b1m7q5dj1yd5gn9s9rknw43h0000gq/T/kodezart-02c9941f012f4249a2ea080f1ed4bb81 workspace_id=02c9941f012f4249a2ea080f1ed4bb81
2026-09-12 21:32:28 [info     ] workspace_released             workspace_id=02c9941f012f4249a2ea080f1ed4bb81
2026-09-12 21:32:28 [info     ] stream_drained                 duration_api_ms=1 duration_ms=1 event_count=1 events={'result': 1} has_structured_output=True is_error=False num_turns=1 rate_limit_rejected=False result_event_observed=True result_tail='Author rationale must never be forwarded.' session_id=previous-agent-session site=ralph_evaluator stop_reason=None subtype=result total_cost_usd=None usage=None
NATIVE_RESUME_EXCEPTION after_applied_holds ValidationError 1 validation error for AcceptanceCriteriaOutput
criteriaResults
  Field required [type=missing, input_value={}, input_type=dict]
    For further information visit https://errors.pydantic.dev/2.12/v/missing
NATIVE_RESUME_DISPATCH after_applied_holds ['NativeWriterOutput', 'WriteBackFinding', 'AmendmentTextOutput', 'WriteBackFinding', 'CommitMessageOutput', 'AcceptanceCriteriaOutput']
NATIVE_RESUME_ACTUAL {"checkpoints": [{"amendment_reports": 0, "channels": ["accept_verdict", "acceptance_criteria", "best_iteration_sha", "branch:to:run_ralph_loop", "criteria_infeasible", "criteria_regeneration_rounds", "criteria_validation", "criterion_set", "feature_branch", "feature_tip_sha", "fire_spec", "flagged_items", "issue_key", "merge_error", "merged", "ralph_branch", "remediation_entry", "remediation_rounds_used", "remediation_ticket", "repo_url", "repo_visibility", "review_base_sha", "review_feedback", "review_head_sha", "review_passed", "total_iterations", "trajectory", "work_base_ref"], "id": "1f1aee0a-15dd-6166-8000-bbbd3389d6d2", "judgments": 0, "namespace": "", "pending": [["__error__", "1 validation error for AcceptanceCriteriaOutput\ncriteriaResults\n  Field required [type=missing, input_value={}, input_type=dict]\n    For further information visit https://errors.pydantic.dev/2.12/v/missing"]], "step": 0, "thread": "actual-parent-job", "verdicts": 0}, {"amendment_reports": 1, "channels": ["amendment_blocked", "amendment_reports", "branch:to:evaluate", "iteration", "iteration_commit_sha", "iteration_records", "pending_failures", "verdict"], "id": "1f1aee0b-0b01-65e8-8001-88beaff7706e", "judgments": 0, "namespace": "run_ralph_loop:c914eeb0-937d-17c0-bfb6-fd8e3e3f4b2b", "pending": [["__error__", "1 validation error for AcceptanceCriteriaOutput\ncriteriaResults\n  Field required [type=missing, input_value={}, input_type=dict]\n    For further information visit https://errors.pydantic.dev/2.12/v/missing"]], "step": 1, "thread": "actual-parent-job-ralph", "verdicts": 0}, {"amendment_reports": 0, "channels": ["judgments", "output", "verdicts"], "id": "1f1aee0a-f4fd-6bb6-8003-dc514a2f42fb", "judgments": 1, "namespace": "run_ralph_loop:c914eeb0-937d-17c0-bfb6-fd8e3e3f4b2b|execute:f7b044bc-5997-16aa-6316-3cd0778701ee", "pending": [], "step": 3, "thread": "actual-parent-job-ralph", "verdicts": 1}], "position": "after_applied_holds"}
NATIVE_RESUME_ARCHIVES 2
.2026-09-12 21:32:30 [info     ] fire_criteria_read             named=3 owed=['fire/owed-direct', 'fire/owed-direct-2', 'fire/owed-nested'] read_at_version=2026-01-01T00:00:00+00:00 subject=fire/subject
2026-09-12 21:32:30 [info     ] fire_criteria_read             named=3 owed=['fire/owed-direct', 'fire/owed-direct-2', 'fire/owed-nested'] read_at_version=2026-01-01T00:00:00+00:00 subject=fire/subject
2026-09-12 21:32:30 [info     ] fire_criteria_read             named=3 owed=['fire/owed-direct', 'fire/owed-direct-2', 'fire/owed-nested'] read_at_version=2026-01-01T00:00:00+00:00 subject=fire/subject
2026-09-12 21:32:30 [info     ] fire_criteria_read             named=3 owed=['fire/owed-direct', 'fire/owed-direct-2', 'fire/owed-nested'] read_at_version=2026-01-01T00:00:00+00:00 subject=fire/subject
2026-09-12 21:32:31 [info     ] workspace_acquired             path=/var/folders/lv/b1m7q5dj1yd5gn9s9rknw43h0000gq/T/kodezart-56e9b12ee6064ee888aff95f2e517de9 workspace_id=56e9b12ee6064ee888aff95f2e517de9
2026-09-12 21:32:31 [info     ] fire_criteria_read             named=3 owed=['fire/owed-direct', 'fire/owed-direct-2', 'fire/owed-nested'] read_at_version=2026-01-01T00:00:00+00:00 subject=fire/subject
2026-09-12 21:32:31 [info     ] fire_criteria_read             named=3 owed=['fire/owed-direct', 'fire/owed-direct-2', 'fire/owed-nested'] read_at_version=2026-01-01T00:00:00+00:00 subject=fire/subject
2026-09-12 21:32:31 [info     ] fire_criteria_read             named=3 owed=['fire/owed-direct', 'fire/owed-direct-2', 'fire/owed-nested'] read_at_version=2026-01-01T00:00:00+00:00 subject=fire/subject
2026-09-12 21:32:32 [info     ] fire_criteria_read             named=3 owed=['fire/owed-direct', 'fire/owed-direct-2', 'fire/owed-nested'] read_at_version=2026-01-01T00:00:00+00:00 subject=fire/subject
2026-09-12 21:32:32 [info     ] workspace_acquired             path=/var/folders/lv/b1m7q5dj1yd5gn9s9rknw43h0000gq/T/kodezart-79621f007b0f45ce8ad33cb49ad5cab2 workspace_id=79621f007b0f45ce8ad33cb49ad5cab2
2026-09-12 21:32:32 [info     ] stream_drained                 duration_api_ms=1 duration_ms=1 event_count=1 events={'result': 1} has_structured_output=True is_error=False num_turns=1 rate_limit_rejected=False result_event_observed=True result_tail='Author rationale must never be forwarded.' session_id=previous-agent-session site=amendment_judge stop_reason=None subtype=result total_cost_usd=None usage=None
2026-09-12 21:32:32 [info     ] workspace_released             workspace_id=79621f007b0f45ce8ad33cb49ad5cab2
2026-09-12 21:32:32 [info     ] fire_criteria_read             named=3 owed=['fire/owed-direct', 'fire/owed-direct-2', 'fire/owed-nested'] read_at_version=2026-01-01T00:00:00+00:00 subject=fire/subject
2026-09-12 21:32:33 [info     ] fire_criteria_read             named=3 owed=['fire/owed-direct', 'fire/owed-direct-2', 'fire/owed-nested'] read_at_version=2026-01-01T00:00:00+00:00 subject=fire/subject
2026-09-12 21:32:33 [info     ] fire_criteria_read             named=3 owed=['fire/owed-direct', 'fire/owed-direct-2', 'fire/owed-nested'] read_at_version=2026-01-01T00:00:00+00:00 subject=fire/subject
2026-09-12 21:32:33 [info     ] fire_criteria_read             named=3 owed=['fire/owed-direct', 'fire/owed-direct-2', 'fire/owed-nested'] read_at_version=2026-01-01T00:00:00+00:00 subject=fire/subject
2026-09-12 21:32:33 [info     ] outbound_content_gated         categories=[] content_digest=32efcc5c7d260d2d218db87ed70b9f10b484bc5b5bc785de7034c3a88efabd27 failure=None hits=[] surface=tracker verdict=clean visibility=public writer=tracker_comment
2026-09-12 21:32:33 [info     ] fire_criteria_read             named=3 owed=['fire/owed-direct', 'fire/owed-direct-2', 'fire/owed-nested'] read_at_version=2026-01-01T00:00:00+00:00 subject=fire/subject
2026-09-12 21:32:33 [info     ] workspace_acquired             path=/var/folders/lv/b1m7q5dj1yd5gn9s9rknw43h0000gq/T/kodezart-2b254683c7744aa5b90eb254d019b256 workspace_id=2b254683c7744aa5b90eb254d019b256
2026-09-12 21:32:34 [info     ] stream_drained                 duration_api_ms=1 duration_ms=1 event_count=1 events={'result': 1} has_structured_output=True is_error=False num_turns=1 rate_limit_rejected=False result_event_observed=True result_tail='Author rationale must never be forwarded.' session_id=previous-agent-session site=write_back_verify stop_reason=None subtype=result total_cost_usd=None usage=None
2026-09-12 21:32:34 [info     ] workspace_released             workspace_id=2b254683c7744aa5b90eb254d019b256
2026-09-12 21:32:34 [info     ] fire_criteria_read             named=3 owed=['fire/owed-direct', 'fire/owed-direct-2', 'fire/owed-nested'] read_at_version=2026-01-01T00:00:00+00:00 subject=fire/subject
2026-09-12 21:32:34 [info     ] fire_criteria_read             named=3 owed=['fire/owed-direct', 'fire/owed-direct-2', 'fire/owed-nested'] read_at_version=2026-01-01T00:00:00+00:00 subject=fire/subject
2026-09-12 21:32:34 [info     ] fire_criteria_read             named=3 owed=['fire/owed-direct', 'fire/owed-direct-2', 'fire/owed-nested'] read_at_version=2026-01-01T00:00:00+00:00 subject=fire/subject
2026-09-12 21:32:34 [info     ] workspace_acquired             path=/var/folders/lv/b1m7q5dj1yd5gn9s9rknw43h0000gq/T/kodezart-186f8977277d49f0bbf3a444736b9e2b workspace_id=186f8977277d49f0bbf3a444736b9e2b
2026-09-12 21:32:34 [info     ] stream_drained                 duration_api_ms=1 duration_ms=1 event_count=1 events={'result': 1} has_structured_output=True is_error=False num_turns=1 rate_limit_rejected=False result_event_observed=True result_tail='Author rationale must never be forwarded.' session_id=previous-agent-session site=amendment_author stop_reason=None subtype=result total_cost_usd=None usage=None
2026-09-12 21:32:35 [info     ] workspace_released             workspace_id=186f8977277d49f0bbf3a444736b9e2b
2026-09-12 21:32:35 [info     ] fire_criteria_read             named=3 owed=['fire/owed-direct', 'fire/owed-direct-2', 'fire/owed-nested'] read_at_version=2026-01-01T00:00:00+00:00 subject=fire/subject
2026-09-12 21:32:35 [info     ] outbound_content_gated         categories=[] content_digest=4426b548240f71d651c3d3e21b64933c3a2703ceeee0f64680bc9b0f3c3be57f failure=None hits=[] surface=tracker verdict=clean visibility=public writer=tracker_description
2026-09-12 21:32:35 [info     ] fire_criteria_read             named=3 owed=['fire/owed-direct', 'fire/owed-direct-2', 'fire/owed-nested'] read_at_version=2026-01-01T00:00:00+00:00 subject=fire/subject
2026-09-12 21:32:35 [info     ] fire_criteria_read             named=3 owed=['fire/owed-direct', 'fire/owed-direct-2', 'fire/owed-nested'] read_at_version=2026-01-01T00:00:00+00:00 subject=fire/subject
2026-09-12 21:32:35 [info     ] fire_criteria_read             named=3 owed=['fire/owed-direct', 'fire/owed-direct-2', 'fire/owed-nested'] read_at_version=2026-01-01T00:00:00+00:00 subject=fire/subject
2026-09-12 21:32:36 [info     ] fire_criteria_read             named=3 owed=['fire/done-direct', 'fire/owed-direct', 'fire/owed-direct-2', 'fire/owed-nested'] read_at_version=2026-01-01T00:00:00+00:00 subject=fire/subject
2026-09-12 21:32:36 [info     ] outbound_content_gated         categories=[] content_digest=bcb6e622acca9bb3337f4a95be49a77a4e4e251e65feec3b009894d5c9cc9c1d failure=None hits=[] surface=tracker verdict=clean visibility=public writer=tracker_description
2026-09-12 21:32:36 [info     ] fire_criteria_read             named=3 owed=['fire/done-direct', 'fire/owed-direct', 'fire/owed-direct-2', 'fire/owed-nested'] read_at_version=2026-01-01T00:00:00+00:00 subject=fire/subject
2026-09-12 21:32:36 [info     ] fire_criteria_read             named=3 owed=['fire/done-direct', 'fire/owed-direct', 'fire/owed-direct-2', 'fire/owed-nested'] read_at_version=2026-01-01T00:00:00+00:00 subject=fire/subject
2026-09-12 21:32:37 [info     ] workspace_acquired             path=/var/folders/lv/b1m7q5dj1yd5gn9s9rknw43h0000gq/T/kodezart-8df7f96839a64019a2686e945ebd01e0 workspace_id=8df7f96839a64019a2686e945ebd01e0
2026-09-12 21:32:37 [info     ] stream_drained                 duration_api_ms=1 duration_ms=1 event_count=1 events={'result': 1} has_structured_output=True is_error=False num_turns=1 rate_limit_rejected=False result_event_observed=True result_tail='Author rationale must never be forwarded.' session_id=previous-agent-session site=write_back_verify stop_reason=None subtype=result total_cost_usd=None usage=None
2026-09-12 21:32:37 [info     ] workspace_released             workspace_id=8df7f96839a64019a2686e945ebd01e0
2026-09-12 21:32:37 [info     ] fire_criteria_read             named=3 owed=['fire/done-direct', 'fire/owed-direct', 'fire/owed-direct-2', 'fire/owed-nested'] read_at_version=2026-01-01T00:00:00+00:00 subject=fire/subject
2026-09-12 21:32:38 [info     ] fire_criteria_read             named=3 owed=['fire/done-direct', 'fire/owed-direct', 'fire/owed-direct-2', 'fire/owed-nested'] read_at_version=2026-01-01T00:00:00+00:00 subject=fire/subject
2026-09-12 21:32:38 [info     ] fire_criteria_read             named=3 owed=['fire/done-direct', 'fire/owed-direct', 'fire/owed-direct-2', 'fire/owed-nested'] read_at_version=2026-01-01T00:00:00+00:00 subject=fire/subject
2026-09-12 21:32:38 [info     ] fire_criteria_read             named=3 owed=['fire/done-direct', 'fire/owed-direct', 'fire/owed-direct-2', 'fire/owed-nested'] read_at_version=2026-01-01T00:00:00+00:00 subject=fire/subject
2026-09-12 21:32:38 [warning  ] native_writer_workspace_retained workspace_path=/var/folders/lv/b1m7q5dj1yd5gn9s9rknw43h0000gq/T/kodezart-56e9b12ee6064ee888aff95f2e517de9
CHECKPOINT_CUT {"checkpoints": [{"amendment_reports": 0, "channels": ["accept_verdict", "acceptance_criteria", "best_iteration_sha", "branch:to:run_ralph_loop", "criteria_infeasible", "criteria_regeneration_rounds", "criteria_validation", "criterion_set", "feature_branch", "feature_tip_sha", "fire_spec", "flagged_items", "issue_key", "merge_error", "merged", "ralph_branch", "remediation_entry", "remediation_rounds_used", "remediation_ticket", "repo_url", "repo_visibility", "review_base_sha", "review_feedback", "review_head_sha", "review_passed", "total_iterations", "trajectory", "work_base_ref"], "id": "1f1aee0b-205b-60ce-8000-02f90930aa8b", "judgments": 0, "namespace": "", "pending": [["__error__", "RuntimeError('before_commit')"]], "step": 0, "thread": "actual-parent-job", "verdicts": 0}, {"amendment_reports": 0, "channels": ["branch:to:execute", "iteration", "iteration_records", "pending_failures", "verdict"], "id": "1f1aee0b-206f-6df8-8000-3aff4d161146", "judgments": 0, "namespace": "run_ralph_loop:48ca0ae6-72cc-ee96-8fd9-37c6e1e5638d", "pending": [["__error__", "RuntimeError('before_commit')"]], "step": 0, "thread": "actual-parent-job-ralph", "verdicts": 0}, {"amendment_reports": 0, "channels": ["judgments", "output", "verdicts"], "id": "1f1aee0b-6a82-6db4-8003-4ce89cc50245", "judgments": 1, "namespace": "run_ralph_loop:48ca0ae6-72cc-ee96-8fd9-37c6e1e5638d|execute:114df529-ca95-1980-c7d4-c5d5ff79bb9c", "pending": [], "step": 3, "thread": "actual-parent-job-ralph", "verdicts": 1}], "parent_tasks": [{"error": "RuntimeError('before_commit')", "name": "run_ralph_loop", "state": "None"}], "position": "before_commit"}
2026-09-12 21:32:39 [warning  ] workspace_release_unclean      branch_name=native-loop path=/var/folders/lv/b1m7q5dj1yd5gn9s9rknw43h0000gq/T/kodezart-56e9b12ee6064ee888aff95f2e517de9 workspace_id=56e9b12ee6064ee888aff95f2e517de9
2026-09-12 21:32:39 [info     ] workspace_released             workspace_id=56e9b12ee6064ee888aff95f2e517de9
2026-09-12 21:32:39 [info     ] fire_criteria_read             named=3 owed=['fire/done-direct', 'fire/owed-direct', 'fire/owed-direct-2', 'fire/owed-nested'] read_at_version=2026-01-01T00:00:00+00:00 subject=fire/subject
2026-09-12 21:32:39 [info     ] fire_criteria_read             named=3 owed=['fire/done-direct', 'fire/owed-direct', 'fire/owed-direct-2', 'fire/owed-nested'] read_at_version=2026-01-01T00:00:00+00:00 subject=fire/subject
2026-09-12 21:32:39 [info     ] fire_criteria_read             named=3 owed=['fire/done-direct', 'fire/owed-direct', 'fire/owed-direct-2', 'fire/owed-nested'] read_at_version=2026-01-01T00:00:00+00:00 subject=fire/subject
2026-09-12 21:32:39 [info     ] workspace_acquired             path=/var/folders/lv/b1m7q5dj1yd5gn9s9rknw43h0000gq/T/kodezart-3106066972484cd085715e60487ae437 workspace_id=3106066972484cd085715e60487ae437
2026-09-12 21:32:40 [info     ] fire_criteria_read             named=3 owed=['fire/done-direct', 'fire/owed-direct', 'fire/owed-direct-2', 'fire/owed-nested'] read_at_version=2026-01-01T00:00:00+00:00 subject=fire/subject
2026-09-12 21:32:40 [info     ] fire_criteria_read             named=3 owed=['fire/done-direct', 'fire/owed-direct', 'fire/owed-direct-2', 'fire/owed-nested'] read_at_version=2026-01-01T00:00:00+00:00 subject=fire/subject
2026-09-12 21:32:40 [info     ] fire_criteria_read             named=3 owed=['fire/done-direct', 'fire/owed-direct', 'fire/owed-direct-2', 'fire/owed-nested'] read_at_version=2026-01-01T00:00:00+00:00 subject=fire/subject
2026-09-12 21:32:41 [info     ] fire_criteria_read             named=3 owed=['fire/done-direct', 'fire/owed-direct', 'fire/owed-direct-2', 'fire/owed-nested'] read_at_version=2026-01-01T00:00:00+00:00 subject=fire/subject
2026-09-12 21:32:41 [info     ] stream_drained                 duration_api_ms=1 duration_ms=1 event_count=1 events={'result': 1} has_structured_output=True is_error=False num_turns=1 rate_limit_rejected=False result_event_observed=True result_tail='Author rationale must never be forwarded.' session_id=previous-agent-session site=commit_message stop_reason=None subtype=result total_cost_usd=None usage=None
2026-09-12 21:32:41 [info     ] outbound_content_gated         categories=[] content_digest=1c2258ba30d6edc526796ea21c3fb5396230012aa5082ada3a09885c265fdb2a failure=None hits=[] surface=repository verdict=clean visibility=public writer=commit_message
2026-09-12 21:32:41 [info     ] fire_criteria_read             named=3 owed=['fire/done-direct', 'fire/owed-direct', 'fire/owed-direct-2', 'fire/owed-nested'] read_at_version=2026-01-01T00:00:00+00:00 subject=fire/subject
2026-09-12 21:32:42 [info     ] fire_criteria_read             named=3 owed=['fire/done-direct', 'fire/owed-direct', 'fire/owed-direct-2', 'fire/owed-nested'] read_at_version=2026-01-01T00:00:00+00:00 subject=fire/subject
2026-09-12 21:32:42 [info     ] changes_persisted              branch=native-loop commit_sha=bc560d53637e182d3ca0cb5d77db09bf4f9acb3f
2026-09-12 21:32:42 [info     ] workspace_released             workspace_id=3106066972484cd085715e60487ae437
2026-09-12 21:32:42 [info     ] fire_criteria_read             named=3 owed=['fire/done-direct', 'fire/owed-direct', 'fire/owed-direct-2', 'fire/owed-nested'] read_at_version=2026-01-01T00:00:00+00:00 subject=fire/subject
2026-09-12 21:32:42 [debug    ] output_format_requested        format_type=json_schema
2026-09-12 21:32:43 [info     ] workspace_acquired             path=/var/folders/lv/b1m7q5dj1yd5gn9s9rknw43h0000gq/T/kodezart-39fd329a7eab4de7afa01fc77858e82d workspace_id=39fd329a7eab4de7afa01fc77858e82d
2026-09-12 21:32:43 [info     ] workspace_released             workspace_id=39fd329a7eab4de7afa01fc77858e82d
2026-09-12 21:32:43 [info     ] stream_drained                 duration_api_ms=1 duration_ms=1 event_count=1 events={'result': 1} has_structured_output=True is_error=False num_turns=1 rate_limit_rejected=False result_event_observed=True result_tail='Author rationale must never be forwarded.' session_id=previous-agent-session site=ralph_evaluator stop_reason=None subtype=result total_cost_usd=None usage=None
NATIVE_RESUME_EXCEPTION before_commit ValidationError 1 validation error for AcceptanceCriteriaOutput
criteriaResults
  Field required [type=missing, input_value={}, input_type=dict]
    For further information visit https://errors.pydantic.dev/2.12/v/missing
NATIVE_RESUME_DISPATCH before_commit ['NativeWriterOutput', 'CommitMessageOutput', 'AcceptanceCriteriaOutput']
NATIVE_RESUME_ACTUAL {"checkpoints": [{"amendment_reports": 0, "channels": ["accept_verdict", "acceptance_criteria", "best_iteration_sha", "branch:to:run_ralph_loop", "criteria_infeasible", "criteria_regeneration_rounds", "criteria_validation", "criterion_set", "feature_branch", "feature_tip_sha", "fire_spec", "flagged_items", "issue_key", "merge_error", "merged", "ralph_branch", "remediation_entry", "remediation_rounds_used", "remediation_ticket", "repo_url", "repo_visibility", "review_base_sha", "review_feedback", "review_head_sha", "review_passed", "total_iterations", "trajectory", "work_base_ref"], "id": "1f1aee0b-205b-60ce-8000-02f90930aa8b", "judgments": 0, "namespace": "", "pending": [["__error__", "1 validation error for AcceptanceCriteriaOutput\ncriteriaResults\n  Field required [type=missing, input_value={}, input_type=dict]\n    For further information visit https://errors.pydantic.dev/2.12/v/missing"]], "step": 0, "thread": "actual-parent-job", "verdicts": 0}, {"amendment_reports": 1, "channels": ["amendment_blocked", "amendment_reports", "branch:to:evaluate", "iteration", "iteration_commit_sha", "iteration_records", "pending_failures", "verdict"], "id": "1f1aee0b-9333-66f0-8001-3c803a9c6c16", "judgments": 0, "namespace": "run_ralph_loop:48ca0ae6-72cc-ee96-8fd9-37c6e1e5638d", "pending": [["__error__", "1 validation error for AcceptanceCriteriaOutput\ncriteriaResults\n  Field required [type=missing, input_value={}, input_type=dict]\n    For further information visit https://errors.pydantic.dev/2.12/v/missing"]], "step": 1, "thread": "actual-parent-job-ralph", "verdicts": 0}, {"amendment_reports": 0, "channels": ["judgments", "output", "verdicts"], "id": "1f1aee0b-6a82-6db4-8003-4ce89cc50245", "judgments": 1, "namespace": "run_ralph_loop:48ca0ae6-72cc-ee96-8fd9-37c6e1e5638d|execute:114df529-ca95-1980-c7d4-c5d5ff79bb9c", "pending": [], "step": 3, "thread": "actual-parent-job-ralph", "verdicts": 1}], "position": "before_commit"}
NATIVE_RESUME_ARCHIVES 1
.
4 passed in 106.55s (0:01:46)
