FF                                                                       [100%]
=================================== FAILURES ===================================
___ test_actual_task_cancellation_after_direct_commit_keeps_cancelled_state ____

title = 'NativeWriterOutput', payload = {'claims': []}
kwargs = {'agents': (), 'allowed_tools': <ToolPreset.IMPLEMENTATION: 'implementation'>, 'cwd': '/var/folders/lv/b1m7q5dj1yd5gn9..., 'items': {'$ref': '#/$defs/AmendmentClaim'}, 'title': 'Claims', 'type': 'array'}}, ...}, 'type': 'json_schema'}, ...}

    async def wait_after_commit(title, payload, kwargs):
        if title == "NativeWriterOutput":
            committed.set()
>           await asyncio.Event().wait()

tests/services/test_native_amendment_independent.py:29: 
_ _ _ _ _ _ _ _ _ _ _ _ _ _ _ _ _ _ _ _ _ _ _ _ _ _ _ _ _ _ _ _ _ _ _ _ _ _ _ _ 

self = <asyncio.locks.Event object at 0x10a64bf50 [unset]>

    async def wait(self):
        """Block until the internal flag is true.
    
        If the internal flag is true on entry, return True
        immediately.  Otherwise, block until another coroutine calls
        set() to set the flag to true, then return True.
        """
        if self._value:
            return True
    
        fut = self._get_loop().create_future()
        self._waiters.append(fut)
        try:
>           await fut
E           asyncio.exceptions.CancelledError

/Users/kodezart/.local/share/uv/python/cpython-3.12.13-macos-aarch64-none/lib/python3.12/asyncio/locks.py:212: CancelledError

During handling of the above exception, another exception occurred:

repository = (PosixPath('/private/var/folders/lv/b1m7q5dj1yd5gn9s9rknw43h0000gq/T/pytest-of-kodezart/pytest-1783/test_actual_task_cancellation_0/repo'), '6c84a9590fbee4ab5cd31d3a4a7a0d60def9405b')

    async def test_actual_task_cancellation_after_direct_commit_keeps_cancelled_state(repository):
        committed = asyncio.Event()
    
        async def wait_after_commit(title, payload, kwargs):
            if title == "NativeWriterOutput":
                committed.set()
                await asyncio.Event().wait()
    
        service, guard, workspace, _ = await build(
            repository,
            Executor(claim=False, direct_commit=True, mutate=wait_after_commit),
        )
        task = asyncio.create_task(drive(service, guard, repository))
        try:
            await committed.wait()
            task.cancel()
            with pytest.raises(asyncio.CancelledError):
>               await task

tests/services/test_native_amendment_independent.py:40: 
_ _ _ _ _ _ _ _ _ _ _ _ _ _ _ _ _ _ _ _ _ _ _ _ _ _ _ _ _ _ _ _ _ _ _ _ _ _ _ _ 
tests/services/test_native_amendments.py:200: in drive
    return [
src/kodezart/services/agent_service.py:156: in stream_workflow
    async for event in self._run_in_workspace(
src/kodezart/services/agent_service.py:269: in _run_in_workspace
    await native_guard.require_unchanged_head(
_ _ _ _ _ _ _ _ _ _ _ _ _ _ _ _ _ _ _ _ _ _ _ _ _ _ _ _ _ _ _ _ _ _ _ _ _ _ _ _ 

self = <kodezart.services.native_amendments._NativeWriterGuard object at 0x10a64b980>

    async def require_unchanged_head(
        self,
        *,
        workspace_path: str,
        start: NativeWriterStart,
    ) -> None:
        if await settle(self._owner._git.current_sha(workspace_path)) != start.head_sha:
>           raise NativeWriteRefusalError(
                "Writer HEAD changed before authorization; retained workspace, "
                "no harness commit, push, backup or replay"
            )
E           kodezart.domain.amendment.NativeWriteRefusalError: Writer HEAD changed before authorization; retained workspace, no harness commit, push, backup or replay

src/kodezart/services/native_amendments.py:215: NativeWriteRefusalError
----------------------------- Captured stdout call -----------------------------
2026-09-12 18:13:34 [info     ] fire_criteria_read             named=3 owed=['fire/owed-direct', 'fire/owed-direct-2', 'fire/owed-nested'] read_at_version=2026-01-01T00:00:00+00:00 subject=fire/subject
2026-09-12 18:13:34 [info     ] workspace_acquired             path=/var/folders/lv/b1m7q5dj1yd5gn9s9rknw43h0000gq/T/kodezart-d765914c7cb54b46868c7761a55727f2 workspace_id=d765914c7cb54b46868c7761a55727f2
2026-09-12 18:13:34 [info     ] fire_criteria_read             named=3 owed=['fire/owed-direct', 'fire/owed-direct-2', 'fire/owed-nested'] read_at_version=2026-01-01T00:00:00+00:00 subject=fire/subject
2026-09-12 18:13:35 [warning  ] native_writer_workspace_retained workspace_path=/var/folders/lv/b1m7q5dj1yd5gn9s9rknw43h0000gq/T/kodezart-d765914c7cb54b46868c7761a55727f2
2026-09-12 18:13:35 [info     ] workspace_released             workspace_id=d765914c7cb54b46868c7761a55727f2
_____ test_upheld_after_real_grade_preserves_criterion_history_and_plateau _____

repository = (PosixPath('/private/var/folders/lv/b1m7q5dj1yd5gn9s9rknw43h0000gq/T/pytest-of-kodezart/pytest-1783/test_upheld_after_real_grade_p0/repo'), '5d3774d2f99ee669c41dd9ddd9bb54e2e83c798d')

    async def test_upheld_after_real_grade_preserves_criterion_history_and_plateau(repository):
        executor = Executor()
        service, _, workspace, port = await build(repository, executor)
        criteria = TrackerCriteria(tracker=port)
        spec = await criteria.read_spec(issue_key=SUBJECT)
        current = await criteria.read_current(spec=spec)
        observed = native_evaluation()
        observed["criteriaResults"][0]["passed"] = False
        previous_grade = grade_iteration(
            current.criteria, AcceptanceCriteriaOutput.model_validate(observed)
        )
        previous_record = IterationRecord(
            iteration=1,
            passed_count=previous_grade.passed_count,
            failing_criterion_ids=[row.criterion_id for row in previous_grade.failures],
            commit_sha=await git(repository[0], "rev-parse", "HEAD"),
        )
        await git(repository[0], "branch", "native-loop", "main")
        router = build_workflow_engine(
>           config=AppConfig(
                ticket_review_mode=TicketReviewMode.REVIEWED,
                max_iterations=2,
                plateau_window=1,
                retry_max_attempts=1,
                retry_initial_interval=0.1,
            ),
            operation=native_operation(),
            scope_tracker=port,
            criteria=criteria,
            repositories=(RepoEntry(url=REPO_URL, trunk="main"),),
            agent_service=service,
            git=workspace._git,
            cache=FakeRepoCache(str(repository[0])),
            workspace=workspace,
            merger=FakeBranchMerger(),
            artifact_persister=FakeArtifactPersister(),
            ref_publisher=FakeRefPublisher(),
            prompts=load_registry(),
            skills=SUPPRESS_ALL_SKILLS,
            gate=PassThroughGate(),
            github_api=None,
            checkpointer=None,
        )

tests/chains/test_native_amendment_trajectory_independent.py:61: 
_ _ _ _ _ _ _ _ _ _ _ _ _ _ _ _ _ _ _ _ _ _ _ _ _ _ _ _ _ _ _ _ _ _ _ _ _ _ _ _ 

__pydantic_self__ = AppConfig(), _case_sensitive = None
_nested_model_default_partial_update = None, _env_prefix = None
_env_prefix_target = None, _env_file = PosixPath('.'), _env_file_encoding = None
_env_ignore_empty = None, _env_nested_delimiter = None
_env_nested_max_split = None, _env_parse_none_str = None
_env_parse_enums = None, _cli_prog_name = None, _cli_parse_args = None
_cli_settings_source = None, _cli_parse_none_str = None
_cli_hide_none_type = None, _cli_avoid_json = None, _cli_enforce_required = None
_cli_use_class_docs_for_groups = None, _cli_exit_on_error = None
_cli_prefix = None, _cli_flag_prefix_char = None, _cli_implicit_flags = None
_cli_ignore_unknown_args = None, _cli_kebab_case = None, _cli_shortcuts = None
_secrets_dir = None, _build_sources = None
values = {'max_iterations': 2, 'plateau_window': 1, 'retry_initial_interval': 0.1, 'retry_max_attempts': 1, ...}
sources = (InitSettingsSource(init_kwargs={'max_iterations': 2, 'ticket_review_mode': <TicketReviewMode.REVIEWED: 'reviewed'>, '...(init_kwargs={}), InitSettingsSource(init_kwargs={}), DefaultSettingsSource(nested_model_default_partial_update=False))
init_kwargs = {'max_iterations': 2, 'plateau_window': 1, 'retry_initial_interval': 0.1, 'retry_max_attempts': 1, ...}

    def __init__(
        __pydantic_self__,
        _case_sensitive: bool | None = None,
        _nested_model_default_partial_update: bool | None = None,
        _env_prefix: str | None = None,
        _env_prefix_target: EnvPrefixTarget | None = None,
        _env_file: DotenvType | None = ENV_FILE_SENTINEL,
        _env_file_encoding: str | None = None,
        _env_ignore_empty: bool | None = None,
        _env_nested_delimiter: str | None = None,
        _env_nested_max_split: int | None = None,
        _env_parse_none_str: str | None = None,
        _env_parse_enums: bool | None = None,
        _cli_prog_name: str | None = None,
        _cli_parse_args: bool | list[str] | tuple[str, ...] | None = None,
        _cli_settings_source: CliSettingsSource[Any] | None = None,
        _cli_parse_none_str: str | None = None,
        _cli_hide_none_type: bool | None = None,
        _cli_avoid_json: bool | None = None,
        _cli_enforce_required: bool | None = None,
        _cli_use_class_docs_for_groups: bool | None = None,
        _cli_exit_on_error: bool | None = None,
        _cli_prefix: str | None = None,
        _cli_flag_prefix_char: str | None = None,
        _cli_implicit_flags: bool | Literal['dual', 'toggle'] | None = None,
        _cli_ignore_unknown_args: bool | None = None,
        _cli_kebab_case: bool | Literal['all', 'no_enums'] | None = None,
        _cli_shortcuts: Mapping[str, str | list[str]] | None = None,
        _secrets_dir: PathType | None = None,
        _build_sources: tuple[tuple[PydanticBaseSettingsSource, ...], dict[str, Any]] | None = None,
        **values: Any,
    ) -> None:
        sources, init_kwargs = (
            _build_sources
            if _build_sources is not None
            else __pydantic_self__.__class__._settings_init_sources(
                _case_sensitive=_case_sensitive,
                _nested_model_default_partial_update=_nested_model_default_partial_update,
                _env_prefix=_env_prefix,
                _env_prefix_target=_env_prefix_target,
                _env_file=_env_file,
                _env_file_encoding=_env_file_encoding,
                _env_ignore_empty=_env_ignore_empty,
                _env_nested_delimiter=_env_nested_delimiter,
                _env_nested_max_split=_env_nested_max_split,
                _env_parse_none_str=_env_parse_none_str,
                _env_parse_enums=_env_parse_enums,
                _cli_prog_name=_cli_prog_name,
                _cli_parse_args=_cli_parse_args,
                _cli_settings_source=_cli_settings_source,
                _cli_parse_none_str=_cli_parse_none_str,
                _cli_hide_none_type=_cli_hide_none_type,
                _cli_avoid_json=_cli_avoid_json,
                _cli_enforce_required=_cli_enforce_required,
                _cli_use_class_docs_for_groups=_cli_use_class_docs_for_groups,
                _cli_exit_on_error=_cli_exit_on_error,
                _cli_prefix=_cli_prefix,
                _cli_flag_prefix_char=_cli_flag_prefix_char,
                _cli_implicit_flags=_cli_implicit_flags,
                _cli_ignore_unknown_args=_cli_ignore_unknown_args,
                _cli_kebab_case=_cli_kebab_case,
                _cli_shortcuts=_cli_shortcuts,
                _secrets_dir=_secrets_dir,
                **values,
            )
        )
    
>       super().__init__(**__pydantic_self__.__class__._settings_build_values(sources, init_kwargs))
E       pydantic_core._pydantic_core.ValidationError: 1 validation error for AppConfig
E       plateau_window
E         Extra inputs are not permitted [type=extra_forbidden]
E           For further information visit https://errors.pydantic.dev/2.12/v/extra_forbidden

.venv/lib/python3.12/site-packages/pydantic_settings/main.py:242: ValidationError
----------------------------- Captured stdout call -----------------------------
2026-09-12 18:13:37 [info     ] fire_criteria_read             named=3 owed=['fire/owed-direct', 'fire/owed-direct-2', 'fire/owed-nested'] read_at_version=2026-01-01T00:00:00+00:00 subject=fire/subject
2026-09-12 18:13:37 [info     ] fire_criteria_read             named=3 owed=['fire/owed-direct', 'fire/owed-direct-2', 'fire/owed-nested'] read_at_version=2026-01-01T00:00:00+00:00 subject=fire/subject
=========================== short test summary info ============================
FAILED tests/services/test_native_amendment_independent.py::test_actual_task_cancellation_after_direct_commit_keeps_cancelled_state
FAILED tests/chains/test_native_amendment_trajectory_independent.py::test_upheld_after_real_grade_preserves_criterion_history_and_plateau
2 failed in 5.51s
