.FF                                                                      [100%]
=================================== FAILURES ===================================
_____ test_real_commit_without_returned_receipt_retains_workspace[readout] _____

repository = (PosixPath('/private/var/folders/lv/b1m7q5dj1yd5gn9s9rknw43h0000gq/T/pytest-of-kodezart/pytest-1801/test_real_commit_without_retur1/repo'), 'a395114e8c6d7b46ed47e1a88090f2032d303f53')
monkeypatch = <_pytest.monkeypatch.MonkeyPatch object at 0x10d0a69c0>
failure = 'readout'

    @pytest.mark.parametrize("failure", ["none", "readout", "cancel"])
    async def test_real_commit_without_returned_receipt_retains_workspace(
        repository, monkeypatch, failure
    ):
        service, guard, workspace, _ = await build(repository, Executor(claim=False))
        actual_run = workspace._git._run
        actual_output = workspace._git._run_output
        committed = False
        intercepted = False
        readout_started = asyncio.Event()
        unavailable = RuntimeError("actual commit succeeded; SHA readout unavailable")
    
        async def run(cmd, **kwargs):
            nonlocal committed
            result = await actual_run(cmd, **kwargs)
            if cmd[:2] == ["git", "commit"]:
                committed = True
            return result
    
        async def output(cmd, **kwargs):
            nonlocal intercepted
            if committed and not intercepted and cmd == ["git", "rev-parse", "HEAD"]:
                intercepted = True
                readout_started.set()
                if failure == "readout":
                    raise unavailable
                if failure == "cancel":
                    await asyncio.Event().wait()
            return await actual_output(cmd, **kwargs)
    
        monkeypatch.setattr(workspace._git, "_run", run)
        monkeypatch.setattr(workspace._git, "_run_output", output)
        task = asyncio.create_task(drive(service, guard, repository))
        try:
            if failure == "cancel":
                await asyncio.wait_for(readout_started.wait(), timeout=15)
                task.cancel()
                with pytest.raises(asyncio.CancelledError):
                    await task
                assert task.cancelled()
            elif failure == "readout":
                with pytest.raises(RuntimeError) as caught:
                    await task
                assert caught.value is unavailable
            else:
                await task
    
            assert committed and intercepted
            assert (
                await git(repository[0], "log", "native-test", "-1", "--format=%s")
                == "fix: implementation"
            )
            path = workspace.acquired[0][0]
            remote = await git(
                repository[0], "ls-remote", "origin", "refs/heads/native-test"
            )
            if failure == "none":
                assert remote
                assert path in workspace.released
            else:
                assert not remote
>               assert path not in workspace.released
E               AssertionError: assert '/var/folders/lv/b1m7q5dj1yd5gn9s9rknw43h0000gq/T/kodezart-cee98f0e2d2e4d179c408e792d84bc75' not in ['/var/folders/lv/b1m7q5dj1yd5gn9s9rknw43h0000gq/T/kodezart-cee98f0e2d2e4d179c408e792d84bc75']
E                +  where ['/var/folders/lv/b1m7q5dj1yd5gn9s9rknw43h0000gq/T/kodezart-cee98f0e2d2e4d179c408e792d84bc75'] = <tests.services.test_native_amendments.Workspaces object at 0x10d0a6810>.released

tests/services/test_native_commit_receipt_independent.py:81: AssertionError
----------------------------- Captured stdout call -----------------------------
2026-09-12 18:30:35 [info     ] fire_criteria_read             named=3 owed=['fire/owed-direct', 'fire/owed-direct-2', 'fire/owed-nested'] read_at_version=2026-01-01T00:00:00+00:00 subject=fire/subject
2026-09-12 18:30:36 [info     ] workspace_acquired             path=/var/folders/lv/b1m7q5dj1yd5gn9s9rknw43h0000gq/T/kodezart-cee98f0e2d2e4d179c408e792d84bc75 workspace_id=cee98f0e2d2e4d179c408e792d84bc75
2026-09-12 18:30:36 [info     ] fire_criteria_read             named=3 owed=['fire/owed-direct', 'fire/owed-direct-2', 'fire/owed-nested'] read_at_version=2026-01-01T00:00:00+00:00 subject=fire/subject
2026-09-12 18:30:36 [info     ] fire_criteria_read             named=3 owed=['fire/owed-direct', 'fire/owed-direct-2', 'fire/owed-nested'] read_at_version=2026-01-01T00:00:00+00:00 subject=fire/subject
2026-09-12 18:30:37 [info     ] fire_criteria_read             named=3 owed=['fire/owed-direct', 'fire/owed-direct-2', 'fire/owed-nested'] read_at_version=2026-01-01T00:00:00+00:00 subject=fire/subject
2026-09-12 18:30:37 [info     ] fire_criteria_read             named=3 owed=['fire/owed-direct', 'fire/owed-direct-2', 'fire/owed-nested'] read_at_version=2026-01-01T00:00:00+00:00 subject=fire/subject
2026-09-12 18:30:37 [info     ] stream_drained                 duration_api_ms=1 duration_ms=1 event_count=1 events={'result': 1} has_structured_output=True is_error=False num_turns=1 rate_limit_rejected=False result_event_observed=True result_tail='Author rationale must never be forwarded.' session_id=previous-agent-session site=commit_message stop_reason=None subtype=result total_cost_usd=None usage=None
2026-09-12 18:30:38 [info     ] outbound_content_gated         categories=[] content_digest=1c2258ba30d6edc526796ea21c3fb5396230012aa5082ada3a09885c265fdb2a failure=None hits=[] surface=repository verdict=clean visibility=public writer=commit_message
2026-09-12 18:30:38 [info     ] fire_criteria_read             named=3 owed=['fire/owed-direct', 'fire/owed-direct-2', 'fire/owed-nested'] read_at_version=2026-01-01T00:00:00+00:00 subject=fire/subject
2026-09-12 18:30:38 [info     ] workspace_released             workspace_id=cee98f0e2d2e4d179c408e792d84bc75
_____ test_real_commit_without_returned_receipt_retains_workspace[cancel] ______

repository = (PosixPath('/private/var/folders/lv/b1m7q5dj1yd5gn9s9rknw43h0000gq/T/pytest-of-kodezart/pytest-1801/test_real_commit_without_retur2/repo'), 'e82ec51226b188798df3a244c389c79a5355b93b')
monkeypatch = <_pytest.monkeypatch.MonkeyPatch object at 0x10d0da090>
failure = 'cancel'

    @pytest.mark.parametrize("failure", ["none", "readout", "cancel"])
    async def test_real_commit_without_returned_receipt_retains_workspace(
        repository, monkeypatch, failure
    ):
        service, guard, workspace, _ = await build(repository, Executor(claim=False))
        actual_run = workspace._git._run
        actual_output = workspace._git._run_output
        committed = False
        intercepted = False
        readout_started = asyncio.Event()
        unavailable = RuntimeError("actual commit succeeded; SHA readout unavailable")
    
        async def run(cmd, **kwargs):
            nonlocal committed
            result = await actual_run(cmd, **kwargs)
            if cmd[:2] == ["git", "commit"]:
                committed = True
            return result
    
        async def output(cmd, **kwargs):
            nonlocal intercepted
            if committed and not intercepted and cmd == ["git", "rev-parse", "HEAD"]:
                intercepted = True
                readout_started.set()
                if failure == "readout":
                    raise unavailable
                if failure == "cancel":
                    await asyncio.Event().wait()
            return await actual_output(cmd, **kwargs)
    
        monkeypatch.setattr(workspace._git, "_run", run)
        monkeypatch.setattr(workspace._git, "_run_output", output)
        task = asyncio.create_task(drive(service, guard, repository))
        try:
            if failure == "cancel":
                await asyncio.wait_for(readout_started.wait(), timeout=15)
                task.cancel()
                with pytest.raises(asyncio.CancelledError):
                    await task
                assert task.cancelled()
            elif failure == "readout":
                with pytest.raises(RuntimeError) as caught:
                    await task
                assert caught.value is unavailable
            else:
                await task
    
            assert committed and intercepted
            assert (
                await git(repository[0], "log", "native-test", "-1", "--format=%s")
                == "fix: implementation"
            )
            path = workspace.acquired[0][0]
            remote = await git(
                repository[0], "ls-remote", "origin", "refs/heads/native-test"
            )
            if failure == "none":
                assert remote
                assert path in workspace.released
            else:
                assert not remote
>               assert path not in workspace.released
E               AssertionError: assert '/var/folders/lv/b1m7q5dj1yd5gn9s9rknw43h0000gq/T/kodezart-8341d7e242e646dda737b991ad8f24c0' not in ['/var/folders/lv/b1m7q5dj1yd5gn9s9rknw43h0000gq/T/kodezart-8341d7e242e646dda737b991ad8f24c0']
E                +  where ['/var/folders/lv/b1m7q5dj1yd5gn9s9rknw43h0000gq/T/kodezart-8341d7e242e646dda737b991ad8f24c0'] = <tests.services.test_native_amendments.Workspaces object at 0x10d0d8ec0>.released

tests/services/test_native_commit_receipt_independent.py:81: AssertionError
----------------------------- Captured stdout call -----------------------------
2026-09-12 18:30:41 [info     ] fire_criteria_read             named=3 owed=['fire/owed-direct', 'fire/owed-direct-2', 'fire/owed-nested'] read_at_version=2026-01-01T00:00:00+00:00 subject=fire/subject
2026-09-12 18:30:41 [info     ] workspace_acquired             path=/var/folders/lv/b1m7q5dj1yd5gn9s9rknw43h0000gq/T/kodezart-8341d7e242e646dda737b991ad8f24c0 workspace_id=8341d7e242e646dda737b991ad8f24c0
2026-09-12 18:30:41 [info     ] fire_criteria_read             named=3 owed=['fire/owed-direct', 'fire/owed-direct-2', 'fire/owed-nested'] read_at_version=2026-01-01T00:00:00+00:00 subject=fire/subject
2026-09-12 18:30:42 [info     ] fire_criteria_read             named=3 owed=['fire/owed-direct', 'fire/owed-direct-2', 'fire/owed-nested'] read_at_version=2026-01-01T00:00:00+00:00 subject=fire/subject
2026-09-12 18:30:42 [info     ] fire_criteria_read             named=3 owed=['fire/owed-direct', 'fire/owed-direct-2', 'fire/owed-nested'] read_at_version=2026-01-01T00:00:00+00:00 subject=fire/subject
2026-09-12 18:30:42 [info     ] fire_criteria_read             named=3 owed=['fire/owed-direct', 'fire/owed-direct-2', 'fire/owed-nested'] read_at_version=2026-01-01T00:00:00+00:00 subject=fire/subject
2026-09-12 18:30:42 [info     ] stream_drained                 duration_api_ms=1 duration_ms=1 event_count=1 events={'result': 1} has_structured_output=True is_error=False num_turns=1 rate_limit_rejected=False result_event_observed=True result_tail='Author rationale must never be forwarded.' session_id=previous-agent-session site=commit_message stop_reason=None subtype=result total_cost_usd=None usage=None
2026-09-12 18:30:43 [info     ] outbound_content_gated         categories=[] content_digest=1c2258ba30d6edc526796ea21c3fb5396230012aa5082ada3a09885c265fdb2a failure=None hits=[] surface=repository verdict=clean visibility=public writer=commit_message
2026-09-12 18:30:43 [info     ] fire_criteria_read             named=3 owed=['fire/owed-direct', 'fire/owed-direct-2', 'fire/owed-nested'] read_at_version=2026-01-01T00:00:00+00:00 subject=fire/subject
2026-09-12 18:30:43 [info     ] workspace_released             workspace_id=8341d7e242e646dda737b991ad8f24c0
=========================== short test summary info ============================
FAILED tests/services/test_native_commit_receipt_independent.py::test_real_commit_without_returned_receipt_retains_workspace[readout]
FAILED tests/services/test_native_commit_receipt_independent.py::test_real_commit_without_returned_receipt_retains_workspace[cancel]
2 failed, 1 passed in 15.25s
