Using CPython 3.12.13
Creating virtual environment at: .venv
   Building kodezart @ file:///private/tmp/kodezart-v03-native-read-address-corrective
warning: `build_system.requires = ["uv-build>=0.10.9,<0.11.0"]` does not contain the current uv version 0.11.6
      Built kodezart @ file:///private/tmp/kodezart-v03-native-read-address-corrective
Installed 174 packages in 1.73s
..FF....                                                                 [100%]
=================================== FAILURES ===================================
_ test_actual_entry_preserves_reported_alias_with_one_subject_read[00000000-0000-4000-8000-000000000073-approval] _

entry = 'approval', requested = '00000000-0000-4000-8000-000000000073'

    @pytest.mark.parametrize("entry", ["approval", "spec"])
    @pytest.mark.parametrize("requested", ["ROOT-1", NATIVE_UUID])
    async def test_actual_entry_preserves_reported_alias_with_one_subject_read(entry, requested):
        server = ApprovalAliasServer(reported_uuid=NATIVE_UUID)
        tracker = tracker_over(server)
        if entry == "approval":
>           assert await tracker.execution_approved(issue_key=requested) is True
                   ^^^^^^^^^^^^^^^^^^^^^^^^^^^^^^^^^^^^^^^^^^^^^^^^^^^^^

../kodezart-recovery-session/test_native_approval_aliases.py:38: 
_ _ _ _ _ _ _ _ _ _ _ _ _ _ _ _ _ _ _ _ _ _ _ _ _ _ _ _ _ _ _ _ _ _ _ _ _ _ _ _ 
src/kodezart/adapters/linear_mcp_tracker.py:1153: in execution_approved
    _, approved = await self._read_execution_approval(issue_key=issue_key)
                  ^^^^^^^^^^^^^^^^^^^^^^^^^^^^^^^^^^^^^^^^^^^^^^^^^^^^^^^^
src/kodezart/adapters/linear_mcp_tracker.py:1204: in _read_execution_approval
    subject = await hydrate(issue_key)
              ^^^^^^^^^^^^^^^^^^^^^^^^
src/kodezart/adapters/linear_mcp_tracker.py:1201: in hydrate
    issue, members = await self._read_scope_issue(key)
                     ^^^^^^^^^^^^^^^^^^^^^^^^^^^^^^^^^
_ _ _ _ _ _ _ _ _ _ _ _ _ _ _ _ _ _ _ _ _ _ _ _ _ _ _ _ _ _ _ _ _ _ _ _ _ _ _ _ 

self = <kodezart.adapters.linear_mcp_tracker.LinearMcpTracker object at 0x10cb5acf0>
issue_key = '00000000-0000-4000-8000-000000000073'

    async def _read_scope_issue(
        self, issue_key: str
    ) -> tuple[TrackerIssue, frozenset[ScopeLabel]]:
        payload = await self._call(
            _TOOL_GET_ISSUE, {"id": issue_key, "includeRelations": True}
        )
        wire = self._validate(LinearApprovalIssueWire, payload, _TOOL_GET_ISSUE)
        issue = self._to_issue(wire)
        if issue.issue_key != issue_key:
>           raise ScopeReadError(
                "scope label identity changed",
                ref=ScopeRef(kind=ScopeKind.ISSUE, key=issue_key),
            )
E           kodezart.domain.errors.ScopeReadError: scope label identity changed (scope: issue:00000000-0000-4000-8000-000000000073)

src/kodezart/adapters/linear_mcp_tracker.py:1172: ScopeReadError
_ test_actual_entry_preserves_reported_alias_with_one_subject_read[00000000-0000-4000-8000-000000000073-spec] _

entry = 'spec', requested = '00000000-0000-4000-8000-000000000073'

    @pytest.mark.parametrize("entry", ["approval", "spec"])
    @pytest.mark.parametrize("requested", ["ROOT-1", NATIVE_UUID])
    async def test_actual_entry_preserves_reported_alias_with_one_subject_read(entry, requested):
        server = ApprovalAliasServer(reported_uuid=NATIVE_UUID)
        tracker = tracker_over(server)
        if entry == "approval":
            assert await tracker.execution_approved(issue_key=requested) is True
        else:
>           spec = await tracker.read_fire_spec(issue_key=requested)
                   ^^^^^^^^^^^^^^^^^^^^^^^^^^^^^^^^^^^^^^^^^^^^^^^^^

../kodezart-recovery-session/test_native_approval_aliases.py:40: 
_ _ _ _ _ _ _ _ _ _ _ _ _ _ _ _ _ _ _ _ _ _ _ _ _ _ _ _ _ _ _ _ _ _ _ _ _ _ _ _ 
src/kodezart/adapters/linear_mcp_tracker.py:1891: in read_fire_spec
    subject, approved = await self._read_execution_approval(issue_key=issue_key)
                        ^^^^^^^^^^^^^^^^^^^^^^^^^^^^^^^^^^^^^^^^^^^^^^^^^^^^^^^^
src/kodezart/adapters/linear_mcp_tracker.py:1204: in _read_execution_approval
    subject = await hydrate(issue_key)
              ^^^^^^^^^^^^^^^^^^^^^^^^
src/kodezart/adapters/linear_mcp_tracker.py:1201: in hydrate
    issue, members = await self._read_scope_issue(key)
                     ^^^^^^^^^^^^^^^^^^^^^^^^^^^^^^^^^
_ _ _ _ _ _ _ _ _ _ _ _ _ _ _ _ _ _ _ _ _ _ _ _ _ _ _ _ _ _ _ _ _ _ _ _ _ _ _ _ 

self = <kodezart.adapters.linear_mcp_tracker.LinearMcpTracker object at 0x10cbfc380>
issue_key = '00000000-0000-4000-8000-000000000073'

    async def _read_scope_issue(
        self, issue_key: str
    ) -> tuple[TrackerIssue, frozenset[ScopeLabel]]:
        payload = await self._call(
            _TOOL_GET_ISSUE, {"id": issue_key, "includeRelations": True}
        )
        wire = self._validate(LinearApprovalIssueWire, payload, _TOOL_GET_ISSUE)
        issue = self._to_issue(wire)
        if issue.issue_key != issue_key:
>           raise ScopeReadError(
                "scope label identity changed",
                ref=ScopeRef(kind=ScopeKind.ISSUE, key=issue_key),
            )
E           kodezart.domain.errors.ScopeReadError: scope label identity changed (scope: issue:00000000-0000-4000-8000-000000000073)

src/kodezart/adapters/linear_mcp_tracker.py:1172: ScopeReadError
=========================== short test summary info ============================
FAILED ::test_actual_entry_preserves_reported_alias_with_one_subject_read[00000000-0000-4000-8000-000000000073-approval]
FAILED ::test_actual_entry_preserves_reported_alias_with_one_subject_read[00000000-0000-4000-8000-000000000073-spec]
2 failed, 6 passed in 13.76s
