2026-09-12 14:38:13 [info     ] repo_visibility_resolved       repo_url=https://github.com/owner/repo.git visibility=unknown
2026-09-12 14:38:13 [info     ] scope_base_resolved            base_branch=main base_role=None input_count=0
2026-09-12 14:38:13 [debug    ] output_format_requested        format_type=json_schema
2026-09-12 14:38:13 [info     ] stream_drained                 duration_api_ms=1 duration_ms=1 event_count=1 events={'result': 1} has_structured_output=True is_error=False num_turns=1 rate_limit_rejected=False result_event_observed=True result_tail=None session_id=fake site=branch_name stop_reason=None subtype=result total_cost_usd=None usage=None
2026-09-12 14:38:13 [info     ] outbound_content_gated         categories=[] content_digest=23a116c5a2a543a9ec246e0f2e6a02ffad6700608ccf30ac8590785c69feebf6 failure=None hits=[] surface=publication verdict=clean visibility=unknown writer=branch_name
2026-09-12 14:38:13 [info     ] fire_criteria_read             named=3 owed=['fire/owed-direct', 'fire/owed-direct-2', 'fire/owed-nested'] read_at_version=2026-01-01T00:00:00+00:00 subject=fire/subject
2026-09-12 14:38:13 [info     ] fire_criteria_read             named=3 owed=['fire/owed-direct', 'fire/owed-direct-2', 'fire/owed-nested'] read_at_version=2026-01-01T00:00:00+00:00 subject=fire/subject
2026-09-12 14:38:13 [info     ] fire_criteria_read             named=3 owed=['fire/owed-direct', 'fire/owed-direct-2', 'fire/owed-nested'] read_at_version=2026-01-01T00:00:00+00:00 subject=fire/subject
2026-09-12 14:38:13 [info     ] fire_criteria_read             named=3 owed=['fire/owed-direct', 'fire/owed-direct-2', 'fire/owed-nested'] read_at_version=2026-01-01T00:00:00+00:00 subject=fire/subject
2026-09-12 14:38:13 [debug    ] output_format_requested        format_type=json_schema
2026-09-12 14:38:13 [info     ] stream_drained                 duration_api_ms=1 duration_ms=1 event_count=1 events={'result': 1} has_structured_output=True is_error=False num_turns=1 rate_limit_rejected=False result_event_observed=True result_tail=None session_id=native-session site=ralph_evaluator stop_reason=None subtype=result total_cost_usd=None usage=None
{'boundary': 'after-grade-before-merge', 'merge_calls': [{'method': 'consolidate', 'repo_path': '/tmp/fire', 'repo_url': 'https://github.com/owner/repo.git', 'base_branch': 'main', 'feature_branch': 'kodezart/test-branch-d93f04c0', 'source_branch': 'kodezart/test-branch-d93f04c0-ralph-ef2511b9', 'cache_key': 'adversarial-before-merge', 'status': <ConsolidationStatus.FAST_FORWARDED: 'fast_forwarded'>, 'feature_tip_sha': 'mmmmmmmmmmmmmmmmmmmmmmmmmmmmmmmmmmmmmmmm'}]}
F
=================================== FAILURES ===================================
__________ test_resume_after_grade_must_read_before_merge_side_effect __________

    @pytest.mark.asyncio
    async def test_resume_after_grade_must_read_before_merge_side_effect():
        port, saver = CountingTracker(), InMemorySaver()
        original = engine(criteria=TrackerCriteria(tracker=port),
            executor=NativeExecutor([native_evaluation()]), real_loop=True, checkpointer=saver)
        initial, config = prepare(original, "adversarial-before-merge")
        async for _ in original.native_graph.astream(initial, config=config,
                                                    interrupt_before=["merge_to_feature"]):
            pass
        assert original.native_graph.get_state(config).next == ("merge_to_feature",)
        port.unavailable = True
        fresh = engine(criteria=TrackerCriteria(tracker=port), executor=NativeExecutor([]),
            real_loop=True, checkpointer=saver)
        with pytest.raises(FireSpecEntryError):
            async for _ in fresh.native_graph.astream(None, config=config, stream_mode="custom"):
                pass
        calls = [call for call in fresh.consolidation._merger.calls if call["method"] == "consolidate"]
        print({"boundary":"after-grade-before-merge", "merge_calls": calls})
>       assert not calls, "Merge side effect ran on cached acceptance before resumed tracker outage was checked"
E       AssertionError: Merge side effect ran on cached acceptance before resumed tracker outage was checked
E       assert not [{'base_branch': 'main', 'cache_key': 'adversarial-before-merge', 'feature_branch': 'kodezart/test-branch-d93f04c0', 'feature_tip_sha': 'mmmmmmmmmmmmmmmmmmmmmmmmmmmmmmmmmmmmmmmm', ...}]

../kodezart-recovery-session/test_native_adversarial_review.py:90: AssertionError
=========================== short test summary info ============================
FAILED ../kodezart-recovery-session/test_native_adversarial_review.py::test_resume_after_grade_must_read_before_merge_side_effect
1 failed, 9 deselected in 2.36s
