FFFFF                                                                    [100%]
=================================== FAILURES ===================================
___ test_scheduled_owner_prepares_native_children_and_reentry_is_idempotent ____

tmp_path = PosixPath('/private/var/folders/lv/b1m7q5dj1yd5gn9s9rknw43h0000gq/T/pytest-of-kodezart/pytest-1748/test_scheduled_owner_prepares_0')

    async def test_scheduled_owner_prepares_native_children_and_reentry_is_idempotent(
        tmp_path,
    ):
        config, operation, board, tracker, prompts, ledger = dependencies(tmp_path)
        executor = BoardExecutor(board)
        workspace = RecordingWorkspace()
        queue = FakeJobQueue()
        runtime = await build_dispatch_runtime(
            config=config,
            operation=operation,
            dialled=DialledTracker(
                tracker=tracker,
                caller=board,
                operation=operation,
                ledger=ledger,
            ),
            github_api=None,
            queue=queue,
            registry=queue,
            gate=PassThroughGate(),
            git=FakeGitService(
                remote_branch_shas={repo.trunk: "a" * 40 for repo in operation.repos}
            ),
            cache=FakeRepoCache(),
            prompts=prompts,
            runner=AgentService(
                executor=executor,
                workspace=workspace,
                git_base_url="https://example.invalid",
            ),
            skills=SUPPRESS_ALL_SKILLS,
            recorder=RunRecorder(records={}, sinks={}),
            log=get_logger(__name__),
        )
        grooming = [
            entry
            for entry in runtime.scheduler.passes
            if entry.name == PromptKey.GROOMING_PASS.value
        ]
        assert len(grooming) == 1
        scheduled = grooming[0]
        assert scheduled.interval_seconds == config.grooming_pass_interval_seconds
        assert scheduled.timeout_seconds == config.grooming_pass_timeout_seconds
        assert scheduled.report is not None
>       assert await scheduled.run(FIXTURE_EPOCH) is PassRun.RAN
               ^^^^^^^^^^^^^^^^^^^^^^^^^^^^^^^^^^

../kodezart-recovery-session/organize-scheduler-before-probe.py:116: 
_ _ _ _ _ _ _ _ _ _ _ _ _ _ _ _ _ _ _ _ _ _ _ _ _ _ _ _ _ _ _ _ _ _ _ _ _ _ _ _ 
src/kodezart/services/prompt_pass.py:134: in run_prompt_pass
    async for event in runner.stream_in_workspace(
src/kodezart/services/agent_service.py:103: in stream_in_workspace
    async for event in self._executor.stream(
_ _ _ _ _ _ _ _ _ _ _ _ _ _ _ _ _ _ _ _ _ _ _ _ _ _ _ _ _ _ _ _ _ _ _ _ _ _ _ _ 

self = <tests.chains.test_organize_owner.BoardExecutor object at 0x109bdc200>
kwargs = {'agents': (), 'allowed_tools': [], 'cwd': '/private/var/folders/lv/b1m7q5dj1yd5gn9s9rknw43h0000gq/T/pytest-of-kodezart/pytest-1748/test_scheduled_owner_prepares_0/pass', 'output_format': None, ...}
prompt = '<role>\nYou are the project-management grooming pass for the example-operation delivery operation — you own the corre... an empty pass is a finding, and\na gap in the log is indistinguishable from a pass that never ran.\n</notion_logging>'

    async def stream(self, **kwargs):
        self.calls.append(kwargs)
        prompt = kwargs["prompt"]
>       schema = kwargs["output_format"]["schema"]
                 ^^^^^^^^^^^^^^^^^^^^^^^^^^^^^^^^^
E       TypeError: 'NoneType' object is not subscriptable

tests/chains/test_organize_owner.py:64: TypeError
----------------------------- Captured stdout call -----------------------------
2026-09-12 17:09:07 [info     ] scheduled_passes_not_wired     delivery_probe_present=False operation_config_present=True tracker_present=True
_____ test_partial_owner_configuration_refuses_during_preflight[organize] ______

tmp_path = PosixPath('/private/var/folders/lv/b1m7q5dj1yd5gn9s9rknw43h0000gq/T/pytest-of-kodezart/pytest-1748/test_partial_owner_configurati0')
missing = 'organize'

    @pytest.mark.parametrize(
        "missing",
        ["organize", "organize_scopes", "tracker", "operation"],
    )
    async def test_partial_owner_configuration_refuses_during_preflight(tmp_path, missing):
        config, operation, _board, tracker, prompts, _ledger = dependencies(tmp_path)
        if missing == "organize":
            config = _config(tmp_path)
        elif missing == "organize_scopes":
            operation = OperationConfig.model_validate(
                {**operation.model_dump(), missing: []}
            )
        elif missing == "tracker":
            tracker = None
        else:
            operation = None
>       with pytest.raises(OperationMemberAbsentError, match=missing):
             ^^^^^^^^^^^^^^^^^^^^^^^^^^^^^^^^^^^^^^^^^^^^^^^^^^^^^^^^
E       Failed: DID NOT RAISE <class 'kodezart.types.domain.operation.OperationMemberAbsentError'>

../kodezart-recovery-session/organize-scheduler-before-probe.py:155: Failed
__ test_partial_owner_configuration_refuses_during_preflight[organize_scopes] __

tmp_path = PosixPath('/private/var/folders/lv/b1m7q5dj1yd5gn9s9rknw43h0000gq/T/pytest-of-kodezart/pytest-1748/test_partial_owner_configurati1')
missing = 'organize_scopes'

    @pytest.mark.parametrize(
        "missing",
        ["organize", "organize_scopes", "tracker", "operation"],
    )
    async def test_partial_owner_configuration_refuses_during_preflight(tmp_path, missing):
        config, operation, _board, tracker, prompts, _ledger = dependencies(tmp_path)
        if missing == "organize":
            config = _config(tmp_path)
        elif missing == "organize_scopes":
            operation = OperationConfig.model_validate(
                {**operation.model_dump(), missing: []}
            )
        elif missing == "tracker":
            tracker = None
        else:
            operation = None
>       with pytest.raises(OperationMemberAbsentError, match=missing):
             ^^^^^^^^^^^^^^^^^^^^^^^^^^^^^^^^^^^^^^^^^^^^^^^^^^^^^^^^
E       Failed: DID NOT RAISE <class 'kodezart.types.domain.operation.OperationMemberAbsentError'>

../kodezart-recovery-session/organize-scheduler-before-probe.py:155: Failed
______ test_partial_owner_configuration_refuses_during_preflight[tracker] ______

tmp_path = PosixPath('/private/var/folders/lv/b1m7q5dj1yd5gn9s9rknw43h0000gq/T/pytest-of-kodezart/pytest-1748/test_partial_owner_configurati2')
missing = 'tracker'

    @pytest.mark.parametrize(
        "missing",
        ["organize", "organize_scopes", "tracker", "operation"],
    )
    async def test_partial_owner_configuration_refuses_during_preflight(tmp_path, missing):
        config, operation, _board, tracker, prompts, _ledger = dependencies(tmp_path)
        if missing == "organize":
            config = _config(tmp_path)
        elif missing == "organize_scopes":
            operation = OperationConfig.model_validate(
                {**operation.model_dump(), missing: []}
            )
        elif missing == "tracker":
            tracker = None
        else:
            operation = None
>       with pytest.raises(OperationMemberAbsentError, match=missing):
             ^^^^^^^^^^^^^^^^^^^^^^^^^^^^^^^^^^^^^^^^^^^^^^^^^^^^^^^^
E       Failed: DID NOT RAISE <class 'kodezart.types.domain.operation.OperationMemberAbsentError'>

../kodezart-recovery-session/organize-scheduler-before-probe.py:155: Failed
_____ test_partial_owner_configuration_refuses_during_preflight[operation] _____

tmp_path = PosixPath('/private/var/folders/lv/b1m7q5dj1yd5gn9s9rknw43h0000gq/T/pytest-of-kodezart/pytest-1748/test_partial_owner_configurati3')
missing = 'operation'

    @pytest.mark.parametrize(
        "missing",
        ["organize", "organize_scopes", "tracker", "operation"],
    )
    async def test_partial_owner_configuration_refuses_during_preflight(tmp_path, missing):
        config, operation, _board, tracker, prompts, _ledger = dependencies(tmp_path)
        if missing == "organize":
            config = _config(tmp_path)
        elif missing == "organize_scopes":
            operation = OperationConfig.model_validate(
                {**operation.model_dump(), missing: []}
            )
        elif missing == "tracker":
            tracker = None
        else:
            operation = None
>       with pytest.raises(OperationMemberAbsentError, match=missing):
             ^^^^^^^^^^^^^^^^^^^^^^^^^^^^^^^^^^^^^^^^^^^^^^^^^^^^^^^^
E       Failed: DID NOT RAISE <class 'kodezart.types.domain.operation.OperationMemberAbsentError'>

../kodezart-recovery-session/organize-scheduler-before-probe.py:155: Failed
=========================== short test summary info ============================
FAILED ::test_scheduled_owner_prepares_native_children_and_reentry_is_idempotent
FAILED ::test_partial_owner_configuration_refuses_during_preflight[organize]
FAILED ::test_partial_owner_configuration_refuses_during_preflight[organize_scopes]
FAILED ::test_partial_owner_configuration_refuses_during_preflight[tracker]
FAILED ::test_partial_owner_configuration_refuses_during_preflight[operation]
5 failed, 1 deselected in 5.79s
