................................F..........................              [100%]
=================================== FAILURES ===================================
_ test_milestone_assignment_requires_actual_current_project[new-native-milestone] _

monkeypatch = <_pytest.monkeypatch.MonkeyPatch object at 0x10eadd820>
milestone = 'new-native-milestone'

    @pytest.mark.parametrize("milestone", ["new-native-milestone", "milestone-two", None])
    async def test_milestone_assignment_requires_actual_current_project(monkeypatch, milestone):
        from tests.tracker.test_scope_reads import ScopeMcpServer, PROJECT, ROOT, _milestone
        from tests.tracker.conftest import linear_over_fake_mcp
        server = ScopeMcpServer()
        server.issues["FOREIGN-ROOT"] = FakeMcpIssue(id="FOREIGN-ROOT")
        server.milestones[PROJECT.key].append(_milestone("new-native-milestone"))
        original = server._tool_save_issue
        writes = []
        def save(arguments):
            writes.append(dict(arguments))
            result = original(arguments)
            if "milestone" in arguments:
                server.issues[arguments["id"]].milestone_key = arguments["milestone"]
            return result
        monkeypatch.setattr(server, "_tool_save_issue", save)
        tracker = linear_over_fake_mcp(server)
        snapshot = tuple([graph_snapshot(await tracker.read_issue(issue_key=key)) for key in server.issues])
        async with RunSurfaceLease(tracker=tracker, job_id="writer", surfaces=frozenset({address(ROOT.key)}), lease_seconds=321.5):
            proposal = changes({"kind": "milestone", "milestone_id": milestone})
            if milestone == "new-native-milestone":
>               actual = await tracker.update_issue_graph(issue_key=ROOT.key, expected=snapshot, changes=proposal, holder="writer")
                         ^^^^^^^^^^^^^^^^^^^^^^^^^^^^^^^^^^^^^^^^^^^^^^^^^^^^^^^^^^^^^^^^^^^^^^^^^^^^^^^^^^^^^^^^^^^^^^^^^^^^^^^^^^

tests/tracker/test_organize_graph_writes.py:335: 
_ _ _ _ _ _ _ _ _ _ _ _ _ _ _ _ _ _ _ _ _ _ _ _ _ _ _ _ _ _ _ _ _ _ _ _ _ _ _ _ 
src/kodezart/adapters/linear_mcp_tracker.py:1453: in update_issue_graph
    await self._require_surface_holder(
_ _ _ _ _ _ _ _ _ _ _ _ _ _ _ _ _ _ _ _ _ _ _ _ _ _ _ _ _ _ _ _ _ _ _ _ _ _ _ _ 

self = <kodezart.adapters.linear_mcp_tracker.LinearMcpTracker object at 0x10eadfe30>

    async def _require_surface_holder(
        self, *, surface: WritableSurface, holder: str | None
    ) -> None:
        """Refuse a write whose caller does not own the addressed live marker.
    
        This reads the same ordered markers as acquisition and renewal.
        It checks authority immediately before issuing the write; the
        backend provides no conditional write that could fence a request
        still in flight when its lease expires.
        """
        target = _LEASE_ADDRESSING.target(surface)
        encoded = _LEASE_ADDRESSING.encode(surface)
        markers = await self._markers_on(_GrantKind.LEASE, targets=(target,))
        now = self._clock()
        live = [
            entry
            for entry in markers
            if not entry.retracted
            and entry.in_force
            and entry.deadline > now
            and encoded in entry.addresses
        ]
        owner: str | None = None
        if live:
            earliest = min(live, key=lambda entry: entry.order)
            tying = {
                entry.holder
                for entry in live
                if entry.created_at == earliest.created_at
            }
            if earliest.state is _GrantState.HELD and len(tying) == 1:
                owner = earliest.holder
        if holder is None or owner != holder:
>           raise SurfaceLeaseError(
                "the writing job does not hold this live surface",
                surface=surface,
                current_holder=owner,
            )
E           kodezart.domain.errors.SurfaceLeaseError: the writing job does not hold this live surface (surface: issue_graph:issue:FIX-1; current holder: none)

src/kodezart/adapters/linear_mcp_tracker.py:2212: SurfaceLeaseError
=========================== short test summary info ============================
FAILED tests/tracker/test_organize_graph_writes.py::test_milestone_assignment_requires_actual_current_project[new-native-milestone]
1 failed, 58 passed in 8.26s
