................................F.........                               [100%]
=================================== FAILURES ===================================
_ test_milestone_assignment_requires_actual_current_project[new-native-milestone] _

monkeypatch = <_pytest.monkeypatch.MonkeyPatch object at 0x10d10d730>
milestone = 'new-native-milestone'

    @pytest.mark.parametrize("milestone", ["new-native-milestone", "milestone-two", None])
    async def test_milestone_assignment_requires_actual_current_project(monkeypatch, milestone):
        from tests.tracker.test_scope_reads import ScopeMcpServer, PROJECT, ROOT, _milestone
        from tests.tracker.conftest import linear_over_fake_mcp
        server = ScopeMcpServer()
        server.milestones[PROJECT.key].append(_milestone("new-native-milestone"))
        original = server._tool_save_issue
        writes = []
        def save(arguments):
            writes.append(dict(arguments))
            result = original(arguments)
            if "milestone" in arguments:
                server.issues[arguments["id"]].milestone_key = arguments["milestone"]
            return result
        monkeypatch.setattr(server, "_tool_save_issue", save)
        tracker = linear_over_fake_mcp(server)
        snapshot = tuple([graph_snapshot(await tracker.read_issue(issue_key=key)) for key in server.issues])
        async with RunSurfaceLease(tracker=tracker, job_id="writer", surfaces=frozenset({address(ROOT.key)}), lease_seconds=321.5):
            proposal = changes({"kind": "milestone", "milestone_id": milestone})
            if milestone == "new-native-milestone":
>               actual = await tracker.update_issue_graph(issue_key=ROOT.key, expected=snapshot, changes=proposal, holder="writer")
                         ^^^^^^^^^^^^^^^^^^^^^^^^^^^^^^^^^^^^^^^^^^^^^^^^^^^^^^^^^^^^^^^^^^^^^^^^^^^^^^^^^^^^^^^^^^^^^^^^^^^^^^^^^^

tests/tracker/test_organize_graph_writes.py:334: 
_ _ _ _ _ _ _ _ _ _ _ _ _ _ _ _ _ _ _ _ _ _ _ _ _ _ _ _ _ _ _ _ _ _ _ _ _ _ _ _ 
src/kodezart/adapters/linear_mcp_tracker.py:1403: in update_issue_graph
    candidate, peers = validate_graph_change(
_ _ _ _ _ _ _ _ _ _ _ _ _ _ _ _ _ _ _ _ _ _ _ _ _ _ _ _ _ _ _ _ _ _ _ _ _ _ _ _ 

    def validate_graph_change(
        *,
        issue_key: str,
        changes: tuple[GraphChange, ...],
        issues: Sequence[TrackerIssue],
        member_keys: frozenset[str],
    ) -> tuple[TrackerIssue, frozenset[str]]:
        """Refuse absent identities, unowned peers and cycles before a native write."""
        by_key = {issue.issue_key: issue for issue in issues}
    
        def refuse(reason: str) -> OrganizeWriteRefusalError:
            return OrganizeWriteRefusalError(issue_key=issue_key, reason=reason)
    
        if len(by_key) != len(issues) or issue_key not in by_key:
            raise refuse("graph snapshot has duplicate or missing native identities")
        if not changes or len({change.kind for change in changes}) != len(changes):
            raise refuse("graph changes must name distinct fields")
        source = by_key[issue_key]
        peers = graph_peers(source, changes)
        if not peers <= member_keys or not peers <= by_key.keys():
            raise refuse("an affected graph peer is outside the current admitted scope")
        candidate = changed_issue(source, changes)
        for change in changes:
            if isinstance(change, (BlockedByChange, RelatedToChange)) and issue_key in (
                *change.add,
                *change.remove,
            ):
                raise refuse("an issue cannot relate to itself")
        by_key[issue_key] = candidate
        for node in by_key.values():
            seen = {node.issue_key}
            parent = node.parent_key
            while parent is not None:
                if parent in seen:
                    raise refuse("proposed parentage creates a cycle")
                if parent not in by_key:
>                   raise refuse("parent ancestry is absent from the graph snapshot")
E                   kodezart.domain.errors.OrganizeWriteRefusalError: organize write for 'FIX-1' refused: parent ancestry is absent from the graph snapshot

src/kodezart/domain/organize_graph.py:117: OrganizeWriteRefusalError
=========================== short test summary info ============================
FAILED tests/tracker/test_organize_graph_writes.py::test_milestone_assignment_requires_actual_current_project[new-native-milestone]
1 failed, 41 passed in 1.63s
