.............F                                                           [100%]
=================================== FAILURES ===================================
___ test_recurring_full_scope_findings_exhaust_the_actual_convergence_bound ____

monkeypatch = <_pytest.monkeypatch.MonkeyPatch object at 0x10b1651f0>

    async def test_recurring_full_scope_findings_exhaust_the_actual_convergence_bound(monkeypatch):
        owner, board, executor = factory()
        original = executor.stream
    
        async def recurring(**kwargs):
            async for event in original(**kwargs):
                if kwargs["output_format"]["schema"].get("title") == "AdmissionJudgment" and "Adversarially verify the current issue" in kwargs["prompt"]:
                    event = result(structured_output={**event.structured_output, "findings": [{"issue_id": CLAIMED_ISSUE, "defect_class": "source_version_unspecified", "evidence": "The full-scope source version remains unspecified.", "role": "instance"}]})
                yield event
    
        monkeypatch.setattr(executor, "stream", recurring)
        report = await run_owner(owner)
>       assert report.halt.cause == "convergence_exhausted"
E       AssertionError: assert <StageHaltCau...on_exhausted'> == 'convergence_exhausted'
E         
E         - convergence_exhausted
E         + admission_exhausted

tests/chains/test_organize_owner.py:490: AssertionError
----------------------------- Captured stdout call -----------------------------
2026-09-12 16:19:49 [info     ] organize_admission_attempt     base_ref=aaaaaaaaaaaaaaaaaaaaaaaaaaaaaaaaaaaaaaaa issue_key=FIX-1 prompt_key=organize_assess resumed_session_id=None session_id=None
2026-09-12 16:19:49 [info     ] stream_drained                 duration_api_ms=1 duration_ms=1 event_count=1 events={'result': 1} has_structured_output=True is_error=False num_turns=1 rate_limit_rejected=False result_event_observed=True result_tail='Author rationale must never be forwarded.' session_id=previous-agent-session site=organize_assess stop_reason=None subtype=result total_cost_usd=None usage=None
2026-09-12 16:19:49 [info     ] stream_drained                 duration_api_ms=1 duration_ms=1 event_count=1 events={'result': 1} has_structured_output=True is_error=False num_turns=1 rate_limit_rejected=False result_event_observed=True result_tail='Author rationale must never be forwarded.' session_id=previous-agent-session site=organize_author stop_reason=None subtype=result total_cost_usd=None usage=None
2026-09-12 16:19:49 [info     ] outbound_content_gated         categories=[] content_digest=f89d1825e4481064a8b5a1ea1946290f442ebe4ad9e7445547d1046d6df1fd1c failure=None hits=[] surface=tracker verdict=clean visibility=private writer=tracker_description
2026-09-12 16:19:49 [info     ] stream_drained                 duration_api_ms=1 duration_ms=1 event_count=1 events={'result': 1} has_structured_output=True is_error=False num_turns=1 rate_limit_rejected=False result_event_observed=True result_tail='Author rationale must never be forwarded.' session_id=previous-agent-session site=write_back_verify stop_reason=None subtype=result total_cost_usd=None usage=None
2026-09-12 16:19:49 [info     ] organize_admission_attempt     base_ref=aaaaaaaaaaaaaaaaaaaaaaaaaaaaaaaaaaaaaaaa issue_key=FIX-1 prompt_key=organize_verify resumed_session_id=None session_id=None
2026-09-12 16:19:49 [info     ] stream_drained                 duration_api_ms=1 duration_ms=1 event_count=1 events={'result': 1} has_structured_output=True is_error=False num_turns=1 rate_limit_rejected=False result_event_observed=True result_tail='Author rationale must never be forwarded.' session_id=previous-agent-session site=organize_verify stop_reason=None subtype=result total_cost_usd=None usage=None
2026-09-12 16:19:49 [info     ] stream_drained                 duration_api_ms=1 duration_ms=1 event_count=1 events={'result': 1} has_structured_output=True is_error=False num_turns=1 rate_limit_rejected=False result_event_observed=True result_tail='Author rationale must never be forwarded.' session_id=previous-agent-session site=organize_author stop_reason=None subtype=result total_cost_usd=None usage=None
2026-09-12 16:19:49 [info     ] outbound_content_gated         categories=[] content_digest=f89d1825e4481064a8b5a1ea1946290f442ebe4ad9e7445547d1046d6df1fd1c failure=None hits=[] surface=tracker verdict=clean visibility=private writer=tracker_description
2026-09-12 16:19:49 [info     ] stream_drained                 duration_api_ms=1 duration_ms=1 event_count=1 events={'result': 1} has_structured_output=True is_error=False num_turns=1 rate_limit_rejected=False result_event_observed=True result_tail='Author rationale must never be forwarded.' session_id=previous-agent-session site=write_back_verify stop_reason=None subtype=result total_cost_usd=None usage=None
2026-09-12 16:19:49 [info     ] organize_admission_attempt     base_ref=aaaaaaaaaaaaaaaaaaaaaaaaaaaaaaaaaaaaaaaa issue_key=FIX-1 prompt_key=organize_verify resumed_session_id=None session_id=None
2026-09-12 16:19:49 [info     ] stream_drained                 duration_api_ms=1 duration_ms=1 event_count=1 events={'result': 1} has_structured_output=True is_error=False num_turns=1 rate_limit_rejected=False result_event_observed=True result_tail='Author rationale must never be forwarded.' session_id=previous-agent-session site=organize_verify stop_reason=None subtype=result total_cost_usd=None usage=None
2026-09-12 16:19:49 [info     ] outbound_content_gated         categories=[] content_digest=dbca7ee3e50630bd31d2409470523dfce366eeac1d179b402ac6e85c5fc38ced failure=None hits=[] surface=tracker verdict=clean visibility=private writer=tracker_comment
2026-09-12 16:19:49 [info     ] stream_drained                 duration_api_ms=1 duration_ms=1 event_count=1 events={'result': 1} has_structured_output=True is_error=False num_turns=1 rate_limit_rejected=False result_event_observed=True result_tail='Author rationale must never be forwarded.' session_id=previous-agent-session site=write_back_verify stop_reason=None subtype=result total_cost_usd=None usage=None
2026-09-12 16:19:49 [info     ] stream_drained                 duration_api_ms=1 duration_ms=1 event_count=1 events={'result': 1} has_structured_output=True is_error=False num_turns=1 rate_limit_rejected=False result_event_observed=True result_tail='Author rationale must never be forwarded.' session_id=previous-agent-session site=write_back_verify stop_reason=None subtype=result total_cost_usd=None usage=None
=========================== short test summary info ============================
FAILED tests/chains/test_organize_owner.py::test_recurring_full_scope_findings_exhaust_the_actual_convergence_bound
1 failed, 13 passed in 1.40s
