...................F.                                                    [100%]
=================================== FAILURES ===================================
_ test_configured_split_prepares_children_without_execution_and_replays_cleanly _

monkeypatch = <_pytest.monkeypatch.MonkeyPatch object at 0x10b03cbc0>

    async def test_configured_split_prepares_children_without_execution_and_replays_cleanly(monkeypatch):
        owner, board, executor = factory(convergence_bound=4, bound=3)
        original = executor.stream
    
        async def stream(**kwargs):
            key = re.findall(r"<issue_key>(.*?)</issue_key>", kwargs["prompt"])
            if key and key[-1] == CLAIMED_ISSUE and not any(issue.title == "Prepared split" for issue in board.server.issues.values()):
                schema = kwargs["output_format"]["schema"]
                if schema.get("title") == "OrganizeProposal":
                    payload = {"kind": "split", "issue_id": CLAIMED_ISSUE, "children": [{"deliverable_key": "stable-deliverable", "title": "Prepared split", "body": "Prepared source-grounded child specification."}]}
                else:
                    payload = {"issue_id": CLAIMED_ISSUE, "verdict": "not_buildable", "refusal_kind": "spec_gap", "evidence": "The settled mandate calls for an independent child deliverable.", "invented_decision": "Prepare the specified split."}
                executor.calls.append(kwargs)
                yield result(structured_output=payload)
                return
            async for event in original(**kwargs):
                yield event
    
        monkeypatch.setattr(executor, "stream", stream)
        report = await run_owner(owner)
        assert report.halt is None
        children = [issue for issue in board.server.issues.values() if issue.title == "Prepared split"]
        assert len(children) == 1
        assert children[0].parent_id == CLAIMED_ISSUE
        assert children[0].status_type == "unstarted"
        assert "stable-deliverable" in children[0].description
        writes = [call for call in board.calls if call[0] in {"save_issue", "save_comment"}]
        await run_owner(owner)
>       assert [call for call in board.calls if call[0] in {"save_issue", "save_comment"}] == writes
E       AssertionError: assert [('save_comme...-0003'}), ...] == [('save_comme...-0003'}), ...]
E         
E         Left contains 16 more items, first extra item: ('save_comment', {'body': '```kodezart-claim\nkind: lease\nholder: actual-organize-job\nnonce: ddfefb3cfa9449c8bd8f1c9...se: 900.0\nexpires-at: 2026-03-01T12:15:00+00:00\nsurfaces:\n- issue_label_set|issue|NEW-2|\n```', 'issueId': 'NEW-2'})
E         Use -v to get more diff

tests/chains/test_organize_graph_owner.py:89: AssertionError
----------------------------- Captured stdout call -----------------------------
2026-09-12 18:24:55 [info     ] organize_admission_attempt     base_ref=aaaaaaaaaaaaaaaaaaaaaaaaaaaaaaaaaaaaaaaa issue_key=FIX-1 prompt_key=organize_assess resumed_session_id=None session_id=None
2026-09-12 18:24:55 [info     ] stream_drained                 duration_api_ms=1 duration_ms=1 event_count=1 events={'result': 1} has_structured_output=True is_error=False num_turns=1 rate_limit_rejected=False result_event_observed=True result_tail='Author rationale must never be forwarded.' session_id=previous-agent-session site=organize_assess stop_reason=None subtype=result total_cost_usd=None usage=None
2026-09-12 18:24:55 [info     ] stream_drained                 duration_api_ms=1 duration_ms=1 event_count=1 events={'result': 1} has_structured_output=True is_error=False num_turns=1 rate_limit_rejected=False result_event_observed=True result_tail='Author rationale must never be forwarded.' session_id=previous-agent-session site=organize_author stop_reason=None subtype=result total_cost_usd=None usage=None
2026-09-12 18:24:55 [info     ] outbound_content_gated         categories=[] content_digest=1a6ba22bee73fc6394167dacb67dc4e3a0b6255a5a5858e5a0a2f041adf41d6f failure=None hits=[] surface=tracker verdict=clean visibility=private writer=tracker_title
2026-09-12 18:24:55 [info     ] outbound_content_gated         categories=[] content_digest=c40e7fd2c1bf73eb56769eb21453235300c8fe4fd32962068075bd096f96ac20 failure=None hits=[] surface=tracker verdict=clean visibility=private writer=tracker_description
2026-09-12 18:24:55 [info     ] stream_drained                 duration_api_ms=1 duration_ms=1 event_count=1 events={'result': 1} has_structured_output=True is_error=False num_turns=1 rate_limit_rejected=False result_event_observed=True result_tail='Author rationale must never be forwarded.' session_id=previous-agent-session site=write_back_verify stop_reason=None subtype=result total_cost_usd=None usage=None
2026-09-12 18:24:55 [info     ] organize_admission_attempt     base_ref=aaaaaaaaaaaaaaaaaaaaaaaaaaaaaaaaaaaaaaaa issue_key=FIX-1 prompt_key=organize_verify resumed_session_id=None session_id=None
2026-09-12 18:24:55 [info     ] stream_drained                 duration_api_ms=1 duration_ms=1 event_count=1 events={'result': 1} has_structured_output=True is_error=False num_turns=1 rate_limit_rejected=False result_event_observed=True result_tail='Author rationale must never be forwarded.' session_id=previous-agent-session site=organize_verify stop_reason=None subtype=result total_cost_usd=None usage=None
2026-09-12 18:24:55 [info     ] stream_drained                 duration_api_ms=1 duration_ms=1 event_count=1 events={'result': 1} has_structured_output=True is_error=False num_turns=1 rate_limit_rejected=False result_event_observed=True result_tail='Author rationale must never be forwarded.' session_id=previous-agent-session site=organize_author stop_reason=None subtype=result total_cost_usd=None usage=None
2026-09-12 18:24:55 [info     ] outbound_content_gated         categories=[] content_digest=f89d1825e4481064a8b5a1ea1946290f442ebe4ad9e7445547d1046d6df1fd1c failure=None hits=[] surface=tracker verdict=clean visibility=private writer=tracker_description
2026-09-12 18:24:55 [info     ] stream_drained                 duration_api_ms=1 duration_ms=1 event_count=1 events={'result': 1} has_structured_output=True is_error=False num_turns=1 rate_limit_rejected=False result_event_observed=True result_tail='Author rationale must never be forwarded.' session_id=previous-agent-session site=write_back_verify stop_reason=None subtype=result total_cost_usd=None usage=None
2026-09-12 18:24:55 [info     ] organize_admission_attempt     base_ref=aaaaaaaaaaaaaaaaaaaaaaaaaaaaaaaaaaaaaaaa issue_key=FIX-1 prompt_key=organize_verify resumed_session_id=None session_id=None
2026-09-12 18:24:55 [info     ] stream_drained                 duration_api_ms=1 duration_ms=1 event_count=1 events={'result': 1} has_structured_output=True is_error=False num_turns=1 rate_limit_rejected=False result_event_observed=True result_tail='Author rationale must never be forwarded.' session_id=previous-agent-session site=organize_verify stop_reason=None subtype=result total_cost_usd=None usage=None
2026-09-12 18:24:55 [info     ] organize_admission_attempt     base_ref=aaaaaaaaaaaaaaaaaaaaaaaaaaaaaaaaaaaaaaaa issue_key=FIX-1 prompt_key=organize_verify resumed_session_id=None session_id=None
2026-09-12 18:24:55 [info     ] stream_drained                 duration_api_ms=1 duration_ms=1 event_count=1 events={'result': 1} has_structured_output=True is_error=False num_turns=1 rate_limit_rejected=False result_event_observed=True result_tail='Author rationale must never be forwarded.' session_id=previous-agent-session site=organize_verify stop_reason=None subtype=result total_cost_usd=None usage=None
2026-09-12 18:24:55 [info     ] organize_admission_attempt     base_ref=aaaaaaaaaaaaaaaaaaaaaaaaaaaaaaaaaaaaaaaa issue_key=NEW-2 prompt_key=organize_verify resumed_session_id=None session_id=None
2026-09-12 18:24:55 [info     ] stream_drained                 duration_api_ms=1 duration_ms=1 event_count=1 events={'result': 1} has_structured_output=True is_error=False num_turns=1 rate_limit_rejected=False result_event_observed=True result_tail='Author rationale must never be forwarded.' session_id=previous-agent-session site=organize_verify stop_reason=None subtype=result total_cost_usd=None usage=None
2026-09-12 18:24:55 [info     ] stream_drained                 duration_api_ms=1 duration_ms=1 event_count=1 events={'result': 1} has_structured_output=True is_error=False num_turns=1 rate_limit_rejected=False result_event_observed=True result_tail='Author rationale must never be forwarded.' session_id=previous-agent-session site=write_back_verify stop_reason=None subtype=result total_cost_usd=None usage=None
2026-09-12 18:24:55 [info     ] organize_admission_attempt     base_ref=aaaaaaaaaaaaaaaaaaaaaaaaaaaaaaaaaaaaaaaa issue_key=FIX-1 prompt_key=organize_assess resumed_session_id=None session_id=None
2026-09-12 18:24:55 [info     ] stream_drained                 duration_api_ms=1 duration_ms=1 event_count=1 events={'result': 1} has_structured_output=True is_error=False num_turns=1 rate_limit_rejected=False result_event_observed=True result_tail='Author rationale must never be forwarded.' session_id=previous-agent-session site=organize_assess stop_reason=None subtype=result total_cost_usd=None usage=None
2026-09-12 18:24:55 [info     ] organize_admission_attempt     base_ref=aaaaaaaaaaaaaaaaaaaaaaaaaaaaaaaaaaaaaaaa issue_key=FIX-1 prompt_key=organize_verify resumed_session_id=None session_id=None
2026-09-12 18:24:55 [info     ] stream_drained                 duration_api_ms=1 duration_ms=1 event_count=1 events={'result': 1} has_structured_output=True is_error=False num_turns=1 rate_limit_rejected=False result_event_observed=True result_tail='Author rationale must never be forwarded.' session_id=previous-agent-session site=organize_verify stop_reason=None subtype=result total_cost_usd=None usage=None
2026-09-12 18:24:55 [info     ] organize_admission_attempt     base_ref=aaaaaaaaaaaaaaaaaaaaaaaaaaaaaaaaaaaaaaaa issue_key=NEW-2 prompt_key=organize_verify resumed_session_id=None session_id=None
2026-09-12 18:24:55 [info     ] stream_drained                 duration_api_ms=1 duration_ms=1 event_count=1 events={'result': 1} has_structured_output=True is_error=False num_turns=1 rate_limit_rejected=False result_event_observed=True result_tail='Author rationale must never be forwarded.' session_id=previous-agent-session site=organize_verify stop_reason=None subtype=result total_cost_usd=None usage=None
2026-09-12 18:24:55 [info     ] stream_drained                 duration_api_ms=1 duration_ms=1 event_count=1 events={'result': 1} has_structured_output=True is_error=False num_turns=1 rate_limit_rejected=False result_event_observed=True result_tail='Author rationale must never be forwarded.' session_id=previous-agent-session site=write_back_verify stop_reason=None subtype=result total_cost_usd=None usage=None
2026-09-12 18:24:55 [info     ] organize_admission_attempt     base_ref=aaaaaaaaaaaaaaaaaaaaaaaaaaaaaaaaaaaaaaaa issue_key=FIX-1 prompt_key=organize_assess resumed_session_id=None session_id=None
2026-09-12 18:24:55 [info     ] stream_drained                 duration_api_ms=1 duration_ms=1 event_count=1 events={'result': 1} has_structured_output=True is_error=False num_turns=1 rate_limit_rejected=False result_event_observed=True result_tail='Author rationale must never be forwarded.' session_id=previous-agent-session site=organize_assess stop_reason=None subtype=result total_cost_usd=None usage=None
2026-09-12 18:24:55 [info     ] stream_drained                 duration_api_ms=1 duration_ms=1 event_count=1 events={'result': 1} has_structured_output=True is_error=False num_turns=1 rate_limit_rejected=False result_event_observed=True result_tail='Author rationale must never be forwarded.' session_id=previous-agent-session site=organize_criteria_author stop_reason=None subtype=result total_cost_usd=None usage=None
2026-09-12 18:24:55 [info     ] outbound_content_gated         categories=[] content_digest=444ea9545cc64bfb5c76d9ebd806e35d1175eabac77e2447a23aba20ee5dd4bb failure=None hits=[] surface=tracker verdict=clean visibility=private writer=tracker_description
2026-09-12 18:24:55 [info     ] outbound_content_gated         categories=[] content_digest=6cccd0622ce623addb5e69d3e39e752fb7fb3714d72d017e33d3aa0e13331ff2 failure=None hits=[] surface=tracker verdict=clean visibility=private writer=tracker_title
2026-09-12 18:24:55 [info     ] stream_drained                 duration_api_ms=1 duration_ms=1 event_count=1 events={'result': 1} has_structured_output=True is_error=False num_turns=1 rate_limit_rejected=False result_event_observed=True result_tail='Author rationale must never be forwarded.' session_id=previous-agent-session site=write_back_verify stop_reason=None subtype=result total_cost_usd=None usage=None
2026-09-12 18:24:55 [info     ] organize_admission_attempt     base_ref=aaaaaaaaaaaaaaaaaaaaaaaaaaaaaaaaaaaaaaaa issue_key=FIX-1 prompt_key=organize_verify resumed_session_id=None session_id=None
2026-09-12 18:24:55 [info     ] stream_drained                 duration_api_ms=1 duration_ms=1 event_count=1 events={'result': 1} has_structured_output=True is_error=False num_turns=1 rate_limit_rejected=False result_event_observed=True result_tail='Author rationale must never be forwarded.' session_id=previous-agent-session site=organize_verify stop_reason=None subtype=result total_cost_usd=None usage=None
2026-09-12 18:24:55 [info     ] organize_admission_attempt     base_ref=aaaaaaaaaaaaaaaaaaaaaaaaaaaaaaaaaaaaaaaa issue_key=FIX-1 prompt_key=organize_verify resumed_session_id=None session_id=None
2026-09-12 18:24:55 [info     ] stream_drained                 duration_api_ms=1 duration_ms=1 event_count=1 events={'result': 1} has_structured_output=True is_error=False num_turns=1 rate_limit_rejected=False result_event_observed=True result_tail='Author rationale must never be forwarded.' session_id=previous-agent-session site=organize_verify stop_reason=None subtype=result total_cost_usd=None usage=None
2026-09-12 18:24:55 [info     ] organize_admission_attempt     base_ref=aaaaaaaaaaaaaaaaaaaaaaaaaaaaaaaaaaaaaaaa issue_key=NEW-2 prompt_key=organize_verify resumed_session_id=None session_id=None
2026-09-12 18:24:55 [info     ] stream_drained                 duration_api_ms=1 duration_ms=1 event_count=1 events={'result': 1} has_structured_output=True is_error=False num_turns=1 rate_limit_rejected=False result_event_observed=True result_tail='Author rationale must never be forwarded.' session_id=previous-agent-session site=organize_verify stop_reason=None subtype=result total_cost_usd=None usage=None
2026-09-12 18:24:55 [info     ] organize_admission_attempt     base_ref=aaaaaaaaaaaaaaaaaaaaaaaaaaaaaaaaaaaaaaaa issue_key=NEW-7 prompt_key=organize_verify resumed_session_id=None session_id=None
2026-09-12 18:24:55 [info     ] stream_drained                 duration_api_ms=1 duration_ms=1 event_count=1 events={'result': 1} has_structured_output=True is_error=False num_turns=1 rate_limit_rejected=False result_event_observed=True result_tail='Author rationale must never be forwarded.' session_id=previous-agent-session site=organize_verify stop_reason=None subtype=result total_cost_usd=None usage=None
2026-09-12 18:24:55 [info     ] stream_drained                 duration_api_ms=1 duration_ms=1 event_count=1 events={'result': 1} has_structured_output=True is_error=False num_turns=1 rate_limit_rejected=False result_event_observed=True result_tail='Author rationale must never be forwarded.' session_id=previous-agent-session site=write_back_verify stop_reason=None subtype=result total_cost_usd=None usage=None
2026-09-12 18:24:55 [info     ] organize_admission_attempt     base_ref=aaaaaaaaaaaaaaaaaaaaaaaaaaaaaaaaaaaaaaaa issue_key=FIX-1 prompt_key=organize_assess resumed_session_id=None session_id=None
2026-09-12 18:24:55 [info     ] stream_drained                 duration_api_ms=1 duration_ms=1 event_count=1 events={'result': 1} has_structured_output=True is_error=False num_turns=1 rate_limit_rejected=False result_event_observed=True result_tail='Author rationale must never be forwarded.' session_id=previous-agent-session site=organize_assess stop_reason=None subtype=result total_cost_usd=None usage=None
2026-09-12 18:24:55 [info     ] organize_admission_attempt     base_ref=aaaaaaaaaaaaaaaaaaaaaaaaaaaaaaaaaaaaaaaa issue_key=NEW-2 prompt_key=organize_assess resumed_session_id=None session_id=None
2026-09-12 18:24:55 [info     ] stream_drained                 duration_api_ms=1 duration_ms=1 event_count=1 events={'result': 1} has_structured_output=True is_error=False num_turns=1 rate_limit_rejected=False result_event_observed=True result_tail='Author rationale must never be forwarded.' session_id=previous-agent-session site=organize_assess stop_reason=None subtype=result total_cost_usd=None usage=None
2026-09-12 18:24:55 [info     ] organize_admission_attempt     base_ref=aaaaaaaaaaaaaaaaaaaaaaaaaaaaaaaaaaaaaaaa issue_key=FIX-1 prompt_key=organize_verify resumed_session_id=None session_id=None
2026-09-12 18:24:55 [info     ] stream_drained                 duration_api_ms=1 duration_ms=1 event_count=1 events={'result': 1} has_structured_output=True is_error=False num_turns=1 rate_limit_rejected=False result_event_observed=True result_tail='Author rationale must never be forwarded.' session_id=previous-agent-session site=organize_verify stop_reason=None subtype=result total_cost_usd=None usage=None
2026-09-12 18:24:55 [info     ] organize_admission_attempt     base_ref=aaaaaaaaaaaaaaaaaaaaaaaaaaaaaaaaaaaaaaaa issue_key=NEW-2 prompt_key=organize_verify resumed_session_id=None session_id=None
2026-09-12 18:24:55 [info     ] stream_drained                 duration_api_ms=1 duration_ms=1 event_count=1 events={'result': 1} has_structured_output=True is_error=False num_turns=1 rate_limit_rejected=False result_event_observed=True result_tail='Author rationale must never be forwarded.' session_id=previous-agent-session site=organize_verify stop_reason=None subtype=result total_cost_usd=None usage=None
2026-09-12 18:24:55 [info     ] organize_admission_attempt     base_ref=aaaaaaaaaaaaaaaaaaaaaaaaaaaaaaaaaaaaaaaa issue_key=NEW-7 prompt_key=organize_verify resumed_session_id=None session_id=None
2026-09-12 18:24:55 [info     ] stream_drained                 duration_api_ms=1 duration_ms=1 event_count=1 events={'result': 1} has_structured_output=True is_error=False num_turns=1 rate_limit_rejected=False result_event_observed=True result_tail='Author rationale must never be forwarded.' session_id=previous-agent-session site=organize_verify stop_reason=None subtype=result total_cost_usd=None usage=None
2026-09-12 18:24:55 [info     ] stream_drained                 duration_api_ms=1 duration_ms=1 event_count=1 events={'result': 1} has_structured_output=True is_error=False num_turns=1 rate_limit_rejected=False result_event_observed=True result_tail='Author rationale must never be forwarded.' session_id=previous-agent-session site=write_back_verify stop_reason=None subtype=result total_cost_usd=None usage=None
2026-09-12 18:24:55 [info     ] organize_admission_attempt     base_ref=aaaaaaaaaaaaaaaaaaaaaaaaaaaaaaaaaaaaaaaa issue_key=FIX-1 prompt_key=organize_assess resumed_session_id=None session_id=None
2026-09-12 18:24:55 [info     ] stream_drained                 duration_api_ms=1 duration_ms=1 event_count=1 events={'result': 1} has_structured_output=True is_error=False num_turns=1 rate_limit_rejected=False result_event_observed=True result_tail='Author rationale must never be forwarded.' session_id=previous-agent-session site=organize_assess stop_reason=None subtype=result total_cost_usd=None usage=None
2026-09-12 18:24:55 [info     ] organize_admission_attempt     base_ref=aaaaaaaaaaaaaaaaaaaaaaaaaaaaaaaaaaaaaaaa issue_key=NEW-2 prompt_key=organize_assess resumed_session_id=None session_id=None
2026-09-12 18:24:55 [info     ] stream_drained                 duration_api_ms=1 duration_ms=1 event_count=1 events={'result': 1} has_structured_output=True is_error=False num_turns=1 rate_limit_rejected=False result_event_observed=True result_tail='Author rationale must never be forwarded.' session_id=previous-agent-session site=organize_assess stop_reason=None subtype=result total_cost_usd=None usage=None
2026-09-12 18:24:55 [info     ] organize_admission_attempt     base_ref=aaaaaaaaaaaaaaaaaaaaaaaaaaaaaaaaaaaaaaaa issue_key=FIX-1 prompt_key=organize_verify resumed_session_id=None session_id=None
2026-09-12 18:24:55 [info     ] stream_drained                 duration_api_ms=1 duration_ms=1 event_count=1 events={'result': 1} has_structured_output=True is_error=False num_turns=1 rate_limit_rejected=False result_event_observed=True result_tail='Author rationale must never be forwarded.' session_id=previous-agent-session site=organize_verify stop_reason=None subtype=result total_cost_usd=None usage=None
2026-09-12 18:24:55 [info     ] organize_admission_attempt     base_ref=aaaaaaaaaaaaaaaaaaaaaaaaaaaaaaaaaaaaaaaa issue_key=NEW-2 prompt_key=organize_verify resumed_session_id=None session_id=None
2026-09-12 18:24:55 [info     ] stream_drained                 duration_api_ms=1 duration_ms=1 event_count=1 events={'result': 1} has_structured_output=True is_error=False num_turns=1 rate_limit_rejected=False result_event_observed=True result_tail='Author rationale must never be forwarded.' session_id=previous-agent-session site=organize_verify stop_reason=None subtype=result total_cost_usd=None usage=None
2026-09-12 18:24:55 [info     ] organize_admission_attempt     base_ref=aaaaaaaaaaaaaaaaaaaaaaaaaaaaaaaaaaaaaaaa issue_key=NEW-7 prompt_key=organize_verify resumed_session_id=None session_id=None
2026-09-12 18:24:55 [info     ] stream_drained                 duration_api_ms=1 duration_ms=1 event_count=1 events={'result': 1} has_structured_output=True is_error=False num_turns=1 rate_limit_rejected=False result_event_observed=True result_tail='Author rationale must never be forwarded.' session_id=previous-agent-session site=organize_verify stop_reason=None subtype=result total_cost_usd=None usage=None
2026-09-12 18:24:55 [info     ] stream_drained                 duration_api_ms=1 duration_ms=1 event_count=1 events={'result': 1} has_structured_output=True is_error=False num_turns=1 rate_limit_rejected=False result_event_observed=True result_tail='Author rationale must never be forwarded.' session_id=previous-agent-session site=write_back_verify stop_reason=None subtype=result total_cost_usd=None usage=None
2026-09-12 18:24:55 [info     ] organize_admission_attempt     base_ref=aaaaaaaaaaaaaaaaaaaaaaaaaaaaaaaaaaaaaaaa issue_key=NEW-2 prompt_key=organize_assess resumed_session_id=None session_id=None
2026-09-12 18:24:55 [info     ] stream_drained                 duration_api_ms=1 duration_ms=1 event_count=1 events={'result': 1} has_structured_output=True is_error=False num_turns=1 rate_limit_rejected=False result_event_observed=True result_tail='Author rationale must never be forwarded.' session_id=previous-agent-session site=organize_assess stop_reason=None subtype=result total_cost_usd=None usage=None
2026-09-12 18:24:55 [info     ] stream_drained                 duration_api_ms=1 duration_ms=1 event_count=1 events={'result': 1} has_structured_output=True is_error=False num_turns=1 rate_limit_rejected=False result_event_observed=True result_tail='Author rationale must never be forwarded.' session_id=previous-agent-session site=organize_criteria_author stop_reason=None subtype=result total_cost_usd=None usage=None
2026-09-12 18:24:55 [info     ] outbound_content_gated         categories=[] content_digest=444ea9545cc64bfb5c76d9ebd806e35d1175eabac77e2447a23aba20ee5dd4bb failure=None hits=[] surface=tracker verdict=clean visibility=private writer=tracker_description
2026-09-12 18:24:55 [info     ] outbound_content_gated         categories=[] content_digest=6cccd0622ce623addb5e69d3e39e752fb7fb3714d72d017e33d3aa0e13331ff2 failure=None hits=[] surface=tracker verdict=clean visibility=private writer=tracker_title
2026-09-12 18:24:55 [info     ] stream_drained                 duration_api_ms=1 duration_ms=1 event_count=1 events={'result': 1} has_structured_output=True is_error=False num_turns=1 rate_limit_rejected=False result_event_observed=True result_tail='Author rationale must never be forwarded.' session_id=previous-agent-session site=write_back_verify stop_reason=None subtype=result total_cost_usd=None usage=None
2026-09-12 18:24:55 [info     ] organize_admission_attempt     base_ref=aaaaaaaaaaaaaaaaaaaaaaaaaaaaaaaaaaaaaaaa issue_key=NEW-2 prompt_key=organize_verify resumed_session_id=None session_id=None
2026-09-12 18:24:55 [info     ] stream_drained                 duration_api_ms=1 duration_ms=1 event_count=1 events={'result': 1} has_structured_output=True is_error=False num_turns=1 rate_limit_rejected=False result_event_observed=True result_tail='Author rationale must never be forwarded.' session_id=previous-agent-session site=organize_verify stop_reason=None subtype=result total_cost_usd=None usage=None
2026-09-12 18:24:55 [info     ] organize_admission_attempt     base_ref=aaaaaaaaaaaaaaaaaaaaaaaaaaaaaaaaaaaaaaaa issue_key=FIX-1 prompt_key=organize_verify resumed_session_id=None session_id=None
2026-09-12 18:24:55 [info     ] stream_drained                 duration_api_ms=1 duration_ms=1 event_count=1 events={'result': 1} has_structured_output=True is_error=False num_turns=1 rate_limit_rejected=False result_event_observed=True result_tail='Author rationale must never be forwarded.' session_id=previous-agent-session site=organize_verify stop_reason=None subtype=result total_cost_usd=None usage=None
2026-09-12 18:24:55 [info     ] organize_admission_attempt     base_ref=aaaaaaaaaaaaaaaaaaaaaaaaaaaaaaaaaaaaaaaa issue_key=NEW-2 prompt_key=organize_verify resumed_session_id=None session_id=None
2026-09-12 18:24:55 [info     ] stream_drained                 duration_api_ms=1 duration_ms=1 event_count=1 events={'result': 1} has_structured_output=True is_error=False num_turns=1 rate_limit_rejected=False result_event_observed=True result_tail='Author rationale must never be forwarded.' session_id=previous-agent-session site=organize_verify stop_reason=None subtype=result total_cost_usd=None usage=None
2026-09-12 18:24:56 [info     ] organize_admission_attempt     base_ref=aaaaaaaaaaaaaaaaaaaaaaaaaaaaaaaaaaaaaaaa issue_key=NEW-7 prompt_key=organize_verify resumed_session_id=None session_id=None
2026-09-12 18:24:56 [info     ] stream_drained                 duration_api_ms=1 duration_ms=1 event_count=1 events={'result': 1} has_structured_output=True is_error=False num_turns=1 rate_limit_rejected=False result_event_observed=True result_tail='Author rationale must never be forwarded.' session_id=previous-agent-session site=organize_verify stop_reason=None subtype=result total_cost_usd=None usage=None
2026-09-12 18:24:56 [info     ] organize_admission_attempt     base_ref=aaaaaaaaaaaaaaaaaaaaaaaaaaaaaaaaaaaaaaaa issue_key=NEW-12 prompt_key=organize_verify resumed_session_id=None session_id=None
2026-09-12 18:24:56 [info     ] stream_drained                 duration_api_ms=1 duration_ms=1 event_count=1 events={'result': 1} has_structured_output=True is_error=False num_turns=1 rate_limit_rejected=False result_event_observed=True result_tail='Author rationale must never be forwarded.' session_id=previous-agent-session site=organize_verify stop_reason=None subtype=result total_cost_usd=None usage=None
2026-09-12 18:24:56 [info     ] stream_drained                 duration_api_ms=1 duration_ms=1 event_count=1 events={'result': 1} has_structured_output=True is_error=False num_turns=1 rate_limit_rejected=False result_event_observed=True result_tail='Author rationale must never be forwarded.' session_id=previous-agent-session site=write_back_verify stop_reason=None subtype=result total_cost_usd=None usage=None
=========================== short test summary info ============================
FAILED tests/chains/test_organize_graph_owner.py::test_configured_split_prepares_children_without_execution_and_replays_cleanly
1 failed, 20 passed in 2.58s
