Using CPython 3.12.13
Creating virtual environment at: .venv
   Building kodezart @ file:///private/tmp/kodezart-v03-recovery-parent-rollup
warning: `build_system.requires = ["uv-build>=0.10.9,<0.11.0"]` does not contain the current uv version 0.11.6
      Built kodezart @ file:///private/tmp/kodezart-v03-recovery-parent-rollup
Installed 174 packages in 1.51s
FF                                                                       [100%]
=================================== FAILURES ===================================
_ test_merge_reports_delivery_without_writing_parent_or_criterion_done[unstarted] _

criterion_state = <WorkflowStateKind.UNSTARTED: 'unstarted'>

    @pytest.mark.parametrize(
        "criterion_state", [WorkflowStateKind.UNSTARTED, WorkflowStateKind.COMPLETED]
    )
    async def test_merge_reports_delivery_without_writing_parent_or_criterion_done(
        criterion_state: WorkflowStateKind,
    ) -> None:
        criterion = make_tracker_issue(
            "leaf/check",
            parent_key=ISSUE,
            issue_labels=frozenset({"criterion"}),
            state_name="Done" if criterion_state is WorkflowStateKind.COMPLETED else "Todo",
            state_kind=criterion_state,
        )
        tracker = FakeTrackerPort(issues=[make_tracker_issue(ISSUE), criterion])
        watch = watcher_over(
            tracker, PR_EVENT, complete(merged=True, outcome=WorkflowOutcome.ci_passed)
        )
    
        await watch.watch(
            issue_key=ISSUE, job_id=JOB_ID, pre_claim_state=PRE_CLAIM_STATE
        )
    
>       assert tracker.workflow_writes == [
            (ISSUE, LifecycleStage.IN_PROGRESS),
            (ISSUE, LifecycleStage.IN_REVIEW),
        ]
E       AssertionError: assert [('K-1', <Lif...ONE: 'done'>)] == [('K-1', <Lif...'in_review'>)]
E         
E         Left contains one more item: ('K-1', <LifecycleStage.DONE: 'done'>)
E         Use -v to get more diff

tests/services/test_parent_rollup_authority.py:41: AssertionError
----------------------------- Captured stdout call -----------------------------
2026-09-12 15:21:01 [info     ] lifecycle_in_progress          issue_key=K-1
2026-09-12 15:21:01 [info     ] lifecycle_deliverable_ref      branch=feature issue_key=K-1 pushed_head_sha=aaaaaaaaaaaaaaaaaaaaaaaaaaaaaaaaaaaaaaaa
2026-09-12 15:21:01 [info     ] lifecycle_in_review            issue_key=K-1
2026-09-12 15:21:01 [info     ] lifecycle_done                 issue_key=K-1
2026-09-12 15:21:01 [info     ] outbound_content_gated         categories=[] content_digest=fdfd09ada3e6d93a2f2e6c1cc13db95ffcdb0cdb1495ec29b06ab7d0a66a2f97 failure=None hits=[] surface=tracker verdict=clean visibility=public writer=tracker_comment
2026-09-12 15:21:01 [info     ] lifecycle_outcome_comment      issue_key=K-1 job_id=job-0001 outcome=ci_passed
2026-09-12 15:21:01 [info     ] claim_released                 holder=pass-a issue_key=K-1
2026-09-12 15:21:01 [info     ] lifecycle_watch_finished       issue_key=K-1 job_id=job-0001 run_started=True terminal_outcome=True
2026-09-12 15:21:01 [error    ] finished_fire_unknown_to_registry issue_key=K-1 job_id=job-0001 outcome=completed
_ test_merge_reports_delivery_without_writing_parent_or_criterion_done[completed] _

criterion_state = <WorkflowStateKind.COMPLETED: 'completed'>

    @pytest.mark.parametrize(
        "criterion_state", [WorkflowStateKind.UNSTARTED, WorkflowStateKind.COMPLETED]
    )
    async def test_merge_reports_delivery_without_writing_parent_or_criterion_done(
        criterion_state: WorkflowStateKind,
    ) -> None:
        criterion = make_tracker_issue(
            "leaf/check",
            parent_key=ISSUE,
            issue_labels=frozenset({"criterion"}),
            state_name="Done" if criterion_state is WorkflowStateKind.COMPLETED else "Todo",
            state_kind=criterion_state,
        )
        tracker = FakeTrackerPort(issues=[make_tracker_issue(ISSUE), criterion])
        watch = watcher_over(
            tracker, PR_EVENT, complete(merged=True, outcome=WorkflowOutcome.ci_passed)
        )
    
        await watch.watch(
            issue_key=ISSUE, job_id=JOB_ID, pre_claim_state=PRE_CLAIM_STATE
        )
    
>       assert tracker.workflow_writes == [
            (ISSUE, LifecycleStage.IN_PROGRESS),
            (ISSUE, LifecycleStage.IN_REVIEW),
        ]
E       AssertionError: assert [('K-1', <Lif...ONE: 'done'>)] == [('K-1', <Lif...'in_review'>)]
E         
E         Left contains one more item: ('K-1', <LifecycleStage.DONE: 'done'>)
E         Use -v to get more diff

tests/services/test_parent_rollup_authority.py:41: AssertionError
----------------------------- Captured stdout call -----------------------------
2026-09-12 15:21:01 [info     ] lifecycle_in_progress          issue_key=K-1
2026-09-12 15:21:01 [info     ] lifecycle_deliverable_ref      branch=feature issue_key=K-1 pushed_head_sha=aaaaaaaaaaaaaaaaaaaaaaaaaaaaaaaaaaaaaaaa
2026-09-12 15:21:01 [info     ] lifecycle_in_review            issue_key=K-1
2026-09-12 15:21:01 [info     ] lifecycle_done                 issue_key=K-1
2026-09-12 15:21:01 [info     ] outbound_content_gated         categories=[] content_digest=fdfd09ada3e6d93a2f2e6c1cc13db95ffcdb0cdb1495ec29b06ab7d0a66a2f97 failure=None hits=[] surface=tracker verdict=clean visibility=public writer=tracker_comment
2026-09-12 15:21:01 [info     ] lifecycle_outcome_comment      issue_key=K-1 job_id=job-0001 outcome=ci_passed
2026-09-12 15:21:01 [info     ] claim_released                 holder=pass-a issue_key=K-1
2026-09-12 15:21:01 [info     ] lifecycle_watch_finished       issue_key=K-1 job_id=job-0001 run_started=True terminal_outcome=True
2026-09-12 15:21:01 [error    ] finished_fire_unknown_to_registry issue_key=K-1 job_id=job-0001 outcome=completed
=========================== short test summary info ============================
FAILED tests/services/test_parent_rollup_authority.py::test_merge_reports_delivery_without_writing_parent_or_criterion_done[unstarted]
FAILED tests/services/test_parent_rollup_authority.py::test_merge_reports_delivery_without_writing_parent_or_criterion_done[completed]
2 failed in 0.56s
