....................................F...F..........................      [100%]
=================================== FAILURES ===================================
_ TestFollowingInTheBackground.test_follow_holds_the_watch_until_the_run_ends __

self = <tests.services.test_lifecycle_watcher.TestFollowingInTheBackground object at 0x10e31a1b0>

    async def test_follow_holds_the_watch_until_the_run_ends(self) -> None:
        watch, tracker, _ = watcher(
            PR_EVENT,
            complete(merged=True, outcome=WorkflowOutcome.ci_passed),
        )
    
        watch.follow(
            issue_key=ISSUE,
            job_id="job-0001",
            pre_claim_state=PRE_CLAIM_STATE,
        )
        assert watch.following, "the task must be referenced, not left to the GC"
        await asyncio.gather(*watch.following)
    
>       assert tracker.workflow_writes == [(ISSUE, LifecycleStage.IN_PROGRESS)]
E       AssertionError: assert [('K-1', <Lif...'in_review'>)] == [('K-1', <Lif...n_progress'>)]
E         
E         Left contains one more item: ('K-1', <LifecycleStage.IN_REVIEW: 'in_review'>)
E         Use -v to get more diff

tests/services/test_lifecycle_watcher.py:427: AssertionError
----------------------------- Captured stdout call -----------------------------
2026-09-12 15:22:26 [info     ] lifecycle_in_progress          issue_key=K-1
2026-09-12 15:22:26 [info     ] lifecycle_deliverable_ref      branch=feature issue_key=K-1 pushed_head_sha=aaaaaaaaaaaaaaaaaaaaaaaaaaaaaaaaaaaaaaaa
2026-09-12 15:22:26 [info     ] lifecycle_in_review            issue_key=K-1
2026-09-12 15:22:26 [info     ] lifecycle_queue_finished       issue_key=K-1
2026-09-12 15:22:26 [info     ] outbound_content_gated         categories=[] content_digest=fdfd09ada3e6d93a2f2e6c1cc13db95ffcdb0cdb1495ec29b06ab7d0a66a2f97 failure=None hits=[] surface=tracker verdict=clean visibility=public writer=tracker_comment
2026-09-12 15:22:26 [info     ] lifecycle_outcome_comment      issue_key=K-1 job_id=job-0001 outcome=ci_passed
2026-09-12 15:22:26 [info     ] claim_released                 holder=pass-a issue_key=K-1
2026-09-12 15:22:26 [info     ] lifecycle_watch_finished       issue_key=K-1 job_id=job-0001 run_started=True terminal_outcome=True
2026-09-12 15:22:26 [error    ] finished_fire_unknown_to_registry issue_key=K-1 job_id=job-0001 outcome=completed
_ TestGracefulShutdownHandsTheClaimBack.test_the_drain_waits_for_the_watch_rather_than_cancelling_it _

self = <tests.services.test_lifecycle_watcher.TestGracefulShutdownHandsTheClaimBack object at 0x10e319ac0>

    async def test_the_drain_waits_for_the_watch_rather_than_cancelling_it(
        self,
    ) -> None:
        """Cancelling is what would skip the write-back the drain exists for."""
        watch, tracker, _ = watcher(
            PR_EVENT,
            complete(merged=True, outcome=WorkflowOutcome.ci_passed),
        )
        watch.follow(
            issue_key=ISSUE,
            job_id="job-0001",
            pre_claim_state=PRE_CLAIM_STATE,
        )
    
        await asyncio.wait_for(watch.drain(), timeout=5.0)
    
        assert not watch.following
>       assert tracker.workflow_writes == [(ISSUE, LifecycleStage.IN_PROGRESS)]
E       AssertionError: assert [('K-1', <Lif...'in_review'>)] == [('K-1', <Lif...n_progress'>)]
E         
E         Left contains one more item: ('K-1', <LifecycleStage.IN_REVIEW: 'in_review'>)
E         Use -v to get more diff

tests/services/test_lifecycle_watcher.py:643: AssertionError
----------------------------- Captured stdout call -----------------------------
2026-09-12 15:22:27 [info     ] lifecycle_in_progress          issue_key=K-1
2026-09-12 15:22:27 [info     ] lifecycle_deliverable_ref      branch=feature issue_key=K-1 pushed_head_sha=aaaaaaaaaaaaaaaaaaaaaaaaaaaaaaaaaaaaaaaa
2026-09-12 15:22:27 [info     ] lifecycle_in_review            issue_key=K-1
2026-09-12 15:22:27 [info     ] lifecycle_queue_finished       issue_key=K-1
2026-09-12 15:22:27 [info     ] outbound_content_gated         categories=[] content_digest=fdfd09ada3e6d93a2f2e6c1cc13db95ffcdb0cdb1495ec29b06ab7d0a66a2f97 failure=None hits=[] surface=tracker verdict=clean visibility=public writer=tracker_comment
2026-09-12 15:22:27 [info     ] lifecycle_outcome_comment      issue_key=K-1 job_id=job-0001 outcome=ci_passed
2026-09-12 15:22:27 [info     ] claim_released                 holder=pass-a issue_key=K-1
2026-09-12 15:22:27 [info     ] lifecycle_watch_finished       issue_key=K-1 job_id=job-0001 run_started=True terminal_outcome=True
2026-09-12 15:22:27 [error    ] finished_fire_unknown_to_registry issue_key=K-1 job_id=job-0001 outcome=completed
=========================== short test summary info ============================
FAILED tests/services/test_lifecycle_watcher.py::TestFollowingInTheBackground::test_follow_holds_the_watch_until_the_run_ends
FAILED tests/services/test_lifecycle_watcher.py::TestGracefulShutdownHandsTheClaimBack::test_the_drain_waits_for_the_watch_rather_than_cancelling_it
2 failed, 65 passed in 1.16s
