......F...                                                               [100%]
=================================== FAILURES ===================================
_______ test_native_malformed_verdict_permutation_cannot_accept[unknown] _______

shape = 'unknown'

    @pytest.mark.asyncio
    @pytest.mark.parametrize("shape", ["unknown", "duplicate"])
    async def test_native_malformed_verdict_permutation_cannot_accept(shape):
        malformed = native_evaluation()
        row = dict(malformed["criteriaResults"][0])
        if shape == "unknown":
            row["criterionId"] = "other-subject/foreign-criterion"
        malformed["criteriaResults"].append(row)
        executor = NativeExecutor([malformed, native_evaluation()])
        fire = engine(criteria=TrackerCriteria(tracker=CountingTracker()), executor=executor, real_loop=True)
        events = await drive(fire, scope=ScopeRef(kind=ScopeKind.ISSUE, key=SUBJECT))
        iteration = next(e for e in events if isinstance(e, WorkflowIterationEvent))
        print({"shape":shape, "verdict":iteration.verdict.value,
               "fan_in":iteration.fan_in.model_dump(mode="json")})
>       assert iteration.verdict is AcceptVerdict.rejected
E       AssertionError: assert <AcceptVerdict.accepted: 'accepted'> is <AcceptVerdict.rejected: 'rejected'>
E        +  where <AcceptVerdict.accepted: 'accepted'> = WorkflowIterationEvent(type='workflow_iteration', iteration=1, branch='kodezart/test-branch-f245072c-ralph-5942fa79', ...ort(missing_ids=[], unknown_ids=['other-subject/foreign-criterion'], duplicate_ids=[], dispatched_count=3, attempts=1)).verdict
E        +  and   <AcceptVerdict.rejected: 'rejected'> = AcceptVerdict.rejected

../kodezart-recovery-session/test_native_adversarial_review.py:151: AssertionError
----------------------------- Captured stdout call -----------------------------
2026-09-12 14:53:48 [info     ] repo_visibility_resolved       repo_url=https://github.com/owner/repo.git visibility=unknown
2026-09-12 14:53:48 [info     ] scope_base_resolved            base_branch=main base_role=None input_count=0
2026-09-12 14:53:48 [debug    ] output_format_requested        format_type=json_schema
2026-09-12 14:53:48 [info     ] stream_drained                 duration_api_ms=1 duration_ms=1 event_count=1 events={'result': 1} has_structured_output=True is_error=False num_turns=1 rate_limit_rejected=False result_event_observed=True result_tail=None session_id=fake site=branch_name stop_reason=None subtype=result total_cost_usd=None usage=None
2026-09-12 14:53:48 [info     ] outbound_content_gated         categories=[] content_digest=23a116c5a2a543a9ec246e0f2e6a02ffad6700608ccf30ac8590785c69feebf6 failure=None hits=[] surface=publication verdict=clean visibility=unknown writer=branch_name
2026-09-12 14:53:48 [info     ] fire_criteria_read             named=3 owed=['fire/owed-direct', 'fire/owed-direct-2', 'fire/owed-nested'] read_at_version=2026-01-01T00:00:00+00:00 subject=fire/subject
2026-09-12 14:53:48 [info     ] fire_criteria_read             named=3 owed=['fire/owed-direct', 'fire/owed-direct-2', 'fire/owed-nested'] read_at_version=2026-01-01T00:00:00+00:00 subject=fire/subject
2026-09-12 14:53:48 [info     ] fire_criteria_read             named=3 owed=['fire/owed-direct', 'fire/owed-direct-2', 'fire/owed-nested'] read_at_version=2026-01-01T00:00:00+00:00 subject=fire/subject
2026-09-12 14:53:48 [info     ] fire_criteria_read             named=3 owed=['fire/owed-direct', 'fire/owed-direct-2', 'fire/owed-nested'] read_at_version=2026-01-01T00:00:00+00:00 subject=fire/subject
2026-09-12 14:53:48 [debug    ] output_format_requested        format_type=json_schema
2026-09-12 14:53:48 [info     ] stream_drained                 duration_api_ms=1 duration_ms=1 event_count=1 events={'result': 1} has_structured_output=True is_error=False num_turns=1 rate_limit_rejected=False result_event_observed=True result_tail=None session_id=native-session site=ralph_evaluator stop_reason=None subtype=result total_cost_usd=None usage=None
2026-09-12 14:53:48 [warning  ] redispatch_breach              attempt=1 breach='Returned ids are not a permutation of the dispatched criteria (missing: -; duplicate: -; unknown: other-subject/foreign-criterion)' breach_class=CriteriaFanInError max_attempts=1 site=ralph_evaluator
2026-09-12 14:53:48 [warning  ] fan_in_exhausted               attempts=1 dispatched_count=3 duplicate_ids=[] iteration=1 missing_ids=[] site=ralph_evaluator unknown_ids=['other-subject/foreign-criterion']
2026-09-12 14:53:48 [info     ] fire_criteria_read             named=3 owed=['fire/owed-direct', 'fire/owed-direct-2', 'fire/owed-nested'] read_at_version=2026-01-01T00:00:00+00:00 subject=fire/subject
2026-09-12 14:53:48 [info     ] fire_criteria_read             named=3 owed=['fire/owed-direct', 'fire/owed-direct-2', 'fire/owed-nested'] read_at_version=2026-01-01T00:00:00+00:00 subject=fire/subject
2026-09-12 14:53:48 [debug    ] output_format_requested        format_type=json_schema
2026-09-12 14:53:48 [info     ] stream_drained                 duration_api_ms=1 duration_ms=1 event_count=1 events={'result': 1} has_structured_output=True is_error=False num_turns=1 rate_limit_rejected=False result_event_observed=True result_tail=None session_id=native-session site=post_merge_review stop_reason=None subtype=result total_cost_usd=None usage=None
2026-09-12 14:53:48 [info     ] fire_criteria_read             named=3 owed=['fire/owed-direct', 'fire/owed-direct-2', 'fire/owed-nested'] read_at_version=2026-01-01T00:00:00+00:00 subject=fire/subject
2026-09-12 14:53:48 [info     ] backup_cleanup_starting        prefix=kodezart/test-branch-f245072c
{'shape': 'unknown', 'verdict': 'accepted', 'fan_in': {'missing_ids': [], 'unknown_ids': ['other-subject/foreign-criterion'], 'duplicate_ids': [], 'dispatched_count': 3, 'attempts': 1}}
=========================== short test summary info ============================
FAILED ::test_native_malformed_verdict_permutation_cannot_accept[unknown] - A...
1 failed, 9 passed in 6.08s
