Using CPython 3.12.13
Creating virtual environment at: .venv
   Building kodezart @ file:///private/tmp/kodezart-v03-recovery-ruling-reader-review
warning: `build_system.requires = ["uv-build>=0.10.9,<0.11.0"]` does not contain the current uv version 0.11.6
      Built kodezart @ file:///private/tmp/kodezart-v03-recovery-ruling-reader-review
Installed 174 packages in 1.36s
....FFF........                                                          [100%]
=================================== FAILURES ===================================
__________ test_conflicting_native_key_across_pages_is_refused[True] ___________

same_question = True

    @pytest.mark.parametrize("same_question", [True, False])
    async def test_conflicting_native_key_across_pages_is_refused(same_question):
        first, _ = native_row()
        second, _ = native_row(
            resolution="A conflicting answer.",
            **({} if same_question else {"question": "A different exact question?"}),
        )
        server = two_pages([first], [second])
>       with pytest.raises(RulingRecordReadError) as caught:
             ^^^^^^^^^^^^^^^^^^^^^^^^^^^^^^^^^^^^
E       Failed: DID NOT RAISE <class 'kodezart.domain.errors.RulingRecordReadError'>

tests/tracker/test_ruling_reader_independent.py:72: Failed
__________ test_conflicting_native_key_across_pages_is_refused[False] __________

same_question = False

    @pytest.mark.parametrize("same_question", [True, False])
    async def test_conflicting_native_key_across_pages_is_refused(same_question):
        first, _ = native_row()
        second, _ = native_row(
            resolution="A conflicting answer.",
            **({} if same_question else {"question": "A different exact question?"}),
        )
        server = two_pages([first], [second])
>       with pytest.raises(RulingRecordReadError) as caught:
             ^^^^^^^^^^^^^^^^^^^^^^^^^^^^^^^^^^^^
E       Failed: DID NOT RAISE <class 'kodezart.domain.errors.RulingRecordReadError'>

tests/tracker/test_ruling_reader_independent.py:72: Failed
______ test_missing_native_reply_metadata_cannot_assert_top_level_record _______

    async def test_missing_native_reply_metadata_cannot_assert_top_level_record():
        row, _ = native_row()
        del row["parentId"]
        server = two_pages([], [row])
>       with pytest.raises(RulingRecordReadError) as caught:
             ^^^^^^^^^^^^^^^^^^^^^^^^^^^^^^^^^^^^
E       Failed: DID NOT RAISE <class 'kodezart.domain.errors.RulingRecordReadError'>

tests/tracker/test_ruling_reader_independent.py:82: Failed
=========================== short test summary info ============================
FAILED tests/tracker/test_ruling_reader_independent.py::test_conflicting_native_key_across_pages_is_refused[True]
FAILED tests/tracker/test_ruling_reader_independent.py::test_conflicting_native_key_across_pages_is_refused[False]
FAILED tests/tracker/test_ruling_reader_independent.py::test_missing_native_reply_metadata_cannot_assert_top_level_record
3 failed, 12 passed in 0.94s
