...................F                                                     [100%]
=================================== FAILURES ===================================
__ test_actual_http_sse_preserves_nested_progress_and_delivery_discriminators __
  + Exception Group Traceback (most recent call last):
  |   File "/private/tmp/kodezart-v03-recovery-scope-runtime/.venv/lib/python3.12/site-packages/starlette/_utils.py", line 81, in collapse_excgroups
  |     yield
  |   File "/private/tmp/kodezart-v03-recovery-scope-runtime/.venv/lib/python3.12/site-packages/starlette/responses.py", line 270, in __call__
  |     async with anyio.create_task_group() as task_group:
  |                ^^^^^^^^^^^^^^^^^^^^^^^^^
  |   File "/private/tmp/kodezart-v03-recovery-scope-runtime/.venv/lib/python3.12/site-packages/anyio/_backends/_asyncio.py", line 783, in __aexit__
  |     raise BaseExceptionGroup(
  | ExceptionGroup: unhandled errors in a TaskGroup (1 sub-exception)
  +-+---------------- 1 ----------------
    | Traceback (most recent call last):
    |   File "/private/tmp/kodezart-v03-recovery-scope-runtime/.venv/lib/python3.12/site-packages/_pytest/runner.py", line 353, in from_call
    |     result: TResult | None = func()
    |                              ^^^^^^
    |   File "/private/tmp/kodezart-v03-recovery-scope-runtime/.venv/lib/python3.12/site-packages/_pytest/runner.py", line 245, in <lambda>
    |     lambda: runtest_hook(item=item, **kwds),
    |             ^^^^^^^^^^^^^^^^^^^^^^^^^^^^^^^
    |   File "/private/tmp/kodezart-v03-recovery-scope-runtime/.venv/lib/python3.12/site-packages/pluggy/_hooks.py", line 512, in __call__
    |     return self._hookexec(self.name, self._hookimpls.copy(), kwargs, firstresult)
    |            ^^^^^^^^^^^^^^^^^^^^^^^^^^^^^^^^^^^^^^^^^^^^^^^^^^^^^^^^^^^^^^^^^^^^^^
    |   File "/private/tmp/kodezart-v03-recovery-scope-runtime/.venv/lib/python3.12/site-packages/pluggy/_manager.py", line 120, in _hookexec
    |     return self._inner_hookexec(hook_name, methods, kwargs, firstresult)
    |            ^^^^^^^^^^^^^^^^^^^^^^^^^^^^^^^^^^^^^^^^^^^^^^^^^^^^^^^^^^^^^
    |   File "/private/tmp/kodezart-v03-recovery-scope-runtime/.venv/lib/python3.12/site-packages/pluggy/_callers.py", line 167, in _multicall
    |     raise exception
    |   File "/private/tmp/kodezart-v03-recovery-scope-runtime/.venv/lib/python3.12/site-packages/pluggy/_callers.py", line 139, in _multicall
    |     teardown.throw(exception)
    |   File "/private/tmp/kodezart-v03-recovery-scope-runtime/.venv/lib/python3.12/site-packages/_pytest/logging.py", line 850, in pytest_runtest_call
    |     yield
    |   File "/private/tmp/kodezart-v03-recovery-scope-runtime/.venv/lib/python3.12/site-packages/pluggy/_callers.py", line 139, in _multicall
    |     teardown.throw(exception)
    |   File "/private/tmp/kodezart-v03-recovery-scope-runtime/.venv/lib/python3.12/site-packages/_pytest/capture.py", line 900, in pytest_runtest_call
    |     return (yield)
    |             ^^^^^
    |   File "/private/tmp/kodezart-v03-recovery-scope-runtime/.venv/lib/python3.12/site-packages/pluggy/_callers.py", line 139, in _multicall
    |     teardown.throw(exception)
    |   File "/private/tmp/kodezart-v03-recovery-scope-runtime/.venv/lib/python3.12/site-packages/pluggy/_callers.py", line 53, in run_old_style_hookwrapper
    |     return result.get_result()
    |            ^^^^^^^^^^^^^^^^^^^
    |   File "/private/tmp/kodezart-v03-recovery-scope-runtime/.venv/lib/python3.12/site-packages/pluggy/_result.py", line 103, in get_result
    |     raise exc.with_traceback(tb)
    |   File "/private/tmp/kodezart-v03-recovery-scope-runtime/.venv/lib/python3.12/site-packages/pluggy/_callers.py", line 38, in run_old_style_hookwrapper
    |     res = yield
    |           ^^^^^
    |   File "/private/tmp/kodezart-v03-recovery-scope-runtime/.venv/lib/python3.12/site-packages/pluggy/_callers.py", line 139, in _multicall
    |     teardown.throw(exception)
    |   File "/private/tmp/kodezart-v03-recovery-scope-runtime/.venv/lib/python3.12/site-packages/pluggy/_callers.py", line 53, in run_old_style_hookwrapper
    |     return result.get_result()
    |            ^^^^^^^^^^^^^^^^^^^
    |   File "/private/tmp/kodezart-v03-recovery-scope-runtime/.venv/lib/python3.12/site-packages/pluggy/_result.py", line 103, in get_result
    |     raise exc.with_traceback(tb)
    |   File "/private/tmp/kodezart-v03-recovery-scope-runtime/.venv/lib/python3.12/site-packages/pluggy/_callers.py", line 38, in run_old_style_hookwrapper
    |     res = yield
    |           ^^^^^
    |   File "/private/tmp/kodezart-v03-recovery-scope-runtime/.venv/lib/python3.12/site-packages/pluggy/_callers.py", line 139, in _multicall
    |     teardown.throw(exception)
    |   File "/private/tmp/kodezart-v03-recovery-scope-runtime/.venv/lib/python3.12/site-packages/_pytest/skipping.py", line 268, in pytest_runtest_call
    |     return (yield)
    |             ^^^^^
    |   File "/private/tmp/kodezart-v03-recovery-scope-runtime/.venv/lib/python3.12/site-packages/pluggy/_callers.py", line 121, in _multicall
    |     res = hook_impl.function(*args)
    |           ^^^^^^^^^^^^^^^^^^^^^^^^^
    |   File "/private/tmp/kodezart-v03-recovery-scope-runtime/.venv/lib/python3.12/site-packages/_pytest/runner.py", line 179, in pytest_runtest_call
    |     item.runtest()
    |   File "/private/tmp/kodezart-v03-recovery-scope-runtime/.venv/lib/python3.12/site-packages/pytest_asyncio/plugin.py", line 469, in runtest
    |     super().runtest()
    |   File "/private/tmp/kodezart-v03-recovery-scope-runtime/.venv/lib/python3.12/site-packages/_pytest/python.py", line 1720, in runtest
    |     self.ihook.pytest_pyfunc_call(pyfuncitem=self)
    |   File "/private/tmp/kodezart-v03-recovery-scope-runtime/.venv/lib/python3.12/site-packages/pluggy/_hooks.py", line 512, in __call__
    |     return self._hookexec(self.name, self._hookimpls.copy(), kwargs, firstresult)
    |            ^^^^^^^^^^^^^^^^^^^^^^^^^^^^^^^^^^^^^^^^^^^^^^^^^^^^^^^^^^^^^^^^^^^^^^
    |   File "/private/tmp/kodezart-v03-recovery-scope-runtime/.venv/lib/python3.12/site-packages/pluggy/_manager.py", line 120, in _hookexec
    |     return self._inner_hookexec(hook_name, methods, kwargs, firstresult)
    |            ^^^^^^^^^^^^^^^^^^^^^^^^^^^^^^^^^^^^^^^^^^^^^^^^^^^^^^^^^^^^^
    |   File "/private/tmp/kodezart-v03-recovery-scope-runtime/.venv/lib/python3.12/site-packages/pluggy/_callers.py", line 167, in _multicall
    |     raise exception
    |   File "/private/tmp/kodezart-v03-recovery-scope-runtime/.venv/lib/python3.12/site-packages/pluggy/_callers.py", line 139, in _multicall
    |     teardown.throw(exception)
    |   File "/private/tmp/kodezart-v03-recovery-scope-runtime/.venv/lib/python3.12/site-packages/pluggy/_callers.py", line 53, in run_old_style_hookwrapper
    |     return result.get_result()
    |            ^^^^^^^^^^^^^^^^^^^
    |   File "/private/tmp/kodezart-v03-recovery-scope-runtime/.venv/lib/python3.12/site-packages/pluggy/_result.py", line 103, in get_result
    |     raise exc.with_traceback(tb)
    |   File "/private/tmp/kodezart-v03-recovery-scope-runtime/.venv/lib/python3.12/site-packages/pluggy/_callers.py", line 38, in run_old_style_hookwrapper
    |     res = yield
    |           ^^^^^
    |   File "/private/tmp/kodezart-v03-recovery-scope-runtime/.venv/lib/python3.12/site-packages/pluggy/_callers.py", line 139, in _multicall
    |     teardown.throw(exception)
    |   File "/private/tmp/kodezart-v03-recovery-scope-runtime/.venv/lib/python3.12/site-packages/pluggy/_callers.py", line 53, in run_old_style_hookwrapper
    |     return result.get_result()
    |            ^^^^^^^^^^^^^^^^^^^
    |   File "/private/tmp/kodezart-v03-recovery-scope-runtime/.venv/lib/python3.12/site-packages/pluggy/_result.py", line 103, in get_result
    |     raise exc.with_traceback(tb)
    |   File "/private/tmp/kodezart-v03-recovery-scope-runtime/.venv/lib/python3.12/site-packages/pluggy/_callers.py", line 38, in run_old_style_hookwrapper
    |     res = yield
    |           ^^^^^
    |   File "/private/tmp/kodezart-v03-recovery-scope-runtime/.venv/lib/python3.12/site-packages/pluggy/_callers.py", line 121, in _multicall
    |     res = hook_impl.function(*args)
    |           ^^^^^^^^^^^^^^^^^^^^^^^^^
    |   File "/private/tmp/kodezart-v03-recovery-scope-runtime/.venv/lib/python3.12/site-packages/_pytest/python.py", line 166, in pytest_pyfunc_call
    |     result = testfunction(**testargs)
    |              ^^^^^^^^^^^^^^^^^^^^^^^^
    |   File "/private/tmp/kodezart-v03-recovery-scope-runtime/.venv/lib/python3.12/site-packages/pytest_asyncio/plugin.py", line 716, in inner
    |     runner.run(coro, context=context)
    |   File "/Users/kodezart/.local/share/uv/python/cpython-3.12.13-macos-aarch64-none/lib/python3.12/asyncio/runners.py", line 118, in run
    |     return self._loop.run_until_complete(task)
    |            ^^^^^^^^^^^^^^^^^^^^^^^^^^^^^^^^^^^
    |   File "/Users/kodezart/.local/share/uv/python/cpython-3.12.13-macos-aarch64-none/lib/python3.12/asyncio/base_events.py", line 691, in run_until_complete
    |     return future.result()
    |            ^^^^^^^^^^^^^^^
    |   File "/private/tmp/kodezart-v03-recovery-scope-runtime/tests/integration/test_scope_runtime.py", line 570, in test_actual_http_sse_preserves_nested_progress_and_delivery_discriminators
    |     stream = await app.client.get(f"/api/v1/jobs/{job_id}/stream")
    |              ^^^^^^^^^^^^^^^^^^^^^^^^^^^^^^^^^^^^^^^^^^^^^^^^^^^^^
    |   File "/private/tmp/kodezart-v03-recovery-scope-runtime/.venv/lib/python3.12/site-packages/httpx/_client.py", line 1768, in get
    |     return await self.request(
    |            ^^^^^^^^^^^^^^^^^^^
    |   File "/private/tmp/kodezart-v03-recovery-scope-runtime/.venv/lib/python3.12/site-packages/httpx/_client.py", line 1540, in request
    |     return await self.send(request, auth=auth, follow_redirects=follow_redirects)
    |            ^^^^^^^^^^^^^^^^^^^^^^^^^^^^^^^^^^^^^^^^^^^^^^^^^^^^^^^^^^^^^^^^^^^^^^
    |   File "/private/tmp/kodezart-v03-recovery-scope-runtime/.venv/lib/python3.12/site-packages/httpx/_client.py", line 1629, in send
    |     response = await self._send_handling_auth(
    |                ^^^^^^^^^^^^^^^^^^^^^^^^^^^^^^^
    |   File "/private/tmp/kodezart-v03-recovery-scope-runtime/.venv/lib/python3.12/site-packages/httpx/_client.py", line 1657, in _send_handling_auth
    |     response = await self._send_handling_redirects(
    |                ^^^^^^^^^^^^^^^^^^^^^^^^^^^^^^^^^^^^
    |   File "/private/tmp/kodezart-v03-recovery-scope-runtime/.venv/lib/python3.12/site-packages/httpx/_client.py", line 1694, in _send_handling_redirects
    |     response = await self._send_single_request(request)
    |                ^^^^^^^^^^^^^^^^^^^^^^^^^^^^^^^^^^^^^^^^
    |   File "/private/tmp/kodezart-v03-recovery-scope-runtime/.venv/lib/python3.12/site-packages/httpx/_client.py", line 1730, in _send_single_request
    |     response = await transport.handle_async_request(request)
    |                ^^^^^^^^^^^^^^^^^^^^^^^^^^^^^^^^^^^^^^^^^^^^^
    |   File "/private/tmp/kodezart-v03-recovery-scope-runtime/.venv/lib/python3.12/site-packages/httpx/_transports/asgi.py", line 170, in handle_async_request
    |     await self.app(scope, receive, send)
    |   File "/private/tmp/kodezart-v03-recovery-scope-runtime/.venv/lib/python3.12/site-packages/fastapi/applications.py", line 1160, in __call__
    |     await super().__call__(scope, receive, send)
    |   File "/private/tmp/kodezart-v03-recovery-scope-runtime/.venv/lib/python3.12/site-packages/starlette/applications.py", line 107, in __call__
    |     await self.middleware_stack(scope, receive, send)
    |   File "/private/tmp/kodezart-v03-recovery-scope-runtime/.venv/lib/python3.12/site-packages/starlette/middleware/errors.py", line 186, in __call__
    |     raise exc
    |   File "/private/tmp/kodezart-v03-recovery-scope-runtime/.venv/lib/python3.12/site-packages/starlette/middleware/errors.py", line 164, in __call__
    |     await self.app(scope, receive, _send)
    |   File "/private/tmp/kodezart-v03-recovery-scope-runtime/.venv/lib/python3.12/site-packages/starlette/middleware/exceptions.py", line 63, in __call__
    |     await wrap_app_handling_exceptions(self.app, conn)(scope, receive, send)
    |   File "/private/tmp/kodezart-v03-recovery-scope-runtime/.venv/lib/python3.12/site-packages/starlette/_exception_handler.py", line 53, in wrapped_app
    |     raise exc
    |   File "/private/tmp/kodezart-v03-recovery-scope-runtime/.venv/lib/python3.12/site-packages/starlette/_exception_handler.py", line 42, in wrapped_app
    |     await app(scope, receive, sender)
    |   File "/private/tmp/kodezart-v03-recovery-scope-runtime/.venv/lib/python3.12/site-packages/fastapi/middleware/asyncexitstack.py", line 18, in __call__
    |     await self.app(scope, receive, send)
    |   File "/private/tmp/kodezart-v03-recovery-scope-runtime/.venv/lib/python3.12/site-packages/starlette/routing.py", line 716, in __call__
    |     await self.middleware_stack(scope, receive, send)
    |   File "/private/tmp/kodezart-v03-recovery-scope-runtime/.venv/lib/python3.12/site-packages/starlette/routing.py", line 736, in app
    |     await route.handle(scope, receive, send)
    |   File "/private/tmp/kodezart-v03-recovery-scope-runtime/.venv/lib/python3.12/site-packages/starlette/routing.py", line 290, in handle
    |     await self.app(scope, receive, send)
    |   File "/private/tmp/kodezart-v03-recovery-scope-runtime/.venv/lib/python3.12/site-packages/fastapi/routing.py", line 130, in app
    |     await wrap_app_handling_exceptions(app, request)(scope, receive, send)
    |   File "/private/tmp/kodezart-v03-recovery-scope-runtime/.venv/lib/python3.12/site-packages/starlette/_exception_handler.py", line 53, in wrapped_app
    |     raise exc
    |   File "/private/tmp/kodezart-v03-recovery-scope-runtime/.venv/lib/python3.12/site-packages/starlette/_exception_handler.py", line 42, in wrapped_app
    |     await app(scope, receive, sender)
    |   File "/private/tmp/kodezart-v03-recovery-scope-runtime/.venv/lib/python3.12/site-packages/fastapi/routing.py", line 117, in app
    |     await response(scope, receive, send)
    |   File "/private/tmp/kodezart-v03-recovery-scope-runtime/.venv/lib/python3.12/site-packages/starlette/responses.py", line 269, in __call__
    |     with collapse_excgroups():
    |          ^^^^^^^^^^^^^^^^^^^^
    |   File "/Users/kodezart/.local/share/uv/python/cpython-3.12.13-macos-aarch64-none/lib/python3.12/contextlib.py", line 158, in __exit__
    |     self.gen.throw(value)
    |   File "/private/tmp/kodezart-v03-recovery-scope-runtime/.venv/lib/python3.12/site-packages/starlette/_utils.py", line 87, in collapse_excgroups
    |     raise exc
    |   File "/private/tmp/kodezart-v03-recovery-scope-runtime/.venv/lib/python3.12/site-packages/starlette/responses.py", line 273, in wrap
    |     await func()
    |   File "/private/tmp/kodezart-v03-recovery-scope-runtime/.venv/lib/python3.12/site-packages/starlette/responses.py", line 253, in stream_response
    |     async for chunk in self.body_iterator:
    |   File "/private/tmp/kodezart-v03-recovery-scope-runtime/src/kodezart/api/v1/endpoints/jobs.py", line 67, in generate
    |     yield format_sse(event)
    |           ^^^^^^^^^^^^^^^^^
    |   File "/private/tmp/kodezart-v03-recovery-scope-runtime/src/kodezart/utils/sse.py", line 13, in format_sse
    |     return f"event: {event.get('type', 'message')}\ndata: {json.dumps(event)}\n\n"
    |                                                            ^^^^^^^^^^^^^^^^^
    |   File "/Users/kodezart/.local/share/uv/python/cpython-3.12.13-macos-aarch64-none/lib/python3.12/json/__init__.py", line 231, in dumps
    |     return _default_encoder.encode(obj)
    |            ^^^^^^^^^^^^^^^^^^^^^^^^^^^^
    |   File "/Users/kodezart/.local/share/uv/python/cpython-3.12.13-macos-aarch64-none/lib/python3.12/json/encoder.py", line 200, in encode
    |     chunks = self.iterencode(o, _one_shot=True)
    |              ^^^^^^^^^^^^^^^^^^^^^^^^^^^^^^^^^^
    |   File "/Users/kodezart/.local/share/uv/python/cpython-3.12.13-macos-aarch64-none/lib/python3.12/json/encoder.py", line 258, in iterencode
    |     return _iterencode(o, 0)
    |            ^^^^^^^^^^^^^^^^^
    |   File "/Users/kodezart/.local/share/uv/python/cpython-3.12.13-macos-aarch64-none/lib/python3.12/json/encoder.py", line 180, in default
    |     raise TypeError(f'Object of type {o.__class__.__name__} '
    | TypeError: Object of type datetime is not JSON serializable
    +------------------------------------

During handling of the above exception, another exception occurred:

Traceback (most recent call last):
  File "/private/tmp/kodezart-v03-recovery-scope-runtime/tests/integration/test_scope_runtime.py", line 570, in test_actual_http_sse_preserves_nested_progress_and_delivery_discriminators
    stream = await app.client.get(f"/api/v1/jobs/{job_id}/stream")
             ^^^^^^^^^^^^^^^^^^^^^^^^^^^^^^^^^^^^^^^^^^^^^^^^^^^^^
  File "/private/tmp/kodezart-v03-recovery-scope-runtime/.venv/lib/python3.12/site-packages/httpx/_client.py", line 1768, in get
    return await self.request(
           ^^^^^^^^^^^^^^^^^^^
  File "/private/tmp/kodezart-v03-recovery-scope-runtime/.venv/lib/python3.12/site-packages/httpx/_client.py", line 1540, in request
    return await self.send(request, auth=auth, follow_redirects=follow_redirects)
           ^^^^^^^^^^^^^^^^^^^^^^^^^^^^^^^^^^^^^^^^^^^^^^^^^^^^^^^^^^^^^^^^^^^^^^
  File "/private/tmp/kodezart-v03-recovery-scope-runtime/.venv/lib/python3.12/site-packages/httpx/_client.py", line 1629, in send
    response = await self._send_handling_auth(
               ^^^^^^^^^^^^^^^^^^^^^^^^^^^^^^^
  File "/private/tmp/kodezart-v03-recovery-scope-runtime/.venv/lib/python3.12/site-packages/httpx/_client.py", line 1657, in _send_handling_auth
    response = await self._send_handling_redirects(
               ^^^^^^^^^^^^^^^^^^^^^^^^^^^^^^^^^^^^
  File "/private/tmp/kodezart-v03-recovery-scope-runtime/.venv/lib/python3.12/site-packages/httpx/_client.py", line 1694, in _send_handling_redirects
    response = await self._send_single_request(request)
               ^^^^^^^^^^^^^^^^^^^^^^^^^^^^^^^^^^^^^^^^
  File "/private/tmp/kodezart-v03-recovery-scope-runtime/.venv/lib/python3.12/site-packages/httpx/_client.py", line 1730, in _send_single_request
    response = await transport.handle_async_request(request)
               ^^^^^^^^^^^^^^^^^^^^^^^^^^^^^^^^^^^^^^^^^^^^^
  File "/private/tmp/kodezart-v03-recovery-scope-runtime/.venv/lib/python3.12/site-packages/httpx/_transports/asgi.py", line 170, in handle_async_request
    await self.app(scope, receive, send)
  File "/private/tmp/kodezart-v03-recovery-scope-runtime/.venv/lib/python3.12/site-packages/fastapi/applications.py", line 1160, in __call__
    await super().__call__(scope, receive, send)
  File "/private/tmp/kodezart-v03-recovery-scope-runtime/.venv/lib/python3.12/site-packages/starlette/applications.py", line 107, in __call__
    await self.middleware_stack(scope, receive, send)
  File "/private/tmp/kodezart-v03-recovery-scope-runtime/.venv/lib/python3.12/site-packages/starlette/middleware/errors.py", line 186, in __call__
    raise exc
  File "/private/tmp/kodezart-v03-recovery-scope-runtime/.venv/lib/python3.12/site-packages/starlette/middleware/errors.py", line 164, in __call__
    await self.app(scope, receive, _send)
  File "/private/tmp/kodezart-v03-recovery-scope-runtime/.venv/lib/python3.12/site-packages/starlette/middleware/exceptions.py", line 63, in __call__
    await wrap_app_handling_exceptions(self.app, conn)(scope, receive, send)
  File "/private/tmp/kodezart-v03-recovery-scope-runtime/.venv/lib/python3.12/site-packages/starlette/_exception_handler.py", line 53, in wrapped_app
    raise exc
  File "/private/tmp/kodezart-v03-recovery-scope-runtime/.venv/lib/python3.12/site-packages/starlette/_exception_handler.py", line 42, in wrapped_app
    await app(scope, receive, sender)
  File "/private/tmp/kodezart-v03-recovery-scope-runtime/.venv/lib/python3.12/site-packages/fastapi/middleware/asyncexitstack.py", line 18, in __call__
    await self.app(scope, receive, send)
  File "/private/tmp/kodezart-v03-recovery-scope-runtime/.venv/lib/python3.12/site-packages/starlette/routing.py", line 716, in __call__
    await self.middleware_stack(scope, receive, send)
  File "/private/tmp/kodezart-v03-recovery-scope-runtime/.venv/lib/python3.12/site-packages/starlette/routing.py", line 736, in app
    await route.handle(scope, receive, send)
  File "/private/tmp/kodezart-v03-recovery-scope-runtime/.venv/lib/python3.12/site-packages/starlette/routing.py", line 290, in handle
    await self.app(scope, receive, send)
  File "/private/tmp/kodezart-v03-recovery-scope-runtime/.venv/lib/python3.12/site-packages/fastapi/routing.py", line 130, in app
    await wrap_app_handling_exceptions(app, request)(scope, receive, send)
  File "/private/tmp/kodezart-v03-recovery-scope-runtime/.venv/lib/python3.12/site-packages/starlette/_exception_handler.py", line 53, in wrapped_app
    raise exc
  File "/private/tmp/kodezart-v03-recovery-scope-runtime/.venv/lib/python3.12/site-packages/starlette/_exception_handler.py", line 42, in wrapped_app
    await app(scope, receive, sender)
  File "/private/tmp/kodezart-v03-recovery-scope-runtime/.venv/lib/python3.12/site-packages/fastapi/routing.py", line 117, in app
    await response(scope, receive, send)
  File "/private/tmp/kodezart-v03-recovery-scope-runtime/.venv/lib/python3.12/site-packages/starlette/responses.py", line 269, in __call__
    with collapse_excgroups():
         ^^^^^^^^^^^^^^^^^^^^
  File "/Users/kodezart/.local/share/uv/python/cpython-3.12.13-macos-aarch64-none/lib/python3.12/contextlib.py", line 158, in __exit__
    self.gen.throw(value)
  File "/private/tmp/kodezart-v03-recovery-scope-runtime/.venv/lib/python3.12/site-packages/starlette/_utils.py", line 87, in collapse_excgroups
    raise exc
  File "/private/tmp/kodezart-v03-recovery-scope-runtime/.venv/lib/python3.12/site-packages/starlette/responses.py", line 273, in wrap
    await func()
  File "/private/tmp/kodezart-v03-recovery-scope-runtime/.venv/lib/python3.12/site-packages/starlette/responses.py", line 253, in stream_response
    async for chunk in self.body_iterator:
  File "/private/tmp/kodezart-v03-recovery-scope-runtime/src/kodezart/api/v1/endpoints/jobs.py", line 67, in generate
    yield format_sse(event)
          ^^^^^^^^^^^^^^^^^
  File "/private/tmp/kodezart-v03-recovery-scope-runtime/src/kodezart/utils/sse.py", line 13, in format_sse
    return f"event: {event.get('type', 'message')}\ndata: {json.dumps(event)}\n\n"
                                                           ^^^^^^^^^^^^^^^^^
  File "/Users/kodezart/.local/share/uv/python/cpython-3.12.13-macos-aarch64-none/lib/python3.12/json/__init__.py", line 231, in dumps
    return _default_encoder.encode(obj)
           ^^^^^^^^^^^^^^^^^^^^^^^^^^^^
  File "/Users/kodezart/.local/share/uv/python/cpython-3.12.13-macos-aarch64-none/lib/python3.12/json/encoder.py", line 200, in encode
    chunks = self.iterencode(o, _one_shot=True)
             ^^^^^^^^^^^^^^^^^^^^^^^^^^^^^^^^^^
  File "/Users/kodezart/.local/share/uv/python/cpython-3.12.13-macos-aarch64-none/lib/python3.12/json/encoder.py", line 258, in iterencode
    return _iterencode(o, 0)
           ^^^^^^^^^^^^^^^^^
  File "/Users/kodezart/.local/share/uv/python/cpython-3.12.13-macos-aarch64-none/lib/python3.12/json/encoder.py", line 180, in default
    raise TypeError(f'Object of type {o.__class__.__name__} '
TypeError: Object of type datetime is not JSON serializable

During handling of the above exception, another exception occurred:

    async def test_actual_http_sse_preserves_nested_progress_and_delivery_discriminators():
        harness = runtime()
        async for app in _build_app(harness.engine, checkpointer=harness.saver):
            fired = await app.client.post(
                "/api/v1/agent/fire",
                json={
                    "prompt": "scope request",
                    "repoUrl": ORIGIN,
                    "scope": SCOPE.model_dump(mode="json"),
                },
            )
            assert fired.status_code == 202
            job_id = fired.json()["jobId"]
>           stream = await app.client.get(f"/api/v1/jobs/{job_id}/stream")
                     ^^^^^^^^^^^^^^^^^^^^^^^^^^^^^^^^^^^^^^^^^^^^^^^^^^^^^

tests/integration/test_scope_runtime.py:570: 
_ _ _ _ _ _ _ _ _ _ _ _ _ _ _ _ _ _ _ _ _ _ _ _ _ _ _ _ _ _ _ _ _ _ _ _ _ _ _ _ 
.venv/lib/python3.12/site-packages/httpx/_client.py:1768: in get
    return await self.request(
.venv/lib/python3.12/site-packages/httpx/_client.py:1540: in request
    return await self.send(request, auth=auth, follow_redirects=follow_redirects)
           ^^^^^^^^^^^^^^^^^^^^^^^^^^^^^^^^^^^^^^^^^^^^^^^^^^^^^^^^^^^^^^^^^^^^^^
.venv/lib/python3.12/site-packages/httpx/_client.py:1629: in send
    response = await self._send_handling_auth(
.venv/lib/python3.12/site-packages/httpx/_client.py:1657: in _send_handling_auth
    response = await self._send_handling_redirects(
.venv/lib/python3.12/site-packages/httpx/_client.py:1694: in _send_handling_redirects
    response = await self._send_single_request(request)
               ^^^^^^^^^^^^^^^^^^^^^^^^^^^^^^^^^^^^^^^^
.venv/lib/python3.12/site-packages/httpx/_client.py:1730: in _send_single_request
    response = await transport.handle_async_request(request)
               ^^^^^^^^^^^^^^^^^^^^^^^^^^^^^^^^^^^^^^^^^^^^^
.venv/lib/python3.12/site-packages/httpx/_transports/asgi.py:170: in handle_async_request
    await self.app(scope, receive, send)
.venv/lib/python3.12/site-packages/fastapi/applications.py:1160: in __call__
    await super().__call__(scope, receive, send)
.venv/lib/python3.12/site-packages/starlette/applications.py:107: in __call__
    await self.middleware_stack(scope, receive, send)
.venv/lib/python3.12/site-packages/starlette/middleware/errors.py:186: in __call__
    raise exc
.venv/lib/python3.12/site-packages/starlette/middleware/errors.py:164: in __call__
    await self.app(scope, receive, _send)
.venv/lib/python3.12/site-packages/starlette/middleware/exceptions.py:63: in __call__
    await wrap_app_handling_exceptions(self.app, conn)(scope, receive, send)
.venv/lib/python3.12/site-packages/starlette/_exception_handler.py:53: in wrapped_app
    raise exc
.venv/lib/python3.12/site-packages/starlette/_exception_handler.py:42: in wrapped_app
    await app(scope, receive, sender)
.venv/lib/python3.12/site-packages/fastapi/middleware/asyncexitstack.py:18: in __call__
    await self.app(scope, receive, send)
.venv/lib/python3.12/site-packages/starlette/routing.py:716: in __call__
    await self.middleware_stack(scope, receive, send)
.venv/lib/python3.12/site-packages/starlette/routing.py:736: in app
    await route.handle(scope, receive, send)
.venv/lib/python3.12/site-packages/starlette/routing.py:290: in handle
    await self.app(scope, receive, send)
.venv/lib/python3.12/site-packages/fastapi/routing.py:130: in app
    await wrap_app_handling_exceptions(app, request)(scope, receive, send)
.venv/lib/python3.12/site-packages/starlette/_exception_handler.py:53: in wrapped_app
    raise exc
.venv/lib/python3.12/site-packages/starlette/_exception_handler.py:42: in wrapped_app
    await app(scope, receive, sender)
.venv/lib/python3.12/site-packages/fastapi/routing.py:117: in app
    await response(scope, receive, send)
.venv/lib/python3.12/site-packages/starlette/responses.py:269: in __call__
    with collapse_excgroups():
         ^^^^^^^^^^^^^^^^^^^^
/Users/kodezart/.local/share/uv/python/cpython-3.12.13-macos-aarch64-none/lib/python3.12/contextlib.py:158: in __exit__
    self.gen.throw(value)
.venv/lib/python3.12/site-packages/starlette/_utils.py:87: in collapse_excgroups
    raise exc
.venv/lib/python3.12/site-packages/starlette/responses.py:273: in wrap
    await func()
.venv/lib/python3.12/site-packages/starlette/responses.py:253: in stream_response
    async for chunk in self.body_iterator:
src/kodezart/api/v1/endpoints/jobs.py:67: in generate
    yield format_sse(event)
          ^^^^^^^^^^^^^^^^^
src/kodezart/utils/sse.py:13: in format_sse
    return f"event: {event.get('type', 'message')}\ndata: {json.dumps(event)}\n\n"
                                                           ^^^^^^^^^^^^^^^^^
/Users/kodezart/.local/share/uv/python/cpython-3.12.13-macos-aarch64-none/lib/python3.12/json/__init__.py:231: in dumps
    return _default_encoder.encode(obj)
           ^^^^^^^^^^^^^^^^^^^^^^^^^^^^
/Users/kodezart/.local/share/uv/python/cpython-3.12.13-macos-aarch64-none/lib/python3.12/json/encoder.py:200: in encode
    chunks = self.iterencode(o, _one_shot=True)
             ^^^^^^^^^^^^^^^^^^^^^^^^^^^^^^^^^^
/Users/kodezart/.local/share/uv/python/cpython-3.12.13-macos-aarch64-none/lib/python3.12/json/encoder.py:258: in iterencode
    return _iterencode(o, 0)
           ^^^^^^^^^^^^^^^^^
_ _ _ _ _ _ _ _ _ _ _ _ _ _ _ _ _ _ _ _ _ _ _ _ _ _ _ _ _ _ _ _ _ _ _ _ _ _ _ _ 

self = <json.encoder.JSONEncoder object at 0x10166df40>
o = datetime.datetime(2026, 9, 12, 13, 54, 12, 494596, tzinfo=datetime.timezone.utc)

    def default(self, o):
        """Implement this method in a subclass such that it returns
        a serializable object for ``o``, or calls the base implementation
        (to raise a ``TypeError``).
    
        For example, to support arbitrary iterators, you could
        implement default like this::
    
            def default(self, o):
                try:
                    iterable = iter(o)
                except TypeError:
                    pass
                else:
                    return list(iterable)
                # Let the base class default method raise the TypeError
                return super().default(o)
    
        """
>       raise TypeError(f'Object of type {o.__class__.__name__} '
                        f'is not JSON serializable')
E       TypeError: Object of type datetime is not JSON serializable

/Users/kodezart/.local/share/uv/python/cpython-3.12.13-macos-aarch64-none/lib/python3.12/json/encoder.py:180: TypeError
----------------------------- Captured stdout call -----------------------------
2026-09-12 15:54:12 [debug    ] fire_workflow_endpoint
2026-09-12 15:54:12 [info     ] job_submitted                  job_id=18e6eb011b20484dbdbec32286a75e9b lane=workflow queue_position=1
2026-09-12 15:54:12 [info     ] job_started                    job_id=18e6eb011b20484dbdbec32286a75e9b lane=workflow
2026-09-12 15:54:12 [debug    ] stream_job_endpoint            job_id=18e6eb011b20484dbdbec32286a75e9b
2026-09-12 15:54:12 [info     ] forge_capabilities_selected    forge_less_origin=False repo_url=file:///scope-repository.git
2026-09-12 15:54:12 [debug    ] agent_job_attach_requested     job_id=18e6eb011b20484dbdbec32286a75e9b
2026-09-12 15:54:12 [debug    ] no_forge_delivery_probe_answered issue_key=A repo_url=file:///scope-repository.git
2026-09-12 15:54:12 [debug    ] no_forge_delivery_probe_answered issue_key=A repo_url=file:///scope-repository.git
2026-09-12 15:54:12 [info     ] repo_visibility_resolved       repo_url=file:///scope-repository.git visibility=unknown
2026-09-12 15:54:12 [info     ] scope_base_resolved            base_branch=trunk base_role=None input_count=0
2026-09-12 15:54:12 [debug    ] output_format_requested        format_type=json_schema
2026-09-12 15:54:12 [info     ] stream_drained                 duration_api_ms=1 duration_ms=1 event_count=2 events={'system': 1, 'result': 1} has_structured_output=True is_error=False num_turns=1 rate_limit_rejected=False result_event_observed=True result_tail=None session_id=fake site=branch_name stop_reason=None subtype=result total_cost_usd=None usage=None
2026-09-12 15:54:12 [info     ] outbound_content_gated         categories=[] content_digest=23a116c5a2a543a9ec246e0f2e6a02ffad6700608ccf30ac8590785c69feebf6 failure=None hits=[] surface=publication verdict=clean visibility=unknown writer=branch_name
2026-09-12 15:54:12 [info     ] fire_criteria_read             named=1 owed=['A/check'] read_at_version=2026-01-01T00:00:00+00:00 subject=A
2026-09-12 15:54:12 [info     ] fire_criteria_read             named=1 owed=['A/check'] read_at_version=2026-01-01T00:00:00+00:00 subject=A
2026-09-12 15:54:12 [info     ] fire_criteria_read             named=1 owed=['A/check'] read_at_version=2026-01-01T00:00:00+00:00 subject=A
2026-09-12 15:54:12 [info     ] fire_criteria_read             named=1 owed=['A/check'] read_at_version=2026-01-01T00:00:00+00:00 subject=A
2026-09-12 15:54:12 [debug    ] output_format_requested        format_type=json_schema
2026-09-12 15:54:12 [info     ] stream_drained                 duration_api_ms=1 duration_ms=1 event_count=2 events={'system': 1, 'result': 1} has_structured_output=True is_error=False num_turns=1 rate_limit_rejected=False result_event_observed=True result_tail=None session_id=native-session site=ralph_evaluator stop_reason=None subtype=result total_cost_usd=None usage=None
--------------------------- Captured stdout teardown ---------------------------
2026-09-12 15:54:13 [info     ] job_queue_stopped              abandoned=1 lanes=1 outcome=shutdown_abandoned
=========================== short test summary info ============================
FAILED tests/integration/test_scope_runtime.py::test_actual_http_sse_preserves_nested_progress_and_delivery_discriminators
1 failed, 19 passed in 13.64s
