................................F......                                  [100%]
=================================== FAILURES ===================================
__ test_actual_http_sse_preserves_nested_progress_and_delivery_discriminators __

    async def test_actual_http_sse_preserves_nested_progress_and_delivery_discriminators():
        harness = runtime()
        async for app in _build_app(harness.engine, checkpointer=harness.saver):
            fired = await app.client.post(
                "/api/v1/agent/fire",
                json={
                    "prompt": "scope request",
                    "repoUrl": ORIGIN,
                    "scope": SCOPE.model_dump(mode="json"),
                },
            )
            assert fired.status_code == 202
            job_id = fired.json()["jobId"]
            stream = await app.client.get(f"/api/v1/jobs/{job_id}/stream")
            assert stream.status_code == 200
            assert stream.headers["content-type"].startswith("text/event-stream")
            events = [
                json.loads(line[6:])
                for line in stream.text.splitlines()
                if line.startswith("data: ")
            ]
            assert not [event for event in events if event["type"] == "error"]
            lane_events = [event for event in events if event["type"] == "scope_lane"]
            assert lane_events and all(event["laneKey"] == "A" for event in lane_events)
>           assert all(
                ScopeLaneEvent.model_validate_json(json.dumps(event)).lane_key == "A"
                for event in lane_events
            )

tests/integration/test_scope_runtime.py:607: 
_ _ _ _ _ _ _ _ _ _ _ _ _ _ _ _ _ _ _ _ _ _ _ _ _ _ _ _ _ _ _ _ _ _ _ _ _ _ _ _ 

.0 = <list_iterator object at 0x10a8d7820>

    assert all(
>       ScopeLaneEvent.model_validate_json(json.dumps(event)).lane_key == "A"
        ^^^^^^^^^^^^^^^^^^^^^^^^^^^^^^^^^^^^^^^^^^^^^^^^^^^^^
        for event in lane_events
    )
E   pydantic_core._pydantic_core.ValidationError: 1 validation error for ScopeLaneEvent
E   event.workflow_scope_base.workflow_scope_base.baseRole
E     Field required [type=missing, input_value={'type': 'workflow_scope_...: 'trunk', 'inputs': []}, input_type=dict]
E       For further information visit https://errors.pydantic.dev/2.12/v/missing

tests/integration/test_scope_runtime.py:608: ValidationError
----------------------------- Captured stdout call -----------------------------
2026-09-12 16:14:53 [debug    ] fire_workflow_endpoint
2026-09-12 16:14:53 [info     ] job_submitted                  job_id=1e4fcddd23bc4015845083471941bc7b lane=workflow queue_position=1
2026-09-12 16:14:53 [info     ] job_started                    job_id=1e4fcddd23bc4015845083471941bc7b lane=workflow
2026-09-12 16:14:53 [debug    ] stream_job_endpoint            job_id=1e4fcddd23bc4015845083471941bc7b
2026-09-12 16:14:53 [info     ] forge_capabilities_selected    forge_less_origin=False repo_url=file:///scope-repository.git
2026-09-12 16:14:53 [debug    ] agent_job_attach_requested     job_id=1e4fcddd23bc4015845083471941bc7b
2026-09-12 16:14:53 [debug    ] no_forge_delivery_probe_answered issue_key=A repo_url=file:///scope-repository.git
2026-09-12 16:14:53 [debug    ] no_forge_delivery_probe_answered issue_key=A repo_url=file:///scope-repository.git
2026-09-12 16:14:53 [info     ] repo_visibility_resolved       repo_url=file:///scope-repository.git visibility=unknown
2026-09-12 16:14:53 [info     ] scope_base_resolved            base_branch=trunk base_role=None input_count=0
2026-09-12 16:14:53 [debug    ] output_format_requested        format_type=json_schema
2026-09-12 16:14:53 [info     ] stream_drained                 duration_api_ms=1 duration_ms=1 event_count=2 events={'system': 1, 'result': 1} has_structured_output=True is_error=False num_turns=1 rate_limit_rejected=False result_event_observed=True result_tail=None session_id=fake site=branch_name stop_reason=None subtype=result total_cost_usd=None usage=None
2026-09-12 16:14:53 [info     ] outbound_content_gated         categories=[] content_digest=23a116c5a2a543a9ec246e0f2e6a02ffad6700608ccf30ac8590785c69feebf6 failure=None hits=[] surface=publication verdict=clean visibility=unknown writer=branch_name
2026-09-12 16:14:53 [info     ] fire_criteria_read             named=1 owed=['A/check'] read_at_version=2026-01-01T00:00:00+00:00 subject=A
2026-09-12 16:14:53 [info     ] fire_criteria_read             named=1 owed=['A/check'] read_at_version=2026-01-01T00:00:00+00:00 subject=A
2026-09-12 16:14:53 [info     ] fire_criteria_read             named=1 owed=['A/check'] read_at_version=2026-01-01T00:00:00+00:00 subject=A
2026-09-12 16:14:53 [info     ] fire_criteria_read             named=1 owed=['A/check'] read_at_version=2026-01-01T00:00:00+00:00 subject=A
2026-09-12 16:14:53 [debug    ] output_format_requested        format_type=json_schema
2026-09-12 16:14:53 [info     ] stream_drained                 duration_api_ms=1 duration_ms=1 event_count=2 events={'system': 1, 'result': 1} has_structured_output=True is_error=False num_turns=1 rate_limit_rejected=False result_event_observed=True result_tail=None session_id=native-session site=ralph_evaluator stop_reason=None subtype=result total_cost_usd=None usage=None
2026-09-12 16:14:53 [info     ] fire_criteria_read             named=1 owed=['A/check'] read_at_version=2026-01-01T00:00:00+00:00 subject=A
2026-09-12 16:14:53 [info     ] fire_criteria_read             named=1 owed=['A/check'] read_at_version=2026-01-01T00:00:00+00:00 subject=A
2026-09-12 16:14:53 [debug    ] output_format_requested        format_type=json_schema
2026-09-12 16:14:53 [info     ] stream_drained                 duration_api_ms=1 duration_ms=1 event_count=2 events={'system': 1, 'result': 1} has_structured_output=True is_error=False num_turns=1 rate_limit_rejected=False result_event_observed=True result_tail=None session_id=native-session site=post_merge_review stop_reason=None subtype=result total_cost_usd=None usage=None
2026-09-12 16:14:53 [info     ] fire_criteria_read             named=1 owed=['A/check'] read_at_version=2026-01-01T00:00:00+00:00 subject=A
2026-09-12 16:14:53 [info     ] fire_criteria_read             named=1 owed=['A/check'] read_at_version=2026-01-01T00:00:00+00:00 subject=A
2026-09-12 16:14:53 [info     ] fire_criteria_read             named=1 owed=['A/check'] read_at_version=2026-01-01T00:00:00+00:00 subject=A
2026-09-12 16:14:53 [info     ] job_finished                   job_id=1e4fcddd23bc4015845083471941bc7b lane=workflow outcome=None
--------------------------- Captured stdout teardown ---------------------------
2026-09-12 16:14:54 [info     ] job_queue_stopped              abandoned=0 lanes=1 outcome=shutdown_abandoned
=========================== short test summary info ============================
FAILED tests/integration/test_scope_runtime.py::test_actual_http_sse_preserves_nested_progress_and_delivery_discriminators
1 failed, 38 passed in 20.61s
