Using CPython 3.12.13
Creating virtual environment at: .venv
   Building kodezart @ file:///private/tmp/kodezart-v03-recovery-classification-before
warning: `build_system.requires = ["uv-build>=0.10.9,<0.11.0"]` does not contain the current uv version 0.11.6
      Built kodezart @ file:///private/tmp/kodezart-v03-recovery-classification-before
Installed 174 packages in 1.55s
FFF..                                                                    [100%]
=================================== FAILURES ===================================
____ test_escalation_label_write_requires_current_grant_after_waits[expiry] ____

monkeypatch = <_pytest.monkeypatch.MonkeyPatch object at 0x10c3e79e0>
change = 'expiry'

    @pytest.mark.parametrize(
        "change", ["expiry", "withdrawal", "retry", "unchanged", "retry_unchanged"]
    )
    async def test_escalation_label_write_requires_current_grant_after_waits(
        monkeypatch, change
    ):
        board = _Board()
        tracker = tracker_over(
            board.server,
            caller=board,
            max_retries=2,
            clock=lambda: board.now,
            issue_labels={"decision": "decision-needed"},
        )
        writer = LaneEscalationWriter(
            tracker=tracker,
            gate=PassThroughGate(),
            surface_lease_seconds=900,
            operation=OperationConfig(
                operation_name="fixture",
                workspace="fixture",
                marker_prefixes={"escalation": "escalation"},
                issue_labels={"decision": "decision-needed"},
            ),
        )
        actual = board.call_tool
        recorded = False
        altered = False
        attempts = 0
    
        async def call(*, name, arguments):
            nonlocal recorded, altered, attempts
            if name == "save_comment" and str(arguments.get("body", "")).startswith(
                "[escalation:"
            ):
                recorded = True
            if (
                name == "get_issue"
                and recorded
                and not altered
                and change in {"expiry", "withdrawal"}
            ):
                altered = True
                if change == "expiry":
                    board.now = max(
                        (c.updated_at or c.created_at) for c in board.server.comments
                    ) + timedelta(seconds=901)
                else:
                    board.server.comments[:] = [
                        c for c in board.server.comments if "kind: lease\n" not in c.body
                    ]
            if name == "save_issue" and "addLabels" in arguments:
                attempts += 1
                if change.startswith("retry") and attempts == 1:
                    altered = True
                    if change == "retry":
                        board.server.comments[:] = [
                            c
                            for c in board.server.comments
                            if "kind: lease\n" not in c.body
                        ]
                    raise McpTransportError("not sent", server_name="fixture")
            return await actual(name=name, arguments=arguments)
    
        monkeypatch.setattr(board, "call_tool", call)
    
        async def publish():
            return await writer.raise_escalation(
                lane_key="actual-lane",
                job_id="actual-parent-job",
                visibility=RepoVisibility.PUBLIC,
                escalation=LaneEscalation(
                    issue_id=CLAIMED_ISSUE,
                    escalation_key="measured-cost",
                    raised_by="actual-parent-job",
                    question="Resolve measured cost",
                    interim_reading="UPHELD",
                    interim_basis="Actual measured cost",
                    raised_at_sha="a" * 40,
                ),
            )
    
        if change in {"unchanged", "retry_unchanged"}:
            await publish()
            assert "decision-needed" in board.server.issues[CLAIMED_ISSUE].labels
            assert attempts == (2 if change == "retry_unchanged" else 1)
        else:
>           with pytest.raises(SurfaceLeaseError):
                 ^^^^^^^^^^^^^^^^^^^^^^^^^^^^^^^^
E           Failed: DID NOT RAISE <class 'kodezart.domain.errors.SurfaceLeaseError'>

tests/tracker/test_classification_authority.py:106: Failed
----------------------------- Captured stdout call -----------------------------
2026-09-12 19:45:48 [info     ] outbound_content_gated         categories=[] content_digest=a4650de89444accce04130ab6ada172c672bfd6ec0a1e5ee3ca7136e26918a98 failure=None hits=[] surface=tracker verdict=clean visibility=public writer=tracker_comment
__ test_escalation_label_write_requires_current_grant_after_waits[withdrawal] __

monkeypatch = <_pytest.monkeypatch.MonkeyPatch object at 0x10c50bf50>
change = 'withdrawal'

    @pytest.mark.parametrize(
        "change", ["expiry", "withdrawal", "retry", "unchanged", "retry_unchanged"]
    )
    async def test_escalation_label_write_requires_current_grant_after_waits(
        monkeypatch, change
    ):
        board = _Board()
        tracker = tracker_over(
            board.server,
            caller=board,
            max_retries=2,
            clock=lambda: board.now,
            issue_labels={"decision": "decision-needed"},
        )
        writer = LaneEscalationWriter(
            tracker=tracker,
            gate=PassThroughGate(),
            surface_lease_seconds=900,
            operation=OperationConfig(
                operation_name="fixture",
                workspace="fixture",
                marker_prefixes={"escalation": "escalation"},
                issue_labels={"decision": "decision-needed"},
            ),
        )
        actual = board.call_tool
        recorded = False
        altered = False
        attempts = 0
    
        async def call(*, name, arguments):
            nonlocal recorded, altered, attempts
            if name == "save_comment" and str(arguments.get("body", "")).startswith(
                "[escalation:"
            ):
                recorded = True
            if (
                name == "get_issue"
                and recorded
                and not altered
                and change in {"expiry", "withdrawal"}
            ):
                altered = True
                if change == "expiry":
                    board.now = max(
                        (c.updated_at or c.created_at) for c in board.server.comments
                    ) + timedelta(seconds=901)
                else:
                    board.server.comments[:] = [
                        c for c in board.server.comments if "kind: lease\n" not in c.body
                    ]
            if name == "save_issue" and "addLabels" in arguments:
                attempts += 1
                if change.startswith("retry") and attempts == 1:
                    altered = True
                    if change == "retry":
                        board.server.comments[:] = [
                            c
                            for c in board.server.comments
                            if "kind: lease\n" not in c.body
                        ]
                    raise McpTransportError("not sent", server_name="fixture")
            return await actual(name=name, arguments=arguments)
    
        monkeypatch.setattr(board, "call_tool", call)
    
        async def publish():
            return await writer.raise_escalation(
                lane_key="actual-lane",
                job_id="actual-parent-job",
                visibility=RepoVisibility.PUBLIC,
                escalation=LaneEscalation(
                    issue_id=CLAIMED_ISSUE,
                    escalation_key="measured-cost",
                    raised_by="actual-parent-job",
                    question="Resolve measured cost",
                    interim_reading="UPHELD",
                    interim_basis="Actual measured cost",
                    raised_at_sha="a" * 40,
                ),
            )
    
        if change in {"unchanged", "retry_unchanged"}:
            await publish()
            assert "decision-needed" in board.server.issues[CLAIMED_ISSUE].labels
            assert attempts == (2 if change == "retry_unchanged" else 1)
        else:
>           with pytest.raises(SurfaceLeaseError):
                 ^^^^^^^^^^^^^^^^^^^^^^^^^^^^^^^^
E           Failed: DID NOT RAISE <class 'kodezart.domain.errors.SurfaceLeaseError'>

tests/tracker/test_classification_authority.py:106: Failed
----------------------------- Captured stdout call -----------------------------
2026-09-12 19:45:48 [info     ] outbound_content_gated         categories=[] content_digest=a4650de89444accce04130ab6ada172c672bfd6ec0a1e5ee3ca7136e26918a98 failure=None hits=[] surface=tracker verdict=clean visibility=public writer=tracker_comment
____ test_escalation_label_write_requires_current_grant_after_waits[retry] _____

monkeypatch = <_pytest.monkeypatch.MonkeyPatch object at 0x10c3f1b20>
change = 'retry'

    @pytest.mark.parametrize(
        "change", ["expiry", "withdrawal", "retry", "unchanged", "retry_unchanged"]
    )
    async def test_escalation_label_write_requires_current_grant_after_waits(
        monkeypatch, change
    ):
        board = _Board()
        tracker = tracker_over(
            board.server,
            caller=board,
            max_retries=2,
            clock=lambda: board.now,
            issue_labels={"decision": "decision-needed"},
        )
        writer = LaneEscalationWriter(
            tracker=tracker,
            gate=PassThroughGate(),
            surface_lease_seconds=900,
            operation=OperationConfig(
                operation_name="fixture",
                workspace="fixture",
                marker_prefixes={"escalation": "escalation"},
                issue_labels={"decision": "decision-needed"},
            ),
        )
        actual = board.call_tool
        recorded = False
        altered = False
        attempts = 0
    
        async def call(*, name, arguments):
            nonlocal recorded, altered, attempts
            if name == "save_comment" and str(arguments.get("body", "")).startswith(
                "[escalation:"
            ):
                recorded = True
            if (
                name == "get_issue"
                and recorded
                and not altered
                and change in {"expiry", "withdrawal"}
            ):
                altered = True
                if change == "expiry":
                    board.now = max(
                        (c.updated_at or c.created_at) for c in board.server.comments
                    ) + timedelta(seconds=901)
                else:
                    board.server.comments[:] = [
                        c for c in board.server.comments if "kind: lease\n" not in c.body
                    ]
            if name == "save_issue" and "addLabels" in arguments:
                attempts += 1
                if change.startswith("retry") and attempts == 1:
                    altered = True
                    if change == "retry":
                        board.server.comments[:] = [
                            c
                            for c in board.server.comments
                            if "kind: lease\n" not in c.body
                        ]
                    raise McpTransportError("not sent", server_name="fixture")
            return await actual(name=name, arguments=arguments)
    
        monkeypatch.setattr(board, "call_tool", call)
    
        async def publish():
            return await writer.raise_escalation(
                lane_key="actual-lane",
                job_id="actual-parent-job",
                visibility=RepoVisibility.PUBLIC,
                escalation=LaneEscalation(
                    issue_id=CLAIMED_ISSUE,
                    escalation_key="measured-cost",
                    raised_by="actual-parent-job",
                    question="Resolve measured cost",
                    interim_reading="UPHELD",
                    interim_basis="Actual measured cost",
                    raised_at_sha="a" * 40,
                ),
            )
    
        if change in {"unchanged", "retry_unchanged"}:
            await publish()
            assert "decision-needed" in board.server.issues[CLAIMED_ISSUE].labels
            assert attempts == (2 if change == "retry_unchanged" else 1)
        else:
>           with pytest.raises(SurfaceLeaseError):
                 ^^^^^^^^^^^^^^^^^^^^^^^^^^^^^^^^
E           Failed: DID NOT RAISE <class 'kodezart.domain.errors.SurfaceLeaseError'>

tests/tracker/test_classification_authority.py:106: Failed
----------------------------- Captured stdout call -----------------------------
2026-09-12 19:45:48 [info     ] outbound_content_gated         categories=[] content_digest=a4650de89444accce04130ab6ada172c672bfd6ec0a1e5ee3ca7136e26918a98 failure=None hits=[] surface=tracker verdict=clean visibility=public writer=tracker_comment
2026-09-12 19:45:48 [warning  ] tracker_mcp_retry              attempt=0 delay_seconds=0.0 tool=save_issue
=========================== short test summary info ============================
FAILED tests/tracker/test_classification_authority.py::test_escalation_label_write_requires_current_grant_after_waits[expiry]
FAILED tests/tracker/test_classification_authority.py::test_escalation_label_write_requires_current_grant_after_waits[withdrawal]
FAILED tests/tracker/test_classification_authority.py::test_escalation_label_write_requires_current_grant_after_waits[retry]
3 failed, 2 passed in 1.31s
