F                                                                        [100%]
=================================== FAILURES ===================================
_______ test_direct_commit_with_malformed_output_still_retains_workspace _______

repository = (PosixPath('/private/var/folders/lv/b1m7q5dj1yd5gn9s9rknw43h0000gq/T/pytest-of-kodezart/pytest-1758/test_direct_commit_with_malfor0/repo'), 'cc765be855a7d94b469b9aa585950af807b10f91')

    async def test_direct_commit_with_malformed_output_still_retains_workspace(repository):
        async def malformed(title, payload, kwargs):
            if title == "NativeWriterOutput":
                payload.clear()
                payload["unknown"] = "malformed writer result"
        executor = Executor(claim=False, direct_commit=True, mutate=malformed)
        service, guard, workspace, _ = await build(repository, executor)
        try:
            with pytest.raises(NativeWriteRefusalError, match="Writer HEAD changed"):
>               await drive(service, guard, repository)

tests/services/test_native_amendments.py:181: 
_ _ _ _ _ _ _ _ _ _ _ _ _ _ _ _ _ _ _ _ _ _ _ _ _ _ _ _ _ _ _ _ _ _ _ _ _ _ _ _ 
tests/services/test_native_amendments.py:157: in drive
    return [event async for event in service.stream_workflow(
src/kodezart/services/agent_service.py:148: in stream_workflow
    async for event in self._run_in_workspace(
_ _ _ _ _ _ _ _ _ _ _ _ _ _ _ _ _ _ _ _ _ _ _ _ _ _ _ _ _ _ _ _ _ _ _ _ _ _ _ _ 

self = <kodezart.services.agent_service.AgentService object at 0x10e58d670>

    async def _run_in_workspace(
        self,
        *,
        prompt: str,
        repo_path: str | None,
        repo_url: str | None,
        ref: str,
        branch_name: str | None = None,
        create_branch: bool = True,
        permission_mode: PermissionMode,
        allowed_tools: AllowedTools,
        skills: SkillsSelection,
        session_type: SessionType,
        run_identity: RunIdentity | None = None,
        agents: Sequence[AgentDefinition] = NO_SUBAGENTS,
        session_policy: SessionPolicy = UNCONFIGURED_SESSION_POLICY,
        visibility: RepoVisibility = RepoVisibility.UNKNOWN,
        session_id: str | None = None,
        output_format: dict[str, object] | None = None,
        persist_branch: str | None = None,
        cache_key: str | None = None,
        native_guard: NativeWriteGuard | None = None,
    ) -> AsyncGenerator[AgentEvent, None]:
        if repo_url is not None:
            repo_url = resolve_repo_url(repo_url, self._git_base_url)
    
        try:
            workspace_path = await self._workspace.acquire(
                repo_path=repo_path,
                repo_url=repo_url,
                ref=ref,
                branch_name=branch_name,
                create_branch=create_branch,
                cache_key=cache_key,
            )
        except WorkspaceError as exc:
            # Log at exception level BEFORE yielding the typed
            # ``ErrorEvent``.  Never silently downgrade a failed
            # workspace acquire to a bare yielded event with no log
            # line — that masks the failure in production observability.
            # ``exc_info=sys.exc_info()`` is passed explicitly to harden
            # against async-executor context loss
            # (hynek/structlog#488 class).
            await self._log.aexception(
                "agent_service_workspace_acquire_failed",
                error=str(exc),
                error_kind=type(exc).__name__,
                exc_info=sys.exc_info(),
            )
            yield build_error_event(exc)
            return
    
        retain_workspace = False
        try:
            native_start: NativeWriterStart | None = None
            if native_guard is not None:
                if self._persister is None or not persist_branch:
                    raise NativeWriteRefusalError("Native persistence is not configured")
                native_start = await native_guard.begin(workspace_path=workspace_path)
                prompt += "\n\n" + native_start.instructions
                output_format = {"type": "json_schema", "schema": NATIVE_WRITER_SCHEMA}
            buffered_result: ResultEvent | None = None
            async for event in self._executor.stream(
                prompt=prompt,
                cwd=workspace_path,
                permission_mode=permission_mode,
                allowed_tools=allowed_tools,
                skills=skills,
                session_type=session_type,
                run_identity=run_identity,
                agents=agents,
                session_policy=session_policy,
                session_id=session_id,
                output_format=output_format,
            ):
                if isinstance(event, ResultEvent):
                    buffered_result = event
                else:
                    yield event
    
            before_commit = None
            if native_guard is not None and native_start is not None:
                if (
                    buffered_result is None or buffered_result.is_error
                    or buffered_result.structured_output is None
                ):
                    raise NativeWriteRefusalError("The native writer returned no claim report")
>               output = NativeWriterOutput.model_validate(buffered_result.structured_output)
                         ^^^^^^^^^^^^^^^^^^^^^^^^^^^^^^^^^^^^^^^^^^^^^^^^^^^^^^^^^^^^^^^^^^^^
E               pydantic_core._pydantic_core.ValidationError: 2 validation errors for NativeWriterOutput
E               claims
E                 Field required [type=missing, input_value={'unknown': 'malformed writer result'}, input_type=dict]
E                   For further information visit https://errors.pydantic.dev/2.12/v/missing
E               unknown
E                 Extra inputs are not permitted [type=extra_forbidden, input_value='malformed writer result', input_type=str]
E                   For further information visit https://errors.pydantic.dev/2.12/v/extra_forbidden

src/kodezart/services/agent_service.py:260: ValidationError
----------------------------- Captured stdout call -----------------------------
2026-09-12 17:33:55 [info     ] fire_criteria_read             named=3 owed=['fire/owed-direct', 'fire/owed-direct-2', 'fire/owed-nested'] read_at_version=2026-01-01T00:00:00+00:00 subject=fire/subject
2026-09-12 17:33:55 [info     ] workspace_acquired             path=/var/folders/lv/b1m7q5dj1yd5gn9s9rknw43h0000gq/T/kodezart-d58c68e9ba884b759159bf1272545692 workspace_id=d58c68e9ba884b759159bf1272545692
2026-09-12 17:33:56 [info     ] fire_criteria_read             named=3 owed=['fire/owed-direct', 'fire/owed-direct-2', 'fire/owed-nested'] read_at_version=2026-01-01T00:00:00+00:00 subject=fire/subject
2026-09-12 17:33:56 [info     ] workspace_released             workspace_id=d58c68e9ba884b759159bf1272545692
=========================== short test summary info ============================
FAILED tests/services/test_native_amendments.py::test_direct_commit_with_malformed_output_still_retains_workspace
1 failed in 3.13s
