['/Users/kodezart/.local/bin/uv', 'run', 'ruff', 'format', 'src/kodezart/adapters/git_change_persister.py', 'src/kodezart/chains/ralph_loop.py', 'src/kodezart/composition/engine.py', 'src/kodezart/core/protocols.py', 'src/kodezart/domain/amendment.py', 'src/kodezart/main.py', 'src/kodezart/services/agent_service.py', 'src/kodezart/services/native_amendments.py', 'src/kodezart/types/domain/agent.py', 'src/kodezart/types/domain/amendment.py', 'src/kodezart/types/domain/prompts.py', 'src/kodezart/types/domain/ruling_id.py', 'src/kodezart/types/domain/workflow.py', 'tests/chains/test_dispatch_definitions.py', 'tests/chains/test_native_amendment_runtime.py', 'tests/domain/test_amendment.py', 'tests/fakes.py', 'tests/prompt_census.py', 'tests/services/test_native_amendments.py', 'tests/types/test_wire_schemas.py']
3 files reformatted, 17 files left unchanged
['/Users/kodezart/.local/bin/uv', 'run', 'ruff', 'check', 'src/kodezart/adapters/git_change_persister.py', 'src/kodezart/chains/ralph_loop.py', 'src/kodezart/composition/engine.py', 'src/kodezart/core/protocols.py', 'src/kodezart/domain/amendment.py', 'src/kodezart/main.py', 'src/kodezart/services/agent_service.py', 'src/kodezart/services/native_amendments.py', 'src/kodezart/types/domain/agent.py', 'src/kodezart/types/domain/amendment.py', 'src/kodezart/types/domain/prompts.py', 'src/kodezart/types/domain/ruling_id.py', 'src/kodezart/types/domain/workflow.py', 'tests/chains/test_dispatch_definitions.py', 'tests/chains/test_native_amendment_runtime.py', 'tests/domain/test_amendment.py', 'tests/fakes.py', 'tests/prompt_census.py', 'tests/services/test_native_amendments.py', 'tests/types/test_wire_schemas.py']
E501 Line too long (94 > 88)
  --> src/kodezart/types/domain/amendment.py:64:89
   |
62 |     model_config = ConfigDict(frozen=True)
63 |     subject: AmendmentSubject = Field(
64 |         description="The current criterion or pinned ruling from which departure is proposed."
   |                                                                                         ^^^^^^
65 |     )
66 |     stage: Literal["implementation"] = Field(
   |

E501 Line too long (92 > 88)
  --> src/kodezart/types/domain/amendment.py:67:89
   |
65 |     )
66 |     stage: Literal["implementation"] = Field(
67 |         description="The actual shared native writing stage, including remediation reentry."
   |                                                                                         ^^^^
68 |     )
69 |     ground: AmendmentGround = Field(
   |

E501 Line too long (92 > 88)
  --> src/kodezart/types/domain/amendment.py:70:89
   |
68 |     )
69 |     ground: AmendmentGround = Field(
70 |         description="One of the four asserted semantic grounds, to be independently tested."
   |                                                                                         ^^^^
71 |     )
72 |     departure: Nonblank = Field(
   |

E501 Line too long (102 > 88)
  --> src/kodezart/types/domain/amendment.py:73:89
   |
71 |     )
72 |     departure: Nonblank = Field(
73 |         description="The proposed behavioral departure alone, without writer reasoning or transcript."
   |                                                                                         ^^^^^^^^^^^^^^
74 |     )
75 |     claimed_capability: CheckPrerequisite | None = Field(
   |

E501 Line too long (102 > 88)
  --> src/kodezart/types/domain/amendment.py:76:89
   |
74 |     )
75 |     claimed_capability: CheckPrerequisite | None = Field(
76 |         description="The typed runner capability claimed absent, or explicit absence of such a claim."
   |                                                                                         ^^^^^^^^^^^^^^
77 |     )
   |

E501 Line too long (104 > 88)
  --> src/kodezart/types/domain/amendment.py:85:89
   |
83 |     model_config = ConfigDict(frozen=True)
84 |     claims: tuple[AmendmentClaim, ...] = Field(
85 |         description="Every proposed departure, one per subject; explicitly empty when none is proposed."
   |                                                                                         ^^^^^^^^^^^^^^^^
86 |     )
   |

E501 Line too long (98 > 88)
   --> src/kodezart/types/domain/amendment.py:101:89
    |
 99 |     model_config = ConfigDict(frozen=True)
100 |     path: Nonblank = Field(
101 |         description="A normalized repository-relative regular-file path at the exact base commit."
    |                                                                                         ^^^^^^^^^^
102 |     )
103 |     quote: Nonblank = Field(
    |

E501 Line too long (108 > 88)
   --> src/kodezart/types/domain/amendment.py:104:89
    |
102 |     )
103 |     quote: Nonblank = Field(
104 |         description="Exact source bytes supporting the semantic judgment; existence alone proves no ground."
    |                                                                                         ^^^^^^^^^^^^^^^^^^^^
105 |     )
    |

E501 Line too long (89 > 88)
   --> src/kodezart/types/domain/amendment.py:130:89
    |
128 |     )
129 |     base_sha: CommitSha = Field(
130 |         description="The complete immutable base commit inspected by this fresh session."
    |                                                                                         ^
131 |     )
132 |     ground: AmendmentGround = Field(
    |

E501 Line too long (148 > 88)
   --> src/kodezart/types/domain/amendment.py:136:89
    |
134 | …
135 | …
136 | … independently reproduced, defaulting to false without proof; never an applied AMENDED verdict."
    |                                      ^^^^^^^^^^^^^^^^^^^^^^^^^^^^^^^^^^^^^^^^^^^^^^^^^^^^^^^^^^^^
137 | …
138 | …
    |

E501 Line too long (128 > 88)
   --> src/kodezart/types/domain/amendment.py:139:89
    |
137 |     )
138 |     finding: FindingEvidence = Field(
139 |         description="The shared feasibility evidence and smallest-repair pair, preserving the criterion/environment fault line."
    |                                                                                         ^^^^^^^^^^^^^^^^^^^^^^^^^^^^^^^^^^^^^^^^
140 |     )
141 |     citations: tuple[BaseCitation, ...] = Field(
    |

E501 Line too long (105 > 88)
   --> src/kodezart/types/domain/amendment.py:142:89
    |
140 |     )
141 |     citations: tuple[BaseCitation, ...] = Field(
142 |         description="Auditable sources at the exact base; a reproduced ground requires cited refutation."
    |                                                                                         ^^^^^^^^^^^^^^^^^
143 |     )
144 |     measured_by: Nonblank | None = Field(
    |

E501 Line too long (121 > 88)
   --> src/kodezart/types/domain/amendment.py:145:89
    |
143 |     )
144 |     measured_by: Nonblank | None = Field(
145 |         description="How an actual recorded cost measurement at this base was produced, or null if none was established."
    |                                                                                         ^^^^^^^^^^^^^^^^^^^^^^^^^^^^^^^^^
146 |     )
    |

E501 Line too long (91 > 88)
  --> tests/chains/test_native_amendment_runtime.py:38:89
   |
37 | @pytest.mark.parametrize("configured", [True, False])
38 | async def test_actual_builder_native_loop_retains_actual_reports_and_refuses_missing_owner(
   |                                                                                         ^^^
39 |     repository,
40 |     configured,
   |

I001 [*] Import block is un-sorted or un-formatted
  --> tests/domain/test_amendment.py:3:1
   |
 1 |   """Native semantic addresses and report arithmetic preserve exact identities."""
 2 |
 3 | / import pytest
 4 | | from pydantic import TypeAdapter, ValidationError
 5 | |
 6 | | from kodezart.domain.amendment import repeated_upheld, upheld_reason
 7 | | from kodezart.handlers.agent_handler import _queued_event_payload
 8 | | from kodezart.types.domain.agent import NativeAmendmentEvent
 9 | | from kodezart.types.domain.agent import RulingId as ExistingRulingId
10 | | from kodezart.types.domain.amendment import (
11 | |     AmendmentClaim,
12 | |     AmendmentJudgment,
13 | |     AmendmentReport,
14 | |     AmendmentSubject,
15 | |     CriterionSubject,
16 | |     NativeWriterOutput,
17 | |     UpheldAmendment,
18 | |     UpheldReason,
19 | | )
20 | | from kodezart.types.domain.ruling_id import RulingId
21 | | from kodezart.types.domain.operation import CheckPrerequisite
22 | | from kodezart.types.domain.scope_runtime import ScopeLaneEvent
   | |______________________________________________________________^
   |
help: Organize imports

Found 15 errors.
[*] 1 fixable with the `--fix` option.
