2026-09-12 20:59:09 [info     ] fire_criteria_read             named=3 owed=['fire/owed-direct', 'fire/owed-direct-2', 'fire/owed-nested'] read_at_version=2026-01-01T00:00:00+00:00 subject=fire/subject
2026-09-12 20:59:10 [info     ] fire_criteria_read             named=3 owed=['fire/owed-direct', 'fire/owed-direct-2', 'fire/owed-nested'] read_at_version=2026-01-01T00:00:00+00:00 subject=fire/subject
2026-09-12 20:59:11 [info     ] fire_criteria_read             named=3 owed=['fire/owed-direct', 'fire/owed-direct-2', 'fire/owed-nested'] read_at_version=2026-01-01T00:00:00+00:00 subject=fire/subject
2026-09-12 20:59:11 [info     ] fire_criteria_read             named=3 owed=['fire/owed-direct', 'fire/owed-direct-2', 'fire/owed-nested'] read_at_version=2026-01-01T00:00:00+00:00 subject=fire/subject
2026-09-12 20:59:12 [info     ] workspace_acquired             path=/var/folders/lv/b1m7q5dj1yd5gn9s9rknw43h0000gq/T/kodezart-6dce7aa1732f477897ccd1d9dcad4e3e workspace_id=6dce7aa1732f477897ccd1d9dcad4e3e
2026-09-12 20:59:12 [info     ] fire_criteria_read             named=3 owed=['fire/owed-direct', 'fire/owed-direct-2', 'fire/owed-nested'] read_at_version=2026-01-01T00:00:00+00:00 subject=fire/subject
2026-09-12 20:59:13 [info     ] fire_criteria_read             named=3 owed=['fire/owed-direct', 'fire/owed-direct-2', 'fire/owed-nested'] read_at_version=2026-01-01T00:00:00+00:00 subject=fire/subject
2026-09-12 20:59:14 [info     ] fire_criteria_read             named=3 owed=['fire/owed-direct', 'fire/owed-direct-2', 'fire/owed-nested'] read_at_version=2026-01-01T00:00:00+00:00 subject=fire/subject
2026-09-12 20:59:15 [info     ] fire_criteria_read             named=3 owed=['fire/owed-direct', 'fire/owed-direct-2', 'fire/owed-nested'] read_at_version=2026-01-01T00:00:00+00:00 subject=fire/subject
2026-09-12 20:59:16 [info     ] workspace_acquired             path=/var/folders/lv/b1m7q5dj1yd5gn9s9rknw43h0000gq/T/kodezart-26c7343c4f78451dac92388e87b3893b workspace_id=26c7343c4f78451dac92388e87b3893b
2026-09-12 20:59:17 [info     ] stream_drained                 duration_api_ms=1 duration_ms=1 event_count=1 events={'result': 1} has_structured_output=True is_error=False num_turns=1 rate_limit_rejected=False result_event_observed=True result_tail='Author rationale must never be forwarded.' session_id=previous-agent-session site=amendment_judge stop_reason=None subtype=result total_cost_usd=None usage=None
2026-09-12 20:59:19 [info     ] workspace_released             workspace_id=26c7343c4f78451dac92388e87b3893b
2026-09-12 20:59:19 [info     ] fire_criteria_read             named=3 owed=['fire/owed-direct', 'fire/owed-direct-2', 'fire/owed-nested'] read_at_version=2026-01-01T00:00:00+00:00 subject=fire/subject
2026-09-12 20:59:20 [info     ] fire_criteria_read             named=3 owed=['fire/owed-direct', 'fire/owed-direct-2', 'fire/owed-nested'] read_at_version=2026-01-01T00:00:00+00:00 subject=fire/subject
2026-09-12 20:59:21 [info     ] fire_criteria_read             named=3 owed=['fire/owed-direct', 'fire/owed-direct-2', 'fire/owed-nested'] read_at_version=2026-01-01T00:00:00+00:00 subject=fire/subject
2026-09-12 20:59:21 [info     ] fire_criteria_read             named=3 owed=['fire/owed-direct', 'fire/owed-direct-2', 'fire/owed-nested'] read_at_version=2026-01-01T00:00:00+00:00 subject=fire/subject
2026-09-12 20:59:22 [info     ] outbound_content_gated         categories=[] content_digest=d6e0ab413eadbd13fd0d495af0b58ebe8b6fce504026a678880d4009ee2b2ac3 failure=None hits=[] surface=tracker verdict=clean visibility=public writer=tracker_comment
2026-09-12 20:59:22 [info     ] fire_criteria_read             named=3 owed=['fire/owed-direct', 'fire/owed-direct-2', 'fire/owed-nested'] read_at_version=2026-01-01T00:00:00+00:00 subject=fire/subject
2026-09-12 20:59:23 [info     ] workspace_acquired             path=/var/folders/lv/b1m7q5dj1yd5gn9s9rknw43h0000gq/T/kodezart-f04712e0431344daa1b64a4d97731f8b workspace_id=f04712e0431344daa1b64a4d97731f8b
2026-09-12 20:59:24 [info     ] workspace_released             workspace_id=f04712e0431344daa1b64a4d97731f8b
2026-09-12 20:59:25 [warning  ] workspace_release_unclean      branch_name=native-loop path=/var/folders/lv/b1m7q5dj1yd5gn9s9rknw43h0000gq/T/kodezart-6dce7aa1732f477897ccd1d9dcad4e3e workspace_id=6dce7aa1732f477897ccd1d9dcad4e3e
2026-09-12 20:59:25 [info     ] workspace_released             workspace_id=6dce7aa1732f477897ccd1d9dcad4e3e
CHECKPOINT_CUT {"checkpoints": [{"amendment_reports": 0, "channels": ["accept_verdict", "acceptance_criteria", "best_iteration_sha", "branch:to:run_ralph_loop", "criteria_infeasible", "criteria_regeneration_rounds", "criteria_validation", "criterion_set", "feature_branch", "feature_tip_sha", "fire_spec", "flagged_items", "issue_key", "merge_error", "merged", "ralph_branch", "remediation_entry", "remediation_rounds_used", "remediation_ticket", "repo_url", "repo_visibility", "review_base_sha", "review_feedback", "review_head_sha", "review_passed", "total_iterations", "trajectory", "work_base_ref"], "id": "1f1aedc0-a27b-643c-8000-2a01e3d767dc", "judgments": 0, "namespace": "", "pending": [["__error__", "RuntimeError('after_archive')"]], "step": 0, "thread": "actual-parent-job", "verdicts": 0}, {"amendment_reports": 0, "channels": ["branch:to:execute", "iteration", "iteration_records", "pending_failures", "verdict"], "id": "1f1aedc0-a36f-6190-8000-b9595b48e56f", "judgments": 0, "namespace": "", "pending": [["__error__", "RuntimeError('after_archive')"]], "step": 0, "thread": "actual-parent-job-ralph", "verdicts": 0}, {"amendment_reports": 0, "channels": ["branch:to:canonical_write_back", "judgments", "output", "verdicts"], "id": "1f1aedc0-f6f6-6458-8001-9f4d96eec452", "judgments": 1, "namespace": "execute:627e9adb-ee01-189c-eef2-1e253868ecf7", "pending": [["__error__", "RuntimeError('after_archive')"]], "step": 1, "thread": "actual-parent-job-ralph", "verdicts": 0}], "parent_tasks": [{"error": "RuntimeError('after_archive')", "name": "run_ralph_loop", "state": "None"}], "position": "after_archive"}
2026-09-12 20:59:25 [info     ] fire_criteria_read             named=3 owed=['fire/owed-direct', 'fire/owed-direct-2', 'fire/owed-nested'] read_at_version=2026-01-01T00:00:00+00:00 subject=fire/subject
2026-09-12 20:59:26 [info     ] fire_criteria_read             named=3 owed=['fire/owed-direct', 'fire/owed-direct-2', 'fire/owed-nested'] read_at_version=2026-01-01T00:00:00+00:00 subject=fire/subject
2026-09-12 20:59:26 [info     ] fire_criteria_read             named=3 owed=['fire/owed-direct', 'fire/owed-direct-2', 'fire/owed-nested'] read_at_version=2026-01-01T00:00:00+00:00 subject=fire/subject
2026-09-12 20:59:26 [info     ] workspace_acquired             path=/var/folders/lv/b1m7q5dj1yd5gn9s9rknw43h0000gq/T/kodezart-a61d54b1900c43dca3c6f46921e54578 workspace_id=a61d54b1900c43dca3c6f46921e54578
2026-09-12 20:59:27 [info     ] fire_criteria_read             named=3 owed=['fire/owed-direct', 'fire/owed-direct-2', 'fire/owed-nested'] read_at_version=2026-01-01T00:00:00+00:00 subject=fire/subject
2026-09-12 20:59:28 [warning  ] workspace_release_unclean      branch_name=native-loop path=/var/folders/lv/b1m7q5dj1yd5gn9s9rknw43h0000gq/T/kodezart-a61d54b1900c43dca3c6f46921e54578 workspace_id=a61d54b1900c43dca3c6f46921e54578
2026-09-12 20:59:28 [info     ] workspace_released             workspace_id=a61d54b1900c43dca3c6f46921e54578
PARENT_NONE_RESUME {"checkpoints": [{"amendment_reports": 0, "channels": ["accept_verdict", "acceptance_criteria", "best_iteration_sha", "branch:to:run_ralph_loop", "criteria_infeasible", "criteria_regeneration_rounds", "criteria_validation", "criterion_set", "feature_branch", "feature_tip_sha", "fire_spec", "flagged_items", "issue_key", "merge_error", "merged", "ralph_branch", "remediation_entry", "remediation_rounds_used", "remediation_ticket", "repo_url", "repo_visibility", "review_base_sha", "review_feedback", "review_head_sha", "review_passed", "total_iterations", "trajectory", "work_base_ref"], "id": "1f1aedc0-a27b-643c-8000-2a01e3d767dc", "judgments": 0, "namespace": "", "pending": [["__error__", "RuntimeError('stop after resumed writer before further effects')"]], "step": 0, "thread": "actual-parent-job", "verdicts": 0}, {"amendment_reports": 0, "channels": ["branch:to:execute", "iteration", "iteration_records", "pending_failures", "verdict"], "id": "1f1aedc1-3440-65a2-8002-3247517cce45", "judgments": 0, "namespace": "", "pending": [["__error__", "RuntimeError('stop after resumed writer before further effects')"]], "step": 2, "thread": "actual-parent-job-ralph", "verdicts": 0}, {"amendment_reports": 0, "channels": ["branch:to:canonical_write_back", "judgments", "output", "verdicts"], "id": "1f1aedc0-f6f6-6458-8001-9f4d96eec452", "judgments": 1, "namespace": "execute:627e9adb-ee01-189c-eef2-1e253868ecf7", "pending": [["__error__", "RuntimeError('after_archive')"]], "step": 1, "thread": "actual-parent-job-ralph", "verdicts": 0}], "position": "after_archive"}
.2026-09-12 20:59:31 [info     ] fire_criteria_read             named=3 owed=['fire/owed-direct', 'fire/owed-direct-2', 'fire/owed-nested'] read_at_version=2026-01-01T00:00:00+00:00 subject=fire/subject
2026-09-12 20:59:32 [info     ] fire_criteria_read             named=3 owed=['fire/owed-direct', 'fire/owed-direct-2', 'fire/owed-nested'] read_at_version=2026-01-01T00:00:00+00:00 subject=fire/subject
2026-09-12 20:59:32 [info     ] fire_criteria_read             named=3 owed=['fire/owed-direct', 'fire/owed-direct-2', 'fire/owed-nested'] read_at_version=2026-01-01T00:00:00+00:00 subject=fire/subject
2026-09-12 20:59:32 [info     ] fire_criteria_read             named=3 owed=['fire/owed-direct', 'fire/owed-direct-2', 'fire/owed-nested'] read_at_version=2026-01-01T00:00:00+00:00 subject=fire/subject
2026-09-12 20:59:33 [info     ] workspace_acquired             path=/var/folders/lv/b1m7q5dj1yd5gn9s9rknw43h0000gq/T/kodezart-208f1d37d737480886f1f12f07e655bb workspace_id=208f1d37d737480886f1f12f07e655bb
2026-09-12 20:59:33 [info     ] fire_criteria_read             named=3 owed=['fire/owed-direct', 'fire/owed-direct-2', 'fire/owed-nested'] read_at_version=2026-01-01T00:00:00+00:00 subject=fire/subject
2026-09-12 20:59:34 [info     ] fire_criteria_read             named=3 owed=['fire/owed-direct', 'fire/owed-direct-2', 'fire/owed-nested'] read_at_version=2026-01-01T00:00:00+00:00 subject=fire/subject
2026-09-12 20:59:35 [info     ] fire_criteria_read             named=3 owed=['fire/owed-direct', 'fire/owed-direct-2', 'fire/owed-nested'] read_at_version=2026-01-01T00:00:00+00:00 subject=fire/subject
2026-09-12 20:59:36 [info     ] fire_criteria_read             named=3 owed=['fire/owed-direct', 'fire/owed-direct-2', 'fire/owed-nested'] read_at_version=2026-01-01T00:00:00+00:00 subject=fire/subject
2026-09-12 20:59:37 [info     ] workspace_acquired             path=/var/folders/lv/b1m7q5dj1yd5gn9s9rknw43h0000gq/T/kodezart-923b2bbf7d9749cfac7f3df3b5e14957 workspace_id=923b2bbf7d9749cfac7f3df3b5e14957
2026-09-12 20:59:38 [info     ] stream_drained                 duration_api_ms=1 duration_ms=1 event_count=1 events={'result': 1} has_structured_output=True is_error=False num_turns=1 rate_limit_rejected=False result_event_observed=True result_tail='Author rationale must never be forwarded.' session_id=previous-agent-session site=amendment_judge stop_reason=None subtype=result total_cost_usd=None usage=None
2026-09-12 20:59:39 [info     ] workspace_released             workspace_id=923b2bbf7d9749cfac7f3df3b5e14957
2026-09-12 20:59:40 [info     ] fire_criteria_read             named=3 owed=['fire/owed-direct', 'fire/owed-direct-2', 'fire/owed-nested'] read_at_version=2026-01-01T00:00:00+00:00 subject=fire/subject
2026-09-12 20:59:40 [info     ] fire_criteria_read             named=3 owed=['fire/owed-direct', 'fire/owed-direct-2', 'fire/owed-nested'] read_at_version=2026-01-01T00:00:00+00:00 subject=fire/subject
2026-09-12 20:59:42 [info     ] fire_criteria_read             named=3 owed=['fire/owed-direct', 'fire/owed-direct-2', 'fire/owed-nested'] read_at_version=2026-01-01T00:00:00+00:00 subject=fire/subject
2026-09-12 20:59:42 [info     ] fire_criteria_read             named=3 owed=['fire/owed-direct', 'fire/owed-direct-2', 'fire/owed-nested'] read_at_version=2026-01-01T00:00:00+00:00 subject=fire/subject
2026-09-12 20:59:43 [info     ] outbound_content_gated         categories=[] content_digest=a72b5e8a7074f04856f95f069d43efd544866cf29d8d136e358e12f41e124143 failure=None hits=[] surface=tracker verdict=clean visibility=public writer=tracker_comment
2026-09-12 20:59:44 [info     ] fire_criteria_read             named=3 owed=['fire/owed-direct', 'fire/owed-direct-2', 'fire/owed-nested'] read_at_version=2026-01-01T00:00:00+00:00 subject=fire/subject
2026-09-12 20:59:44 [info     ] workspace_acquired             path=/var/folders/lv/b1m7q5dj1yd5gn9s9rknw43h0000gq/T/kodezart-0e9cd462490c41b4bc412bd5f1c036cc workspace_id=0e9cd462490c41b4bc412bd5f1c036cc
2026-09-12 20:59:45 [info     ] stream_drained                 duration_api_ms=1 duration_ms=1 event_count=1 events={'result': 1} has_structured_output=True is_error=False num_turns=1 rate_limit_rejected=False result_event_observed=True result_tail='Author rationale must never be forwarded.' session_id=previous-agent-session site=write_back_verify stop_reason=None subtype=result total_cost_usd=None usage=None
2026-09-12 20:59:46 [info     ] workspace_released             workspace_id=0e9cd462490c41b4bc412bd5f1c036cc
2026-09-12 20:59:46 [info     ] fire_criteria_read             named=3 owed=['fire/owed-direct', 'fire/owed-direct-2', 'fire/owed-nested'] read_at_version=2026-01-01T00:00:00+00:00 subject=fire/subject
2026-09-12 20:59:47 [info     ] fire_criteria_read             named=3 owed=['fire/owed-direct', 'fire/owed-direct-2', 'fire/owed-nested'] read_at_version=2026-01-01T00:00:00+00:00 subject=fire/subject
2026-09-12 20:59:47 [info     ] workspace_acquired             path=/var/folders/lv/b1m7q5dj1yd5gn9s9rknw43h0000gq/T/kodezart-89875aa8987c4e2c8b232d3118559c65 workspace_id=89875aa8987c4e2c8b232d3118559c65
2026-09-12 20:59:48 [info     ] stream_drained                 duration_api_ms=1 duration_ms=1 event_count=1 events={'result': 1} has_structured_output=True is_error=False num_turns=1 rate_limit_rejected=False result_event_observed=True result_tail='Author rationale must never be forwarded.' session_id=previous-agent-session site=amendment_author stop_reason=None subtype=result total_cost_usd=None usage=None
2026-09-12 20:59:48 [info     ] workspace_released             workspace_id=89875aa8987c4e2c8b232d3118559c65
2026-09-12 20:59:49 [info     ] fire_criteria_read             named=3 owed=['fire/owed-direct', 'fire/owed-direct-2', 'fire/owed-nested'] read_at_version=2026-01-01T00:00:00+00:00 subject=fire/subject
2026-09-12 20:59:49 [info     ] outbound_content_gated         categories=[] content_digest=4426b548240f71d651c3d3e21b64933c3a2703ceeee0f64680bc9b0f3c3be57f failure=None hits=[] surface=tracker verdict=clean visibility=public writer=tracker_description
2026-09-12 20:59:49 [info     ] fire_criteria_read             named=3 owed=['fire/owed-direct', 'fire/owed-direct-2', 'fire/owed-nested'] read_at_version=2026-01-01T00:00:00+00:00 subject=fire/subject
2026-09-12 20:59:50 [info     ] fire_criteria_read             named=3 owed=['fire/owed-direct', 'fire/owed-direct-2', 'fire/owed-nested'] read_at_version=2026-01-01T00:00:00+00:00 subject=fire/subject
2026-09-12 20:59:50 [info     ] fire_criteria_read             named=3 owed=['fire/owed-direct', 'fire/owed-direct-2', 'fire/owed-nested'] read_at_version=2026-01-01T00:00:00+00:00 subject=fire/subject
2026-09-12 20:59:51 [warning  ] workspace_release_unclean      branch_name=native-loop path=/var/folders/lv/b1m7q5dj1yd5gn9s9rknw43h0000gq/T/kodezart-208f1d37d737480886f1f12f07e655bb workspace_id=208f1d37d737480886f1f12f07e655bb
2026-09-12 20:59:51 [info     ] workspace_released             workspace_id=208f1d37d737480886f1f12f07e655bb
CHECKPOINT_CUT {"checkpoints": [{"amendment_reports": 0, "channels": ["accept_verdict", "acceptance_criteria", "best_iteration_sha", "branch:to:run_ralph_loop", "criteria_infeasible", "criteria_regeneration_rounds", "criteria_validation", "criterion_set", "feature_branch", "feature_tip_sha", "fire_spec", "flagged_items", "issue_key", "merge_error", "merged", "ralph_branch", "remediation_entry", "remediation_rounds_used", "remediation_ticket", "repo_url", "repo_visibility", "review_base_sha", "review_feedback", "review_head_sha", "review_passed", "total_iterations", "trajectory", "work_base_ref"], "id": "1f1aedc1-6f01-64d4-8000-86308aeba9b6", "judgments": 0, "namespace": "", "pending": [["__error__", "RuntimeError('after_reset')"]], "step": 0, "thread": "actual-parent-job", "verdicts": 0}, {"amendment_reports": 0, "channels": ["branch:to:execute", "iteration", "iteration_records", "pending_failures", "verdict"], "id": "1f1aedc1-6f5b-6ede-8000-a7f29786d457", "judgments": 0, "namespace": "", "pending": [["__error__", "RuntimeError('after_reset')"]], "step": 0, "thread": "actual-parent-job-ralph", "verdicts": 0}, {"amendment_reports": 0, "channels": ["branch:to:canonical_write_back", "judgments", "output", "verdicts"], "id": "1f1aedc1-bbc3-6dbc-8001-58ff25e58ea8", "judgments": 1, "namespace": "execute:a84cec58-b041-c1ef-8c93-d715243b3dec", "pending": [["__error__", "RuntimeError('after_reset')"]], "step": 1, "thread": "actual-parent-job-ralph", "verdicts": 0}], "parent_tasks": [{"error": "RuntimeError('after_reset')", "name": "run_ralph_loop", "state": "None"}], "position": "after_reset"}
2026-09-12 20:59:51 [info     ] fire_criteria_read             named=3 owed=['fire/done-direct', 'fire/owed-direct', 'fire/owed-direct-2', 'fire/owed-nested'] read_at_version=2026-01-01T00:00:00+00:00 subject=fire/subject
2026-09-12 20:59:52 [info     ] fire_criteria_read             named=3 owed=['fire/done-direct', 'fire/owed-direct', 'fire/owed-direct-2', 'fire/owed-nested'] read_at_version=2026-01-01T00:00:00+00:00 subject=fire/subject
2026-09-12 20:59:52 [info     ] fire_criteria_read             named=3 owed=['fire/done-direct', 'fire/owed-direct', 'fire/owed-direct-2', 'fire/owed-nested'] read_at_version=2026-01-01T00:00:00+00:00 subject=fire/subject
2026-09-12 20:59:52 [info     ] workspace_acquired             path=/var/folders/lv/b1m7q5dj1yd5gn9s9rknw43h0000gq/T/kodezart-14417e84c8b74a3d9aff498bdbdf5b39 workspace_id=14417e84c8b74a3d9aff498bdbdf5b39
2026-09-12 20:59:53 [info     ] fire_criteria_read             named=3 owed=['fire/done-direct', 'fire/owed-direct', 'fire/owed-direct-2', 'fire/owed-nested'] read_at_version=2026-01-01T00:00:00+00:00 subject=fire/subject
2026-09-12 20:59:53 [warning  ] workspace_release_unclean      branch_name=native-loop path=/var/folders/lv/b1m7q5dj1yd5gn9s9rknw43h0000gq/T/kodezart-14417e84c8b74a3d9aff498bdbdf5b39 workspace_id=14417e84c8b74a3d9aff498bdbdf5b39
2026-09-12 20:59:54 [info     ] workspace_released             workspace_id=14417e84c8b74a3d9aff498bdbdf5b39
PARENT_NONE_RESUME {"checkpoints": [{"amendment_reports": 0, "channels": ["accept_verdict", "acceptance_criteria", "best_iteration_sha", "branch:to:run_ralph_loop", "criteria_infeasible", "criteria_regeneration_rounds", "criteria_validation", "criterion_set", "feature_branch", "feature_tip_sha", "fire_spec", "flagged_items", "issue_key", "merge_error", "merged", "ralph_branch", "remediation_entry", "remediation_rounds_used", "remediation_ticket", "repo_url", "repo_visibility", "review_base_sha", "review_feedback", "review_head_sha", "review_passed", "total_iterations", "trajectory", "work_base_ref"], "id": "1f1aedc1-6f01-64d4-8000-86308aeba9b6", "judgments": 0, "namespace": "", "pending": [["__error__", "RuntimeError('stop after resumed writer before further effects')"]], "step": 0, "thread": "actual-parent-job", "verdicts": 0}, {"amendment_reports": 0, "channels": ["branch:to:execute", "iteration", "iteration_records", "pending_failures", "verdict"], "id": "1f1aedc2-2cad-6780-8002-4d1326d14bfa", "judgments": 0, "namespace": "", "pending": [["__error__", "RuntimeError('stop after resumed writer before further effects')"]], "step": 2, "thread": "actual-parent-job-ralph", "verdicts": 0}, {"amendment_reports": 0, "channels": ["branch:to:canonical_write_back", "judgments", "output", "verdicts"], "id": "1f1aedc1-bbc3-6dbc-8001-58ff25e58ea8", "judgments": 1, "namespace": "execute:a84cec58-b041-c1ef-8c93-d715243b3dec", "pending": [["__error__", "RuntimeError('after_reset')"]], "step": 1, "thread": "actual-parent-job-ralph", "verdicts": 0}], "position": "after_reset"}
.2026-09-12 20:59:56 [info     ] fire_criteria_read             named=3 owed=['fire/owed-direct', 'fire/owed-direct-2', 'fire/owed-nested'] read_at_version=2026-01-01T00:00:00+00:00 subject=fire/subject
2026-09-12 20:59:57 [info     ] fire_criteria_read             named=3 owed=['fire/owed-direct', 'fire/owed-direct-2', 'fire/owed-nested'] read_at_version=2026-01-01T00:00:00+00:00 subject=fire/subject
2026-09-12 20:59:57 [info     ] fire_criteria_read             named=3 owed=['fire/owed-direct', 'fire/owed-direct-2', 'fire/owed-nested'] read_at_version=2026-01-01T00:00:00+00:00 subject=fire/subject
2026-09-12 20:59:57 [info     ] fire_criteria_read             named=3 owed=['fire/owed-direct', 'fire/owed-direct-2', 'fire/owed-nested'] read_at_version=2026-01-01T00:00:00+00:00 subject=fire/subject
2026-09-12 20:59:58 [info     ] workspace_acquired             path=/var/folders/lv/b1m7q5dj1yd5gn9s9rknw43h0000gq/T/kodezart-fe293c10fedc411bbef9d95cf6a6f434 workspace_id=fe293c10fedc411bbef9d95cf6a6f434
2026-09-12 20:59:58 [info     ] fire_criteria_read             named=3 owed=['fire/owed-direct', 'fire/owed-direct-2', 'fire/owed-nested'] read_at_version=2026-01-01T00:00:00+00:00 subject=fire/subject
2026-09-12 20:59:59 [info     ] fire_criteria_read             named=3 owed=['fire/owed-direct', 'fire/owed-direct-2', 'fire/owed-nested'] read_at_version=2026-01-01T00:00:00+00:00 subject=fire/subject
2026-09-12 21:00:00 [info     ] fire_criteria_read             named=3 owed=['fire/owed-direct', 'fire/owed-direct-2', 'fire/owed-nested'] read_at_version=2026-01-01T00:00:00+00:00 subject=fire/subject
2026-09-12 21:00:00 [info     ] fire_criteria_read             named=3 owed=['fire/owed-direct', 'fire/owed-direct-2', 'fire/owed-nested'] read_at_version=2026-01-01T00:00:00+00:00 subject=fire/subject
2026-09-12 21:00:01 [info     ] workspace_acquired             path=/var/folders/lv/b1m7q5dj1yd5gn9s9rknw43h0000gq/T/kodezart-3a962a18cbaf4ef0bad940b59623d493 workspace_id=3a962a18cbaf4ef0bad940b59623d493
2026-09-12 21:00:02 [info     ] stream_drained                 duration_api_ms=1 duration_ms=1 event_count=1 events={'result': 1} has_structured_output=True is_error=False num_turns=1 rate_limit_rejected=False result_event_observed=True result_tail='Author rationale must never be forwarded.' session_id=previous-agent-session site=amendment_judge stop_reason=None subtype=result total_cost_usd=None usage=None
2026-09-12 21:00:03 [info     ] workspace_released             workspace_id=3a962a18cbaf4ef0bad940b59623d493
2026-09-12 21:00:03 [info     ] fire_criteria_read             named=3 owed=['fire/owed-direct', 'fire/owed-direct-2', 'fire/owed-nested'] read_at_version=2026-01-01T00:00:00+00:00 subject=fire/subject
2026-09-12 21:00:04 [info     ] fire_criteria_read             named=3 owed=['fire/owed-direct', 'fire/owed-direct-2', 'fire/owed-nested'] read_at_version=2026-01-01T00:00:00+00:00 subject=fire/subject
2026-09-12 21:00:05 [info     ] fire_criteria_read             named=3 owed=['fire/owed-direct', 'fire/owed-direct-2', 'fire/owed-nested'] read_at_version=2026-01-01T00:00:00+00:00 subject=fire/subject
2026-09-12 21:00:05 [info     ] fire_criteria_read             named=3 owed=['fire/owed-direct', 'fire/owed-direct-2', 'fire/owed-nested'] read_at_version=2026-01-01T00:00:00+00:00 subject=fire/subject
2026-09-12 21:00:06 [info     ] outbound_content_gated         categories=[] content_digest=effb88c51baa7145fb5cb7b8f9bba0b80a1fbd457ad04ba93c856d613c07df04 failure=None hits=[] surface=tracker verdict=clean visibility=public writer=tracker_comment
2026-09-12 21:00:06 [info     ] fire_criteria_read             named=3 owed=['fire/owed-direct', 'fire/owed-direct-2', 'fire/owed-nested'] read_at_version=2026-01-01T00:00:00+00:00 subject=fire/subject
2026-09-12 21:00:07 [info     ] workspace_acquired             path=/var/folders/lv/b1m7q5dj1yd5gn9s9rknw43h0000gq/T/kodezart-e863b1c3fc71424a861412c840e631fb workspace_id=e863b1c3fc71424a861412c840e631fb
2026-09-12 21:00:07 [info     ] stream_drained                 duration_api_ms=1 duration_ms=1 event_count=1 events={'result': 1} has_structured_output=True is_error=False num_turns=1 rate_limit_rejected=False result_event_observed=True result_tail='Author rationale must never be forwarded.' session_id=previous-agent-session site=write_back_verify stop_reason=None subtype=result total_cost_usd=None usage=None
2026-09-12 21:00:08 [info     ] workspace_released             workspace_id=e863b1c3fc71424a861412c840e631fb
2026-09-12 21:00:08 [info     ] fire_criteria_read             named=3 owed=['fire/owed-direct', 'fire/owed-direct-2', 'fire/owed-nested'] read_at_version=2026-01-01T00:00:00+00:00 subject=fire/subject
2026-09-12 21:00:09 [info     ] fire_criteria_read             named=3 owed=['fire/owed-direct', 'fire/owed-direct-2', 'fire/owed-nested'] read_at_version=2026-01-01T00:00:00+00:00 subject=fire/subject
2026-09-12 21:00:10 [info     ] workspace_acquired             path=/var/folders/lv/b1m7q5dj1yd5gn9s9rknw43h0000gq/T/kodezart-7b2542fe4f9f4f1e8ed9d6e7fef0446c workspace_id=7b2542fe4f9f4f1e8ed9d6e7fef0446c
2026-09-12 21:00:11 [info     ] stream_drained                 duration_api_ms=1 duration_ms=1 event_count=1 events={'result': 1} has_structured_output=True is_error=False num_turns=1 rate_limit_rejected=False result_event_observed=True result_tail='Author rationale must never be forwarded.' session_id=previous-agent-session site=amendment_author stop_reason=None subtype=result total_cost_usd=None usage=None
2026-09-12 21:00:12 [info     ] workspace_released             workspace_id=7b2542fe4f9f4f1e8ed9d6e7fef0446c
2026-09-12 21:00:12 [info     ] fire_criteria_read             named=3 owed=['fire/owed-direct', 'fire/owed-direct-2', 'fire/owed-nested'] read_at_version=2026-01-01T00:00:00+00:00 subject=fire/subject
2026-09-12 21:00:12 [info     ] outbound_content_gated         categories=[] content_digest=4426b548240f71d651c3d3e21b64933c3a2703ceeee0f64680bc9b0f3c3be57f failure=None hits=[] surface=tracker verdict=clean visibility=public writer=tracker_description
2026-09-12 21:00:13 [info     ] fire_criteria_read             named=3 owed=['fire/owed-direct', 'fire/owed-direct-2', 'fire/owed-nested'] read_at_version=2026-01-01T00:00:00+00:00 subject=fire/subject
2026-09-12 21:00:13 [info     ] fire_criteria_read             named=3 owed=['fire/owed-direct', 'fire/owed-direct-2', 'fire/owed-nested'] read_at_version=2026-01-01T00:00:00+00:00 subject=fire/subject
2026-09-12 21:00:14 [info     ] fire_criteria_read             named=3 owed=['fire/owed-direct', 'fire/owed-direct-2', 'fire/owed-nested'] read_at_version=2026-01-01T00:00:00+00:00 subject=fire/subject
2026-09-12 21:00:15 [info     ] fire_criteria_read             named=3 owed=['fire/done-direct', 'fire/owed-direct', 'fire/owed-direct-2', 'fire/owed-nested'] read_at_version=2026-01-01T00:00:00+00:00 subject=fire/subject
2026-09-12 21:00:15 [info     ] outbound_content_gated         categories=[] content_digest=bcb6e622acca9bb3337f4a95be49a77a4e4e251e65feec3b009894d5c9cc9c1d failure=None hits=[] surface=tracker verdict=clean visibility=public writer=tracker_description
2026-09-12 21:00:15 [info     ] fire_criteria_read             named=3 owed=['fire/done-direct', 'fire/owed-direct', 'fire/owed-direct-2', 'fire/owed-nested'] read_at_version=2026-01-01T00:00:00+00:00 subject=fire/subject
2026-09-12 21:00:16 [info     ] fire_criteria_read             named=3 owed=['fire/done-direct', 'fire/owed-direct', 'fire/owed-direct-2', 'fire/owed-nested'] read_at_version=2026-01-01T00:00:00+00:00 subject=fire/subject
2026-09-12 21:00:17 [info     ] workspace_acquired             path=/var/folders/lv/b1m7q5dj1yd5gn9s9rknw43h0000gq/T/kodezart-f1396389678b4c2193038519250a7a2f workspace_id=f1396389678b4c2193038519250a7a2f
2026-09-12 21:00:17 [info     ] stream_drained                 duration_api_ms=1 duration_ms=1 event_count=1 events={'result': 1} has_structured_output=True is_error=False num_turns=1 rate_limit_rejected=False result_event_observed=True result_tail='Author rationale must never be forwarded.' session_id=previous-agent-session site=write_back_verify stop_reason=None subtype=result total_cost_usd=None usage=None
2026-09-12 21:00:18 [info     ] workspace_released             workspace_id=f1396389678b4c2193038519250a7a2f
2026-09-12 21:00:18 [warning  ] workspace_release_unclean      branch_name=native-loop path=/var/folders/lv/b1m7q5dj1yd5gn9s9rknw43h0000gq/T/kodezart-fe293c10fedc411bbef9d95cf6a6f434 workspace_id=fe293c10fedc411bbef9d95cf6a6f434
2026-09-12 21:00:18 [info     ] workspace_released             workspace_id=fe293c10fedc411bbef9d95cf6a6f434
CHECKPOINT_CUT {"checkpoints": [{"amendment_reports": 0, "channels": ["accept_verdict", "acceptance_criteria", "best_iteration_sha", "branch:to:run_ralph_loop", "criteria_infeasible", "criteria_regeneration_rounds", "criteria_validation", "criterion_set", "feature_branch", "feature_tip_sha", "fire_spec", "flagged_items", "issue_key", "merge_error", "merged", "ralph_branch", "remediation_entry", "remediation_rounds_used", "remediation_ticket", "repo_url", "repo_visibility", "review_base_sha", "review_feedback", "review_head_sha", "review_passed", "total_iterations", "trajectory", "work_base_ref"], "id": "1f1aedc2-5fe4-6d60-8000-79fa950a9b2f", "judgments": 0, "namespace": "", "pending": [["__error__", "RuntimeError('after_applied_holds')"]], "step": 0, "thread": "actual-parent-job", "verdicts": 0}, {"amendment_reports": 0, "channels": ["branch:to:execute", "iteration", "iteration_records", "pending_failures", "verdict"], "id": "1f1aedc2-6030-6fee-8000-aa6152025507", "judgments": 0, "namespace": "", "pending": [["__error__", "RuntimeError('after_applied_holds')"]], "step": 0, "thread": "actual-parent-job-ralph", "verdicts": 0}, {"amendment_reports": 0, "channels": ["branch:to:canonical_write_back", "judgments", "output", "verdicts"], "id": "1f1aedc2-9c88-6956-8001-e64607a0b147", "judgments": 1, "namespace": "execute:2ae25828-c59f-0e0e-4e06-6ae3298194a0", "pending": [["__error__", "RuntimeError('after_applied_holds')"]], "step": 1, "thread": "actual-parent-job-ralph", "verdicts": 0}], "parent_tasks": [{"error": "RuntimeError('after_applied_holds')", "name": "run_ralph_loop", "state": "None"}], "position": "after_applied_holds"}
2026-09-12 21:00:18 [info     ] fire_criteria_read             named=3 owed=['fire/done-direct', 'fire/owed-direct', 'fire/owed-direct-2', 'fire/owed-nested'] read_at_version=2026-01-01T00:00:00+00:00 subject=fire/subject
2026-09-12 21:00:19 [info     ] fire_criteria_read             named=3 owed=['fire/done-direct', 'fire/owed-direct', 'fire/owed-direct-2', 'fire/owed-nested'] read_at_version=2026-01-01T00:00:00+00:00 subject=fire/subject
2026-09-12 21:00:19 [info     ] fire_criteria_read             named=3 owed=['fire/done-direct', 'fire/owed-direct', 'fire/owed-direct-2', 'fire/owed-nested'] read_at_version=2026-01-01T00:00:00+00:00 subject=fire/subject
2026-09-12 21:00:19 [info     ] workspace_acquired             path=/var/folders/lv/b1m7q5dj1yd5gn9s9rknw43h0000gq/T/kodezart-e577c4aff1a64661bdbe031e2b0d3556 workspace_id=e577c4aff1a64661bdbe031e2b0d3556
2026-09-12 21:00:20 [info     ] fire_criteria_read             named=3 owed=['fire/done-direct', 'fire/owed-direct', 'fire/owed-direct-2', 'fire/owed-nested'] read_at_version=2026-01-01T00:00:00+00:00 subject=fire/subject
2026-09-12 21:00:21 [warning  ] workspace_release_unclean      branch_name=native-loop path=/var/folders/lv/b1m7q5dj1yd5gn9s9rknw43h0000gq/T/kodezart-e577c4aff1a64661bdbe031e2b0d3556 workspace_id=e577c4aff1a64661bdbe031e2b0d3556
2026-09-12 21:00:22 [info     ] workspace_released             workspace_id=e577c4aff1a64661bdbe031e2b0d3556
PARENT_NONE_RESUME {"checkpoints": [{"amendment_reports": 0, "channels": ["accept_verdict", "acceptance_criteria", "best_iteration_sha", "branch:to:run_ralph_loop", "criteria_infeasible", "criteria_regeneration_rounds", "criteria_validation", "criterion_set", "feature_branch", "feature_tip_sha", "fire_spec", "flagged_items", "issue_key", "merge_error", "merged", "ralph_branch", "remediation_entry", "remediation_rounds_used", "remediation_ticket", "repo_url", "repo_visibility", "review_base_sha", "review_feedback", "review_head_sha", "review_passed", "total_iterations", "trajectory", "work_base_ref"], "id": "1f1aedc2-5fe4-6d60-8000-79fa950a9b2f", "judgments": 0, "namespace": "", "pending": [["__error__", "RuntimeError('stop after resumed writer before further effects')"]], "step": 0, "thread": "actual-parent-job", "verdicts": 0}, {"amendment_reports": 0, "channels": ["branch:to:execute", "iteration", "iteration_records", "pending_failures", "verdict"], "id": "1f1aedc3-2bad-61b8-8002-61a7be0de261", "judgments": 0, "namespace": "", "pending": [["__error__", "RuntimeError('stop after resumed writer before further effects')"]], "step": 2, "thread": "actual-parent-job-ralph", "verdicts": 0}, {"amendment_reports": 0, "channels": ["branch:to:canonical_write_back", "judgments", "output", "verdicts"], "id": "1f1aedc2-9c88-6956-8001-e64607a0b147", "judgments": 1, "namespace": "execute:2ae25828-c59f-0e0e-4e06-6ae3298194a0", "pending": [["__error__", "RuntimeError('after_applied_holds')"]], "step": 1, "thread": "actual-parent-job-ralph", "verdicts": 0}], "position": "after_applied_holds"}
.2026-09-12 21:00:24 [info     ] fire_criteria_read             named=3 owed=['fire/owed-direct', 'fire/owed-direct-2', 'fire/owed-nested'] read_at_version=2026-01-01T00:00:00+00:00 subject=fire/subject
2026-09-12 21:00:25 [info     ] fire_criteria_read             named=3 owed=['fire/owed-direct', 'fire/owed-direct-2', 'fire/owed-nested'] read_at_version=2026-01-01T00:00:00+00:00 subject=fire/subject
2026-09-12 21:00:25 [info     ] fire_criteria_read             named=3 owed=['fire/owed-direct', 'fire/owed-direct-2', 'fire/owed-nested'] read_at_version=2026-01-01T00:00:00+00:00 subject=fire/subject
2026-09-12 21:00:25 [info     ] fire_criteria_read             named=3 owed=['fire/owed-direct', 'fire/owed-direct-2', 'fire/owed-nested'] read_at_version=2026-01-01T00:00:00+00:00 subject=fire/subject
2026-09-12 21:00:26 [info     ] workspace_acquired             path=/var/folders/lv/b1m7q5dj1yd5gn9s9rknw43h0000gq/T/kodezart-475b74a7cc8044968d02a0b027fd55d2 workspace_id=475b74a7cc8044968d02a0b027fd55d2
2026-09-12 21:00:26 [info     ] fire_criteria_read             named=3 owed=['fire/owed-direct', 'fire/owed-direct-2', 'fire/owed-nested'] read_at_version=2026-01-01T00:00:00+00:00 subject=fire/subject
2026-09-12 21:00:27 [info     ] fire_criteria_read             named=3 owed=['fire/owed-direct', 'fire/owed-direct-2', 'fire/owed-nested'] read_at_version=2026-01-01T00:00:00+00:00 subject=fire/subject
2026-09-12 21:00:27 [info     ] fire_criteria_read             named=3 owed=['fire/owed-direct', 'fire/owed-direct-2', 'fire/owed-nested'] read_at_version=2026-01-01T00:00:00+00:00 subject=fire/subject
2026-09-12 21:00:28 [info     ] fire_criteria_read             named=3 owed=['fire/owed-direct', 'fire/owed-direct-2', 'fire/owed-nested'] read_at_version=2026-01-01T00:00:00+00:00 subject=fire/subject
2026-09-12 21:00:28 [info     ] workspace_acquired             path=/var/folders/lv/b1m7q5dj1yd5gn9s9rknw43h0000gq/T/kodezart-40800e6ca2e24bb682560938892cafcd workspace_id=40800e6ca2e24bb682560938892cafcd
2026-09-12 21:00:29 [info     ] stream_drained                 duration_api_ms=1 duration_ms=1 event_count=1 events={'result': 1} has_structured_output=True is_error=False num_turns=1 rate_limit_rejected=False result_event_observed=True result_tail='Author rationale must never be forwarded.' session_id=previous-agent-session site=amendment_judge stop_reason=None subtype=result total_cost_usd=None usage=None
2026-09-12 21:00:30 [info     ] workspace_released             workspace_id=40800e6ca2e24bb682560938892cafcd
2026-09-12 21:00:30 [info     ] fire_criteria_read             named=3 owed=['fire/owed-direct', 'fire/owed-direct-2', 'fire/owed-nested'] read_at_version=2026-01-01T00:00:00+00:00 subject=fire/subject
2026-09-12 21:00:31 [info     ] fire_criteria_read             named=3 owed=['fire/owed-direct', 'fire/owed-direct-2', 'fire/owed-nested'] read_at_version=2026-01-01T00:00:00+00:00 subject=fire/subject
2026-09-12 21:00:31 [info     ] fire_criteria_read             named=3 owed=['fire/owed-direct', 'fire/owed-direct-2', 'fire/owed-nested'] read_at_version=2026-01-01T00:00:00+00:00 subject=fire/subject
2026-09-12 21:00:32 [info     ] fire_criteria_read             named=3 owed=['fire/owed-direct', 'fire/owed-direct-2', 'fire/owed-nested'] read_at_version=2026-01-01T00:00:00+00:00 subject=fire/subject
2026-09-12 21:00:32 [info     ] outbound_content_gated         categories=[] content_digest=a101aad8ed67710474139dd2d1ffd129f3343b4b56655695bc16798a1432430e failure=None hits=[] surface=tracker verdict=clean visibility=public writer=tracker_comment
2026-09-12 21:00:32 [info     ] fire_criteria_read             named=3 owed=['fire/owed-direct', 'fire/owed-direct-2', 'fire/owed-nested'] read_at_version=2026-01-01T00:00:00+00:00 subject=fire/subject
2026-09-12 21:00:33 [info     ] workspace_acquired             path=/var/folders/lv/b1m7q5dj1yd5gn9s9rknw43h0000gq/T/kodezart-ff88f4405ba64951aed3db436ac17314 workspace_id=ff88f4405ba64951aed3db436ac17314
2026-09-12 21:00:33 [info     ] stream_drained                 duration_api_ms=1 duration_ms=1 event_count=1 events={'result': 1} has_structured_output=True is_error=False num_turns=1 rate_limit_rejected=False result_event_observed=True result_tail='Author rationale must never be forwarded.' session_id=previous-agent-session site=write_back_verify stop_reason=None subtype=result total_cost_usd=None usage=None
2026-09-12 21:00:34 [info     ] workspace_released             workspace_id=ff88f4405ba64951aed3db436ac17314
2026-09-12 21:00:34 [info     ] fire_criteria_read             named=3 owed=['fire/owed-direct', 'fire/owed-direct-2', 'fire/owed-nested'] read_at_version=2026-01-01T00:00:00+00:00 subject=fire/subject
2026-09-12 21:00:34 [info     ] fire_criteria_read             named=3 owed=['fire/owed-direct', 'fire/owed-direct-2', 'fire/owed-nested'] read_at_version=2026-01-01T00:00:00+00:00 subject=fire/subject
2026-09-12 21:00:35 [info     ] workspace_acquired             path=/var/folders/lv/b1m7q5dj1yd5gn9s9rknw43h0000gq/T/kodezart-6645abe8184249d0b8b83ba62efe025f workspace_id=6645abe8184249d0b8b83ba62efe025f
2026-09-12 21:00:35 [info     ] stream_drained                 duration_api_ms=1 duration_ms=1 event_count=1 events={'result': 1} has_structured_output=True is_error=False num_turns=1 rate_limit_rejected=False result_event_observed=True result_tail='Author rationale must never be forwarded.' session_id=previous-agent-session site=amendment_author stop_reason=None subtype=result total_cost_usd=None usage=None
2026-09-12 21:00:36 [info     ] workspace_released             workspace_id=6645abe8184249d0b8b83ba62efe025f
2026-09-12 21:00:36 [info     ] fire_criteria_read             named=3 owed=['fire/owed-direct', 'fire/owed-direct-2', 'fire/owed-nested'] read_at_version=2026-01-01T00:00:00+00:00 subject=fire/subject
2026-09-12 21:00:36 [info     ] outbound_content_gated         categories=[] content_digest=4426b548240f71d651c3d3e21b64933c3a2703ceeee0f64680bc9b0f3c3be57f failure=None hits=[] surface=tracker verdict=clean visibility=public writer=tracker_description
2026-09-12 21:00:36 [info     ] fire_criteria_read             named=3 owed=['fire/owed-direct', 'fire/owed-direct-2', 'fire/owed-nested'] read_at_version=2026-01-01T00:00:00+00:00 subject=fire/subject
2026-09-12 21:00:37 [info     ] fire_criteria_read             named=3 owed=['fire/owed-direct', 'fire/owed-direct-2', 'fire/owed-nested'] read_at_version=2026-01-01T00:00:00+00:00 subject=fire/subject
2026-09-12 21:00:37 [info     ] fire_criteria_read             named=3 owed=['fire/owed-direct', 'fire/owed-direct-2', 'fire/owed-nested'] read_at_version=2026-01-01T00:00:00+00:00 subject=fire/subject
2026-09-12 21:00:38 [info     ] fire_criteria_read             named=3 owed=['fire/done-direct', 'fire/owed-direct', 'fire/owed-direct-2', 'fire/owed-nested'] read_at_version=2026-01-01T00:00:00+00:00 subject=fire/subject
2026-09-12 21:00:38 [info     ] outbound_content_gated         categories=[] content_digest=bcb6e622acca9bb3337f4a95be49a77a4e4e251e65feec3b009894d5c9cc9c1d failure=None hits=[] surface=tracker verdict=clean visibility=public writer=tracker_description
2026-09-12 21:00:38 [info     ] fire_criteria_read             named=3 owed=['fire/done-direct', 'fire/owed-direct', 'fire/owed-direct-2', 'fire/owed-nested'] read_at_version=2026-01-01T00:00:00+00:00 subject=fire/subject
2026-09-12 21:00:39 [info     ] fire_criteria_read             named=3 owed=['fire/done-direct', 'fire/owed-direct', 'fire/owed-direct-2', 'fire/owed-nested'] read_at_version=2026-01-01T00:00:00+00:00 subject=fire/subject
2026-09-12 21:00:39 [info     ] workspace_acquired             path=/var/folders/lv/b1m7q5dj1yd5gn9s9rknw43h0000gq/T/kodezart-e290a991d2614e7d9ddcf04a636968c1 workspace_id=e290a991d2614e7d9ddcf04a636968c1
2026-09-12 21:00:40 [info     ] stream_drained                 duration_api_ms=1 duration_ms=1 event_count=1 events={'result': 1} has_structured_output=True is_error=False num_turns=1 rate_limit_rejected=False result_event_observed=True result_tail='Author rationale must never be forwarded.' session_id=previous-agent-session site=write_back_verify stop_reason=None subtype=result total_cost_usd=None usage=None
2026-09-12 21:00:40 [info     ] workspace_released             workspace_id=e290a991d2614e7d9ddcf04a636968c1
2026-09-12 21:00:40 [info     ] fire_criteria_read             named=3 owed=['fire/done-direct', 'fire/owed-direct', 'fire/owed-direct-2', 'fire/owed-nested'] read_at_version=2026-01-01T00:00:00+00:00 subject=fire/subject
2026-09-12 21:00:41 [info     ] fire_criteria_read             named=3 owed=['fire/done-direct', 'fire/owed-direct', 'fire/owed-direct-2', 'fire/owed-nested'] read_at_version=2026-01-01T00:00:00+00:00 subject=fire/subject
2026-09-12 21:00:41 [info     ] fire_criteria_read             named=3 owed=['fire/done-direct', 'fire/owed-direct', 'fire/owed-direct-2', 'fire/owed-nested'] read_at_version=2026-01-01T00:00:00+00:00 subject=fire/subject
2026-09-12 21:00:42 [info     ] fire_criteria_read             named=3 owed=['fire/done-direct', 'fire/owed-direct', 'fire/owed-direct-2', 'fire/owed-nested'] read_at_version=2026-01-01T00:00:00+00:00 subject=fire/subject
2026-09-12 21:00:42 [warning  ] native_writer_workspace_retained workspace_path=/var/folders/lv/b1m7q5dj1yd5gn9s9rknw43h0000gq/T/kodezart-475b74a7cc8044968d02a0b027fd55d2
CHECKPOINT_CUT {"checkpoints": [{"amendment_reports": 0, "channels": ["accept_verdict", "acceptance_criteria", "best_iteration_sha", "branch:to:run_ralph_loop", "criteria_infeasible", "criteria_regeneration_rounds", "criteria_validation", "criterion_set", "feature_branch", "feature_tip_sha", "fire_spec", "flagged_items", "issue_key", "merge_error", "merged", "ralph_branch", "remediation_entry", "remediation_rounds_used", "remediation_ticket", "repo_url", "repo_visibility", "review_base_sha", "review_feedback", "review_head_sha", "review_passed", "total_iterations", "trajectory", "work_base_ref"], "id": "1f1aedc3-6b7d-6022-8000-538fc8c36b22", "judgments": 0, "namespace": "", "pending": [["__error__", "RuntimeError('before_commit')"]], "step": 0, "thread": "actual-parent-job", "verdicts": 0}, {"amendment_reports": 0, "channels": ["branch:to:execute", "iteration", "iteration_records", "pending_failures", "verdict"], "id": "1f1aedc3-6ba4-6cc6-8000-1847a01bc844", "judgments": 0, "namespace": "", "pending": [["__error__", "RuntimeError('before_commit')"]], "step": 0, "thread": "actual-parent-job-ralph", "verdicts": 0}, {"amendment_reports": 0, "channels": ["judgments", "output", "verdicts"], "id": "1f1aedc4-0780-6046-8003-a22b8be30281", "judgments": 1, "namespace": "execute:1e977470-8661-67be-a1ac-d6470ca0f890", "pending": [], "step": 3, "thread": "actual-parent-job-ralph", "verdicts": 1}], "parent_tasks": [{"error": "RuntimeError('before_commit')", "name": "run_ralph_loop", "state": "None"}], "position": "before_commit"}
2026-09-12 21:00:43 [warning  ] workspace_release_unclean      branch_name=native-loop path=/var/folders/lv/b1m7q5dj1yd5gn9s9rknw43h0000gq/T/kodezart-475b74a7cc8044968d02a0b027fd55d2 workspace_id=475b74a7cc8044968d02a0b027fd55d2
2026-09-12 21:00:43 [info     ] workspace_released             workspace_id=475b74a7cc8044968d02a0b027fd55d2
2026-09-12 21:00:43 [info     ] fire_criteria_read             named=3 owed=['fire/done-direct', 'fire/owed-direct', 'fire/owed-direct-2', 'fire/owed-nested'] read_at_version=2026-01-01T00:00:00+00:00 subject=fire/subject
2026-09-12 21:00:43 [info     ] fire_criteria_read             named=3 owed=['fire/done-direct', 'fire/owed-direct', 'fire/owed-direct-2', 'fire/owed-nested'] read_at_version=2026-01-01T00:00:00+00:00 subject=fire/subject
2026-09-12 21:00:43 [info     ] fire_criteria_read             named=3 owed=['fire/done-direct', 'fire/owed-direct', 'fire/owed-direct-2', 'fire/owed-nested'] read_at_version=2026-01-01T00:00:00+00:00 subject=fire/subject
2026-09-12 21:00:44 [info     ] workspace_acquired             path=/var/folders/lv/b1m7q5dj1yd5gn9s9rknw43h0000gq/T/kodezart-ea189eb43ecc48afa0b58c4bb6629fb8 workspace_id=ea189eb43ecc48afa0b58c4bb6629fb8
2026-09-12 21:00:44 [info     ] fire_criteria_read             named=3 owed=['fire/done-direct', 'fire/owed-direct', 'fire/owed-direct-2', 'fire/owed-nested'] read_at_version=2026-01-01T00:00:00+00:00 subject=fire/subject
2026-09-12 21:00:45 [warning  ] workspace_release_unclean      branch_name=native-loop path=/var/folders/lv/b1m7q5dj1yd5gn9s9rknw43h0000gq/T/kodezart-ea189eb43ecc48afa0b58c4bb6629fb8 workspace_id=ea189eb43ecc48afa0b58c4bb6629fb8
2026-09-12 21:00:45 [info     ] workspace_released             workspace_id=ea189eb43ecc48afa0b58c4bb6629fb8
PARENT_NONE_RESUME {"checkpoints": [{"amendment_reports": 0, "channels": ["accept_verdict", "acceptance_criteria", "best_iteration_sha", "branch:to:run_ralph_loop", "criteria_infeasible", "criteria_regeneration_rounds", "criteria_validation", "criterion_set", "feature_branch", "feature_tip_sha", "fire_spec", "flagged_items", "issue_key", "merge_error", "merged", "ralph_branch", "remediation_entry", "remediation_rounds_used", "remediation_ticket", "repo_url", "repo_visibility", "review_base_sha", "review_feedback", "review_head_sha", "review_passed", "total_iterations", "trajectory", "work_base_ref"], "id": "1f1aedc3-6b7d-6022-8000-538fc8c36b22", "judgments": 0, "namespace": "", "pending": [["__error__", "RuntimeError('stop after resumed writer before further effects')"]], "step": 0, "thread": "actual-parent-job", "verdicts": 0}, {"amendment_reports": 0, "channels": ["branch:to:execute", "iteration", "iteration_records", "pending_failures", "verdict"], "id": "1f1aedc4-16c9-6b1a-8002-f6407918efed", "judgments": 0, "namespace": "", "pending": [["__error__", "RuntimeError('stop after resumed writer before further effects')"]], "step": 2, "thread": "actual-parent-job-ralph", "verdicts": 0}, {"amendment_reports": 0, "channels": ["judgments", "output", "verdicts"], "id": "1f1aedc4-0780-6046-8003-a22b8be30281", "judgments": 1, "namespace": "execute:1e977470-8661-67be-a1ac-d6470ca0f890", "pending": [], "step": 3, "thread": "actual-parent-job-ralph", "verdicts": 1}], "position": "before_commit"}
.
4 passed in 103.19s (0:01:43)
