...F.................................................................... [ 62%]
...........................................                              [100%]
=================================== FAILURES ===================================
_ test_missing_native_classification_authority_cannot_grant_generic_description[labels_after_first] _

monkeypatch = <_pytest.monkeypatch.MonkeyPatch object at 0x10b17efc0>
missing = 'labels_after_first'

    @pytest.mark.parametrize(
        "missing", ["mapping", "blank_mapping", "labels", "labels_after_first"]
    )
    async def test_missing_native_classification_authority_cannot_grant_generic_description(
        monkeypatch, missing
    ):
        board, tracker = board_and_tracker()
        if missing in {"mapping", "blank_mapping"}:
            tracker = tracker_over(
                board.server,
                caller=board,
                clock=lambda: board.now,
                issue_labels={"criteria_ready": "criteria-prepared"}
                | ({"criterion": "  "} if missing == "blank_mapping" else {}),
            )
        actual = board.call_tool
        issue_reads = 0
    
        async def reply(*, name, arguments):
            nonlocal issue_reads
            if name == "get_issue" and arguments.get("id") == KEY:
                issue_reads += 1
            payload = await actual(name=name, arguments=arguments)
            if (
                (
                    missing == "labels"
                    or (missing == "labels_after_first" and issue_reads > 1)
                )
                and name == "get_issue"
                and arguments.get("id") == KEY
            ):
                assert isinstance(payload, dict) and "labels" in payload
                payload = {key: value for key, value in payload.items() if key != "labels"}
            return payload
    
        async with lease(tracker, SurfaceKind.ISSUE_DESCRIPTION):
            monkeypatch.setattr(board, "call_tool", reply)
            with pytest.raises((TrackerProtocolError, OperationMemberAbsentError)):
>               await tracker.edit_description(
                    target=KEY,
                    expected=BODY,
                    replacement=BODY + "wrong generic surface write",
                    authorization=DescriptionWriteAuthority(
                        holder=HOLDER,
                        surface=WritableSurface(
                            kind=SurfaceKind.ISSUE_DESCRIPTION,
                            ref=ScopeRef(kind=ScopeKind.ISSUE, key=KEY),
                        ),
                    ),
                )

tests/tracker/test_description_classification_presence.py:61: 
_ _ _ _ _ _ _ _ _ _ _ _ _ _ _ _ _ _ _ _ _ _ _ _ _ _ _ _ _ _ _ _ _ _ _ _ _ _ _ _ 
src/kodezart/adapters/linear_mcp_tracker.py:1748: in edit_description
    require_surface(original)
_ _ _ _ _ _ _ _ _ _ _ _ _ _ _ _ _ _ _ _ _ _ _ _ _ _ _ _ _ _ _ _ _ _ _ _ _ _ _ _ 

issue = TrackerIssue(issue_key='native-check', title='fixture issue', body='**Check:** old predicate\n\n**Do:** old guidance\n... updated_at=datetime.datetime(2026, 1, 1, 0, 0, 3, tzinfo=TzInfo(0)), url='https://tracker.invalid/issue/native-check')

    def require_surface(issue: TrackerIssue) -> None:
        if (
            surface.kind is SurfaceKind.ISSUE_DESCRIPTION
            and "criterion" in issue.issue_labels
        ):
>           raise ValueError(
                "description authority must match the target's "
                "current native surface"
            )
E           ValueError: description authority must match the target's current native surface

src/kodezart/adapters/linear_mcp_tracker.py:1743: ValueError
=========================== short test summary info ============================
FAILED tests/tracker/test_description_classification_presence.py::test_missing_native_classification_authority_cannot_grant_generic_description[labels_after_first]
1 failed, 114 passed in 7.82s
