FF                                                                       [100%]
=================================== FAILURES ===================================
_ test_missing_native_classification_authority_cannot_grant_generic_description[mapping] _

monkeypatch = <_pytest.monkeypatch.MonkeyPatch object at 0x10a7fb7d0>
missing = 'mapping'

    @pytest.mark.parametrize("missing", ["mapping", "labels"])
    async def test_missing_native_classification_authority_cannot_grant_generic_description(
        monkeypatch, missing
    ):
        board, tracker = board_and_tracker()
        if missing == "mapping":
            tracker = tracker_over(
                board.server,
                caller=board,
                clock=lambda: board.now,
                issue_labels={"criteria_ready": "criteria-prepared"},
            )
        actual = board.call_tool
    
        async def reply(*, name, arguments):
            payload = await actual(name=name, arguments=arguments)
            if missing == "labels" and name == "get_issue" and arguments.get("id") == KEY:
                assert isinstance(payload, dict) and "labels" in payload
                payload = {key: value for key, value in payload.items() if key != "labels"}
            return payload
    
        async with lease(tracker, SurfaceKind.ISSUE_DESCRIPTION):
            monkeypatch.setattr(board, "call_tool", reply)
>           with pytest.raises((TrackerProtocolError, OperationMemberAbsentError)):
                 ^^^^^^^^^^^^^^^^^^^^^^^^^^^^^^^^^^^^^^^^^^^^^^^^^^^^^^^^^^^^^^^^^
E           Failed: DID NOT RAISE any of (<class 'kodezart.core.errors.TrackerProtocolError'>, <class 'kodezart.types.domain.operation.OperationMemberAbsentError'>)

tests/tracker/test_description_classification_presence.py:46: Failed
_ test_missing_native_classification_authority_cannot_grant_generic_description[labels] _

monkeypatch = <_pytest.monkeypatch.MonkeyPatch object at 0x10a91f440>
missing = 'labels'

    @pytest.mark.parametrize("missing", ["mapping", "labels"])
    async def test_missing_native_classification_authority_cannot_grant_generic_description(
        monkeypatch, missing
    ):
        board, tracker = board_and_tracker()
        if missing == "mapping":
            tracker = tracker_over(
                board.server,
                caller=board,
                clock=lambda: board.now,
                issue_labels={"criteria_ready": "criteria-prepared"},
            )
        actual = board.call_tool
    
        async def reply(*, name, arguments):
            payload = await actual(name=name, arguments=arguments)
            if missing == "labels" and name == "get_issue" and arguments.get("id") == KEY:
                assert isinstance(payload, dict) and "labels" in payload
                payload = {key: value for key, value in payload.items() if key != "labels"}
            return payload
    
        async with lease(tracker, SurfaceKind.ISSUE_DESCRIPTION):
            monkeypatch.setattr(board, "call_tool", reply)
>           with pytest.raises((TrackerProtocolError, OperationMemberAbsentError)):
                 ^^^^^^^^^^^^^^^^^^^^^^^^^^^^^^^^^^^^^^^^^^^^^^^^^^^^^^^^^^^^^^^^^
E           Failed: DID NOT RAISE any of (<class 'kodezart.core.errors.TrackerProtocolError'>, <class 'kodezart.types.domain.operation.OperationMemberAbsentError'>)

tests/tracker/test_description_classification_presence.py:46: Failed
=========================== short test summary info ============================
FAILED tests/tracker/test_description_classification_presence.py::test_missing_native_classification_authority_cannot_grant_generic_description[mapping]
FAILED tests/tracker/test_description_classification_presence.py::test_missing_native_classification_authority_cannot_grant_generic_description[labels]
2 failed in 1.68s
